[0.136s] colcon DEBUG Command line arguments: ['/usr/bin/colcon', 'list', '-p', '--base-paths', '/home/myat/path_control_px4']
[0.136s] colcon DEBUG Parsed command line arguments: Namespace(log_base=None, log_level=None, verb_name='list', build_base='build', ignore_user_meta=False, metas=['./colcon.meta'], base_paths=['/home/myat/path_control_px4'], packages_ignore=None, packages_ignore_regex=None, paths=None, packages_up_to=None, packages_up_to_regex=None, packages_above=None, packages_above_and_dependencies=None, packages_above_depth=None, packages_select_by_dep=None, packages_skip_by_dep=None, packages_skip_up_to=None, packages_select_build_failed=False, packages_skip_build_finished=False, packages_select_test_failures=False, packages_skip_test_passed=False, packages_select=None, packages_skip=None, packages_select_regex=None, packages_skip_regex=None, packages_start=None, packages_end=None, allow_overriding=[], topological_order=False, names_only=False, paths_only=True, topological_graph=False, topological_graph_dot=False, topological_graph_density=False, topological_graph_legend=False, topological_graph_dot_cluster=False, topological_graph_dot_include_skipped=False, mixin_files=None, mixin=None, verb_parser=<colcon_mixin.mixin.mixin_argument.MixinArgumentDecorator object at 0x7512845ddbd0>, verb_extension=<colcon_package_information.verb.list.ListVerb object at 0x7512845dc940>, main=<bound method ListVerb.main of <colcon_package_information.verb.list.ListVerb object at 0x7512845dc940>>, mixin_verb=('list',))
[0.344s] colcon.colcon_core.package_discovery Level 1 discover_packages(colcon_meta) check parameters
[0.344s] colcon.colcon_core.package_discovery Level 1 discover_packages(recursive) check parameters
[0.344s] colcon.colcon_core.package_discovery Level 1 discover_packages(ignore) check parameters
[0.344s] colcon.colcon_core.package_discovery Level 1 discover_packages(path) check parameters
[0.344s] colcon.colcon_core.package_discovery Level 1 discover_packages(recursive) discover
[0.345s] colcon.colcon_core.package_discovery INFO Crawling recursively for packages in '/home/myat/path_control_px4'
[0.345s] colcon.colcon_core.package_identification Level 1 _identify(/home/myat/path_control_px4) by extensions ['ignore', 'ignore_ament_install']
[0.345s] colcon.colcon_core.package_identification Level 1 _identify(/home/myat/path_control_px4) by extension 'ignore'
[0.345s] colcon.colcon_core.package_identification Level 1 _identify(/home/myat/path_control_px4) by extension 'ignore_ament_install'
[0.345s] colcon.colcon_core.package_identification Level 1 _identify(/home/myat/path_control_px4) by extensions ['colcon_pkg']
[0.345s] colcon.colcon_core.package_identification Level 1 _identify(/home/myat/path_control_px4) by extension 'colcon_pkg'
[0.345s] colcon.colcon_core.package_identification Level 1 _identify(/home/myat/path_control_px4) by extensions ['colcon_meta']
[0.345s] colcon.colcon_core.package_identification Level 1 _identify(/home/myat/path_control_px4) by extension 'colcon_meta'
[0.345s] colcon.colcon_core.package_identification Level 1 _identify(/home/myat/path_control_px4) by extensions ['ros']
[0.345s] colcon.colcon_core.package_identification Level 1 _identify(/home/myat/path_control_px4) by extension 'ros'
[0.355s] colcon.colcon_core.package_identification Level 1 _identify(/home/myat/path_control_px4) by extensions ['cmake', 'python']
[0.356s] colcon.colcon_core.package_identification Level 1 _identify(/home/myat/path_control_px4) by extension 'cmake'
[0.356s] colcon.colcon_core.package_identification Level 1 _identify(/home/myat/path_control_px4) by extension 'python'
[0.356s] colcon.colcon_core.package_identification Level 1 _identify(/home/myat/path_control_px4) by extensions ['python_setup_py']
[0.356s] colcon.colcon_core.package_identification Level 1 _identify(/home/myat/path_control_px4) by extension 'python_setup_py'
[0.356s] colcon.colcon_core.package_identification Level 1 _identify(/home/myat/path_control_px4/build) by extensions ['ignore', 'ignore_ament_install']
[0.356s] colcon.colcon_core.package_identification Level 1 _identify(/home/myat/path_control_px4/build) by extension 'ignore'
[0.356s] colcon.colcon_core.package_identification Level 1 _identify(/home/myat/path_control_px4/build) ignored
[0.356s] colcon.colcon_core.package_identification Level 1 _identify(/home/myat/path_control_px4/install) by extensions ['ignore', 'ignore_ament_install']
[0.356s] colcon.colcon_core.package_identification Level 1 _identify(/home/myat/path_control_px4/install) by extension 'ignore'
[0.356s] colcon.colcon_core.package_identification Level 1 _identify(/home/myat/path_control_px4/install) ignored
[0.356s] colcon.colcon_core.package_identification Level 1 _identify(/home/myat/path_control_px4/log) by extensions ['ignore', 'ignore_ament_install']
[0.356s] colcon.colcon_core.package_identification Level 1 _identify(/home/myat/path_control_px4/log) by extension 'ignore'
[0.356s] colcon.colcon_core.package_identification Level 1 _identify(/home/myat/path_control_px4/log) ignored
[0.356s] colcon.colcon_core.package_identification Level 1 _identify(/home/myat/path_control_px4/src) by extensions ['ignore', 'ignore_ament_install']
[0.356s] colcon.colcon_core.package_identification Level 1 _identify(/home/myat/path_control_px4/src) by extension 'ignore'
[0.357s] colcon.colcon_core.package_identification Level 1 _identify(/home/myat/path_control_px4/src) by extension 'ignore_ament_install'
[0.357s] colcon.colcon_core.package_identification Level 1 _identify(/home/myat/path_control_px4/src) by extensions ['colcon_pkg']
[0.357s] colcon.colcon_core.package_identification Level 1 _identify(/home/myat/path_control_px4/src) by extension 'colcon_pkg'
[0.357s] colcon.colcon_core.package_identification Level 1 _identify(/home/myat/path_control_px4/src) by extensions ['colcon_meta']
[0.357s] colcon.colcon_core.package_identification Level 1 _identify(/home/myat/path_control_px4/src) by extension 'colcon_meta'
[0.357s] colcon.colcon_core.package_identification Level 1 _identify(/home/myat/path_control_px4/src) by extensions ['ros']
[0.357s] colcon.colcon_core.package_identification Level 1 _identify(/home/myat/path_control_px4/src) by extension 'ros'
[0.357s] colcon.colcon_core.package_identification Level 1 _identify(/home/myat/path_control_px4/src) by extensions ['cmake', 'python']
[0.357s] colcon.colcon_core.package_identification Level 1 _identify(/home/myat/path_control_px4/src) by extension 'cmake'
[0.357s] colcon.colcon_core.package_identification Level 1 _identify(/home/myat/path_control_px4/src) by extension 'python'
[0.357s] colcon.colcon_core.package_identification Level 1 _identify(/home/myat/path_control_px4/src) by extensions ['python_setup_py']
[0.357s] colcon.colcon_core.package_identification Level 1 _identify(/home/myat/path_control_px4/src) by extension 'python_setup_py'
[0.357s] colcon.colcon_core.package_identification Level 1 _identify(/home/myat/path_control_px4/src/bringup_drone) by extensions ['ignore', 'ignore_ament_install']
[0.357s] colcon.colcon_core.package_identification Level 1 _identify(/home/myat/path_control_px4/src/bringup_drone) by extension 'ignore'
[0.357s] colcon.colcon_core.package_identification Level 1 _identify(/home/myat/path_control_px4/src/bringup_drone) by extension 'ignore_ament_install'
[0.357s] colcon.colcon_core.package_identification Level 1 _identify(/home/myat/path_control_px4/src/bringup_drone) by extensions ['colcon_pkg']
[0.357s] colcon.colcon_core.package_identification Level 1 _identify(/home/myat/path_control_px4/src/bringup_drone) by extension 'colcon_pkg'
[0.357s] colcon.colcon_core.package_identification Level 1 _identify(/home/myat/path_control_px4/src/bringup_drone) by extensions ['colcon_meta']
[0.357s] colcon.colcon_core.package_identification Level 1 _identify(/home/myat/path_control_px4/src/bringup_drone) by extension 'colcon_meta'
[0.357s] colcon.colcon_core.package_identification Level 1 _identify(/home/myat/path_control_px4/src/bringup_drone) by extensions ['ros']
[0.357s] colcon.colcon_core.package_identification Level 1 _identify(/home/myat/path_control_px4/src/bringup_drone) by extension 'ros'
[0.359s] colcon.colcon_core.package_identification DEBUG Package '/home/myat/path_control_px4/src/bringup_drone' with type 'ros.ament_python' and name 'bringup_drone'
[0.359s] colcon.colcon_core.package_identification Level 1 _identify(/home/myat/path_control_px4/src/control) by extensions ['ignore', 'ignore_ament_install']
[0.359s] colcon.colcon_core.package_identification Level 1 _identify(/home/myat/path_control_px4/src/control) by extension 'ignore'
[0.359s] colcon.colcon_core.package_identification Level 1 _identify(/home/myat/path_control_px4/src/control) by extension 'ignore_ament_install'
[0.359s] colcon.colcon_core.package_identification Level 1 _identify(/home/myat/path_control_px4/src/control) by extensions ['colcon_pkg']
[0.360s] colcon.colcon_core.package_identification Level 1 _identify(/home/myat/path_control_px4/src/control) by extension 'colcon_pkg'
[0.360s] colcon.colcon_core.package_identification Level 1 _identify(/home/myat/path_control_px4/src/control) by extensions ['colcon_meta']
[0.360s] colcon.colcon_core.package_identification Level 1 _identify(/home/myat/path_control_px4/src/control) by extension 'colcon_meta'
[0.360s] colcon.colcon_core.package_identification Level 1 _identify(/home/myat/path_control_px4/src/control) by extensions ['ros']
[0.360s] colcon.colcon_core.package_identification Level 1 _identify(/home/myat/path_control_px4/src/control) by extension 'ros'
[0.360s] colcon.colcon_core.package_identification DEBUG Package '/home/myat/path_control_px4/src/control' with type 'ros.ament_cmake' and name 'control'
[0.360s] colcon.colcon_core.package_identification Level 1 _identify(/home/myat/path_control_px4/src/px4_msgs) by extensions ['ignore', 'ignore_ament_install']
[0.360s] colcon.colcon_core.package_identification Level 1 _identify(/home/myat/path_control_px4/src/px4_msgs) by extension 'ignore'
[0.360s] colcon.colcon_core.package_identification Level 1 _identify(/home/myat/path_control_px4/src/px4_msgs) by extension 'ignore_ament_install'
[0.360s] colcon.colcon_core.package_identification Level 1 _identify(/home/myat/path_control_px4/src/px4_msgs) by extensions ['colcon_pkg']
[0.360s] colcon.colcon_core.package_identification Level 1 _identify(/home/myat/path_control_px4/src/px4_msgs) by extension 'colcon_pkg'
[0.360s] colcon.colcon_core.package_identification Level 1 _identify(/home/myat/path_control_px4/src/px4_msgs) by extensions ['colcon_meta']
[0.361s] colcon.colcon_core.package_identification Level 1 _identify(/home/myat/path_control_px4/src/px4_msgs) by extension 'colcon_meta'
[0.361s] colcon.colcon_core.package_identification Level 1 _identify(/home/myat/path_control_px4/src/px4_msgs) by extensions ['ros']
[0.361s] colcon.colcon_core.package_identification Level 1 _identify(/home/myat/path_control_px4/src/px4_msgs) by extension 'ros'
[0.361s] colcon.colcon_core.package_identification DEBUG Package '/home/myat/path_control_px4/src/px4_msgs' with type 'ros.ament_cmake' and name 'px4_msgs'
[0.361s] colcon.colcon_core.package_discovery Level 1 discover_packages(recursive) using defaults
