[0.255s] Invoking command in '/home/myat/path_control_px4/build/vision': /usr/bin/cmake --build /home/myat/path_control_px4/build/vision -- -j12 -l12
[0.359s] [ 50%] Built target aruco_detect
[0.359s] [ 50%] Built target depth_polygon_mask_node
[0.359s] [ 50%] Built target lidar
[0.359s] [ 66%] Built target camera_recorder
[0.365s] [ 91%] Built target obstacle_node
[0.365s] [ 91%] [32mBuilding CXX object CMakeFiles/pointcloud_node.dir/src/pointcloud_node.cpp.o[0m
[12.867s] [100%] [32m[1mLinking CXX executable pointcloud_node[0m
[13.987s] [100%] Built target pointcloud_node
[13.998s] Invoked command in '/home/myat/path_control_px4/build/vision' returned '0': /usr/bin/cmake --build /home/myat/path_control_px4/build/vision -- -j12 -l12
[14.000s] Invoking command in '/home/myat/path_control_px4/build/vision': /usr/bin/cmake --install /home/myat/path_control_px4/build/vision
[14.007s] -- Install configuration: ""
[14.008s] -- Up-to-date: /home/myat/path_control_px4/install/vision/lib/vision/camera_recorder
[14.009s] -- Up-to-date: /home/myat/path_control_px4/install/vision/lib/vision/depth_polygon_mask_node
[14.011s] -- Installing: /home/myat/path_control_px4/install/vision/lib/vision/pointcloud_node
[14.016s] -- Set runtime path of "/home/myat/path_control_px4/install/vision/lib/vision/pointcloud_node" to ""
[14.017s] -- Up-to-date: /home/myat/path_control_px4/install/vision/lib/vision/aruco_detect
[14.018s] -- Up-to-date: /home/myat/path_control_px4/install/vision/lib/vision/lidar
[14.018s] -- Up-to-date: /home/myat/path_control_px4/install/vision/lib/vision/obstacle_node
[14.019s] -- Up-to-date: /home/myat/path_control_px4/install/vision/share/ament_index/resource_index/package_run_dependencies/vision
[14.019s] -- Up-to-date: /home/myat/path_control_px4/install/vision/share/ament_index/resource_index/parent_prefix_path/vision
[14.019s] -- Up-to-date: /home/myat/path_control_px4/install/vision/share/vision/environment/ament_prefix_path.sh
[14.019s] -- Up-to-date: /home/myat/path_control_px4/install/vision/share/vision/environment/ament_prefix_path.dsv
[14.019s] -- Up-to-date: /home/myat/path_control_px4/install/vision/share/vision/environment/path.sh
[14.019s] -- Up-to-date: /home/myat/path_control_px4/install/vision/share/vision/environment/path.dsv
[14.019s] -- Up-to-date: /home/myat/path_control_px4/install/vision/share/vision/local_setup.bash
[14.019s] -- Up-to-date: /home/myat/path_control_px4/install/vision/share/vision/local_setup.sh
[14.019s] -- Up-to-date: /home/myat/path_control_px4/install/vision/share/vision/local_setup.zsh
[14.019s] -- Up-to-date: /home/myat/path_control_px4/install/vision/share/vision/local_setup.dsv
[14.019s] -- Installing: /home/myat/path_control_px4/install/vision/share/vision/package.dsv
[14.019s] -- Up-to-date: /home/myat/path_control_px4/install/vision/share/ament_index/resource_index/packages/vision
[14.020s] -- Up-to-date: /home/myat/path_control_px4/install/vision/share/vision/cmake/visionConfig.cmake
[14.020s] -- Up-to-date: /home/myat/path_control_px4/install/vision/share/vision/cmake/visionConfig-version.cmake
[14.020s] -- Up-to-date: /home/myat/path_control_px4/install/vision/share/vision/package.xml
[14.022s] Invoked command in '/home/myat/path_control_px4/build/vision' returned '0': /usr/bin/cmake --install /home/myat/path_control_px4/build/vision
