[0.019s] Invoking command in '/home/myat/path_control_px4/build/vision': CMAKE_PREFIX_PATH=${CMAKE_PREFIX_PATH}:/home/myat/path_control_px4/install/bringup_drone:/home/myat/hex_ws/install/hexapod_description:/home/myat/hex_ws/install/hexapod_control:/home/myat/my_uav/install/vision_python:/home/myat/my_uav/install/px4_offboard:/opt/ros/humble /usr/bin/cmake --build /home/myat/path_control_px4/build/vision -- -j12 -l12
[0.105s] [35m[1mConsolidate compiler generated dependencies of target pointcloud_node[0m
[0.123s] [ 50%] Built target lidar
[0.123s] [ 58%] Built target depth_polygon_mask_node
[0.124s] [ 66%] Built target camera_recorder
[0.124s] [ 66%] Built target aruco_detect
[0.141s] [ 83%] Built target obstacle_node
[0.150s] [ 91%] [32mBuilding CXX object CMakeFiles/pointcloud_node.dir/src/pointcloud_node.cpp.o[0m
[14.054s] [100%] [32m[1mLinking CXX executable pointcloud_node[0m
[15.826s] [100%] Built target pointcloud_node
[15.846s] Invoked command in '/home/myat/path_control_px4/build/vision' returned '0': CMAKE_PREFIX_PATH=${CMAKE_PREFIX_PATH}:/home/myat/path_control_px4/install/bringup_drone:/home/myat/hex_ws/install/hexapod_description:/home/myat/hex_ws/install/hexapod_control:/home/myat/my_uav/install/vision_python:/home/myat/my_uav/install/px4_offboard:/opt/ros/humble /usr/bin/cmake --build /home/myat/path_control_px4/build/vision -- -j12 -l12
[15.863s] Invoking command in '/home/myat/path_control_px4/build/vision': CMAKE_PREFIX_PATH=${CMAKE_PREFIX_PATH}:/home/myat/path_control_px4/install/bringup_drone:/home/myat/hex_ws/install/hexapod_description:/home/myat/hex_ws/install/hexapod_control:/home/myat/my_uav/install/vision_python:/home/myat/my_uav/install/px4_offboard:/opt/ros/humble /usr/bin/cmake --install /home/myat/path_control_px4/build/vision
[15.877s] -- Install configuration: ""
[15.877s] -- Up-to-date: /home/myat/path_control_px4/install/vision/lib/vision/camera_recorder
[15.877s] -- Up-to-date: /home/myat/path_control_px4/install/vision/lib/vision/depth_polygon_mask_node
[15.877s] -- Installing: /home/myat/path_control_px4/install/vision/lib/vision/pointcloud_node
[15.885s] -- Set runtime path of "/home/myat/path_control_px4/install/vision/lib/vision/pointcloud_node" to ""
[15.886s] -- Up-to-date: /home/myat/path_control_px4/install/vision/lib/vision/aruco_detect
[15.886s] -- Up-to-date: /home/myat/path_control_px4/install/vision/lib/vision/lidar
[15.886s] -- Up-to-date: /home/myat/path_control_px4/install/vision/lib/vision/obstacle_node
[15.886s] -- Up-to-date: /home/myat/path_control_px4/install/vision/share/ament_index/resource_index/package_run_dependencies/vision
[15.886s] -- Up-to-date: /home/myat/path_control_px4/install/vision/share/ament_index/resource_index/parent_prefix_path/vision
[15.887s] -- Up-to-date: /home/myat/path_control_px4/install/vision/share/vision/environment/ament_prefix_path.sh
[15.887s] -- Up-to-date: /home/myat/path_control_px4/install/vision/share/vision/environment/ament_prefix_path.dsv
[15.887s] -- Up-to-date: /home/myat/path_control_px4/install/vision/share/vision/environment/path.sh
[15.887s] -- Up-to-date: /home/myat/path_control_px4/install/vision/share/vision/environment/path.dsv
[15.887s] -- Up-to-date: /home/myat/path_control_px4/install/vision/share/vision/local_setup.bash
[15.887s] -- Up-to-date: /home/myat/path_control_px4/install/vision/share/vision/local_setup.sh
[15.887s] -- Up-to-date: /home/myat/path_control_px4/install/vision/share/vision/local_setup.zsh
[15.887s] -- Up-to-date: /home/myat/path_control_px4/install/vision/share/vision/local_setup.dsv
[15.887s] -- Installing: /home/myat/path_control_px4/install/vision/share/vision/package.dsv
[15.887s] -- Up-to-date: /home/myat/path_control_px4/install/vision/share/ament_index/resource_index/packages/vision
[15.888s] -- Up-to-date: /home/myat/path_control_px4/install/vision/share/vision/cmake/visionConfig.cmake
[15.888s] -- Up-to-date: /home/myat/path_control_px4/install/vision/share/vision/cmake/visionConfig-version.cmake
[15.888s] -- Up-to-date: /home/myat/path_control_px4/install/vision/share/vision/package.xml
[15.891s] Invoked command in '/home/myat/path_control_px4/build/vision' returned '0': CMAKE_PREFIX_PATH=${CMAKE_PREFIX_PATH}:/home/myat/path_control_px4/install/bringup_drone:/home/myat/hex_ws/install/hexapod_description:/home/myat/hex_ws/install/hexapod_control:/home/myat/my_uav/install/vision_python:/home/myat/my_uav/install/px4_offboard:/opt/ros/humble /usr/bin/cmake --install /home/myat/path_control_px4/build/vision
