[0.025s] Invoking command in '/home/myat/path_control_px4/build/vision': CMAKE_PREFIX_PATH=/home/myat/path_control_px4/install/px4_msgs:/home/myat/path_control_px4/install/vision:/home/myat/path_control_px4/install/control:/home/myat/my_ws/install/ros2sysmon:/home/myat/my_ws/install/ros2_controllers:/home/myat/my_ws/install/ign_ros2_control_demos:/home/myat/my_ws/install/ign_ros2_control:/home/myat/my_ws/install/gz_ros2_control_tests:/home/myat/my_ws/install/gz_ros2_control_demos:/home/myat/my_ws/install/gz_ros2_control:/home/myat/my_uav/install/vision_cpp:/home/myat/my_uav/install/control_cpp:/home/myat/my_uav/install/px4_msgs /usr/bin/cmake --build /home/myat/path_control_px4/build/vision -- -j12 -l12
[0.073s] -- Found ament_cmake: 1.3.11 (/opt/ros/humble/share/ament_cmake/cmake)
[0.335s] -- Found rclcpp: 16.0.11 (/opt/ros/humble/share/rclcpp/cmake)
[0.396s] -- Found rosidl_generator_c: 3.1.6 (/opt/ros/humble/share/rosidl_generator_c/cmake)
[0.400s] -- Found rosidl_adapter: 3.1.6 (/opt/ros/humble/share/rosidl_adapter/cmake)
[0.412s] -- Found rosidl_generator_cpp: 3.1.6 (/opt/ros/humble/share/rosidl_generator_cpp/cmake)
[0.428s] -- Using all available rosidl_typesupport_c: rosidl_typesupport_fastrtps_c;rosidl_typesupport_introspection_c
[0.449s] -- Using all available rosidl_typesupport_cpp: rosidl_typesupport_fastrtps_cpp;rosidl_typesupport_introspection_cpp
[0.505s] -- Found rmw_implementation_cmake: 6.1.2 (/opt/ros/humble/share/rmw_implementation_cmake/cmake)
[0.510s] -- Found rmw_fastrtps_cpp: 6.2.7 (/opt/ros/humble/share/rmw_fastrtps_cpp/cmake)
[0.689s] -- Using RMW implementation 'rmw_fastrtps_cpp' as default
[0.764s] -- Found sensor_msgs: 4.8.0 (/opt/ros/humble/share/sensor_msgs/cmake)
[0.803s] -- Found cv_bridge: 3.2.1 (/opt/ros/humble/share/cv_bridge/cmake)
[0.819s] -- Found image_geometry: 3.2.1 (/opt/ros/humble/share/image_geometry/cmake)
[0.824s] -- Found tf2: 0.25.12 (/opt/ros/humble/share/tf2/cmake)
[0.832s] -- Found tf2_ros: 0.25.16 (/opt/ros/humble/share/tf2_ros/cmake)
[0.948s] -- Found tf2_geometry_msgs: 0.25.12 (/opt/ros/humble/share/tf2_geometry_msgs/cmake)
[0.955s] -- Found eigen3_cmake_module: 0.1.1 (/opt/ros/humble/share/eigen3_cmake_module/cmake)
[0.957s] -- Found Eigen3: TRUE (found version "3.4.0") 
[0.957s] -- Ensuring Eigen3 include directory is part of orocos-kdl CMake target
[0.979s] -- Eigen found (include: /usr/include/eigen3, version: 3.4.0)
[1.012s] -- OpenNI found (version: 1.5.4.0, include: /usr/include/ni, lib: /usr/lib/libOpenNI.so;libusb::libusb)
[1.023s] -- OpenNI2 found (version: 2.2.0.33, include: /usr/include/openni2, lib: /usr/lib/x86_64-linux-gnu/libOpenNI2.so;libusb::libusb)
[1.023s] [0m** WARNING ** io features related to pcap will be disabled[0m
[1.023s] [0m** WARNING ** io features related to png will be disabled[0m
[1.081s] -- Could NOT find MPI (missing: MPI_C_FOUND C) 
[1.081s]     Reason given by package: MPI component 'C' was requested, but language C is not enabled.  
[1.081s] 
[1.153s] -- Found Eigen3: /usr/include/eigen3 (found version "3.4.0") 
[1.406s] -- Eigen found (include: /usr/include/eigen3, version: 3.4.0)
[1.454s] -- FLANN found (include: /usr/include, lib: /usr/lib/x86_64-linux-gnu/libflann_cpp.so)
[1.499s] -- Could NOT find MPI (missing: MPI_C_FOUND C) 
[1.499s]     Reason given by package: MPI component 'C' was requested, but language C is not enabled.  MPI component 'C' was requested, but language C is not enabled.  
[1.499s] 
[1.725s] -- Could NOT find MPI (missing: MPI_C_FOUND C) 
[1.725s]     Reason given by package: MPI component 'C' was requested, but language C is not enabled.  MPI component 'C' was requested, but language C is not enabled.  MPI component 'C' was requested, but language C is not enabled.  
[1.725s] 
[1.909s] -- looking for PCL_COMMON
[1.909s] -- looking for PCL_OCTREE
[1.910s] -- looking for PCL_IO
[1.910s] -- looking for PCL_SAMPLE_CONSENSUS
[1.910s] -- looking for PCL_KDTREE
[1.910s] -- looking for PCL_FILTERS
[1.911s] -- looking for PCL_GEOMETRY
[1.911s] -- looking for PCL_ML
[1.911s] -- looking for PCL_SEGMENTATION
[1.911s] -- looking for PCL_2D
[1.911s] -- looking for PCL_FEATURES
[1.912s] -- looking for PCL_SEARCH
[1.914s] -- Found pcl_conversions: 2.4.5 (/opt/ros/humble/share/pcl_conversions/cmake)
[1.943s] -- Found image_transport: 3.1.11 (/opt/ros/humble/share/image_transport/cmake)
[1.973s] -- Found px4_msgs: 2.0.1 (/home/myat/path_control_px4/install/px4_msgs/share/px4_msgs/cmake)
[2.045s] -- Found ament_lint_auto: 0.12.11 (/opt/ros/humble/share/ament_lint_auto/cmake)
[2.140s] Error parsing '/home/myat/path_control_px4/src/vision/package.xml':
[2.197s] Traceback (most recent call last):
[2.198s]   File "/opt/ros/humble/share/ament_cmake_core/cmake/core/package_xml_2_cmake.py", line 150, in <module>
[2.198s]     main()
[2.198s]   File "/opt/ros/humble/share/ament_cmake_core/cmake/core/package_xml_2_cmake.py", line 53, in main
[2.198s]     raise e
[2.198s]   File "/opt/ros/humble/share/ament_cmake_core/cmake/core/package_xml_2_cmake.py", line 49, in main
[2.198s]     package = parse_package_string(
[2.198s]   File "/usr/lib/python3/dist-packages/catkin_pkg/package.py", line 786, in parse_package_string
[2.198s]     raise InvalidPackage('Error(s):%s' % (''.join(['\n- %s' % e for e in errors])), filename)
[2.198s] catkin_pkg.package.InvalidPackage: Error(s) in package '/home/myat/path_control_px4/src/vision/package.xml':
[2.198s] Error(s):
[2.198s] - The generic dependency on 'sensor_msgs' is redundant with: build_depend, build_export_depend, exec_depend
[2.198s] - The generic dependency on 'pcl_conversions' is redundant with: build_depend, build_export_depend, exec_depend
[2.267s] [31mCMake Error at /opt/ros/humble/share/ament_cmake_core/cmake/core/ament_package_xml.cmake:95 (message):
[2.267s]   execute_process(/usr/bin/python3
[2.267s]   /opt/ros/humble/share/ament_cmake_core/cmake/core/package_xml_2_cmake.py
[2.267s]   /home/myat/path_control_px4/src/vision/package.xml
[2.267s]   /home/myat/path_control_px4/build/vision/ament_cmake_core/package.cmake)
[2.267s]   returned error code 1
[2.267s] Call Stack (most recent call first):
[2.268s]   /opt/ros/humble/share/ament_cmake_core/cmake/core/ament_package_xml.cmake:49 (_ament_package_xml)
[2.268s]   /opt/ros/humble/share/ament_lint_auto/cmake/ament_lint_auto_find_test_dependencies.cmake:31 (ament_package_xml)
[2.268s]   CMakeLists.txt:140 (ament_lint_auto_find_test_dependencies)
[2.268s] 
[2.268s] [0m
[2.268s] -- Configuring incomplete, errors occurred!
[2.268s] See also "/home/myat/path_control_px4/build/vision/CMakeFiles/CMakeOutput.log".
[2.311s] gmake: *** [Makefile:472: cmake_check_build_system] Error 1
[2.317s] Invoked command in '/home/myat/path_control_px4/build/vision' returned '2': CMAKE_PREFIX_PATH=/home/myat/path_control_px4/install/px4_msgs:/home/myat/path_control_px4/install/vision:/home/myat/path_control_px4/install/control:/home/myat/my_ws/install/ros2sysmon:/home/myat/my_ws/install/ros2_controllers:/home/myat/my_ws/install/ign_ros2_control_demos:/home/myat/my_ws/install/ign_ros2_control:/home/myat/my_ws/install/gz_ros2_control_tests:/home/myat/my_ws/install/gz_ros2_control_demos:/home/myat/my_ws/install/gz_ros2_control:/home/myat/my_uav/install/vision_cpp:/home/myat/my_uav/install/control_cpp:/home/myat/my_uav/install/px4_msgs /usr/bin/cmake --build /home/myat/path_control_px4/build/vision -- -j12 -l12
