[0.018s] Invoking command in '/home/myat/path_control_px4/build/control': CMAKE_PREFIX_PATH=/home/myat/path_control_px4/install/px4_msgs:/home/myat/path_control_px4/install/vision:/home/myat/path_control_px4/install/control:/home/myat/ros2_ws/install/serial:/home/myat/ros2_ws/install/ros2_control_demo_description:/home/myat/ros2_ws/install/realsense2_description:/home/myat/ros2_ws/install/realsense2_camera:/home/myat/ros2_ws/install/realsense2_camera_msgs:/home/myat/ros2_ws/install/px4_ros_com:/home/myat/ros2_ws/install/my_dof:/home/myat/ros2_ws/install/my_config:/home/myat/ros2_ws/install/my_arm_config:/home/myat/ros2_ws/install/my_arm:/home/myat/ros2_ws/install/bcr_bot:/home/myat/path_control_px4/install/px4_offboard:/home/myat/path_control_px4/install/bringup_drone:/home/myat/ros2_ws/install/servo_control:/home/myat/ros2_ws/install/ros2_aruco:/home/myat/ros2_ws/install/my_pkg:/home/myat/ros2_ws/install/my_mind:/home/myat/ros2_ws/install/my_hex:/home/myat/ros2_ws/install/my_depth:/home/myat/ros2_ws/install/joint_state_converter:/home/myat/ros2_ws/install/aruco_detector:/home/myat/my_uav/install/vision_python:/home/myat/my_uav/install/px4_offboard:/opt/ros/humble:/home/myat/ros2_ws/install/arm:/home/myat/ros2_ws/install/4dof:/home/myat/my_uav/install/vision_cpp:/home/myat/my_uav/install/control_cpp:/home/myat/my_uav/install/px4_msgs /usr/bin/cmake --build /home/myat/path_control_px4/build/control -- -j12 -l12
[0.084s] [35m[1mConsolidate compiler generated dependencies of target reference_traj_node[0m
[0.113s] [  5%] [32mBuilding CXX object CMakeFiles/trajectory_controller_node.dir/src/trajectory_controller_node.cpp.o[0m
[0.114s] [ 16%] Built target static_tf
[0.126s] [ 27%] Built target reference_traj_node
[0.127s] [ 38%] Built target land
[0.128s] [ 50%] Built target auto_fly_test
[0.128s] [ 61%] Built target tf_node
[0.129s] [ 83%] Built target trajectory_fly
[0.129s] [ 83%] Built target adaptive_land
[0.133s] [ 94%] Built target px4_visualizer
[2.869s] [01m[K/home/myat/path_control_px4/src/control/src/trajectory_controller_node.cpp:[m[K In member function ‘[01m[Kvoid TrajectoryController::control_loop()[m[K’:
[2.869s] [01m[K/home/myat/path_control_px4/src/control/src/trajectory_controller_node.cpp:178:16:[m[K [01;31m[Kerror: [m[K‘[01m[Kvx[m[K’ was not declared in this scope; did you mean ‘[01m[Kdx[m[K’?
[2.869s]   178 |       if (fabs([01;31m[Kvx[m[K) > 1e-4 || fabs(vy) > 1e-4)
[2.870s]       |                [01;31m[K^~[m[K
[2.870s]       |                [32m[Kdx[m[K
[2.874s] [01m[K/home/myat/path_control_px4/src/control/src/trajectory_controller_node.cpp:178:35:[m[K [01;31m[Kerror: [m[K‘[01m[Kvy[m[K’ was not declared in this scope; did you mean ‘[01m[Kdy[m[K’?
[2.874s]   178 |       if (fabs(vx) > 1e-4 || fabs([01;31m[Kvy[m[K) > 1e-4)
[2.874s]       |                                   [01;31m[K^~[m[K
[2.874s]       |                                   [32m[Kdy[m[K
[6.612s] gmake[2]: *** [CMakeFiles/trajectory_controller_node.dir/build.make:76: CMakeFiles/trajectory_controller_node.dir/src/trajectory_controller_node.cpp.o] Error 1
[6.612s] gmake[1]: *** [CMakeFiles/Makefile2:179: CMakeFiles/trajectory_controller_node.dir/all] Error 2
[6.612s] gmake: *** [Makefile:146: all] Error 2
[6.615s] Invoked command in '/home/myat/path_control_px4/build/control' returned '2': CMAKE_PREFIX_PATH=/home/myat/path_control_px4/install/px4_msgs:/home/myat/path_control_px4/install/vision:/home/myat/path_control_px4/install/control:/home/myat/ros2_ws/install/serial:/home/myat/ros2_ws/install/ros2_control_demo_description:/home/myat/ros2_ws/install/realsense2_description:/home/myat/ros2_ws/install/realsense2_camera:/home/myat/ros2_ws/install/realsense2_camera_msgs:/home/myat/ros2_ws/install/px4_ros_com:/home/myat/ros2_ws/install/my_dof:/home/myat/ros2_ws/install/my_config:/home/myat/ros2_ws/install/my_arm_config:/home/myat/ros2_ws/install/my_arm:/home/myat/ros2_ws/install/bcr_bot:/home/myat/path_control_px4/install/px4_offboard:/home/myat/path_control_px4/install/bringup_drone:/home/myat/ros2_ws/install/servo_control:/home/myat/ros2_ws/install/ros2_aruco:/home/myat/ros2_ws/install/my_pkg:/home/myat/ros2_ws/install/my_mind:/home/myat/ros2_ws/install/my_hex:/home/myat/ros2_ws/install/my_depth:/home/myat/ros2_ws/install/joint_state_converter:/home/myat/ros2_ws/install/aruco_detector:/home/myat/my_uav/install/vision_python:/home/myat/my_uav/install/px4_offboard:/opt/ros/humble:/home/myat/ros2_ws/install/arm:/home/myat/ros2_ws/install/4dof:/home/myat/my_uav/install/vision_cpp:/home/myat/my_uav/install/control_cpp:/home/myat/my_uav/install/px4_msgs /usr/bin/cmake --build /home/myat/path_control_px4/build/control -- -j12 -l12
