[0.313s] Invoking command in '/home/myat/path_control_px4/build/vision': CMAKE_PREFIX_PATH=${CMAKE_PREFIX_PATH}:/home/myat/path_control_px4/install/bringup_drone:/home/myat/hex_ws/install/hexapod_description:/home/myat/hex_ws/install/hexapod_control:/home/myat/my_uav/install/vision_python:/home/myat/my_uav/install/px4_offboard:/opt/ros/humble /usr/bin/cmake --build /home/myat/path_control_px4/build/vision -- -j12 -l12
[0.381s] [ 10%] [32mBuilding CXX object CMakeFiles/lidar.dir/src/lidar.cpp.o[0m
[0.385s] [ 70%] Built target depth_polygon_mask_node
[0.386s] [ 70%] Built target aruco_detect
[0.386s] [ 70%] Built target camera_recorder
[0.401s] [ 90%] Built target pointcloud_node
[8.032s] [100%] [32m[1mLinking CXX executable lidar[0m
[8.920s] [100%] Built target lidar
[8.933s] Invoked command in '/home/myat/path_control_px4/build/vision' returned '0': CMAKE_PREFIX_PATH=${CMAKE_PREFIX_PATH}:/home/myat/path_control_px4/install/bringup_drone:/home/myat/hex_ws/install/hexapod_description:/home/myat/hex_ws/install/hexapod_control:/home/myat/my_uav/install/vision_python:/home/myat/my_uav/install/px4_offboard:/opt/ros/humble /usr/bin/cmake --build /home/myat/path_control_px4/build/vision -- -j12 -l12
[8.947s] Invoking command in '/home/myat/path_control_px4/build/vision': CMAKE_PREFIX_PATH=${CMAKE_PREFIX_PATH}:/home/myat/path_control_px4/install/bringup_drone:/home/myat/hex_ws/install/hexapod_description:/home/myat/hex_ws/install/hexapod_control:/home/myat/my_uav/install/vision_python:/home/myat/my_uav/install/px4_offboard:/opt/ros/humble /usr/bin/cmake --install /home/myat/path_control_px4/build/vision
[8.955s] -- Install configuration: ""
[8.958s] -- Up-to-date: /home/myat/path_control_px4/install/vision/lib/vision/camera_recorder
[8.959s] -- Up-to-date: /home/myat/path_control_px4/install/vision/lib/vision/depth_polygon_mask_node
[8.960s] -- Up-to-date: /home/myat/path_control_px4/install/vision/lib/vision/pointcloud_node
[8.961s] -- Up-to-date: /home/myat/path_control_px4/install/vision/lib/vision/aruco_detect
[8.962s] -- Installing: /home/myat/path_control_px4/install/vision/lib/vision/lidar
[8.967s] -- Set runtime path of "/home/myat/path_control_px4/install/vision/lib/vision/lidar" to ""
[8.967s] -- Up-to-date: /home/myat/path_control_px4/install/vision/share/ament_index/resource_index/package_run_dependencies/vision
[8.967s] -- Up-to-date: /home/myat/path_control_px4/install/vision/share/ament_index/resource_index/parent_prefix_path/vision
[8.967s] -- Up-to-date: /home/myat/path_control_px4/install/vision/share/vision/environment/ament_prefix_path.sh
[8.967s] -- Up-to-date: /home/myat/path_control_px4/install/vision/share/vision/environment/ament_prefix_path.dsv
[8.967s] -- Up-to-date: /home/myat/path_control_px4/install/vision/share/vision/environment/path.sh
[8.967s] -- Up-to-date: /home/myat/path_control_px4/install/vision/share/vision/environment/path.dsv
[8.967s] -- Up-to-date: /home/myat/path_control_px4/install/vision/share/vision/local_setup.bash
[8.968s] -- Up-to-date: /home/myat/path_control_px4/install/vision/share/vision/local_setup.sh
[8.968s] -- Up-to-date: /home/myat/path_control_px4/install/vision/share/vision/local_setup.zsh
[8.968s] -- Up-to-date: /home/myat/path_control_px4/install/vision/share/vision/local_setup.dsv
[8.968s] -- Installing: /home/myat/path_control_px4/install/vision/share/vision/package.dsv
[8.968s] -- Up-to-date: /home/myat/path_control_px4/install/vision/share/ament_index/resource_index/packages/vision
[8.968s] -- Up-to-date: /home/myat/path_control_px4/install/vision/share/vision/cmake/visionConfig.cmake
[8.968s] -- Up-to-date: /home/myat/path_control_px4/install/vision/share/vision/cmake/visionConfig-version.cmake
[8.968s] -- Up-to-date: /home/myat/path_control_px4/install/vision/share/vision/package.xml
[8.970s] Invoked command in '/home/myat/path_control_px4/build/vision' returned '0': CMAKE_PREFIX_PATH=${CMAKE_PREFIX_PATH}:/home/myat/path_control_px4/install/bringup_drone:/home/myat/hex_ws/install/hexapod_description:/home/myat/hex_ws/install/hexapod_control:/home/myat/my_uav/install/vision_python:/home/myat/my_uav/install/px4_offboard:/opt/ros/humble /usr/bin/cmake --install /home/myat/path_control_px4/build/vision
