[0.279s] Invoking command in '/home/myat/path_control_px4/build/vision': CMAKE_PREFIX_PATH=/home/myat/path_control_px4/install/vision:/home/myat/path_control_px4/install/control:/home/myat/path_control_px4/install/px4_msgs:/home/myat/ros2_ws/install/serial:/home/myat/ros2_ws/install/ros2_control_demo_description:/home/myat/ros2_ws/install/realsense2_description:/home/myat/ros2_ws/install/realsense2_camera:/home/myat/ros2_ws/install/realsense2_camera_msgs:/home/myat/ros2_ws/install/px4_ros_com:/home/myat/ros2_ws/install/my_dof:/home/myat/ros2_ws/install/my_config:/home/myat/ros2_ws/install/my_arm_config:/home/myat/ros2_ws/install/my_arm:/home/myat/ros2_ws/install/bcr_bot:/home/myat/path_control_px4/install/px4_offboard:/home/myat/path_control_px4/install/bringup_drone:/home/myat/ros2_ws/install/servo_control:/home/myat/ros2_ws/install/ros2_aruco:/home/myat/ros2_ws/install/my_pkg:/home/myat/ros2_ws/install/my_mind:/home/myat/ros2_ws/install/my_hex:/home/myat/ros2_ws/install/my_depth:/home/myat/ros2_ws/install/joint_state_converter:/home/myat/ros2_ws/install/aruco_detector:/home/myat/my_uav/install/vision_python:/home/myat/my_uav/install/px4_offboard:/opt/ros/humble:/home/myat/ros2_ws/install/arm:/home/myat/ros2_ws/install/4dof:/home/myat/my_uav/install/vision_cpp:/home/myat/my_uav/install/control_cpp:/home/myat/my_uav/install/px4_msgs /usr/bin/cmake --build /home/myat/path_control_px4/build/vision -- -j12 -l12
[0.304s] -- Found ament_cmake: 1.3.11 (/opt/ros/humble/share/ament_cmake/cmake)
[0.449s] -- Found rclcpp: 16.0.11 (/opt/ros/humble/share/rclcpp/cmake)
[0.494s] -- Found rosidl_generator_c: 3.1.6 (/opt/ros/humble/share/rosidl_generator_c/cmake)
[0.497s] -- Found rosidl_adapter: 3.1.6 (/opt/ros/humble/share/rosidl_adapter/cmake)
[0.505s] -- Found rosidl_generator_cpp: 3.1.6 (/opt/ros/humble/share/rosidl_generator_cpp/cmake)
[0.522s] -- Using all available rosidl_typesupport_c: rosidl_typesupport_fastrtps_c;rosidl_typesupport_introspection_c
[0.536s] -- Using all available rosidl_typesupport_cpp: rosidl_typesupport_fastrtps_cpp;rosidl_typesupport_introspection_cpp
[0.573s] -- Found rmw_implementation_cmake: 6.1.2 (/opt/ros/humble/share/rmw_implementation_cmake/cmake)
[0.576s] -- Found rmw_fastrtps_cpp: 6.2.7 (/opt/ros/humble/share/rmw_fastrtps_cpp/cmake)
[0.721s] -- Using RMW implementation 'rmw_fastrtps_cpp' as default
[0.772s] -- Found sensor_msgs: 4.8.0 (/opt/ros/humble/share/sensor_msgs/cmake)
[0.798s] -- Found cv_bridge: 3.2.1 (/opt/ros/humble/share/cv_bridge/cmake)
[0.809s] -- Found image_geometry: 3.2.1 (/opt/ros/humble/share/image_geometry/cmake)
[0.811s] -- Found tf2: 0.25.12 (/opt/ros/humble/share/tf2/cmake)
[0.813s] -- Found tf2_ros: 0.25.16 (/opt/ros/humble/share/tf2_ros/cmake)
[0.873s] -- Found tf2_geometry_msgs: 0.25.12 (/opt/ros/humble/share/tf2_geometry_msgs/cmake)
[0.878s] -- Found eigen3_cmake_module: 0.1.1 (/opt/ros/humble/share/eigen3_cmake_module/cmake)
[0.879s] -- Found Eigen3: TRUE (found version "3.4.0") 
[0.879s] -- Ensuring Eigen3 include directory is part of orocos-kdl CMake target
[0.895s] -- Eigen found (include: /usr/include/eigen3, version: 3.4.0)
[0.920s] -- OpenNI found (version: 1.5.4.0, include: /usr/include/ni, lib: /usr/lib/libOpenNI.so;libusb::libusb)
[0.925s] -- OpenNI2 found (version: 2.2.0.33, include: /usr/include/openni2, lib: /usr/lib/x86_64-linux-gnu/libOpenNI2.so;libusb::libusb)
[0.925s] [0m** WARNING ** io features related to pcap will be disabled[0m
[0.925s] [0m** WARNING ** io features related to png will be disabled[0m
[0.969s] -- Could NOT find MPI (missing: MPI_C_FOUND C) 
[0.969s]     Reason given by package: MPI component 'C' was requested, but language C is not enabled.  
[0.969s] 
[1.016s] -- Found Eigen3: /usr/include/eigen3 (found version "3.4.0") 
[1.138s] -- Eigen found (include: /usr/include/eigen3, version: 3.4.0)
[1.168s] -- FLANN found (include: /usr/include, lib: /usr/lib/x86_64-linux-gnu/libflann_cpp.so)
[1.197s] -- Could NOT find MPI (missing: MPI_C_FOUND C) 
[1.197s]     Reason given by package: MPI component 'C' was requested, but language C is not enabled.  MPI component 'C' was requested, but language C is not enabled.  
[1.197s] 
[1.311s] -- Could NOT find MPI (missing: MPI_C_FOUND C) 
[1.312s]     Reason given by package: MPI component 'C' was requested, but language C is not enabled.  MPI component 'C' was requested, but language C is not enabled.  MPI component 'C' was requested, but language C is not enabled.  
[1.312s] 
[1.399s] -- looking for PCL_COMMON
[1.399s] -- looking for PCL_OCTREE
[1.399s] -- looking for PCL_IO
[1.399s] -- looking for PCL_SAMPLE_CONSENSUS
[1.400s] -- looking for PCL_KDTREE
[1.400s] -- looking for PCL_FILTERS
[1.400s] -- looking for PCL_GEOMETRY
[1.400s] -- looking for PCL_ML
[1.400s] -- looking for PCL_SEGMENTATION
[1.401s] -- looking for PCL_2D
[1.401s] -- looking for PCL_FEATURES
[1.401s] -- looking for PCL_SEARCH
[1.423s] -- Found pcl_conversions: 2.4.5 (/opt/ros/humble/share/pcl_conversions/cmake)
[1.448s] -- Found image_transport: 3.1.11 (/opt/ros/humble/share/image_transport/cmake)
[1.475s] -- Found px4_msgs: 2.0.1 (/home/myat/my_uav/install/px4_msgs/share/px4_msgs/cmake)
[1.540s] -- Found ament_lint_auto: 0.12.11 (/opt/ros/humble/share/ament_lint_auto/cmake)
[1.620s] -- Added test 'cppcheck' to perform static code analysis on C / C++ code
[1.621s] -- Configured cppcheck include dirs: 
[1.621s] -- Configured cppcheck exclude dirs and/or files: 
[1.622s] -- Added test 'lint_cmake' to check CMake code style
[1.623s] -- Added test 'uncrustify' to check C / C++ code style
[1.623s] -- Configured uncrustify additional arguments: 
[1.623s] -- Added test 'xmllint' to check XML markup files
[1.624s] -- Configuring done
[1.738s] -- Generating done
[1.756s] -- Build files have been written to: /home/myat/path_control_px4/build/vision
[1.803s] [35m[1mConsolidate compiler generated dependencies of target camera_recorder[0m
[1.803s] [35m[1mConsolidate compiler generated dependencies of target depth_polygon_mask_node[0m
[1.804s] [35m[1mConsolidate compiler generated dependencies of target pointcloud_node[0m
[1.804s] [35m[1mConsolidate compiler generated dependencies of target my_aruco[0m
[1.810s] [35m[1mConsolidate compiler generated dependencies of target lidar[0m
[1.810s] [35m[1mConsolidate compiler generated dependencies of target obstacle_node[0m
[1.811s] [35m[1mConsolidate compiler generated dependencies of target aruco_detect[0m
[1.821s] [  7%] [32mBuilding CXX object CMakeFiles/depth_polygon_mask_node.dir/src/depth_polygon_mask_node.cpp.o[0m
[1.824s] [ 14%] [32mBuilding CXX object CMakeFiles/camera_recorder.dir/src/camera_recorder.cpp.o[0m
[1.835s] [ 21%] [32mBuilding CXX object CMakeFiles/my_aruco.dir/src/my_aruco.cpp.o[0m
[1.839s] [ 28%] [32mBuilding CXX object CMakeFiles/lidar.dir/src/lidar.cpp.o[0m
[1.839s] [ 35%] [32mBuilding CXX object CMakeFiles/pointcloud_node.dir/src/pointcloud_node.cpp.o[0m
[1.840s] [ 42%] [32mBuilding CXX object CMakeFiles/obstacle_node.dir/src/obstacle.cpp.o[0m
[1.860s] [ 50%] [32mBuilding CXX object CMakeFiles/aruco_detect.dir/src/aruco_detect.cpp.o[0m
[28.836s] [ 57%] [32m[1mLinking CXX executable aruco_detect[0m
[81.486s] [ 64%] [32m[1mLinking CXX executable lidar[0m
[81.507s] [ 64%] Built target aruco_detect
[82.796s] [ 71%] [32m[1mLinking CXX executable camera_recorder[0m
[83.056s] [ 78%] [32m[1mLinking CXX executable my_aruco[0m
[83.334s] [ 78%] Built target lidar
[84.317s] [ 78%] Built target my_aruco
[84.596s] [ 78%] Built target camera_recorder
[84.822s] [ 85%] [32m[1mLinking CXX executable obstacle_node[0m
[85.941s] [ 85%] Built target obstacle_node
[89.660s] [ 92%] [32m[1mLinking CXX executable depth_polygon_mask_node[0m
[91.226s] [ 92%] Built target depth_polygon_mask_node
[91.695s] [100%] [32m[1mLinking CXX executable pointcloud_node[0m
[92.697s] [100%] Built target pointcloud_node
[92.715s] Invoked command in '/home/myat/path_control_px4/build/vision' returned '0': CMAKE_PREFIX_PATH=/home/myat/path_control_px4/install/vision:/home/myat/path_control_px4/install/control:/home/myat/path_control_px4/install/px4_msgs:/home/myat/ros2_ws/install/serial:/home/myat/ros2_ws/install/ros2_control_demo_description:/home/myat/ros2_ws/install/realsense2_description:/home/myat/ros2_ws/install/realsense2_camera:/home/myat/ros2_ws/install/realsense2_camera_msgs:/home/myat/ros2_ws/install/px4_ros_com:/home/myat/ros2_ws/install/my_dof:/home/myat/ros2_ws/install/my_config:/home/myat/ros2_ws/install/my_arm_config:/home/myat/ros2_ws/install/my_arm:/home/myat/ros2_ws/install/bcr_bot:/home/myat/path_control_px4/install/px4_offboard:/home/myat/path_control_px4/install/bringup_drone:/home/myat/ros2_ws/install/servo_control:/home/myat/ros2_ws/install/ros2_aruco:/home/myat/ros2_ws/install/my_pkg:/home/myat/ros2_ws/install/my_mind:/home/myat/ros2_ws/install/my_hex:/home/myat/ros2_ws/install/my_depth:/home/myat/ros2_ws/install/joint_state_converter:/home/myat/ros2_ws/install/aruco_detector:/home/myat/my_uav/install/vision_python:/home/myat/my_uav/install/px4_offboard:/opt/ros/humble:/home/myat/ros2_ws/install/arm:/home/myat/ros2_ws/install/4dof:/home/myat/my_uav/install/vision_cpp:/home/myat/my_uav/install/control_cpp:/home/myat/my_uav/install/px4_msgs /usr/bin/cmake --build /home/myat/path_control_px4/build/vision -- -j12 -l12
[92.717s] Invoking command in '/home/myat/path_control_px4/build/vision': CMAKE_PREFIX_PATH=/home/myat/path_control_px4/install/vision:/home/myat/path_control_px4/install/control:/home/myat/path_control_px4/install/px4_msgs:/home/myat/ros2_ws/install/serial:/home/myat/ros2_ws/install/ros2_control_demo_description:/home/myat/ros2_ws/install/realsense2_description:/home/myat/ros2_ws/install/realsense2_camera:/home/myat/ros2_ws/install/realsense2_camera_msgs:/home/myat/ros2_ws/install/px4_ros_com:/home/myat/ros2_ws/install/my_dof:/home/myat/ros2_ws/install/my_config:/home/myat/ros2_ws/install/my_arm_config:/home/myat/ros2_ws/install/my_arm:/home/myat/ros2_ws/install/bcr_bot:/home/myat/path_control_px4/install/px4_offboard:/home/myat/path_control_px4/install/bringup_drone:/home/myat/ros2_ws/install/servo_control:/home/myat/ros2_ws/install/ros2_aruco:/home/myat/ros2_ws/install/my_pkg:/home/myat/ros2_ws/install/my_mind:/home/myat/ros2_ws/install/my_hex:/home/myat/ros2_ws/install/my_depth:/home/myat/ros2_ws/install/joint_state_converter:/home/myat/ros2_ws/install/aruco_detector:/home/myat/my_uav/install/vision_python:/home/myat/my_uav/install/px4_offboard:/opt/ros/humble:/home/myat/ros2_ws/install/arm:/home/myat/ros2_ws/install/4dof:/home/myat/my_uav/install/vision_cpp:/home/myat/my_uav/install/control_cpp:/home/myat/my_uav/install/px4_msgs /usr/bin/cmake --install /home/myat/path_control_px4/build/vision
[92.726s] -- Install configuration: ""
[92.727s] -- Installing: /home/myat/path_control_px4/install/vision/lib/vision/camera_recorder
[92.730s] -- Set runtime path of "/home/myat/path_control_px4/install/vision/lib/vision/camera_recorder" to ""
[92.731s] -- Installing: /home/myat/path_control_px4/install/vision/lib/vision/depth_polygon_mask_node
[92.737s] -- Set runtime path of "/home/myat/path_control_px4/install/vision/lib/vision/depth_polygon_mask_node" to ""
[92.738s] -- Installing: /home/myat/path_control_px4/install/vision/lib/vision/pointcloud_node
[92.743s] -- Set runtime path of "/home/myat/path_control_px4/install/vision/lib/vision/pointcloud_node" to ""
[92.744s] -- Installing: /home/myat/path_control_px4/install/vision/lib/vision/aruco_detect
[92.745s] -- Set runtime path of "/home/myat/path_control_px4/install/vision/lib/vision/aruco_detect" to ""
[92.745s] -- Installing: /home/myat/path_control_px4/install/vision/lib/vision/lidar
[92.749s] -- Set runtime path of "/home/myat/path_control_px4/install/vision/lib/vision/lidar" to ""
[92.749s] -- Installing: /home/myat/path_control_px4/install/vision/lib/vision/obstacle_node
[92.753s] -- Set runtime path of "/home/myat/path_control_px4/install/vision/lib/vision/obstacle_node" to ""
[92.754s] -- Installing: /home/myat/path_control_px4/install/vision/lib/vision/my_aruco
[92.757s] -- Set runtime path of "/home/myat/path_control_px4/install/vision/lib/vision/my_aruco" to ""
[92.757s] -- Up-to-date: /home/myat/path_control_px4/install/vision/share/ament_index/resource_index/package_run_dependencies/vision
[92.758s] -- Installing: /home/myat/path_control_px4/install/vision/share/ament_index/resource_index/parent_prefix_path/vision
[92.758s] -- Installing: /home/myat/path_control_px4/install/vision/share/vision/environment/ament_prefix_path.sh
[92.758s] -- Installing: /home/myat/path_control_px4/install/vision/share/vision/environment/ament_prefix_path.dsv
[92.758s] -- Installing: /home/myat/path_control_px4/install/vision/share/vision/environment/path.sh
[92.758s] -- Installing: /home/myat/path_control_px4/install/vision/share/vision/environment/path.dsv
[92.759s] -- Up-to-date: /home/myat/path_control_px4/install/vision/share/vision/local_setup.bash
[92.759s] -- Up-to-date: /home/myat/path_control_px4/install/vision/share/vision/local_setup.sh
[92.759s] -- Up-to-date: /home/myat/path_control_px4/install/vision/share/vision/local_setup.zsh
[92.759s] -- Installing: /home/myat/path_control_px4/install/vision/share/vision/local_setup.dsv
[92.759s] -- Installing: /home/myat/path_control_px4/install/vision/share/vision/package.dsv
[92.759s] -- Up-to-date: /home/myat/path_control_px4/install/vision/share/ament_index/resource_index/packages/vision
[92.759s] -- Up-to-date: /home/myat/path_control_px4/install/vision/share/vision/cmake/visionConfig.cmake
[92.760s] -- Up-to-date: /home/myat/path_control_px4/install/vision/share/vision/cmake/visionConfig-version.cmake
[92.760s] -- Installing: /home/myat/path_control_px4/install/vision/share/vision/package.xml
[92.763s] Invoked command in '/home/myat/path_control_px4/build/vision' returned '0': CMAKE_PREFIX_PATH=/home/myat/path_control_px4/install/vision:/home/myat/path_control_px4/install/control:/home/myat/path_control_px4/install/px4_msgs:/home/myat/ros2_ws/install/serial:/home/myat/ros2_ws/install/ros2_control_demo_description:/home/myat/ros2_ws/install/realsense2_description:/home/myat/ros2_ws/install/realsense2_camera:/home/myat/ros2_ws/install/realsense2_camera_msgs:/home/myat/ros2_ws/install/px4_ros_com:/home/myat/ros2_ws/install/my_dof:/home/myat/ros2_ws/install/my_config:/home/myat/ros2_ws/install/my_arm_config:/home/myat/ros2_ws/install/my_arm:/home/myat/ros2_ws/install/bcr_bot:/home/myat/path_control_px4/install/px4_offboard:/home/myat/path_control_px4/install/bringup_drone:/home/myat/ros2_ws/install/servo_control:/home/myat/ros2_ws/install/ros2_aruco:/home/myat/ros2_ws/install/my_pkg:/home/myat/ros2_ws/install/my_mind:/home/myat/ros2_ws/install/my_hex:/home/myat/ros2_ws/install/my_depth:/home/myat/ros2_ws/install/joint_state_converter:/home/myat/ros2_ws/install/aruco_detector:/home/myat/my_uav/install/vision_python:/home/myat/my_uav/install/px4_offboard:/opt/ros/humble:/home/myat/ros2_ws/install/arm:/home/myat/ros2_ws/install/4dof:/home/myat/my_uav/install/vision_cpp:/home/myat/my_uav/install/control_cpp:/home/myat/my_uav/install/px4_msgs /usr/bin/cmake --install /home/myat/path_control_px4/build/vision
