[0.043s] Invoking command in '/home/myat/path_control_px4/build/control': CMAKE_PREFIX_PATH=/home/myat/path_control_px4/install/px4_msgs:/home/myat/path_control_px4/install/vision:/home/myat/path_control_px4/install/control:/opt/ros/humble:/home/myat/path_control_px4/install/px4_offboard:/home/myat/path_control_px4/install/bringup_drone LD_LIBRARY_PATH=/home/myat/path_control_px4/install/px4_msgs/lib:/usr/lib/x86_64-linux-gnu/gazebo-11/plugins:/opt/ros/humble/opt/rviz_ogre_vendor/lib:/opt/ros/humble/lib/x86_64-linux-gnu:/opt/ros/humble/lib /usr/bin/cmake --build /home/myat/path_control_px4/build/control -- -j12 -l12
[0.196s] [ 16%] Built target land
[0.203s] [ 33%] Built target tf_node
[0.212s] [ 83%] Built target auto_fly_test
[0.212s] [ 83%] Built target adaptive_land
[0.212s] [ 83%] Built target trajectory_fly
[0.213s] [100%] Built target px4_visualizer
[0.607s] Invoked command in '/home/myat/path_control_px4/build/control' returned '0': CMAKE_PREFIX_PATH=/home/myat/path_control_px4/install/px4_msgs:/home/myat/path_control_px4/install/vision:/home/myat/path_control_px4/install/control:/opt/ros/humble:/home/myat/path_control_px4/install/px4_offboard:/home/myat/path_control_px4/install/bringup_drone LD_LIBRARY_PATH=/home/myat/path_control_px4/install/px4_msgs/lib:/usr/lib/x86_64-linux-gnu/gazebo-11/plugins:/opt/ros/humble/opt/rviz_ogre_vendor/lib:/opt/ros/humble/lib/x86_64-linux-gnu:/opt/ros/humble/lib /usr/bin/cmake --build /home/myat/path_control_px4/build/control -- -j12 -l12
[0.611s] Invoking command in '/home/myat/path_control_px4/build/control': CMAKE_PREFIX_PATH=/home/myat/path_control_px4/install/px4_msgs:/home/myat/path_control_px4/install/vision:/home/myat/path_control_px4/install/control:/opt/ros/humble:/home/myat/path_control_px4/install/px4_offboard:/home/myat/path_control_px4/install/bringup_drone LD_LIBRARY_PATH=/home/myat/path_control_px4/install/px4_msgs/lib:/usr/lib/x86_64-linux-gnu/gazebo-11/plugins:/opt/ros/humble/opt/rviz_ogre_vendor/lib:/opt/ros/humble/lib/x86_64-linux-gnu:/opt/ros/humble/lib /usr/bin/cmake --install /home/myat/path_control_px4/build/control
[0.623s] -- Install configuration: ""
[0.624s] -- Up-to-date: /home/myat/path_control_px4/install/control/lib/control/tf_node
[0.626s] -- Up-to-date: /home/myat/path_control_px4/install/control/lib/control/trajectory_fly
[0.628s] -- Up-to-date: /home/myat/path_control_px4/install/control/lib/control/px4_visualizer
[0.630s] -- Up-to-date: /home/myat/path_control_px4/install/control/lib/control/auto_fly_test
[0.632s] -- Up-to-date: /home/myat/path_control_px4/install/control/lib/control/land
[0.634s] -- Up-to-date: /home/myat/path_control_px4/install/control/lib/control/adaptive_land
[0.634s] -- Up-to-date: /home/myat/path_control_px4/install/control/share/ament_index/resource_index/package_run_dependencies/control
[0.635s] -- Up-to-date: /home/myat/path_control_px4/install/control/share/ament_index/resource_index/parent_prefix_path/control
[0.635s] -- Up-to-date: /home/myat/path_control_px4/install/control/share/control/environment/ament_prefix_path.sh
[0.635s] -- Up-to-date: /home/myat/path_control_px4/install/control/share/control/environment/ament_prefix_path.dsv
[0.635s] -- Up-to-date: /home/myat/path_control_px4/install/control/share/control/environment/path.sh
[0.635s] -- Up-to-date: /home/myat/path_control_px4/install/control/share/control/environment/path.dsv
[0.635s] -- Up-to-date: /home/myat/path_control_px4/install/control/share/control/local_setup.bash
[0.636s] -- Up-to-date: /home/myat/path_control_px4/install/control/share/control/local_setup.sh
[0.636s] -- Up-to-date: /home/myat/path_control_px4/install/control/share/control/local_setup.zsh
[0.636s] -- Up-to-date: /home/myat/path_control_px4/install/control/share/control/local_setup.dsv
[0.636s] -- Installing: /home/myat/path_control_px4/install/control/share/control/package.dsv
[0.636s] -- Up-to-date: /home/myat/path_control_px4/install/control/share/ament_index/resource_index/packages/control
[0.637s] -- Up-to-date: /home/myat/path_control_px4/install/control/share/control/cmake/controlConfig.cmake
[0.637s] -- Up-to-date: /home/myat/path_control_px4/install/control/share/control/cmake/controlConfig-version.cmake
[0.637s] -- Up-to-date: /home/myat/path_control_px4/install/control/share/control/package.xml
[0.643s] Invoked command in '/home/myat/path_control_px4/build/control' returned '0': CMAKE_PREFIX_PATH=/home/myat/path_control_px4/install/px4_msgs:/home/myat/path_control_px4/install/vision:/home/myat/path_control_px4/install/control:/opt/ros/humble:/home/myat/path_control_px4/install/px4_offboard:/home/myat/path_control_px4/install/bringup_drone LD_LIBRARY_PATH=/home/myat/path_control_px4/install/px4_msgs/lib:/usr/lib/x86_64-linux-gnu/gazebo-11/plugins:/opt/ros/humble/opt/rviz_ogre_vendor/lib:/opt/ros/humble/lib/x86_64-linux-gnu:/opt/ros/humble/lib /usr/bin/cmake --install /home/myat/path_control_px4/build/control
