[0.012s] Invoking command in '/home/myat/path_control_px4/build/control': CMAKE_PREFIX_PATH=/home/myat/path_control_px4/install/px4_msgs:/home/myat/path_control_px4/install/vision:/home/myat/path_control_px4/install/control:/home/myat/my_ws/install/ros2sysmon:/home/myat/my_ws/install/ros2_controllers:/home/myat/my_ws/install/ign_ros2_control_demos:/home/myat/my_ws/install/ign_ros2_control:/home/myat/my_ws/install/gz_ros2_control_tests:/home/myat/my_ws/install/gz_ros2_control_demos:/home/myat/my_ws/install/gz_ros2_control:/home/myat/my_uav/install/vision_cpp:/home/myat/my_uav/install/control_cpp:/home/myat/my_uav/install/px4_msgs:/home/myat/path_control_px4/install/bringup_drone:/home/myat/hex_ws/install/hexapod_description:/home/myat/hex_ws/install/hexapod_control:/home/myat/my_uav/install/vision_python:/home/myat/my_uav/install/px4_offboard:/opt/ros/humble /usr/bin/cmake --build /home/myat/path_control_px4/build/control -- -j12 -l12
[0.036s] -- Found ament_cmake: 1.3.11 (/opt/ros/humble/share/ament_cmake/cmake)
[0.149s] -- Found rclcpp: 16.0.11 (/opt/ros/humble/share/rclcpp/cmake)
[0.173s] -- Found rosidl_generator_c: 3.1.6 (/opt/ros/humble/share/rosidl_generator_c/cmake)
[0.175s] -- Found rosidl_adapter: 3.1.6 (/opt/ros/humble/share/rosidl_adapter/cmake)
[0.179s] -- Found rosidl_generator_cpp: 3.1.6 (/opt/ros/humble/share/rosidl_generator_cpp/cmake)
[0.186s] -- Using all available rosidl_typesupport_c: rosidl_typesupport_fastrtps_c;rosidl_typesupport_introspection_c
[0.195s] -- Using all available rosidl_typesupport_cpp: rosidl_typesupport_fastrtps_cpp;rosidl_typesupport_introspection_cpp
[0.217s] -- Found rmw_implementation_cmake: 6.1.2 (/opt/ros/humble/share/rmw_implementation_cmake/cmake)
[0.218s] -- Found rmw_fastrtps_cpp: 6.2.7 (/opt/ros/humble/share/rmw_fastrtps_cpp/cmake)
[0.328s] -- Using RMW implementation 'rmw_fastrtps_cpp' as default
[0.360s] -- Found geometry_msgs: 4.2.4 (/opt/ros/humble/share/geometry_msgs/cmake)
[0.368s] -- Found px4_msgs: 2.0.1 (/home/myat/path_control_px4/install/px4_msgs/share/px4_msgs/cmake)
[0.376s] -- Found tf2: 0.25.12 (/opt/ros/humble/share/tf2/cmake)
[0.378s] -- Found tf2_ros: 0.25.16 (/opt/ros/humble/share/tf2_ros/cmake)
[0.431s] -- Found tf2_geometry_msgs: 0.25.12 (/opt/ros/humble/share/tf2_geometry_msgs/cmake)
[0.434s] -- Found eigen3_cmake_module: 0.1.1 (/opt/ros/humble/share/eigen3_cmake_module/cmake)
[0.435s] -- Found Eigen3: TRUE (found version "3.4.0") 
[0.435s] -- Ensuring Eigen3 include directory is part of orocos-kdl CMake target
[0.437s] -- Found visualization_msgs: 4.9.0 (/opt/ros/humble/share/visualization_msgs/cmake)
[0.462s] -- Found nav_msgs: 4.9.0 (/opt/ros/humble/share/nav_msgs/cmake)
[0.485s] -- Eigen found (include: /usr/include/eigen3, version: 3.4.0)
[0.504s] -- OpenNI found (version: 1.5.4.0, include: /usr/include/ni, lib: /usr/lib/libOpenNI.so;libusb::libusb)
[0.508s] -- OpenNI2 found (version: 2.2.0.33, include: /usr/include/openni2, lib: /usr/lib/x86_64-linux-gnu/libOpenNI2.so;libusb::libusb)
[0.508s] [0m** WARNING ** io features related to pcap will be disabled[0m
[0.508s] [0m** WARNING ** io features related to png will be disabled[0m
[0.656s] -- Found Eigen3: /usr/include/eigen3 (found version "3.4.0") 
[0.757s] -- Eigen found (include: /usr/include/eigen3, version: 3.4.0)
[0.782s] -- FLANN found (include: /usr/include, lib: /usr/lib/x86_64-linux-gnu/libflann_cpp.so)
[1.008s] -- looking for PCL_COMMON
[1.008s] -- looking for PCL_OCTREE
[1.009s] -- looking for PCL_IO
[1.009s] -- looking for PCL_SAMPLE_CONSENSUS
[1.009s] -- looking for PCL_KDTREE
[1.010s] -- looking for PCL_FILTERS
[1.010s] -- looking for PCL_GEOMETRY
[1.010s] -- looking for PCL_ML
[1.010s] -- looking for PCL_SEGMENTATION
[1.011s] -- looking for PCL_2D
[1.011s] -- looking for PCL_FEATURES
[1.011s] -- looking for PCL_SEARCH
[1.012s] -- Found pcl_conversions: 2.4.5 (/opt/ros/humble/share/pcl_conversions/cmake)
[1.049s] -- Found ament_lint_auto: 0.12.11 (/opt/ros/humble/share/ament_lint_auto/cmake)
[1.117s] -- Added test 'cppcheck' to perform static code analysis on C / C++ code
[1.120s] -- Configured cppcheck include dirs: 
[1.120s] -- Configured cppcheck exclude dirs and/or files: 
[1.121s] -- Added test 'lint_cmake' to check CMake code style
[1.122s] -- Added test 'uncrustify' to check C / C++ code style
[1.122s] -- Configured uncrustify additional arguments: 
[1.122s] -- Added test 'xmllint' to check XML markup files
[1.123s] -- Configuring done
[1.167s] -- Generating done
[1.180s] -- Build files have been written to: /home/myat/path_control_px4/build/control
[1.213s] [35m[1mConsolidate compiler generated dependencies of target px4_visualizer[0m
[1.213s] [35m[1mConsolidate compiler generated dependencies of target tf_node[0m
[1.213s] [35m[1mConsolidate compiler generated dependencies of target adaptive_land[0m
[1.213s] [35m[1mConsolidate compiler generated dependencies of target trajectory_fly[0m
[1.213s] [35m[1mConsolidate compiler generated dependencies of target land[0m
[1.213s] [35m[1mConsolidate compiler generated dependencies of target auto_fly_test[0m
[1.223s] [  8%] [32m[1mLinking CXX executable px4_visualizer[0m
[1.231s] [ 41%] Built target tf_node
[1.231s] [ 41%] Built target land
[1.232s] [ 58%] Built target adaptive_land
[1.232s] [ 75%] Built target trajectory_fly
[1.233s] [ 91%] Built target auto_fly_test
[1.304s] /usr/bin/ld: /usr/lib/gcc/x86_64-linux-gnu/11/../../../x86_64-linux-gnu/Scrt1.o: in function `_start':
[1.304s] (.text+0x1b): undefined reference to `main'
[1.306s] collect2: error: ld returned 1 exit status
[1.308s] gmake[2]: *** [CMakeFiles/px4_visualizer.dir/build.make:199: px4_visualizer] Error 1
[1.308s] gmake[1]: *** [CMakeFiles/Makefile2:199: CMakeFiles/px4_visualizer.dir/all] Error 2
[1.308s] gmake: *** [Makefile:146: all] Error 2
[1.311s] Invoked command in '/home/myat/path_control_px4/build/control' returned '2': CMAKE_PREFIX_PATH=/home/myat/path_control_px4/install/px4_msgs:/home/myat/path_control_px4/install/vision:/home/myat/path_control_px4/install/control:/home/myat/my_ws/install/ros2sysmon:/home/myat/my_ws/install/ros2_controllers:/home/myat/my_ws/install/ign_ros2_control_demos:/home/myat/my_ws/install/ign_ros2_control:/home/myat/my_ws/install/gz_ros2_control_tests:/home/myat/my_ws/install/gz_ros2_control_demos:/home/myat/my_ws/install/gz_ros2_control:/home/myat/my_uav/install/vision_cpp:/home/myat/my_uav/install/control_cpp:/home/myat/my_uav/install/px4_msgs:/home/myat/path_control_px4/install/bringup_drone:/home/myat/hex_ws/install/hexapod_description:/home/myat/hex_ws/install/hexapod_control:/home/myat/my_uav/install/vision_python:/home/myat/my_uav/install/px4_offboard:/opt/ros/humble /usr/bin/cmake --build /home/myat/path_control_px4/build/control -- -j12 -l12
