[0.015s] Invoking command in '/home/myat/path_control_px4/build/control': CMAKE_PREFIX_PATH=/home/myat/path_control_px4/install/px4_msgs:/home/myat/path_control_px4/install/vision:/home/myat/path_control_px4/install/control:/home/myat/my_ws/install/ros2sysmon:/home/myat/my_ws/install/ros2_controllers:/home/myat/my_ws/install/ign_ros2_control_demos:/home/myat/my_ws/install/ign_ros2_control:/home/myat/my_ws/install/gz_ros2_control_tests:/home/myat/my_ws/install/gz_ros2_control_demos:/home/myat/my_ws/install/gz_ros2_control:/home/myat/my_uav/install/vision_cpp:/home/myat/my_uav/install/control_cpp:/home/myat/my_uav/install/px4_msgs:/home/myat/path_control_px4/install/bringup_drone:/home/myat/hex_ws/install/hexapod_description:/home/myat/hex_ws/install/hexapod_control:/home/myat/my_uav/install/vision_python:/home/myat/my_uav/install/px4_offboard:/opt/ros/humble /usr/bin/cmake --build /home/myat/path_control_px4/build/control -- -j12 -l12
[0.072s] [35m[1mConsolidate compiler generated dependencies of target adaptive_land[0m
[0.096s] [ 16%] Built target land
[0.096s] [ 33%] Built target auto_fly_test
[0.097s] [ 50%] Built target tf_node
[0.101s] [ 83%] Built target px4_visualizer
[0.101s] [ 83%] Built target trajectory_fly
[0.110s] [ 91%] [32mBuilding CXX object CMakeFiles/adaptive_land.dir/src/adaptive_land.cpp.o[0m
[3.820s] [01m[K/home/myat/path_control_px4/src/control/src/adaptive_land.cpp:[m[K In member function ‘[01m[Kvoid AdaptiveLanding::track_target()[m[K’:
[3.820s] [01m[K/home/myat/path_control_px4/src/control/src/adaptive_land.cpp:277:15:[m[K [01;35m[Kwarning: [m[Kunused variable ‘[01m[Kservo_yaw[m[K’ [[01;35m[K]8;;https://gcc.gnu.org/onlinedocs/gcc/Warning-Options.html#index-Wunused-variable-Wunused-variable]8;;[m[K]
[3.820s]   277 |         float [01;35m[Kservo_yaw[m[K = std::atan2(
[3.820s]       |               [01;35m[K^~~~~~~~~[m[K
[13.743s] [100%] [32m[1mLinking CXX executable adaptive_land[0m
[14.408s] [100%] Built target adaptive_land
[14.437s] Invoked command in '/home/myat/path_control_px4/build/control' returned '0': CMAKE_PREFIX_PATH=/home/myat/path_control_px4/install/px4_msgs:/home/myat/path_control_px4/install/vision:/home/myat/path_control_px4/install/control:/home/myat/my_ws/install/ros2sysmon:/home/myat/my_ws/install/ros2_controllers:/home/myat/my_ws/install/ign_ros2_control_demos:/home/myat/my_ws/install/ign_ros2_control:/home/myat/my_ws/install/gz_ros2_control_tests:/home/myat/my_ws/install/gz_ros2_control_demos:/home/myat/my_ws/install/gz_ros2_control:/home/myat/my_uav/install/vision_cpp:/home/myat/my_uav/install/control_cpp:/home/myat/my_uav/install/px4_msgs:/home/myat/path_control_px4/install/bringup_drone:/home/myat/hex_ws/install/hexapod_description:/home/myat/hex_ws/install/hexapod_control:/home/myat/my_uav/install/vision_python:/home/myat/my_uav/install/px4_offboard:/opt/ros/humble /usr/bin/cmake --build /home/myat/path_control_px4/build/control -- -j12 -l12
[14.448s] Invoking command in '/home/myat/path_control_px4/build/control': CMAKE_PREFIX_PATH=/home/myat/path_control_px4/install/px4_msgs:/home/myat/path_control_px4/install/vision:/home/myat/path_control_px4/install/control:/home/myat/my_ws/install/ros2sysmon:/home/myat/my_ws/install/ros2_controllers:/home/myat/my_ws/install/ign_ros2_control_demos:/home/myat/my_ws/install/ign_ros2_control:/home/myat/my_ws/install/gz_ros2_control_tests:/home/myat/my_ws/install/gz_ros2_control_demos:/home/myat/my_ws/install/gz_ros2_control:/home/myat/my_uav/install/vision_cpp:/home/myat/my_uav/install/control_cpp:/home/myat/my_uav/install/px4_msgs:/home/myat/path_control_px4/install/bringup_drone:/home/myat/hex_ws/install/hexapod_description:/home/myat/hex_ws/install/hexapod_control:/home/myat/my_uav/install/vision_python:/home/myat/my_uav/install/px4_offboard:/opt/ros/humble /usr/bin/cmake --install /home/myat/path_control_px4/build/control
[14.456s] -- Install configuration: ""
[14.456s] -- Up-to-date: /home/myat/path_control_px4/install/control/lib/control/tf_node
[14.457s] -- Up-to-date: /home/myat/path_control_px4/install/control/lib/control/trajectory_fly
[14.457s] -- Up-to-date: /home/myat/path_control_px4/install/control/lib/control/px4_visualizer
[14.457s] -- Up-to-date: /home/myat/path_control_px4/install/control/lib/control/auto_fly_test
[14.457s] -- Up-to-date: /home/myat/path_control_px4/install/control/lib/control/land
[14.458s] -- Installing: /home/myat/path_control_px4/install/control/lib/control/adaptive_land
[14.466s] -- Set runtime path of "/home/myat/path_control_px4/install/control/lib/control/adaptive_land" to ""
[14.467s] -- Up-to-date: /home/myat/path_control_px4/install/control/share/ament_index/resource_index/package_run_dependencies/control
[14.467s] -- Up-to-date: /home/myat/path_control_px4/install/control/share/ament_index/resource_index/parent_prefix_path/control
[14.467s] -- Up-to-date: /home/myat/path_control_px4/install/control/share/control/environment/ament_prefix_path.sh
[14.467s] -- Up-to-date: /home/myat/path_control_px4/install/control/share/control/environment/ament_prefix_path.dsv
[14.467s] -- Up-to-date: /home/myat/path_control_px4/install/control/share/control/environment/path.sh
[14.467s] -- Up-to-date: /home/myat/path_control_px4/install/control/share/control/environment/path.dsv
[14.467s] -- Up-to-date: /home/myat/path_control_px4/install/control/share/control/local_setup.bash
[14.467s] -- Up-to-date: /home/myat/path_control_px4/install/control/share/control/local_setup.sh
[14.467s] -- Up-to-date: /home/myat/path_control_px4/install/control/share/control/local_setup.zsh
[14.467s] -- Up-to-date: /home/myat/path_control_px4/install/control/share/control/local_setup.dsv
[14.467s] -- Installing: /home/myat/path_control_px4/install/control/share/control/package.dsv
[14.467s] -- Up-to-date: /home/myat/path_control_px4/install/control/share/ament_index/resource_index/packages/control
[14.467s] -- Up-to-date: /home/myat/path_control_px4/install/control/share/control/cmake/controlConfig.cmake
[14.467s] -- Up-to-date: /home/myat/path_control_px4/install/control/share/control/cmake/controlConfig-version.cmake
[14.467s] -- Up-to-date: /home/myat/path_control_px4/install/control/share/control/package.xml
[14.470s] Invoked command in '/home/myat/path_control_px4/build/control' returned '0': CMAKE_PREFIX_PATH=/home/myat/path_control_px4/install/px4_msgs:/home/myat/path_control_px4/install/vision:/home/myat/path_control_px4/install/control:/home/myat/my_ws/install/ros2sysmon:/home/myat/my_ws/install/ros2_controllers:/home/myat/my_ws/install/ign_ros2_control_demos:/home/myat/my_ws/install/ign_ros2_control:/home/myat/my_ws/install/gz_ros2_control_tests:/home/myat/my_ws/install/gz_ros2_control_demos:/home/myat/my_ws/install/gz_ros2_control:/home/myat/my_uav/install/vision_cpp:/home/myat/my_uav/install/control_cpp:/home/myat/my_uav/install/px4_msgs:/home/myat/path_control_px4/install/bringup_drone:/home/myat/hex_ws/install/hexapod_description:/home/myat/hex_ws/install/hexapod_control:/home/myat/my_uav/install/vision_python:/home/myat/my_uav/install/px4_offboard:/opt/ros/humble /usr/bin/cmake --install /home/myat/path_control_px4/build/control
