[0.018s] Invoking command in '/home/myat/path_control_px4/build/control': CMAKE_PREFIX_PATH=/home/myat/path_control_px4/install/px4_msgs:/home/myat/path_control_px4/install/vision:/home/myat/path_control_px4/install/control:/home/myat/my_ws/install/ros2sysmon:/home/myat/my_ws/install/ros2_controllers:/home/myat/my_ws/install/ign_ros2_control_demos:/home/myat/my_ws/install/ign_ros2_control:/home/myat/my_ws/install/gz_ros2_control_tests:/home/myat/my_ws/install/gz_ros2_control_demos:/home/myat/my_ws/install/gz_ros2_control:/home/myat/my_uav/install/vision_cpp:/home/myat/my_uav/install/control_cpp:/home/myat/my_uav/install/px4_msgs:/home/myat/path_control_px4/install/bringup_drone:/home/myat/hex_ws/install/hexapod_description:/home/myat/hex_ws/install/hexapod_control:/home/myat/my_uav/install/vision_python:/home/myat/my_uav/install/px4_offboard:/opt/ros/humble /usr/bin/cmake --build /home/myat/path_control_px4/build/control -- -j12 -l12
[0.079s] [35m[1mConsolidate compiler generated dependencies of target auto_fly_test[0m
[0.079s] [35m[1mConsolidate compiler generated dependencies of target adaptive_land[0m
[0.079s] [35m[1mConsolidate compiler generated dependencies of target land[0m
[0.079s] [35m[1mConsolidate compiler generated dependencies of target trajectory_fly[0m
[0.079s] [35m[1mConsolidate compiler generated dependencies of target tf_node[0m
[0.080s] [35m[1mConsolidate compiler generated dependencies of target px4_visualizer[0m
[0.108s] [ 16%] Built target tf_node
[0.108s] [ 33%] Built target adaptive_land
[0.108s] [ 50%] Built target auto_fly_test
[0.112s] [ 66%] Built target land
[0.114s] [ 83%] Built target px4_visualizer
[0.122s] [ 91%] [32mBuilding CXX object CMakeFiles/trajectory_fly.dir/src/trajectory_fly.cpp.o[0m
[18.492s] [100%] [32m[1mLinking CXX executable trajectory_fly[0m
[20.011s] [100%] Built target trajectory_fly
[20.026s] Invoked command in '/home/myat/path_control_px4/build/control' returned '0': CMAKE_PREFIX_PATH=/home/myat/path_control_px4/install/px4_msgs:/home/myat/path_control_px4/install/vision:/home/myat/path_control_px4/install/control:/home/myat/my_ws/install/ros2sysmon:/home/myat/my_ws/install/ros2_controllers:/home/myat/my_ws/install/ign_ros2_control_demos:/home/myat/my_ws/install/ign_ros2_control:/home/myat/my_ws/install/gz_ros2_control_tests:/home/myat/my_ws/install/gz_ros2_control_demos:/home/myat/my_ws/install/gz_ros2_control:/home/myat/my_uav/install/vision_cpp:/home/myat/my_uav/install/control_cpp:/home/myat/my_uav/install/px4_msgs:/home/myat/path_control_px4/install/bringup_drone:/home/myat/hex_ws/install/hexapod_description:/home/myat/hex_ws/install/hexapod_control:/home/myat/my_uav/install/vision_python:/home/myat/my_uav/install/px4_offboard:/opt/ros/humble /usr/bin/cmake --build /home/myat/path_control_px4/build/control -- -j12 -l12
[20.037s] Invoking command in '/home/myat/path_control_px4/build/control': CMAKE_PREFIX_PATH=/home/myat/path_control_px4/install/px4_msgs:/home/myat/path_control_px4/install/vision:/home/myat/path_control_px4/install/control:/home/myat/my_ws/install/ros2sysmon:/home/myat/my_ws/install/ros2_controllers:/home/myat/my_ws/install/ign_ros2_control_demos:/home/myat/my_ws/install/ign_ros2_control:/home/myat/my_ws/install/gz_ros2_control_tests:/home/myat/my_ws/install/gz_ros2_control_demos:/home/myat/my_ws/install/gz_ros2_control:/home/myat/my_uav/install/vision_cpp:/home/myat/my_uav/install/control_cpp:/home/myat/my_uav/install/px4_msgs:/home/myat/path_control_px4/install/bringup_drone:/home/myat/hex_ws/install/hexapod_description:/home/myat/hex_ws/install/hexapod_control:/home/myat/my_uav/install/vision_python:/home/myat/my_uav/install/px4_offboard:/opt/ros/humble /usr/bin/cmake --install /home/myat/path_control_px4/build/control
[20.047s] -- Install configuration: ""
[20.047s] -- Up-to-date: /home/myat/path_control_px4/install/control/lib/control/tf_node
[20.047s] -- Installing: /home/myat/path_control_px4/install/control/lib/control/trajectory_fly
[20.059s] -- Set runtime path of "/home/myat/path_control_px4/install/control/lib/control/trajectory_fly" to ""
[20.059s] -- Up-to-date: /home/myat/path_control_px4/install/control/lib/control/px4_visualizer
[20.060s] -- Up-to-date: /home/myat/path_control_px4/install/control/lib/control/auto_fly_test
[20.060s] -- Up-to-date: /home/myat/path_control_px4/install/control/lib/control/land
[20.060s] -- Up-to-date: /home/myat/path_control_px4/install/control/lib/control/adaptive_land
[20.060s] -- Up-to-date: /home/myat/path_control_px4/install/control/share/ament_index/resource_index/package_run_dependencies/control
[20.060s] -- Up-to-date: /home/myat/path_control_px4/install/control/share/ament_index/resource_index/parent_prefix_path/control
[20.061s] -- Up-to-date: /home/myat/path_control_px4/install/control/share/control/environment/ament_prefix_path.sh
[20.061s] -- Up-to-date: /home/myat/path_control_px4/install/control/share/control/environment/ament_prefix_path.dsv
[20.061s] -- Up-to-date: /home/myat/path_control_px4/install/control/share/control/environment/path.sh
[20.061s] -- Up-to-date: /home/myat/path_control_px4/install/control/share/control/environment/path.dsv
[20.061s] -- Up-to-date: /home/myat/path_control_px4/install/control/share/control/local_setup.bash
[20.061s] -- Up-to-date: /home/myat/path_control_px4/install/control/share/control/local_setup.sh
[20.061s] -- Up-to-date: /home/myat/path_control_px4/install/control/share/control/local_setup.zsh
[20.061s] -- Up-to-date: /home/myat/path_control_px4/install/control/share/control/local_setup.dsv
[20.061s] -- Installing: /home/myat/path_control_px4/install/control/share/control/package.dsv
[20.061s] -- Up-to-date: /home/myat/path_control_px4/install/control/share/ament_index/resource_index/packages/control
[20.061s] -- Up-to-date: /home/myat/path_control_px4/install/control/share/control/cmake/controlConfig.cmake
[20.061s] -- Up-to-date: /home/myat/path_control_px4/install/control/share/control/cmake/controlConfig-version.cmake
[20.061s] -- Up-to-date: /home/myat/path_control_px4/install/control/share/control/package.xml
[20.064s] Invoked command in '/home/myat/path_control_px4/build/control' returned '0': CMAKE_PREFIX_PATH=/home/myat/path_control_px4/install/px4_msgs:/home/myat/path_control_px4/install/vision:/home/myat/path_control_px4/install/control:/home/myat/my_ws/install/ros2sysmon:/home/myat/my_ws/install/ros2_controllers:/home/myat/my_ws/install/ign_ros2_control_demos:/home/myat/my_ws/install/ign_ros2_control:/home/myat/my_ws/install/gz_ros2_control_tests:/home/myat/my_ws/install/gz_ros2_control_demos:/home/myat/my_ws/install/gz_ros2_control:/home/myat/my_uav/install/vision_cpp:/home/myat/my_uav/install/control_cpp:/home/myat/my_uav/install/px4_msgs:/home/myat/path_control_px4/install/bringup_drone:/home/myat/hex_ws/install/hexapod_description:/home/myat/hex_ws/install/hexapod_control:/home/myat/my_uav/install/vision_python:/home/myat/my_uav/install/px4_offboard:/opt/ros/humble /usr/bin/cmake --install /home/myat/path_control_px4/build/control
