[0.011s] Invoking command in '/home/myat/path_control_px4/build/control': CMAKE_PREFIX_PATH=/home/myat/path_control_px4/install/px4_msgs:/home/myat/path_control_px4/install/vision:/home/myat/path_control_px4/install/control:/home/myat/my_ws/install/ros2sysmon:/home/myat/my_ws/install/ros2_controllers:/home/myat/my_ws/install/ign_ros2_control_demos:/home/myat/my_ws/install/ign_ros2_control:/home/myat/my_ws/install/gz_ros2_control_tests:/home/myat/my_ws/install/gz_ros2_control_demos:/home/myat/my_ws/install/gz_ros2_control:/home/myat/my_uav/install/vision_cpp:/home/myat/my_uav/install/control_cpp:/home/myat/my_uav/install/px4_msgs:/home/myat/path_control_px4/install/bringup_drone:/home/myat/hex_ws/install/hexapod_description:/home/myat/hex_ws/install/hexapod_control:/home/myat/my_uav/install/vision_python:/home/myat/my_uav/install/px4_offboard:/opt/ros/humble /usr/bin/cmake --build /home/myat/path_control_px4/build/control -- -j12 -l12
[0.057s] [35m[1mConsolidate compiler generated dependencies of target px4_visualizer[0m
[0.072s] [ 16%] Built target trajectory_fly
[0.072s] [ 33%] Built target tf_node
[0.073s] [ 50%] Built target auto_fly_test
[0.074s] [ 66%] Built target land
[0.075s] [ 83%] Built target adaptive_land
[0.080s] [ 91%] [32mBuilding CXX object CMakeFiles/px4_visualizer.dir/src/px4_visualizer.cpp.o[0m
[11.733s] [100%] [32m[1mLinking CXX executable px4_visualizer[0m
[12.313s] [100%] Built target px4_visualizer
[12.324s] Invoked command in '/home/myat/path_control_px4/build/control' returned '0': CMAKE_PREFIX_PATH=/home/myat/path_control_px4/install/px4_msgs:/home/myat/path_control_px4/install/vision:/home/myat/path_control_px4/install/control:/home/myat/my_ws/install/ros2sysmon:/home/myat/my_ws/install/ros2_controllers:/home/myat/my_ws/install/ign_ros2_control_demos:/home/myat/my_ws/install/ign_ros2_control:/home/myat/my_ws/install/gz_ros2_control_tests:/home/myat/my_ws/install/gz_ros2_control_demos:/home/myat/my_ws/install/gz_ros2_control:/home/myat/my_uav/install/vision_cpp:/home/myat/my_uav/install/control_cpp:/home/myat/my_uav/install/px4_msgs:/home/myat/path_control_px4/install/bringup_drone:/home/myat/hex_ws/install/hexapod_description:/home/myat/hex_ws/install/hexapod_control:/home/myat/my_uav/install/vision_python:/home/myat/my_uav/install/px4_offboard:/opt/ros/humble /usr/bin/cmake --build /home/myat/path_control_px4/build/control -- -j12 -l12
[12.326s] Invoking command in '/home/myat/path_control_px4/build/control': CMAKE_PREFIX_PATH=/home/myat/path_control_px4/install/px4_msgs:/home/myat/path_control_px4/install/vision:/home/myat/path_control_px4/install/control:/home/myat/my_ws/install/ros2sysmon:/home/myat/my_ws/install/ros2_controllers:/home/myat/my_ws/install/ign_ros2_control_demos:/home/myat/my_ws/install/ign_ros2_control:/home/myat/my_ws/install/gz_ros2_control_tests:/home/myat/my_ws/install/gz_ros2_control_demos:/home/myat/my_ws/install/gz_ros2_control:/home/myat/my_uav/install/vision_cpp:/home/myat/my_uav/install/control_cpp:/home/myat/my_uav/install/px4_msgs:/home/myat/path_control_px4/install/bringup_drone:/home/myat/hex_ws/install/hexapod_description:/home/myat/hex_ws/install/hexapod_control:/home/myat/my_uav/install/vision_python:/home/myat/my_uav/install/px4_offboard:/opt/ros/humble /usr/bin/cmake --install /home/myat/path_control_px4/build/control
[12.333s] -- Install configuration: ""
[12.333s] -- Up-to-date: /home/myat/path_control_px4/install/control/lib/control/tf_node
[12.333s] -- Up-to-date: /home/myat/path_control_px4/install/control/lib/control/trajectory_fly
[12.333s] -- Installing: /home/myat/path_control_px4/install/control/lib/control/px4_visualizer
[12.341s] -- Set runtime path of "/home/myat/path_control_px4/install/control/lib/control/px4_visualizer" to ""
[12.341s] -- Up-to-date: /home/myat/path_control_px4/install/control/lib/control/auto_fly_test
[12.341s] -- Up-to-date: /home/myat/path_control_px4/install/control/lib/control/land
[12.342s] -- Up-to-date: /home/myat/path_control_px4/install/control/lib/control/adaptive_land
[12.342s] -- Up-to-date: /home/myat/path_control_px4/install/control/share/ament_index/resource_index/package_run_dependencies/control
[12.342s] -- Up-to-date: /home/myat/path_control_px4/install/control/share/ament_index/resource_index/parent_prefix_path/control
[12.342s] -- Up-to-date: /home/myat/path_control_px4/install/control/share/control/environment/ament_prefix_path.sh
[12.342s] -- Up-to-date: /home/myat/path_control_px4/install/control/share/control/environment/ament_prefix_path.dsv
[12.342s] -- Up-to-date: /home/myat/path_control_px4/install/control/share/control/environment/path.sh
[12.342s] -- Up-to-date: /home/myat/path_control_px4/install/control/share/control/environment/path.dsv
[12.342s] -- Up-to-date: /home/myat/path_control_px4/install/control/share/control/local_setup.bash
[12.342s] -- Up-to-date: /home/myat/path_control_px4/install/control/share/control/local_setup.sh
[12.342s] -- Up-to-date: /home/myat/path_control_px4/install/control/share/control/local_setup.zsh
[12.342s] -- Up-to-date: /home/myat/path_control_px4/install/control/share/control/local_setup.dsv
[12.342s] -- Installing: /home/myat/path_control_px4/install/control/share/control/package.dsv
[12.342s] -- Up-to-date: /home/myat/path_control_px4/install/control/share/ament_index/resource_index/packages/control
[12.342s] -- Up-to-date: /home/myat/path_control_px4/install/control/share/control/cmake/controlConfig.cmake
[12.343s] -- Up-to-date: /home/myat/path_control_px4/install/control/share/control/cmake/controlConfig-version.cmake
[12.343s] -- Up-to-date: /home/myat/path_control_px4/install/control/share/control/package.xml
[12.344s] Invoked command in '/home/myat/path_control_px4/build/control' returned '0': CMAKE_PREFIX_PATH=/home/myat/path_control_px4/install/px4_msgs:/home/myat/path_control_px4/install/vision:/home/myat/path_control_px4/install/control:/home/myat/my_ws/install/ros2sysmon:/home/myat/my_ws/install/ros2_controllers:/home/myat/my_ws/install/ign_ros2_control_demos:/home/myat/my_ws/install/ign_ros2_control:/home/myat/my_ws/install/gz_ros2_control_tests:/home/myat/my_ws/install/gz_ros2_control_demos:/home/myat/my_ws/install/gz_ros2_control:/home/myat/my_uav/install/vision_cpp:/home/myat/my_uav/install/control_cpp:/home/myat/my_uav/install/px4_msgs:/home/myat/path_control_px4/install/bringup_drone:/home/myat/hex_ws/install/hexapod_description:/home/myat/hex_ws/install/hexapod_control:/home/myat/my_uav/install/vision_python:/home/myat/my_uav/install/px4_offboard:/opt/ros/humble /usr/bin/cmake --install /home/myat/path_control_px4/build/control
