[0.819s] Invoking command in '/home/myat/path_control_px4/src/bringup_drone': PYTHONPATH=/home/myat/path_control_px4/build/bringup_drone/prefix_override:/usr/lib/python3/dist-packages/colcon_core/task/python/colcon_distutils_commands:/home/myat/path_control_px4/install/bringup_drone/lib/python3.10/site-packages:${PYTHONPATH} /usr/bin/python3 -W ignore:setup.py install is deprecated -W ignore:easy_install command is deprecated setup.py egg_info --egg-base ../../build/bringup_drone build --build-base /home/myat/path_control_px4/build/bringup_drone/build install --record /home/myat/path_control_px4/build/bringup_drone/install.log --single-version-externally-managed install_data
[1.165s] running egg_info
[1.165s] writing ../../build/bringup_drone/bringup_drone.egg-info/PKG-INFO
[1.165s] writing dependency_links to ../../build/bringup_drone/bringup_drone.egg-info/dependency_links.txt
[1.165s] writing entry points to ../../build/bringup_drone/bringup_drone.egg-info/entry_points.txt
[1.165s] writing requirements to ../../build/bringup_drone/bringup_drone.egg-info/requires.txt
[1.165s] writing top-level names to ../../build/bringup_drone/bringup_drone.egg-info/top_level.txt
[1.166s] reading manifest file '../../build/bringup_drone/bringup_drone.egg-info/SOURCES.txt'
[1.166s] writing manifest file '../../build/bringup_drone/bringup_drone.egg-info/SOURCES.txt'
[1.166s] running build
[1.166s] running build_py
[1.166s] running install
[1.166s] running install_lib
[1.166s] running install_data
[1.166s] running install_egg_info
[1.166s] removing '/home/myat/path_control_px4/install/bringup_drone/lib/python3.10/site-packages/bringup_drone-0.0.0-py3.10.egg-info' (and everything under it)
[1.166s] Copying ../../build/bringup_drone/bringup_drone.egg-info to /home/myat/path_control_px4/install/bringup_drone/lib/python3.10/site-packages/bringup_drone-0.0.0-py3.10.egg-info
[1.167s] running install_scripts
[1.170s] writing list of installed files to '/home/myat/path_control_px4/build/bringup_drone/install.log'
[1.176s] Invoked command in '/home/myat/path_control_px4/src/bringup_drone' returned '0': PYTHONPATH=/home/myat/path_control_px4/build/bringup_drone/prefix_override:/usr/lib/python3/dist-packages/colcon_core/task/python/colcon_distutils_commands:/home/myat/path_control_px4/install/bringup_drone/lib/python3.10/site-packages:${PYTHONPATH} /usr/bin/python3 -W ignore:setup.py install is deprecated -W ignore:easy_install command is deprecated setup.py egg_info --egg-base ../../build/bringup_drone build --build-base /home/myat/path_control_px4/build/bringup_drone/build install --record /home/myat/path_control_px4/build/bringup_drone/install.log --single-version-externally-managed install_data
