[0.330s] Invoking command in '/home/myat/path_control_px4/build/control': CMAKE_PREFIX_PATH=/home/myat/path_control_px4/install/vision:/home/myat/path_control_px4/install/control:/home/myat/path_control_px4/install/px4_msgs:/home/myat/ros2_ws/install/serial:/home/myat/ros2_ws/install/ros2_control_demo_description:/home/myat/ros2_ws/install/realsense2_description:/home/myat/ros2_ws/install/realsense2_camera:/home/myat/ros2_ws/install/realsense2_camera_msgs:/home/myat/ros2_ws/install/px4_ros_com:/home/myat/ros2_ws/install/my_dof:/home/myat/ros2_ws/install/my_config:/home/myat/ros2_ws/install/my_arm_config:/home/myat/ros2_ws/install/my_arm:/home/myat/ros2_ws/install/bcr_bot:/home/myat/path_control_px4/install/px4_offboard:/home/myat/path_control_px4/install/bringup_drone:/home/myat/ros2_ws/install/servo_control:/home/myat/ros2_ws/install/ros2_aruco:/home/myat/ros2_ws/install/my_pkg:/home/myat/ros2_ws/install/my_mind:/home/myat/ros2_ws/install/my_hex:/home/myat/ros2_ws/install/my_depth:/home/myat/ros2_ws/install/joint_state_converter:/home/myat/ros2_ws/install/aruco_detector:/home/myat/my_uav/install/vision_python:/home/myat/my_uav/install/px4_offboard:/opt/ros/humble:/home/myat/ros2_ws/install/arm:/home/myat/ros2_ws/install/4dof:/home/myat/my_uav/install/vision_cpp:/home/myat/my_uav/install/control_cpp:/home/myat/my_uav/install/px4_msgs /usr/bin/cmake --build /home/myat/path_control_px4/build/control -- -j12 -l12
[0.369s] -- Found ament_cmake: 1.3.11 (/opt/ros/humble/share/ament_cmake/cmake)
[0.540s] -- Found rclcpp: 16.0.11 (/opt/ros/humble/share/rclcpp/cmake)
[0.586s] -- Found rosidl_generator_c: 3.1.6 (/opt/ros/humble/share/rosidl_generator_c/cmake)
[0.589s] -- Found rosidl_adapter: 3.1.6 (/opt/ros/humble/share/rosidl_adapter/cmake)
[0.599s] -- Found rosidl_generator_cpp: 3.1.6 (/opt/ros/humble/share/rosidl_generator_cpp/cmake)
[0.613s] -- Using all available rosidl_typesupport_c: rosidl_typesupport_fastrtps_c;rosidl_typesupport_introspection_c
[0.629s] -- Using all available rosidl_typesupport_cpp: rosidl_typesupport_fastrtps_cpp;rosidl_typesupport_introspection_cpp
[0.673s] -- Found rmw_implementation_cmake: 6.1.2 (/opt/ros/humble/share/rmw_implementation_cmake/cmake)
[0.677s] -- Found rmw_fastrtps_cpp: 6.2.7 (/opt/ros/humble/share/rmw_fastrtps_cpp/cmake)
[0.827s] -- Using RMW implementation 'rmw_fastrtps_cpp' as default
[0.889s] -- Found geometry_msgs: 4.2.4 (/opt/ros/humble/share/geometry_msgs/cmake)
[0.903s] -- Found px4_msgs: 2.0.1 (/home/myat/path_control_px4/install/px4_msgs/share/px4_msgs/cmake)
[0.917s] -- Found tf2: 0.25.12 (/opt/ros/humble/share/tf2/cmake)
[0.923s] -- Found tf2_ros: 0.25.16 (/opt/ros/humble/share/tf2_ros/cmake)
[1.014s] -- Found tf2_geometry_msgs: 0.25.12 (/opt/ros/humble/share/tf2_geometry_msgs/cmake)
[1.020s] -- Found eigen3_cmake_module: 0.1.1 (/opt/ros/humble/share/eigen3_cmake_module/cmake)
[1.021s] -- Found Eigen3: TRUE (found version "3.4.0") 
[1.022s] -- Ensuring Eigen3 include directory is part of orocos-kdl CMake target
[1.024s] -- Found visualization_msgs: 4.9.0 (/opt/ros/humble/share/visualization_msgs/cmake)
[1.061s] -- Found nav_msgs: 4.9.0 (/opt/ros/humble/share/nav_msgs/cmake)
[1.093s] -- Eigen found (include: /usr/include/eigen3, version: 3.4.0)
[1.120s] -- OpenNI found (version: 1.5.4.0, include: /usr/include/ni, lib: /usr/lib/libOpenNI.so;libusb::libusb)
[1.126s] -- OpenNI2 found (version: 2.2.0.33, include: /usr/include/openni2, lib: /usr/lib/x86_64-linux-gnu/libOpenNI2.so;libusb::libusb)
[1.126s] [0m** WARNING ** io features related to pcap will be disabled[0m
[1.126s] [0m** WARNING ** io features related to png will be disabled[0m
[1.349s] -- Found Eigen3: /usr/include/eigen3 (found version "3.4.0") 
[1.477s] -- Eigen found (include: /usr/include/eigen3, version: 3.4.0)
[1.510s] -- FLANN found (include: /usr/include, lib: /usr/lib/x86_64-linux-gnu/libflann_cpp.so)
[1.768s] -- looking for PCL_COMMON
[1.768s] -- looking for PCL_OCTREE
[1.768s] -- looking for PCL_IO
[1.769s] -- looking for PCL_SAMPLE_CONSENSUS
[1.769s] -- looking for PCL_KDTREE
[1.769s] -- looking for PCL_FILTERS
[1.769s] -- looking for PCL_GEOMETRY
[1.769s] -- looking for PCL_ML
[1.770s] -- looking for PCL_SEGMENTATION
[1.770s] -- looking for PCL_2D
[1.770s] -- looking for PCL_FEATURES
[1.770s] -- looking for PCL_SEARCH
[1.790s] -- Found pcl_conversions: 2.4.5 (/opt/ros/humble/share/pcl_conversions/cmake)
[1.818s] -- Found trajectory_msgs: 4.9.1 (/opt/ros/humble/share/trajectory_msgs/cmake)
[1.903s] -- Found ament_lint_auto: 0.12.11 (/opt/ros/humble/share/ament_lint_auto/cmake)
[2.011s] -- Added test 'cppcheck' to perform static code analysis on C / C++ code
[2.016s] -- Configured cppcheck include dirs: 
[2.016s] -- Configured cppcheck exclude dirs and/or files: 
[2.017s] -- Added test 'flake8' to check Python code syntax and style conventions
[2.018s] -- Added test 'lint_cmake' to check CMake code style
[2.018s] -- Added test 'pep257' to check Python code against some of the docstring style conventions in PEP 257
[2.020s] -- Added test 'uncrustify' to check C / C++ code style
[2.020s] -- Configured uncrustify additional arguments: 
[2.020s] -- Added test 'xmllint' to check XML markup files
[2.022s] -- Configuring done
[2.115s] -- Generating done
[2.137s] -- Build files have been written to: /home/myat/path_control_px4/build/control
[2.178s] [35m[1mConsolidate compiler generated dependencies of target auto_fly_test[0m
[2.180s] [35m[1mConsolidate compiler generated dependencies of target static_tf[0m
[2.180s] [35m[1mConsolidate compiler generated dependencies of target tf_node[0m
[2.180s] [35m[1mConsolidate compiler generated dependencies of target trajectory_fly[0m
[2.180s] [35m[1mConsolidate compiler generated dependencies of target px4_visualizer[0m
[2.180s] [35m[1mConsolidate compiler generated dependencies of target land[0m
[2.180s] [35m[1mConsolidate compiler generated dependencies of target adaptive_land[0m
[2.194s] [  5%] [32mBuilding CXX object CMakeFiles/trajectory_controller_node.dir/src/trajectory_controller_node.cpp.o[0m
[2.194s] [ 11%] [32mBuilding CXX object CMakeFiles/reference_traj_node.dir/src/reference_traj_node.cpp.o[0m
[2.204s] [ 38%] Built target static_tf
[2.204s] [ 50%] Built target land
[2.204s] [ 55%] Built target auto_fly_test
[2.204s] [ 66%] Built target trajectory_fly
[2.204s] [ 88%] Built target adaptive_land
[2.204s] [ 88%] Built target px4_visualizer
[2.204s] [ 33%] Built target tf_node
[4.540s] [01m[K/home/myat/path_control_px4/src/control/src/trajectory_controller_node.cpp:[m[K In member function ‘[01m[Kvoid TrajectoryController::odom_callback(px4_msgs::msg::VehicleOdometry_<std::allocator<void> >::SharedPtr)[m[K’:
[4.540s] [01m[K/home/myat/path_control_px4/src/control/src/trajectory_controller_node.cpp:49:72:[m[K [01;35m[Kwarning: [m[Kunused parameter ‘[01m[Kmsg[m[K’ [[01;35m[K]8;;https://gcc.gnu.org/onlinedocs/gcc/Warning-Options.html#index-Wunused-parameter-Wunused-parameter]8;;[m[K]
[4.540s]    49 |     void odom_callback([01;35m[Kconst px4_msgs::msg::VehicleOdometry::SharedPtr msg[m[K) {}
[4.540s]       |                        [01;35m[K~~~~~~~~~~~~~~~~~~~~~~~~~~~~~~~~~~~~~~~~~~~~~~~~^~~[m[K
[6.133s] [ 94%] [32m[1mLinking CXX executable reference_traj_node[0m
[6.586s] [ 94%] Built target reference_traj_node
[12.354s] [100%] [32m[1mLinking CXX executable trajectory_controller_node[0m
[13.105s] [100%] Built target trajectory_controller_node
[13.137s] Invoked command in '/home/myat/path_control_px4/build/control' returned '0': CMAKE_PREFIX_PATH=/home/myat/path_control_px4/install/vision:/home/myat/path_control_px4/install/control:/home/myat/path_control_px4/install/px4_msgs:/home/myat/ros2_ws/install/serial:/home/myat/ros2_ws/install/ros2_control_demo_description:/home/myat/ros2_ws/install/realsense2_description:/home/myat/ros2_ws/install/realsense2_camera:/home/myat/ros2_ws/install/realsense2_camera_msgs:/home/myat/ros2_ws/install/px4_ros_com:/home/myat/ros2_ws/install/my_dof:/home/myat/ros2_ws/install/my_config:/home/myat/ros2_ws/install/my_arm_config:/home/myat/ros2_ws/install/my_arm:/home/myat/ros2_ws/install/bcr_bot:/home/myat/path_control_px4/install/px4_offboard:/home/myat/path_control_px4/install/bringup_drone:/home/myat/ros2_ws/install/servo_control:/home/myat/ros2_ws/install/ros2_aruco:/home/myat/ros2_ws/install/my_pkg:/home/myat/ros2_ws/install/my_mind:/home/myat/ros2_ws/install/my_hex:/home/myat/ros2_ws/install/my_depth:/home/myat/ros2_ws/install/joint_state_converter:/home/myat/ros2_ws/install/aruco_detector:/home/myat/my_uav/install/vision_python:/home/myat/my_uav/install/px4_offboard:/opt/ros/humble:/home/myat/ros2_ws/install/arm:/home/myat/ros2_ws/install/4dof:/home/myat/my_uav/install/vision_cpp:/home/myat/my_uav/install/control_cpp:/home/myat/my_uav/install/px4_msgs /usr/bin/cmake --build /home/myat/path_control_px4/build/control -- -j12 -l12
[13.139s] Invoking command in '/home/myat/path_control_px4/build/control': CMAKE_PREFIX_PATH=/home/myat/path_control_px4/install/vision:/home/myat/path_control_px4/install/control:/home/myat/path_control_px4/install/px4_msgs:/home/myat/ros2_ws/install/serial:/home/myat/ros2_ws/install/ros2_control_demo_description:/home/myat/ros2_ws/install/realsense2_description:/home/myat/ros2_ws/install/realsense2_camera:/home/myat/ros2_ws/install/realsense2_camera_msgs:/home/myat/ros2_ws/install/px4_ros_com:/home/myat/ros2_ws/install/my_dof:/home/myat/ros2_ws/install/my_config:/home/myat/ros2_ws/install/my_arm_config:/home/myat/ros2_ws/install/my_arm:/home/myat/ros2_ws/install/bcr_bot:/home/myat/path_control_px4/install/px4_offboard:/home/myat/path_control_px4/install/bringup_drone:/home/myat/ros2_ws/install/servo_control:/home/myat/ros2_ws/install/ros2_aruco:/home/myat/ros2_ws/install/my_pkg:/home/myat/ros2_ws/install/my_mind:/home/myat/ros2_ws/install/my_hex:/home/myat/ros2_ws/install/my_depth:/home/myat/ros2_ws/install/joint_state_converter:/home/myat/ros2_ws/install/aruco_detector:/home/myat/my_uav/install/vision_python:/home/myat/my_uav/install/px4_offboard:/opt/ros/humble:/home/myat/ros2_ws/install/arm:/home/myat/ros2_ws/install/4dof:/home/myat/my_uav/install/vision_cpp:/home/myat/my_uav/install/control_cpp:/home/myat/my_uav/install/px4_msgs /usr/bin/cmake --install /home/myat/path_control_px4/build/control
[13.147s] -- Install configuration: ""
[13.147s] -- Up-to-date: /home/myat/path_control_px4/install/control/lib/control/tf_node
[13.147s] -- Up-to-date: /home/myat/path_control_px4/install/control/lib/control/static_tf
[13.148s] -- Up-to-date: /home/myat/path_control_px4/install/control/lib/control/trajectory_fly
[13.148s] -- Installing: /home/myat/path_control_px4/install/control/lib/control/trajectory_controller_node
[13.154s] -- Set runtime path of "/home/myat/path_control_px4/install/control/lib/control/trajectory_controller_node" to ""
[13.154s] -- Installing: /home/myat/path_control_px4/install/control/lib/control/reference_traj_node
[13.155s] -- Set runtime path of "/home/myat/path_control_px4/install/control/lib/control/reference_traj_node" to ""
[13.155s] -- Up-to-date: /home/myat/path_control_px4/install/control/lib/control/px4_visualizer
[13.156s] -- Up-to-date: /home/myat/path_control_px4/install/control/lib/control/auto_fly_test
[13.156s] -- Up-to-date: /home/myat/path_control_px4/install/control/lib/control/land
[13.156s] -- Up-to-date: /home/myat/path_control_px4/install/control/lib/control/adaptive_land
[13.157s] -- Installing: /home/myat/path_control_px4/install/control/share/ament_index/resource_index/package_run_dependencies/control
[13.157s] -- Up-to-date: /home/myat/path_control_px4/install/control/share/ament_index/resource_index/parent_prefix_path/control
[13.157s] -- Up-to-date: /home/myat/path_control_px4/install/control/share/control/environment/ament_prefix_path.sh
[13.157s] -- Installing: /home/myat/path_control_px4/install/control/share/control/environment/ament_prefix_path.dsv
[13.157s] -- Up-to-date: /home/myat/path_control_px4/install/control/share/control/environment/path.sh
[13.157s] -- Installing: /home/myat/path_control_px4/install/control/share/control/environment/path.dsv
[13.157s] -- Up-to-date: /home/myat/path_control_px4/install/control/share/control/local_setup.bash
[13.157s] -- Up-to-date: /home/myat/path_control_px4/install/control/share/control/local_setup.sh
[13.158s] -- Up-to-date: /home/myat/path_control_px4/install/control/share/control/local_setup.zsh
[13.158s] -- Installing: /home/myat/path_control_px4/install/control/share/control/local_setup.dsv
[13.158s] -- Installing: /home/myat/path_control_px4/install/control/share/control/package.dsv
[13.158s] -- Up-to-date: /home/myat/path_control_px4/install/control/share/ament_index/resource_index/packages/control
[13.158s] -- Up-to-date: /home/myat/path_control_px4/install/control/share/control/cmake/controlConfig.cmake
[13.158s] -- Up-to-date: /home/myat/path_control_px4/install/control/share/control/cmake/controlConfig-version.cmake
[13.158s] -- Installing: /home/myat/path_control_px4/install/control/share/control/package.xml
[13.161s] Invoked command in '/home/myat/path_control_px4/build/control' returned '0': CMAKE_PREFIX_PATH=/home/myat/path_control_px4/install/vision:/home/myat/path_control_px4/install/control:/home/myat/path_control_px4/install/px4_msgs:/home/myat/ros2_ws/install/serial:/home/myat/ros2_ws/install/ros2_control_demo_description:/home/myat/ros2_ws/install/realsense2_description:/home/myat/ros2_ws/install/realsense2_camera:/home/myat/ros2_ws/install/realsense2_camera_msgs:/home/myat/ros2_ws/install/px4_ros_com:/home/myat/ros2_ws/install/my_dof:/home/myat/ros2_ws/install/my_config:/home/myat/ros2_ws/install/my_arm_config:/home/myat/ros2_ws/install/my_arm:/home/myat/ros2_ws/install/bcr_bot:/home/myat/path_control_px4/install/px4_offboard:/home/myat/path_control_px4/install/bringup_drone:/home/myat/ros2_ws/install/servo_control:/home/myat/ros2_ws/install/ros2_aruco:/home/myat/ros2_ws/install/my_pkg:/home/myat/ros2_ws/install/my_mind:/home/myat/ros2_ws/install/my_hex:/home/myat/ros2_ws/install/my_depth:/home/myat/ros2_ws/install/joint_state_converter:/home/myat/ros2_ws/install/aruco_detector:/home/myat/my_uav/install/vision_python:/home/myat/my_uav/install/px4_offboard:/opt/ros/humble:/home/myat/ros2_ws/install/arm:/home/myat/ros2_ws/install/4dof:/home/myat/my_uav/install/vision_cpp:/home/myat/my_uav/install/control_cpp:/home/myat/my_uav/install/px4_msgs /usr/bin/cmake --install /home/myat/path_control_px4/build/control
