[0.453s] Invoking command in '/home/myat/path_control_px4/build/vision': CMAKE_PREFIX_PATH=${CMAKE_PREFIX_PATH}:/home/myat/path_control_px4/install/bringup_drone:/home/myat/hex_ws/install/hexapod_description:/home/myat/hex_ws/install/hexapod_control:/home/myat/my_uav/install/vision_python:/home/myat/my_uav/install/px4_offboard:/opt/ros/humble /usr/bin/cmake --build /home/myat/path_control_px4/build/vision -- -j12 -l12
[0.567s] [ 16%] Built target aruco_detect
[0.579s] [ 33%] Built target depth_polygon_mask_node
[0.588s] [ 50%] Built target camera_recorder
[0.588s] [ 66%] Built target pointcloud_node
[0.590s] [ 83%] Built target lidar
[0.593s] [100%] Built target obstacle_node
[0.616s] Invoked command in '/home/myat/path_control_px4/build/vision' returned '0': CMAKE_PREFIX_PATH=${CMAKE_PREFIX_PATH}:/home/myat/path_control_px4/install/bringup_drone:/home/myat/hex_ws/install/hexapod_description:/home/myat/hex_ws/install/hexapod_control:/home/myat/my_uav/install/vision_python:/home/myat/my_uav/install/px4_offboard:/opt/ros/humble /usr/bin/cmake --build /home/myat/path_control_px4/build/vision -- -j12 -l12
[0.630s] Invoking command in '/home/myat/path_control_px4/build/vision': CMAKE_PREFIX_PATH=${CMAKE_PREFIX_PATH}:/home/myat/path_control_px4/install/bringup_drone:/home/myat/hex_ws/install/hexapod_description:/home/myat/hex_ws/install/hexapod_control:/home/myat/my_uav/install/vision_python:/home/myat/my_uav/install/px4_offboard:/opt/ros/humble /usr/bin/cmake --install /home/myat/path_control_px4/build/vision
[0.644s] -- Install configuration: ""
[0.644s] -- Up-to-date: /home/myat/path_control_px4/install/vision/lib/vision/camera_recorder
[0.644s] -- Up-to-date: /home/myat/path_control_px4/install/vision/lib/vision/depth_polygon_mask_node
[0.645s] -- Up-to-date: /home/myat/path_control_px4/install/vision/lib/vision/pointcloud_node
[0.645s] -- Up-to-date: /home/myat/path_control_px4/install/vision/lib/vision/aruco_detect
[0.645s] -- Up-to-date: /home/myat/path_control_px4/install/vision/lib/vision/lidar
[0.646s] -- Up-to-date: /home/myat/path_control_px4/install/vision/lib/vision/obstacle_node
[0.646s] -- Up-to-date: /home/myat/path_control_px4/install/vision/share/ament_index/resource_index/package_run_dependencies/vision
[0.647s] -- Up-to-date: /home/myat/path_control_px4/install/vision/share/ament_index/resource_index/parent_prefix_path/vision
[0.647s] -- Up-to-date: /home/myat/path_control_px4/install/vision/share/vision/environment/ament_prefix_path.sh
[0.647s] -- Up-to-date: /home/myat/path_control_px4/install/vision/share/vision/environment/ament_prefix_path.dsv
[0.647s] -- Up-to-date: /home/myat/path_control_px4/install/vision/share/vision/environment/path.sh
[0.647s] -- Up-to-date: /home/myat/path_control_px4/install/vision/share/vision/environment/path.dsv
[0.647s] -- Up-to-date: /home/myat/path_control_px4/install/vision/share/vision/local_setup.bash
[0.647s] -- Up-to-date: /home/myat/path_control_px4/install/vision/share/vision/local_setup.sh
[0.647s] -- Up-to-date: /home/myat/path_control_px4/install/vision/share/vision/local_setup.zsh
[0.647s] -- Up-to-date: /home/myat/path_control_px4/install/vision/share/vision/local_setup.dsv
[0.647s] -- Installing: /home/myat/path_control_px4/install/vision/share/vision/package.dsv
[0.647s] -- Up-to-date: /home/myat/path_control_px4/install/vision/share/ament_index/resource_index/packages/vision
[0.647s] -- Up-to-date: /home/myat/path_control_px4/install/vision/share/vision/cmake/visionConfig.cmake
[0.647s] -- Up-to-date: /home/myat/path_control_px4/install/vision/share/vision/cmake/visionConfig-version.cmake
[0.647s] -- Up-to-date: /home/myat/path_control_px4/install/vision/share/vision/package.xml
[0.651s] Invoked command in '/home/myat/path_control_px4/build/vision' returned '0': CMAKE_PREFIX_PATH=${CMAKE_PREFIX_PATH}:/home/myat/path_control_px4/install/bringup_drone:/home/myat/hex_ws/install/hexapod_description:/home/myat/hex_ws/install/hexapod_control:/home/myat/my_uav/install/vision_python:/home/myat/my_uav/install/px4_offboard:/opt/ros/humble /usr/bin/cmake --install /home/myat/path_control_px4/build/vision
