[0.314s] Invoking command in '/home/myat/path_control_px4/build/vision': CMAKE_PREFIX_PATH=${CMAKE_PREFIX_PATH}:/home/myat/path_control_px4/install/bringup_drone:/home/myat/hex_ws/install/hexapod_description:/home/myat/hex_ws/install/hexapod_control:/home/myat/my_uav/install/vision_python:/home/myat/my_uav/install/px4_offboard:/opt/ros/humble /usr/bin/cmake --build /home/myat/path_control_px4/build/vision -- -j12 -l12
[0.369s] [35m[1mConsolidate compiler generated dependencies of target lidar[0m
[0.388s] [ 60%] Built target depth_polygon_mask_node
[0.388s] [ 60%] Built target aruco_detect
[0.389s] [ 60%] Built target camera_recorder
[0.393s] [ 80%] Built target lidar
[0.401s] [100%] Built target pointcloud_node
[0.416s] Invoked command in '/home/myat/path_control_px4/build/vision' returned '0': CMAKE_PREFIX_PATH=${CMAKE_PREFIX_PATH}:/home/myat/path_control_px4/install/bringup_drone:/home/myat/hex_ws/install/hexapod_description:/home/myat/hex_ws/install/hexapod_control:/home/myat/my_uav/install/vision_python:/home/myat/my_uav/install/px4_offboard:/opt/ros/humble /usr/bin/cmake --build /home/myat/path_control_px4/build/vision -- -j12 -l12
[0.428s] Invoking command in '/home/myat/path_control_px4/build/vision': CMAKE_PREFIX_PATH=${CMAKE_PREFIX_PATH}:/home/myat/path_control_px4/install/bringup_drone:/home/myat/hex_ws/install/hexapod_description:/home/myat/hex_ws/install/hexapod_control:/home/myat/my_uav/install/vision_python:/home/myat/my_uav/install/px4_offboard:/opt/ros/humble /usr/bin/cmake --install /home/myat/path_control_px4/build/vision
[0.438s] -- Install configuration: ""
[0.438s] -- Up-to-date: /home/myat/path_control_px4/install/vision/lib/vision/camera_recorder
[0.438s] -- Up-to-date: /home/myat/path_control_px4/install/vision/lib/vision/depth_polygon_mask_node
[0.438s] -- Up-to-date: /home/myat/path_control_px4/install/vision/lib/vision/pointcloud_node
[0.439s] -- Up-to-date: /home/myat/path_control_px4/install/vision/lib/vision/aruco_detect
[0.439s] -- Up-to-date: /home/myat/path_control_px4/install/vision/lib/vision/lidar
[0.439s] -- Up-to-date: /home/myat/path_control_px4/install/vision/share/ament_index/resource_index/package_run_dependencies/vision
[0.439s] -- Up-to-date: /home/myat/path_control_px4/install/vision/share/ament_index/resource_index/parent_prefix_path/vision
[0.439s] -- Up-to-date: /home/myat/path_control_px4/install/vision/share/vision/environment/ament_prefix_path.sh
[0.439s] -- Up-to-date: /home/myat/path_control_px4/install/vision/share/vision/environment/ament_prefix_path.dsv
[0.439s] -- Up-to-date: /home/myat/path_control_px4/install/vision/share/vision/environment/path.sh
[0.439s] -- Up-to-date: /home/myat/path_control_px4/install/vision/share/vision/environment/path.dsv
[0.439s] -- Up-to-date: /home/myat/path_control_px4/install/vision/share/vision/local_setup.bash
[0.439s] -- Up-to-date: /home/myat/path_control_px4/install/vision/share/vision/local_setup.sh
[0.440s] -- Up-to-date: /home/myat/path_control_px4/install/vision/share/vision/local_setup.zsh
[0.440s] -- Up-to-date: /home/myat/path_control_px4/install/vision/share/vision/local_setup.dsv
[0.440s] -- Installing: /home/myat/path_control_px4/install/vision/share/vision/package.dsv
[0.440s] -- Up-to-date: /home/myat/path_control_px4/install/vision/share/ament_index/resource_index/packages/vision
[0.440s] -- Up-to-date: /home/myat/path_control_px4/install/vision/share/vision/cmake/visionConfig.cmake
[0.440s] -- Up-to-date: /home/myat/path_control_px4/install/vision/share/vision/cmake/visionConfig-version.cmake
[0.440s] -- Up-to-date: /home/myat/path_control_px4/install/vision/share/vision/package.xml
[0.442s] Invoked command in '/home/myat/path_control_px4/build/vision' returned '0': CMAKE_PREFIX_PATH=${CMAKE_PREFIX_PATH}:/home/myat/path_control_px4/install/bringup_drone:/home/myat/hex_ws/install/hexapod_description:/home/myat/hex_ws/install/hexapod_control:/home/myat/my_uav/install/vision_python:/home/myat/my_uav/install/px4_offboard:/opt/ros/humble /usr/bin/cmake --install /home/myat/path_control_px4/build/vision
