Built target px4_msgs__cpp
Built target px4_msgs__rosidl_generator_c
Built target ament_cmake_python_copy_px4_msgs
Built target px4_msgs__rosidl_typesupport_c
Built target px4_msgs__rosidl_typesupport_cpp
Built target px4_msgs__rosidl_typesupport_introspection_c
Built target px4_msgs__rosidl_typesupport_introspection_cpp
Built target px4_msgs__rosidl_typesupport_fastrtps_cpp
Built target px4_msgs__rosidl_typesupport_fastrtps_c
Built target px4_msgs
Built target px4_msgs__py
Built target px4_msgs__rosidl_generator_py
running egg_info
writing px4_msgs.egg-info/PKG-INFO
writing dependency_links to px4_msgs.egg-info/dependency_links.txt
writing top-level names to px4_msgs.egg-info/top_level.txt
reading manifest file 'px4_msgs.egg-info/SOURCES.txt'
Built target px4_msgs__rosidl_typesupport_c__pyext
writing manifest file 'px4_msgs.egg-info/SOURCES.txt'
Built target px4_msgs__rosidl_typesupport_introspection_c__pyext
Built target px4_msgs__rosidl_typesupport_fastrtps_c__pyext
Built target ament_cmake_python_build_px4_msgs_egg
