[0.026s] Invoking command in '/home/myat/path_control_px4/build/px4_msgs': CMAKE_PREFIX_PATH=${CMAKE_PREFIX_PATH}:/home/myat/path_control_px4/install/px4_offboard:/home/myat/path_control_px4/install/bringup_drone:/home/myat/hex_ws/install/hexapod_description:/home/myat/hex_ws/install/hexapod_control:/home/myat/my_uav/install/vision_python:/home/myat/my_uav/install/px4_offboard:/opt/ros/humble /usr/bin/cmake --build /home/myat/path_control_px4/build/px4_msgs -- -j12 -l12
[0.588s] Built target px4_msgs__cpp
[0.647s] Built target px4_msgs__rosidl_generator_c
[0.647s] Built target ament_cmake_python_copy_px4_msgs
[0.745s] Built target px4_msgs__rosidl_typesupport_c
[0.745s] Built target px4_msgs__rosidl_typesupport_cpp
[0.763s] Built target px4_msgs__rosidl_typesupport_introspection_c
[0.766s] Built target px4_msgs__rosidl_typesupport_introspection_cpp
[0.766s] Built target px4_msgs__rosidl_typesupport_fastrtps_cpp
[0.819s] Built target px4_msgs__rosidl_typesupport_fastrtps_c
[0.857s] Built target px4_msgs
[0.901s] Built target px4_msgs__py
[1.013s] Built target px4_msgs__rosidl_generator_py
[1.038s] running egg_info
[1.039s] writing px4_msgs.egg-info/PKG-INFO
[1.039s] writing dependency_links to px4_msgs.egg-info/dependency_links.txt
[1.041s] writing top-level names to px4_msgs.egg-info/top_level.txt
[1.049s] reading manifest file 'px4_msgs.egg-info/SOURCES.txt'
[1.054s] Built target px4_msgs__rosidl_typesupport_c__pyext
[1.055s] writing manifest file 'px4_msgs.egg-info/SOURCES.txt'
[1.056s] Built target px4_msgs__rosidl_typesupport_introspection_c__pyext
[1.056s] Built target px4_msgs__rosidl_typesupport_fastrtps_c__pyext
[1.119s] Built target ament_cmake_python_build_px4_msgs_egg
