[0.025s] Invoking command in '/home/myat/path_control_px4/build/control': CMAKE_PREFIX_PATH=/home/myat/path_control_px4/install/px4_msgs:/home/myat/path_control_px4/install/vision:/home/myat/path_control_px4/install/control:/home/myat/my_ws/install/ros2sysmon:/home/myat/my_ws/install/ros2_controllers:/home/myat/my_ws/install/ign_ros2_control_demos:/home/myat/my_ws/install/ign_ros2_control:/home/myat/my_ws/install/gz_ros2_control_tests:/home/myat/my_ws/install/gz_ros2_control_demos:/home/myat/my_ws/install/gz_ros2_control:/home/myat/my_uav/install/vision_cpp:/home/myat/my_uav/install/control_cpp:/home/myat/my_uav/install/px4_msgs:/home/myat/path_control_px4/install/bringup_drone:/home/myat/hex_ws/install/hexapod_description:/home/myat/hex_ws/install/hexapod_control:/home/myat/my_uav/install/vision_python:/home/myat/my_uav/install/px4_offboard:/opt/ros/humble /usr/bin/cmake --build /home/myat/path_control_px4/build/control -- -j12 -l12
[0.113s] [35m[1mConsolidate compiler generated dependencies of target tf_node[0m
[0.113s] [35m[1mConsolidate compiler generated dependencies of target px4_visualizer[0m
[0.137s] [ 16%] Built target auto_fly_test
[0.141s] [ 33%] Built target land
[0.143s] [ 41%] [32mBuilding CXX object CMakeFiles/tf_node.dir/src/tf_node.cpp.o[0m
[0.145s] [ 66%] Built target trajectory_fly
[0.145s] [ 75%] Built target adaptive_land
[0.147s] [ 91%] Built target px4_visualizer
[12.477s] [100%] [32m[1mLinking CXX executable tf_node[0m
[13.229s] [100%] Built target tf_node
[13.254s] Invoked command in '/home/myat/path_control_px4/build/control' returned '0': CMAKE_PREFIX_PATH=/home/myat/path_control_px4/install/px4_msgs:/home/myat/path_control_px4/install/vision:/home/myat/path_control_px4/install/control:/home/myat/my_ws/install/ros2sysmon:/home/myat/my_ws/install/ros2_controllers:/home/myat/my_ws/install/ign_ros2_control_demos:/home/myat/my_ws/install/ign_ros2_control:/home/myat/my_ws/install/gz_ros2_control_tests:/home/myat/my_ws/install/gz_ros2_control_demos:/home/myat/my_ws/install/gz_ros2_control:/home/myat/my_uav/install/vision_cpp:/home/myat/my_uav/install/control_cpp:/home/myat/my_uav/install/px4_msgs:/home/myat/path_control_px4/install/bringup_drone:/home/myat/hex_ws/install/hexapod_description:/home/myat/hex_ws/install/hexapod_control:/home/myat/my_uav/install/vision_python:/home/myat/my_uav/install/px4_offboard:/opt/ros/humble /usr/bin/cmake --build /home/myat/path_control_px4/build/control -- -j12 -l12
[13.274s] Invoking command in '/home/myat/path_control_px4/build/control': CMAKE_PREFIX_PATH=/home/myat/path_control_px4/install/px4_msgs:/home/myat/path_control_px4/install/vision:/home/myat/path_control_px4/install/control:/home/myat/my_ws/install/ros2sysmon:/home/myat/my_ws/install/ros2_controllers:/home/myat/my_ws/install/ign_ros2_control_demos:/home/myat/my_ws/install/ign_ros2_control:/home/myat/my_ws/install/gz_ros2_control_tests:/home/myat/my_ws/install/gz_ros2_control_demos:/home/myat/my_ws/install/gz_ros2_control:/home/myat/my_uav/install/vision_cpp:/home/myat/my_uav/install/control_cpp:/home/myat/my_uav/install/px4_msgs:/home/myat/path_control_px4/install/bringup_drone:/home/myat/hex_ws/install/hexapod_description:/home/myat/hex_ws/install/hexapod_control:/home/myat/my_uav/install/vision_python:/home/myat/my_uav/install/px4_offboard:/opt/ros/humble /usr/bin/cmake --install /home/myat/path_control_px4/build/control
[13.287s] -- Install configuration: ""
[13.287s] -- Installing: /home/myat/path_control_px4/install/control/lib/control/tf_node
[13.295s] -- Set runtime path of "/home/myat/path_control_px4/install/control/lib/control/tf_node" to ""
[13.296s] -- Up-to-date: /home/myat/path_control_px4/install/control/lib/control/trajectory_fly
[13.296s] -- Up-to-date: /home/myat/path_control_px4/install/control/lib/control/px4_visualizer
[13.296s] -- Up-to-date: /home/myat/path_control_px4/install/control/lib/control/auto_fly_test
[13.296s] -- Up-to-date: /home/myat/path_control_px4/install/control/lib/control/land
[13.297s] -- Up-to-date: /home/myat/path_control_px4/install/control/lib/control/adaptive_land
[13.297s] -- Up-to-date: /home/myat/path_control_px4/install/control/share/ament_index/resource_index/package_run_dependencies/control
[13.297s] -- Up-to-date: /home/myat/path_control_px4/install/control/share/ament_index/resource_index/parent_prefix_path/control
[13.297s] -- Up-to-date: /home/myat/path_control_px4/install/control/share/control/environment/ament_prefix_path.sh
[13.297s] -- Up-to-date: /home/myat/path_control_px4/install/control/share/control/environment/ament_prefix_path.dsv
[13.297s] -- Up-to-date: /home/myat/path_control_px4/install/control/share/control/environment/path.sh
[13.297s] -- Up-to-date: /home/myat/path_control_px4/install/control/share/control/environment/path.dsv
[13.298s] -- Up-to-date: /home/myat/path_control_px4/install/control/share/control/local_setup.bash
[13.298s] -- Up-to-date: /home/myat/path_control_px4/install/control/share/control/local_setup.sh
[13.298s] -- Up-to-date: /home/myat/path_control_px4/install/control/share/control/local_setup.zsh
[13.298s] -- Up-to-date: /home/myat/path_control_px4/install/control/share/control/local_setup.dsv
[13.298s] -- Installing: /home/myat/path_control_px4/install/control/share/control/package.dsv
[13.298s] -- Up-to-date: /home/myat/path_control_px4/install/control/share/ament_index/resource_index/packages/control
[13.298s] -- Up-to-date: /home/myat/path_control_px4/install/control/share/control/cmake/controlConfig.cmake
[13.298s] -- Up-to-date: /home/myat/path_control_px4/install/control/share/control/cmake/controlConfig-version.cmake
[13.298s] -- Up-to-date: /home/myat/path_control_px4/install/control/share/control/package.xml
[13.302s] Invoked command in '/home/myat/path_control_px4/build/control' returned '0': CMAKE_PREFIX_PATH=/home/myat/path_control_px4/install/px4_msgs:/home/myat/path_control_px4/install/vision:/home/myat/path_control_px4/install/control:/home/myat/my_ws/install/ros2sysmon:/home/myat/my_ws/install/ros2_controllers:/home/myat/my_ws/install/ign_ros2_control_demos:/home/myat/my_ws/install/ign_ros2_control:/home/myat/my_ws/install/gz_ros2_control_tests:/home/myat/my_ws/install/gz_ros2_control_demos:/home/myat/my_ws/install/gz_ros2_control:/home/myat/my_uav/install/vision_cpp:/home/myat/my_uav/install/control_cpp:/home/myat/my_uav/install/px4_msgs:/home/myat/path_control_px4/install/bringup_drone:/home/myat/hex_ws/install/hexapod_description:/home/myat/hex_ws/install/hexapod_control:/home/myat/my_uav/install/vision_python:/home/myat/my_uav/install/px4_offboard:/opt/ros/humble /usr/bin/cmake --install /home/myat/path_control_px4/build/control
