[0.015s] Invoking command in '/home/myat/path_control_px4/build/control': CMAKE_PREFIX_PATH=/home/myat/path_control_px4/install/px4_msgs:/home/myat/path_control_px4/install/vision:/home/myat/path_control_px4/install/control:/home/myat/my_ws/install/ros2sysmon:/home/myat/my_ws/install/ros2_controllers:/home/myat/my_ws/install/ign_ros2_control_demos:/home/myat/my_ws/install/ign_ros2_control:/home/myat/my_ws/install/gz_ros2_control_tests:/home/myat/my_ws/install/gz_ros2_control_demos:/home/myat/my_ws/install/gz_ros2_control:/home/myat/my_uav/install/vision_cpp:/home/myat/my_uav/install/control_cpp:/home/myat/my_uav/install/px4_msgs:/home/myat/path_control_px4/install/bringup_drone:/home/myat/hex_ws/install/hexapod_description:/home/myat/hex_ws/install/hexapod_control:/home/myat/my_uav/install/vision_python:/home/myat/my_uav/install/px4_offboard:/opt/ros/humble /usr/bin/cmake --build /home/myat/path_control_px4/build/control -- -j12 -l12
[0.080s] [35m[1mConsolidate compiler generated dependencies of target px4_visualizer[0m
[0.099s] [ 41%] Built target trajectory_fly
[0.099s] [ 41%] [32mBuilding CXX object CMakeFiles/tf_node.dir/src/tf_node.cpp.o[0m
[0.100s] [ 41%] Built target auto_fly_test
[0.100s] [ 58%] Built target land
[0.100s] [ 75%] Built target adaptive_land
[0.114s] [ 83%] [32mBuilding CXX object CMakeFiles/px4_visualizer.dir/src/px4_visualizer.cpp.o[0m
[4.158s] [01m[K/home/myat/path_control_px4/src/control/src/px4_visualizer.cpp:[m[K In member function ‘[01m[Kvoid PX4Visualizer::positionCallback(px4_msgs::msg::VehicleLocalPosition_<std::allocator<void> >::SharedPtr)[m[K’:
[4.158s] [01m[K/home/myat/path_control_px4/src/control/src/px4_visualizer.cpp:112:67:[m[K [01;31m[Kerror: [m[Kno match for ‘[01m[Koperator+[m[K’ (operand types are ‘[01m[KEigen::Vector3f[m[K’ {aka ‘[01m[KEigen::Matrix<float, 3, 1>[m[K’} and ‘[01m[Kdouble[m[K’)
[4.158s]   112 |         position_world_ = Eigen::[32m[KVector3f(msg->y, msg->x, -msg->z)[m[K[01;31m[K+[m[K[34m[K0.5[m[K;
[4.158s]       |                                  [32m[K~~~~~~~~~~~~~~~~~~~~~~~~~~~~~~~~~[m[K[01;31m[K^[m[K[34m[K~~~[m[K
[4.158s]       |                                  [32m[K|[m[K                                 [34m[K|[m[K
[4.158s]       |                                  [32m[K|[m[K                                 [34m[Kdouble[m[K
[4.159s]       |                                  [32m[KEigen::Vector3f {aka Eigen::Matrix<float, 3, 1>}[m[K
[4.159s] In file included from [01m[K/usr/include/eigen3/Eigen/Core:19[m[K,
[4.159s]                  from [01m[K/usr/include/eigen3/Eigen/Dense:1[m[K,
[4.159s]                  from [01m[K/home/myat/path_control_px4/src/control/src/px4_visualizer.cpp:11[m[K:
[4.159s] [01m[K/usr/include/eigen3/Eigen/src/plugins/CommonCwiseBinaryOps.h:27:1:[m[K [01;36m[Knote: [m[Kcandidate: ‘[01m[Ktemplate<class OtherDerived> const Eigen::CwiseBinaryOp<Eigen::internal::scalar_sum_op<typename Eigen::internal::traits<T>::Scalar, typename Eigen::internal::traits<OtherDerived>::Scalar>, const Derived, const OtherDerived> Eigen::MatrixBase<Derived>::operator+(const Eigen::MatrixBase<OtherDerived>&) const [with OtherDerived = OtherDerived; Derived = Eigen::Matrix<float, 3, 1>][m[K’
[4.159s]    27 | [01;36m[KEIGEN_MAKE_CWISE_BINARY_OP[m[K(operator+,sum)
[4.159s]       | [01;36m[K^~~~~~~~~~~~~~~~~~~~~~~~~~[m[K
[4.159s] [01m[K/usr/include/eigen3/Eigen/src/plugins/CommonCwiseBinaryOps.h:27:1:[m[K [01;36m[Knote: [m[K  template argument deduction/substitution failed:
[4.159s] [01m[K/home/myat/path_control_px4/src/control/src/px4_visualizer.cpp:112:68:[m[K [01;36m[Knote: [m[K  mismatched types ‘[01m[Kconst Eigen::MatrixBase<Derived>[m[K’ and ‘[01m[Kdouble[m[K’
[4.159s]   112 |         position_world_ = Eigen::Vector3f(msg->y, msg->x, -msg->z)+[01;36m[K0.5[m[K;
[4.159s]       |                                                                    [01;36m[K^~~[m[K
[10.432s] [ 91%] [32m[1mLinking CXX executable tf_node[0m
[11.361s] [ 91%] Built target tf_node
[11.695s] gmake[2]: *** [CMakeFiles/px4_visualizer.dir/build.make:76: CMakeFiles/px4_visualizer.dir/src/px4_visualizer.cpp.o] Error 1
[11.695s] gmake[1]: *** [CMakeFiles/Makefile2:199: CMakeFiles/px4_visualizer.dir/all] Error 2
[11.695s] gmake: *** [Makefile:146: all] Error 2
[11.699s] Invoked command in '/home/myat/path_control_px4/build/control' returned '2': CMAKE_PREFIX_PATH=/home/myat/path_control_px4/install/px4_msgs:/home/myat/path_control_px4/install/vision:/home/myat/path_control_px4/install/control:/home/myat/my_ws/install/ros2sysmon:/home/myat/my_ws/install/ros2_controllers:/home/myat/my_ws/install/ign_ros2_control_demos:/home/myat/my_ws/install/ign_ros2_control:/home/myat/my_ws/install/gz_ros2_control_tests:/home/myat/my_ws/install/gz_ros2_control_demos:/home/myat/my_ws/install/gz_ros2_control:/home/myat/my_uav/install/vision_cpp:/home/myat/my_uav/install/control_cpp:/home/myat/my_uav/install/px4_msgs:/home/myat/path_control_px4/install/bringup_drone:/home/myat/hex_ws/install/hexapod_description:/home/myat/hex_ws/install/hexapod_control:/home/myat/my_uav/install/vision_python:/home/myat/my_uav/install/px4_offboard:/opt/ros/humble /usr/bin/cmake --build /home/myat/path_control_px4/build/control -- -j12 -l12
