[ 14%] Built target trajectory_fly
[ 28%] Built target adaptive_land
[35m[1mConsolidate compiler generated dependencies of target land[0m
[ 35%] [32mBuilding CXX object CMakeFiles/land.dir/src/land.cpp.o[0m
[01m[K/home/myat/path_control_px4/src/control/src/land.cpp:[m[K In member function ‘[01m[Kvoid LinearTrajectoryController::cmdloop_callback()[m[K’:
[01m[K/home/myat/path_control_px4/src/control/src/land.cpp:246:33:[m[K [01;35m[Kwarning: [m[Kunused variable ‘[01m[KXY_OFFSET[m[K’ [[01;35m[K]8;;https://gcc.gnu.org/onlinedocs/gcc/Warning-Options.html#index-Wunused-variable-Wunused-variable]8;;[m[K]
  246 |                 constexpr float [01;35m[KXY_OFFSET[m[K = 0.3f;
      |                                 [01;35m[K^~~~~~~~~[m[K
[ 42%] [32m[1mLinking CXX executable land[0m
[ 42%] Built target land
[ 57%] Built target tf_node
[ 71%] Built target static_tf
[ 85%] Built target px4_visualizer
[100%] Built target auto_fly_test
-- Install configuration: ""
-- Up-to-date: /home/myat/path_control_px4/install/control/lib/control/tf_node
-- Up-to-date: /home/myat/path_control_px4/install/control/lib/control/static_tf
-- Up-to-date: /home/myat/path_control_px4/install/control/lib/control/trajectory_fly
-- Up-to-date: /home/myat/path_control_px4/install/control/lib/control/px4_visualizer
-- Up-to-date: /home/myat/path_control_px4/install/control/lib/control/auto_fly_test
-- Installing: /home/myat/path_control_px4/install/control/lib/control/land
-- Set runtime path of "/home/myat/path_control_px4/install/control/lib/control/land" to ""
-- Up-to-date: /home/myat/path_control_px4/install/control/lib/control/adaptive_land
-- Up-to-date: /home/myat/path_control_px4/install/control/share/ament_index/resource_index/package_run_dependencies/control
-- Up-to-date: /home/myat/path_control_px4/install/control/share/ament_index/resource_index/parent_prefix_path/control
-- Up-to-date: /home/myat/path_control_px4/install/control/share/control/environment/ament_prefix_path.sh
-- Up-to-date: /home/myat/path_control_px4/install/control/share/control/environment/ament_prefix_path.dsv
-- Up-to-date: /home/myat/path_control_px4/install/control/share/control/environment/path.sh
-- Up-to-date: /home/myat/path_control_px4/install/control/share/control/environment/path.dsv
-- Up-to-date: /home/myat/path_control_px4/install/control/share/control/local_setup.bash
-- Up-to-date: /home/myat/path_control_px4/install/control/share/control/local_setup.sh
-- Up-to-date: /home/myat/path_control_px4/install/control/share/control/local_setup.zsh
-- Up-to-date: /home/myat/path_control_px4/install/control/share/control/local_setup.dsv
-- Installing: /home/myat/path_control_px4/install/control/share/control/package.dsv
-- Up-to-date: /home/myat/path_control_px4/install/control/share/ament_index/resource_index/packages/control
-- Up-to-date: /home/myat/path_control_px4/install/control/share/control/cmake/controlConfig.cmake
-- Up-to-date: /home/myat/path_control_px4/install/control/share/control/cmake/controlConfig-version.cmake
-- Up-to-date: /home/myat/path_control_px4/install/control/share/control/package.xml
