[0.018s] Invoking command in '/home/myat/path_control_px4/build/control': CMAKE_PREFIX_PATH=/home/myat/path_control_px4/install/px4_msgs:/home/myat/path_control_px4/install/vision:/home/myat/path_control_px4/install/control:/home/myat/Documents/path_control_px4/install/vision:/home/myat/Documents/path_control_px4/install/control:/home/myat/Documents/path_control_px4/install/px4_msgs:/home/myat/ros2_ws/install/serial:/home/myat/ros2_ws/install/ros2_control_demo_description:/home/myat/ros2_ws/install/realsense2_description:/home/myat/ros2_ws/install/realsense2_camera:/home/myat/ros2_ws/install/realsense2_camera_msgs:/home/myat/ros2_ws/install/px4_ros_com:/home/myat/ros2_ws/install/my_dof:/home/myat/ros2_ws/install/my_config:/home/myat/ros2_ws/install/my_arm_config:/home/myat/ros2_ws/install/my_arm:/home/myat/ros2_ws/install/bcr_bot:/home/myat/path_control_px4/install/px4_offboard:/home/myat/path_control_px4/install/bringup_drone:/home/myat/Documents/path_control_px4/install/bringup_drone:/home/myat/ros2_ws/install/servo_control:/home/myat/ros2_ws/install/ros2_aruco:/home/myat/ros2_ws/install/my_pkg:/home/myat/ros2_ws/install/my_mind:/home/myat/ros2_ws/install/my_hex:/home/myat/ros2_ws/install/my_depth:/home/myat/ros2_ws/install/joint_state_converter:/home/myat/ros2_ws/install/aruco_detector:/home/myat/my_uav/install/vision_python:/home/myat/my_uav/install/px4_offboard:/opt/ros/humble:/home/myat/ros2_ws/install/arm:/home/myat/ros2_ws/install/4dof:/home/myat/my_uav/install/vision_cpp:/home/myat/my_uav/install/control_cpp:/home/myat/my_uav/install/px4_msgs /usr/bin/cmake --build /home/myat/path_control_px4/build/control -- -j12 -l12
[0.101s] [ 25%] [32mBuilding CXX object CMakeFiles/tf_node.dir/src/tf_node.cpp.o[0m
[0.101s] [ 25%] Built target trajectory_fly
[0.101s] [ 50%] Built target land
[0.102s] [ 58%] [32mBuilding CXX object CMakeFiles/px4_visualizer.dir/src/px4_visualizer.cpp.o[0m
[0.103s] [ 66%] Built target auto_fly_test
[0.106s] [ 83%] Built target adaptive_land
[7.415s] [ 91%] [32m[1mLinking CXX executable tf_node[0m
[8.185s] [ 91%] Built target tf_node
[13.442s] [100%] [32m[1mLinking CXX executable px4_visualizer[0m
[14.074s] [100%] Built target px4_visualizer
[14.086s] Invoked command in '/home/myat/path_control_px4/build/control' returned '0': CMAKE_PREFIX_PATH=/home/myat/path_control_px4/install/px4_msgs:/home/myat/path_control_px4/install/vision:/home/myat/path_control_px4/install/control:/home/myat/Documents/path_control_px4/install/vision:/home/myat/Documents/path_control_px4/install/control:/home/myat/Documents/path_control_px4/install/px4_msgs:/home/myat/ros2_ws/install/serial:/home/myat/ros2_ws/install/ros2_control_demo_description:/home/myat/ros2_ws/install/realsense2_description:/home/myat/ros2_ws/install/realsense2_camera:/home/myat/ros2_ws/install/realsense2_camera_msgs:/home/myat/ros2_ws/install/px4_ros_com:/home/myat/ros2_ws/install/my_dof:/home/myat/ros2_ws/install/my_config:/home/myat/ros2_ws/install/my_arm_config:/home/myat/ros2_ws/install/my_arm:/home/myat/ros2_ws/install/bcr_bot:/home/myat/path_control_px4/install/px4_offboard:/home/myat/path_control_px4/install/bringup_drone:/home/myat/Documents/path_control_px4/install/bringup_drone:/home/myat/ros2_ws/install/servo_control:/home/myat/ros2_ws/install/ros2_aruco:/home/myat/ros2_ws/install/my_pkg:/home/myat/ros2_ws/install/my_mind:/home/myat/ros2_ws/install/my_hex:/home/myat/ros2_ws/install/my_depth:/home/myat/ros2_ws/install/joint_state_converter:/home/myat/ros2_ws/install/aruco_detector:/home/myat/my_uav/install/vision_python:/home/myat/my_uav/install/px4_offboard:/opt/ros/humble:/home/myat/ros2_ws/install/arm:/home/myat/ros2_ws/install/4dof:/home/myat/my_uav/install/vision_cpp:/home/myat/my_uav/install/control_cpp:/home/myat/my_uav/install/px4_msgs /usr/bin/cmake --build /home/myat/path_control_px4/build/control -- -j12 -l12
[14.088s] Invoking command in '/home/myat/path_control_px4/build/control': CMAKE_PREFIX_PATH=/home/myat/path_control_px4/install/px4_msgs:/home/myat/path_control_px4/install/vision:/home/myat/path_control_px4/install/control:/home/myat/Documents/path_control_px4/install/vision:/home/myat/Documents/path_control_px4/install/control:/home/myat/Documents/path_control_px4/install/px4_msgs:/home/myat/ros2_ws/install/serial:/home/myat/ros2_ws/install/ros2_control_demo_description:/home/myat/ros2_ws/install/realsense2_description:/home/myat/ros2_ws/install/realsense2_camera:/home/myat/ros2_ws/install/realsense2_camera_msgs:/home/myat/ros2_ws/install/px4_ros_com:/home/myat/ros2_ws/install/my_dof:/home/myat/ros2_ws/install/my_config:/home/myat/ros2_ws/install/my_arm_config:/home/myat/ros2_ws/install/my_arm:/home/myat/ros2_ws/install/bcr_bot:/home/myat/path_control_px4/install/px4_offboard:/home/myat/path_control_px4/install/bringup_drone:/home/myat/Documents/path_control_px4/install/bringup_drone:/home/myat/ros2_ws/install/servo_control:/home/myat/ros2_ws/install/ros2_aruco:/home/myat/ros2_ws/install/my_pkg:/home/myat/ros2_ws/install/my_mind:/home/myat/ros2_ws/install/my_hex:/home/myat/ros2_ws/install/my_depth:/home/myat/ros2_ws/install/joint_state_converter:/home/myat/ros2_ws/install/aruco_detector:/home/myat/my_uav/install/vision_python:/home/myat/my_uav/install/px4_offboard:/opt/ros/humble:/home/myat/ros2_ws/install/arm:/home/myat/ros2_ws/install/4dof:/home/myat/my_uav/install/vision_cpp:/home/myat/my_uav/install/control_cpp:/home/myat/my_uav/install/px4_msgs /usr/bin/cmake --install /home/myat/path_control_px4/build/control
[14.096s] -- Install configuration: ""
[14.098s] -- Installing: /home/myat/path_control_px4/install/control/lib/control/tf_node
[14.103s] -- Set runtime path of "/home/myat/path_control_px4/install/control/lib/control/tf_node" to ""
[14.105s] -- Up-to-date: /home/myat/path_control_px4/install/control/lib/control/trajectory_fly
[14.107s] -- Installing: /home/myat/path_control_px4/install/control/lib/control/px4_visualizer
[14.116s] -- Set runtime path of "/home/myat/path_control_px4/install/control/lib/control/px4_visualizer" to ""
[14.117s] -- Up-to-date: /home/myat/path_control_px4/install/control/lib/control/auto_fly_test
[14.119s] -- Up-to-date: /home/myat/path_control_px4/install/control/lib/control/land
[14.120s] -- Up-to-date: /home/myat/path_control_px4/install/control/lib/control/adaptive_land
[14.121s] -- Up-to-date: /home/myat/path_control_px4/install/control/share/ament_index/resource_index/package_run_dependencies/control
[14.121s] -- Up-to-date: /home/myat/path_control_px4/install/control/share/ament_index/resource_index/parent_prefix_path/control
[14.122s] -- Up-to-date: /home/myat/path_control_px4/install/control/share/control/environment/ament_prefix_path.sh
[14.122s] -- Up-to-date: /home/myat/path_control_px4/install/control/share/control/environment/ament_prefix_path.dsv
[14.122s] -- Up-to-date: /home/myat/path_control_px4/install/control/share/control/environment/path.sh
[14.122s] -- Up-to-date: /home/myat/path_control_px4/install/control/share/control/environment/path.dsv
[14.122s] -- Up-to-date: /home/myat/path_control_px4/install/control/share/control/local_setup.bash
[14.122s] -- Up-to-date: /home/myat/path_control_px4/install/control/share/control/local_setup.sh
[14.122s] -- Up-to-date: /home/myat/path_control_px4/install/control/share/control/local_setup.zsh
[14.122s] -- Up-to-date: /home/myat/path_control_px4/install/control/share/control/local_setup.dsv
[14.122s] -- Installing: /home/myat/path_control_px4/install/control/share/control/package.dsv
[14.122s] -- Up-to-date: /home/myat/path_control_px4/install/control/share/ament_index/resource_index/packages/control
[14.122s] -- Up-to-date: /home/myat/path_control_px4/install/control/share/control/cmake/controlConfig.cmake
[14.122s] -- Up-to-date: /home/myat/path_control_px4/install/control/share/control/cmake/controlConfig-version.cmake
[14.122s] -- Up-to-date: /home/myat/path_control_px4/install/control/share/control/package.xml
[14.125s] Invoked command in '/home/myat/path_control_px4/build/control' returned '0': CMAKE_PREFIX_PATH=/home/myat/path_control_px4/install/px4_msgs:/home/myat/path_control_px4/install/vision:/home/myat/path_control_px4/install/control:/home/myat/Documents/path_control_px4/install/vision:/home/myat/Documents/path_control_px4/install/control:/home/myat/Documents/path_control_px4/install/px4_msgs:/home/myat/ros2_ws/install/serial:/home/myat/ros2_ws/install/ros2_control_demo_description:/home/myat/ros2_ws/install/realsense2_description:/home/myat/ros2_ws/install/realsense2_camera:/home/myat/ros2_ws/install/realsense2_camera_msgs:/home/myat/ros2_ws/install/px4_ros_com:/home/myat/ros2_ws/install/my_dof:/home/myat/ros2_ws/install/my_config:/home/myat/ros2_ws/install/my_arm_config:/home/myat/ros2_ws/install/my_arm:/home/myat/ros2_ws/install/bcr_bot:/home/myat/path_control_px4/install/px4_offboard:/home/myat/path_control_px4/install/bringup_drone:/home/myat/Documents/path_control_px4/install/bringup_drone:/home/myat/ros2_ws/install/servo_control:/home/myat/ros2_ws/install/ros2_aruco:/home/myat/ros2_ws/install/my_pkg:/home/myat/ros2_ws/install/my_mind:/home/myat/ros2_ws/install/my_hex:/home/myat/ros2_ws/install/my_depth:/home/myat/ros2_ws/install/joint_state_converter:/home/myat/ros2_ws/install/aruco_detector:/home/myat/my_uav/install/vision_python:/home/myat/my_uav/install/px4_offboard:/opt/ros/humble:/home/myat/ros2_ws/install/arm:/home/myat/ros2_ws/install/4dof:/home/myat/my_uav/install/vision_cpp:/home/myat/my_uav/install/control_cpp:/home/myat/my_uav/install/px4_msgs /usr/bin/cmake --install /home/myat/path_control_px4/build/control
