[0.029s] Invoking command in '/home/myat/path_control_px4/build/control': CMAKE_PREFIX_PATH=/home/myat/path_control_px4/install/px4_msgs:/home/myat/path_control_px4/install/vision:/home/myat/path_control_px4/install/control:/opt/ros/humble:/home/myat/path_control_px4/install/px4_offboard:/home/myat/path_control_px4/install/bringup_drone LD_LIBRARY_PATH=/home/myat/path_control_px4/install/px4_msgs/lib:/usr/lib/x86_64-linux-gnu/gazebo-11/plugins:/opt/ros/humble/opt/rviz_ogre_vendor/lib:/opt/ros/humble/lib/x86_64-linux-gnu:/opt/ros/humble/lib /usr/bin/cmake --build /home/myat/path_control_px4/build/control -- -j12 -l12
[0.112s] [35m[1mConsolidate compiler generated dependencies of target tf_node[0m
[0.132s] [ 16%] Built target px4_visualizer
[0.136s] [ 33%] Built target auto_fly_test
[0.138s] [ 50%] Built target trajectory_fly
[0.144s] [ 66%] Built target land
[0.150s] [ 91%] Built target adaptive_land
[0.150s] [ 91%] [32mBuilding CXX object CMakeFiles/tf_node.dir/src/tf_node.cpp.o[0m
[10.810s] [100%] [32m[1mLinking CXX executable tf_node[0m
[11.670s] [100%] Built target tf_node
[11.687s] Invoked command in '/home/myat/path_control_px4/build/control' returned '0': CMAKE_PREFIX_PATH=/home/myat/path_control_px4/install/px4_msgs:/home/myat/path_control_px4/install/vision:/home/myat/path_control_px4/install/control:/opt/ros/humble:/home/myat/path_control_px4/install/px4_offboard:/home/myat/path_control_px4/install/bringup_drone LD_LIBRARY_PATH=/home/myat/path_control_px4/install/px4_msgs/lib:/usr/lib/x86_64-linux-gnu/gazebo-11/plugins:/opt/ros/humble/opt/rviz_ogre_vendor/lib:/opt/ros/humble/lib/x86_64-linux-gnu:/opt/ros/humble/lib /usr/bin/cmake --build /home/myat/path_control_px4/build/control -- -j12 -l12
[11.689s] Invoking command in '/home/myat/path_control_px4/build/control': CMAKE_PREFIX_PATH=/home/myat/path_control_px4/install/px4_msgs:/home/myat/path_control_px4/install/vision:/home/myat/path_control_px4/install/control:/opt/ros/humble:/home/myat/path_control_px4/install/px4_offboard:/home/myat/path_control_px4/install/bringup_drone LD_LIBRARY_PATH=/home/myat/path_control_px4/install/px4_msgs/lib:/usr/lib/x86_64-linux-gnu/gazebo-11/plugins:/opt/ros/humble/opt/rviz_ogre_vendor/lib:/opt/ros/humble/lib/x86_64-linux-gnu:/opt/ros/humble/lib /usr/bin/cmake --install /home/myat/path_control_px4/build/control
[11.701s] -- Install configuration: ""
[11.701s] -- Installing: /home/myat/path_control_px4/install/control/lib/control/tf_node
[11.707s] -- Set runtime path of "/home/myat/path_control_px4/install/control/lib/control/tf_node" to ""
[11.707s] -- Up-to-date: /home/myat/path_control_px4/install/control/lib/control/trajectory_fly
[11.707s] -- Up-to-date: /home/myat/path_control_px4/install/control/lib/control/px4_visualizer
[11.708s] -- Up-to-date: /home/myat/path_control_px4/install/control/lib/control/auto_fly_test
[11.708s] -- Up-to-date: /home/myat/path_control_px4/install/control/lib/control/land
[11.708s] -- Up-to-date: /home/myat/path_control_px4/install/control/lib/control/adaptive_land
[11.709s] -- Up-to-date: /home/myat/path_control_px4/install/control/share/ament_index/resource_index/package_run_dependencies/control
[11.709s] -- Up-to-date: /home/myat/path_control_px4/install/control/share/ament_index/resource_index/parent_prefix_path/control
[11.709s] -- Up-to-date: /home/myat/path_control_px4/install/control/share/control/environment/ament_prefix_path.sh
[11.709s] -- Up-to-date: /home/myat/path_control_px4/install/control/share/control/environment/ament_prefix_path.dsv
[11.709s] -- Up-to-date: /home/myat/path_control_px4/install/control/share/control/environment/path.sh
[11.709s] -- Up-to-date: /home/myat/path_control_px4/install/control/share/control/environment/path.dsv
[11.709s] -- Up-to-date: /home/myat/path_control_px4/install/control/share/control/local_setup.bash
[11.710s] -- Up-to-date: /home/myat/path_control_px4/install/control/share/control/local_setup.sh
[11.710s] -- Up-to-date: /home/myat/path_control_px4/install/control/share/control/local_setup.zsh
[11.710s] -- Up-to-date: /home/myat/path_control_px4/install/control/share/control/local_setup.dsv
[11.710s] -- Installing: /home/myat/path_control_px4/install/control/share/control/package.dsv
[11.710s] -- Up-to-date: /home/myat/path_control_px4/install/control/share/ament_index/resource_index/packages/control
[11.710s] -- Up-to-date: /home/myat/path_control_px4/install/control/share/control/cmake/controlConfig.cmake
[11.710s] -- Up-to-date: /home/myat/path_control_px4/install/control/share/control/cmake/controlConfig-version.cmake
[11.710s] -- Up-to-date: /home/myat/path_control_px4/install/control/share/control/package.xml
[11.713s] Invoked command in '/home/myat/path_control_px4/build/control' returned '0': CMAKE_PREFIX_PATH=/home/myat/path_control_px4/install/px4_msgs:/home/myat/path_control_px4/install/vision:/home/myat/path_control_px4/install/control:/opt/ros/humble:/home/myat/path_control_px4/install/px4_offboard:/home/myat/path_control_px4/install/bringup_drone LD_LIBRARY_PATH=/home/myat/path_control_px4/install/px4_msgs/lib:/usr/lib/x86_64-linux-gnu/gazebo-11/plugins:/opt/ros/humble/opt/rviz_ogre_vendor/lib:/opt/ros/humble/lib/x86_64-linux-gnu:/opt/ros/humble/lib /usr/bin/cmake --install /home/myat/path_control_px4/build/control
