[0.016s] Invoking command in '/home/myat/path_control_px4/build/vision': CMAKE_PREFIX_PATH=${CMAKE_PREFIX_PATH}:/home/myat/path_control_px4/install/bringup_drone:/home/myat/hex_ws/install/hexapod_description:/home/myat/hex_ws/install/hexapod_control:/home/myat/my_uav/install/vision_python:/home/myat/my_uav/install/px4_offboard:/opt/ros/humble /usr/bin/cmake --build /home/myat/path_control_px4/build/vision -- -j12 -l12
[0.106s] [ 50%] Built target camera_recorder
[0.107s] [ 50%] Built target lidar
[0.107s] [ 50%] Built target depth_polygon_mask_node
[0.109s] [ 66%] Built target aruco_detect
[0.112s] [ 75%] [32mBuilding CXX object CMakeFiles/pointcloud_node.dir/src/pointcloud_node.cpp.o[0m
[0.120s] [ 91%] Built target obstacle_node
[15.387s] [100%] [32m[1mLinking CXX executable pointcloud_node[0m
[17.416s] [100%] Built target pointcloud_node
[17.437s] Invoked command in '/home/myat/path_control_px4/build/vision' returned '0': CMAKE_PREFIX_PATH=${CMAKE_PREFIX_PATH}:/home/myat/path_control_px4/install/bringup_drone:/home/myat/hex_ws/install/hexapod_description:/home/myat/hex_ws/install/hexapod_control:/home/myat/my_uav/install/vision_python:/home/myat/my_uav/install/px4_offboard:/opt/ros/humble /usr/bin/cmake --build /home/myat/path_control_px4/build/vision -- -j12 -l12
[17.454s] Invoking command in '/home/myat/path_control_px4/build/vision': CMAKE_PREFIX_PATH=${CMAKE_PREFIX_PATH}:/home/myat/path_control_px4/install/bringup_drone:/home/myat/hex_ws/install/hexapod_description:/home/myat/hex_ws/install/hexapod_control:/home/myat/my_uav/install/vision_python:/home/myat/my_uav/install/px4_offboard:/opt/ros/humble /usr/bin/cmake --install /home/myat/path_control_px4/build/vision
[17.464s] -- Install configuration: ""
[17.465s] -- Up-to-date: /home/myat/path_control_px4/install/vision/lib/vision/camera_recorder
[17.465s] -- Up-to-date: /home/myat/path_control_px4/install/vision/lib/vision/depth_polygon_mask_node
[17.466s] -- Installing: /home/myat/path_control_px4/install/vision/lib/vision/pointcloud_node
[17.473s] -- Set runtime path of "/home/myat/path_control_px4/install/vision/lib/vision/pointcloud_node" to ""
[17.473s] -- Up-to-date: /home/myat/path_control_px4/install/vision/lib/vision/aruco_detect
[17.474s] -- Up-to-date: /home/myat/path_control_px4/install/vision/lib/vision/lidar
[17.475s] -- Up-to-date: /home/myat/path_control_px4/install/vision/lib/vision/obstacle_node
[17.476s] -- Up-to-date: /home/myat/path_control_px4/install/vision/share/ament_index/resource_index/package_run_dependencies/vision
[17.476s] -- Up-to-date: /home/myat/path_control_px4/install/vision/share/ament_index/resource_index/parent_prefix_path/vision
[17.478s] -- Up-to-date: /home/myat/path_control_px4/install/vision/share/vision/environment/ament_prefix_path.sh
[17.478s] -- Up-to-date: /home/myat/path_control_px4/install/vision/share/vision/environment/ament_prefix_path.dsv
[17.478s] -- Up-to-date: /home/myat/path_control_px4/install/vision/share/vision/environment/path.sh
[17.478s] -- Up-to-date: /home/myat/path_control_px4/install/vision/share/vision/environment/path.dsv
[17.478s] -- Up-to-date: /home/myat/path_control_px4/install/vision/share/vision/local_setup.bash
[17.478s] -- Up-to-date: /home/myat/path_control_px4/install/vision/share/vision/local_setup.sh
[17.478s] -- Up-to-date: /home/myat/path_control_px4/install/vision/share/vision/local_setup.zsh
[17.478s] -- Up-to-date: /home/myat/path_control_px4/install/vision/share/vision/local_setup.dsv
[17.478s] -- Installing: /home/myat/path_control_px4/install/vision/share/vision/package.dsv
[17.479s] -- Up-to-date: /home/myat/path_control_px4/install/vision/share/ament_index/resource_index/packages/vision
[17.479s] -- Up-to-date: /home/myat/path_control_px4/install/vision/share/vision/cmake/visionConfig.cmake
[17.479s] -- Up-to-date: /home/myat/path_control_px4/install/vision/share/vision/cmake/visionConfig-version.cmake
[17.479s] -- Up-to-date: /home/myat/path_control_px4/install/vision/share/vision/package.xml
[17.483s] Invoked command in '/home/myat/path_control_px4/build/vision' returned '0': CMAKE_PREFIX_PATH=${CMAKE_PREFIX_PATH}:/home/myat/path_control_px4/install/bringup_drone:/home/myat/hex_ws/install/hexapod_description:/home/myat/hex_ws/install/hexapod_control:/home/myat/my_uav/install/vision_python:/home/myat/my_uav/install/px4_offboard:/opt/ros/humble /usr/bin/cmake --install /home/myat/path_control_px4/build/vision
