[0.020s] Invoking command in '/home/myat/path_control_px4/build/control': CMAKE_PREFIX_PATH=/home/myat/path_control_px4/install/px4_msgs:/home/myat/path_control_px4/install/control:/home/myat/my_ws/install/ros2sysmon:/home/myat/my_ws/install/ros2_controllers:/home/myat/my_ws/install/ign_ros2_control_demos:/home/myat/my_ws/install/ign_ros2_control:/home/myat/my_ws/install/gz_ros2_control_tests:/home/myat/my_ws/install/gz_ros2_control_demos:/home/myat/my_ws/install/gz_ros2_control:/home/myat/my_uav/install/vision_cpp:/home/myat/my_uav/install/control_cpp:/home/myat/my_uav/install/px4_msgs:/home/myat/path_control_px4/install/bringup_drone:/home/myat/hex_ws/install/hexapod_description:/home/myat/hex_ws/install/hexapod_control:/home/myat/my_uav/install/vision_python:/home/myat/my_uav/install/px4_offboard:/opt/ros/humble /usr/bin/cmake --build /home/myat/path_control_px4/build/control -- -j12 -l12
[0.118s] -- Found ament_cmake: 1.3.11 (/opt/ros/humble/share/ament_cmake/cmake)
[0.254s] -- Found rclcpp: 16.0.11 (/opt/ros/humble/share/rclcpp/cmake)
[0.306s] -- Found rosidl_generator_c: 3.1.6 (/opt/ros/humble/share/rosidl_generator_c/cmake)
[0.310s] -- Found rosidl_adapter: 3.1.6 (/opt/ros/humble/share/rosidl_adapter/cmake)
[0.317s] -- Found rosidl_generator_cpp: 3.1.6 (/opt/ros/humble/share/rosidl_generator_cpp/cmake)
[0.330s] -- Using all available rosidl_typesupport_c: rosidl_typesupport_fastrtps_c;rosidl_typesupport_introspection_c
[0.344s] -- Using all available rosidl_typesupport_cpp: rosidl_typesupport_fastrtps_cpp;rosidl_typesupport_introspection_cpp
[0.383s] -- Found rmw_implementation_cmake: 6.1.2 (/opt/ros/humble/share/rmw_implementation_cmake/cmake)
[0.386s] -- Found rmw_fastrtps_cpp: 6.2.7 (/opt/ros/humble/share/rmw_fastrtps_cpp/cmake)
[0.514s] -- Using RMW implementation 'rmw_fastrtps_cpp' as default
[0.567s] -- Found geometry_msgs: 4.2.4 (/opt/ros/humble/share/geometry_msgs/cmake)
[0.581s] -- Found px4_msgs: 2.0.1 (/home/myat/path_control_px4/install/px4_msgs/share/px4_msgs/cmake)
[0.593s] -- Found tf2: 0.25.12 (/opt/ros/humble/share/tf2/cmake)
[0.598s] -- Found tf2_ros: 0.25.16 (/opt/ros/humble/share/tf2_ros/cmake)
[0.674s] -- Found tf2_geometry_msgs: 0.25.12 (/opt/ros/humble/share/tf2_geometry_msgs/cmake)
[0.679s] -- Found eigen3_cmake_module: 0.1.1 (/opt/ros/humble/share/eigen3_cmake_module/cmake)
[0.681s] -- Ensuring Eigen3 include directory is part of orocos-kdl CMake target
[0.683s] -- Found visualization_msgs: 4.9.0 (/opt/ros/humble/share/visualization_msgs/cmake)
[0.716s] -- Found nav_msgs: 4.9.0 (/opt/ros/humble/share/nav_msgs/cmake)
[0.744s] -- Found ament_lint_auto: 0.12.11 (/opt/ros/humble/share/ament_lint_auto/cmake)
[0.810s] -- Added test 'cppcheck' to perform static code analysis on C / C++ code
[0.812s] -- Configured cppcheck include dirs: 
[0.812s] -- Configured cppcheck exclude dirs and/or files: 
[0.812s] -- Added test 'lint_cmake' to check CMake code style
[0.813s] -- Added test 'uncrustify' to check C / C++ code style
[0.813s] -- Configured uncrustify additional arguments: 
[0.814s] -- Added test 'xmllint' to check XML markup files
[0.815s] -- Configuring done
[0.842s] -- Generating done
[0.849s] -- Build files have been written to: /home/myat/path_control_px4/build/control
[0.877s] [35m[1mConsolidate compiler generated dependencies of target px4_visualizer[0m
[0.877s] [35m[1mConsolidate compiler generated dependencies of target trajectory_fly[0m
[0.877s] [35m[1mConsolidate compiler generated dependencies of target tf_node[0m
[0.885s] [ 12%] [32mBuilding CXX object CMakeFiles/auto_fly_test.dir/src/auto_fly_test.cpp.o[0m
[0.894s] [ 37%] Built target trajectory_fly
[0.895s] [ 62%] Built target tf_node
[0.895s] [ 87%] Built target px4_visualizer
[10.327s] [100%] [32m[1mLinking CXX executable auto_fly_test[0m
[10.857s] [100%] Built target auto_fly_test
[10.868s] Invoked command in '/home/myat/path_control_px4/build/control' returned '0': CMAKE_PREFIX_PATH=/home/myat/path_control_px4/install/px4_msgs:/home/myat/path_control_px4/install/control:/home/myat/my_ws/install/ros2sysmon:/home/myat/my_ws/install/ros2_controllers:/home/myat/my_ws/install/ign_ros2_control_demos:/home/myat/my_ws/install/ign_ros2_control:/home/myat/my_ws/install/gz_ros2_control_tests:/home/myat/my_ws/install/gz_ros2_control_demos:/home/myat/my_ws/install/gz_ros2_control:/home/myat/my_uav/install/vision_cpp:/home/myat/my_uav/install/control_cpp:/home/myat/my_uav/install/px4_msgs:/home/myat/path_control_px4/install/bringup_drone:/home/myat/hex_ws/install/hexapod_description:/home/myat/hex_ws/install/hexapod_control:/home/myat/my_uav/install/vision_python:/home/myat/my_uav/install/px4_offboard:/opt/ros/humble /usr/bin/cmake --build /home/myat/path_control_px4/build/control -- -j12 -l12
[10.876s] Invoking command in '/home/myat/path_control_px4/build/control': CMAKE_PREFIX_PATH=/home/myat/path_control_px4/install/px4_msgs:/home/myat/path_control_px4/install/control:/home/myat/my_ws/install/ros2sysmon:/home/myat/my_ws/install/ros2_controllers:/home/myat/my_ws/install/ign_ros2_control_demos:/home/myat/my_ws/install/ign_ros2_control:/home/myat/my_ws/install/gz_ros2_control_tests:/home/myat/my_ws/install/gz_ros2_control_demos:/home/myat/my_ws/install/gz_ros2_control:/home/myat/my_uav/install/vision_cpp:/home/myat/my_uav/install/control_cpp:/home/myat/my_uav/install/px4_msgs:/home/myat/path_control_px4/install/bringup_drone:/home/myat/hex_ws/install/hexapod_description:/home/myat/hex_ws/install/hexapod_control:/home/myat/my_uav/install/vision_python:/home/myat/my_uav/install/px4_offboard:/opt/ros/humble /usr/bin/cmake --install /home/myat/path_control_px4/build/control
[10.883s] -- Install configuration: ""
[10.884s] -- Up-to-date: /home/myat/path_control_px4/install/control/lib/control/tf_node
[10.886s] -- Up-to-date: /home/myat/path_control_px4/install/control/lib/control/trajectory_fly
[10.887s] -- Up-to-date: /home/myat/path_control_px4/install/control/lib/control/px4_visualizer
[10.887s] -- Installing: /home/myat/path_control_px4/install/control/lib/control/auto_fly_test
[10.893s] -- Set runtime path of "/home/myat/path_control_px4/install/control/lib/control/auto_fly_test" to ""
[10.893s] -- Up-to-date: /home/myat/path_control_px4/install/control/share/ament_index/resource_index/package_run_dependencies/control
[10.893s] -- Up-to-date: /home/myat/path_control_px4/install/control/share/ament_index/resource_index/parent_prefix_path/control
[10.893s] -- Up-to-date: /home/myat/path_control_px4/install/control/share/control/environment/ament_prefix_path.sh
[10.893s] -- Installing: /home/myat/path_control_px4/install/control/share/control/environment/ament_prefix_path.dsv
[10.894s] -- Up-to-date: /home/myat/path_control_px4/install/control/share/control/environment/path.sh
[10.894s] -- Installing: /home/myat/path_control_px4/install/control/share/control/environment/path.dsv
[10.894s] -- Up-to-date: /home/myat/path_control_px4/install/control/share/control/local_setup.bash
[10.894s] -- Up-to-date: /home/myat/path_control_px4/install/control/share/control/local_setup.sh
[10.894s] -- Up-to-date: /home/myat/path_control_px4/install/control/share/control/local_setup.zsh
[10.894s] -- Installing: /home/myat/path_control_px4/install/control/share/control/local_setup.dsv
[10.894s] -- Installing: /home/myat/path_control_px4/install/control/share/control/package.dsv
[10.894s] -- Up-to-date: /home/myat/path_control_px4/install/control/share/ament_index/resource_index/packages/control
[10.894s] -- Up-to-date: /home/myat/path_control_px4/install/control/share/control/cmake/controlConfig.cmake
[10.894s] -- Up-to-date: /home/myat/path_control_px4/install/control/share/control/cmake/controlConfig-version.cmake
[10.894s] -- Up-to-date: /home/myat/path_control_px4/install/control/share/control/package.xml
[10.895s] Invoked command in '/home/myat/path_control_px4/build/control' returned '0': CMAKE_PREFIX_PATH=/home/myat/path_control_px4/install/px4_msgs:/home/myat/path_control_px4/install/control:/home/myat/my_ws/install/ros2sysmon:/home/myat/my_ws/install/ros2_controllers:/home/myat/my_ws/install/ign_ros2_control_demos:/home/myat/my_ws/install/ign_ros2_control:/home/myat/my_ws/install/gz_ros2_control_tests:/home/myat/my_ws/install/gz_ros2_control_demos:/home/myat/my_ws/install/gz_ros2_control:/home/myat/my_uav/install/vision_cpp:/home/myat/my_uav/install/control_cpp:/home/myat/my_uav/install/px4_msgs:/home/myat/path_control_px4/install/bringup_drone:/home/myat/hex_ws/install/hexapod_description:/home/myat/hex_ws/install/hexapod_control:/home/myat/my_uav/install/vision_python:/home/myat/my_uav/install/px4_offboard:/opt/ros/humble /usr/bin/cmake --install /home/myat/path_control_px4/build/control
