[35m[1mConsolidate compiler generated dependencies of target trajectory_controller_node[0m
[  5%] [32mBuilding CXX object CMakeFiles/reference_traj_node.dir/src/reference_traj_node.cpp.o[0m
[ 16%] Built target static_tf
[ 27%] Built target tf_node
[ 38%] Built target trajectory_fly
[ 50%] Built target auto_fly_test
[ 61%] Built target land
[ 83%] Built target adaptive_land
[ 83%] Built target px4_visualizer
[ 94%] Built target trajectory_controller_node
[100%] [32m[1mLinking CXX executable reference_traj_node[0m
[100%] Built target reference_traj_node
-- Install configuration: ""
-- Up-to-date: /home/myat/path_control_px4/install/control/lib/control/tf_node
-- Up-to-date: /home/myat/path_control_px4/install/control/lib/control/static_tf
-- Up-to-date: /home/myat/path_control_px4/install/control/lib/control/trajectory_fly
-- Up-to-date: /home/myat/path_control_px4/install/control/lib/control/trajectory_controller_node
-- Installing: /home/myat/path_control_px4/install/control/lib/control/reference_traj_node
-- Set runtime path of "/home/myat/path_control_px4/install/control/lib/control/reference_traj_node" to ""
-- Up-to-date: /home/myat/path_control_px4/install/control/lib/control/px4_visualizer
-- Up-to-date: /home/myat/path_control_px4/install/control/lib/control/auto_fly_test
-- Up-to-date: /home/myat/path_control_px4/install/control/lib/control/land
-- Up-to-date: /home/myat/path_control_px4/install/control/lib/control/adaptive_land
-- Up-to-date: /home/myat/path_control_px4/install/control/share/ament_index/resource_index/package_run_dependencies/control
-- Up-to-date: /home/myat/path_control_px4/install/control/share/ament_index/resource_index/parent_prefix_path/control
-- Up-to-date: /home/myat/path_control_px4/install/control/share/control/environment/ament_prefix_path.sh
-- Up-to-date: /home/myat/path_control_px4/install/control/share/control/environment/ament_prefix_path.dsv
-- Up-to-date: /home/myat/path_control_px4/install/control/share/control/environment/path.sh
-- Up-to-date: /home/myat/path_control_px4/install/control/share/control/environment/path.dsv
-- Up-to-date: /home/myat/path_control_px4/install/control/share/control/local_setup.bash
-- Up-to-date: /home/myat/path_control_px4/install/control/share/control/local_setup.sh
-- Up-to-date: /home/myat/path_control_px4/install/control/share/control/local_setup.zsh
-- Up-to-date: /home/myat/path_control_px4/install/control/share/control/local_setup.dsv
-- Installing: /home/myat/path_control_px4/install/control/share/control/package.dsv
-- Up-to-date: /home/myat/path_control_px4/install/control/share/ament_index/resource_index/packages/control
-- Up-to-date: /home/myat/path_control_px4/install/control/share/control/cmake/controlConfig.cmake
-- Up-to-date: /home/myat/path_control_px4/install/control/share/control/cmake/controlConfig-version.cmake
-- Up-to-date: /home/myat/path_control_px4/install/control/share/control/package.xml
