[0.354s] Invoking command in '/home/myat/path_control_px4/build/control': CMAKE_PREFIX_PATH=/home/myat/path_control_px4/install/vision:/home/myat/path_control_px4/install/control:/home/myat/path_control_px4/install/px4_msgs:/home/myat/ros2_ws/install/serial:/home/myat/ros2_ws/install/ros2_control_demo_description:/home/myat/ros2_ws/install/realsense2_description:/home/myat/ros2_ws/install/realsense2_camera:/home/myat/ros2_ws/install/realsense2_camera_msgs:/home/myat/ros2_ws/install/px4_ros_com:/home/myat/ros2_ws/install/my_dof:/home/myat/ros2_ws/install/my_config:/home/myat/ros2_ws/install/my_arm_config:/home/myat/ros2_ws/install/my_arm:/home/myat/ros2_ws/install/bcr_bot:/home/myat/path_control_px4/install/px4_offboard:/home/myat/path_control_px4/install/bringup_drone:/home/myat/ros2_ws/install/servo_control:/home/myat/ros2_ws/install/ros2_aruco:/home/myat/ros2_ws/install/my_pkg:/home/myat/ros2_ws/install/my_mind:/home/myat/ros2_ws/install/my_hex:/home/myat/ros2_ws/install/my_depth:/home/myat/ros2_ws/install/joint_state_converter:/home/myat/ros2_ws/install/aruco_detector:/home/myat/my_uav/install/vision_python:/home/myat/my_uav/install/px4_offboard:/opt/ros/humble:/home/myat/ros2_ws/install/arm:/home/myat/ros2_ws/install/4dof:/home/myat/my_uav/install/vision_cpp:/home/myat/my_uav/install/control_cpp:/home/myat/my_uav/install/px4_msgs /usr/bin/cmake --build /home/myat/path_control_px4/build/control -- -j12 -l12
[0.414s] [35m[1mConsolidate compiler generated dependencies of target reference_traj_node[0m
[0.414s] [35m[1mConsolidate compiler generated dependencies of target trajectory_controller_node[0m
[0.449s] [ 11%] Built target trajectory_controller_node
[0.452s] [ 22%] Built target auto_fly_test
[0.454s] [ 27%] [32mBuilding CXX object CMakeFiles/reference_traj_node.dir/src/reference_traj_node.cpp.o[0m
[0.466s] [ 38%] Built target trajectory_fly
[0.470s] [ 50%] Built target tf_node
[0.472s] [ 61%] Built target static_tf
[0.473s] [ 72%] Built target px4_visualizer
[0.482s] [ 83%] Built target land
[0.486s] [ 94%] Built target adaptive_land
[0.805s] [01m[K/home/myat/path_control_px4/src/control/src/reference_traj_node.cpp:81:10:[m[K [01;31m[Kfatal error: [m[Knav_msgs/msg/path.hpp: No such file or directory
[0.805s]    81 | #include [01;31m[K<nav_msgs/msg/path.hpp>[m[K
[0.805s]       |          [01;31m[K^~~~~~~~~~~~~~~~~~~~~~~[m[K
[0.805s] compilation terminated.
[0.825s] gmake[2]: *** [CMakeFiles/reference_traj_node.dir/build.make:76: CMakeFiles/reference_traj_node.dir/src/reference_traj_node.cpp.o] Error 1
[0.826s] gmake[1]: *** [CMakeFiles/Makefile2:153: CMakeFiles/reference_traj_node.dir/all] Error 2
[0.826s] gmake: *** [Makefile:146: all] Error 2
[0.829s] Invoked command in '/home/myat/path_control_px4/build/control' returned '2': CMAKE_PREFIX_PATH=/home/myat/path_control_px4/install/vision:/home/myat/path_control_px4/install/control:/home/myat/path_control_px4/install/px4_msgs:/home/myat/ros2_ws/install/serial:/home/myat/ros2_ws/install/ros2_control_demo_description:/home/myat/ros2_ws/install/realsense2_description:/home/myat/ros2_ws/install/realsense2_camera:/home/myat/ros2_ws/install/realsense2_camera_msgs:/home/myat/ros2_ws/install/px4_ros_com:/home/myat/ros2_ws/install/my_dof:/home/myat/ros2_ws/install/my_config:/home/myat/ros2_ws/install/my_arm_config:/home/myat/ros2_ws/install/my_arm:/home/myat/ros2_ws/install/bcr_bot:/home/myat/path_control_px4/install/px4_offboard:/home/myat/path_control_px4/install/bringup_drone:/home/myat/ros2_ws/install/servo_control:/home/myat/ros2_ws/install/ros2_aruco:/home/myat/ros2_ws/install/my_pkg:/home/myat/ros2_ws/install/my_mind:/home/myat/ros2_ws/install/my_hex:/home/myat/ros2_ws/install/my_depth:/home/myat/ros2_ws/install/joint_state_converter:/home/myat/ros2_ws/install/aruco_detector:/home/myat/my_uav/install/vision_python:/home/myat/my_uav/install/px4_offboard:/opt/ros/humble:/home/myat/ros2_ws/install/arm:/home/myat/ros2_ws/install/4dof:/home/myat/my_uav/install/vision_cpp:/home/myat/my_uav/install/control_cpp:/home/myat/my_uav/install/px4_msgs /usr/bin/cmake --build /home/myat/path_control_px4/build/control -- -j12 -l12
