[0.150s] [34mcolcon[0m [1;30mDEBUG[0m [32mCommand line arguments: ['/usr/bin/colcon', 'build'][0m
[0.150s] [34mcolcon[0m [1;30mDEBUG[0m [32mParsed command line arguments: Namespace(log_base=None, log_level=None, verb_name='build', build_base='build', install_base='install', merge_install=False, symlink_install=False, test_result_base=None, continue_on_error=False, executor='parallel', parallel_workers=12, event_handlers=None, ignore_user_meta=False, metas=['./colcon.meta'], base_paths=['.'], packages_ignore=None, packages_ignore_regex=None, paths=None, packages_up_to=None, packages_up_to_regex=None, packages_above=None, packages_above_and_dependencies=None, packages_above_depth=None, packages_select_by_dep=None, packages_skip_by_dep=None, packages_skip_up_to=None, packages_select_build_failed=False, packages_skip_build_finished=False, packages_select_test_failures=False, packages_skip_test_passed=False, packages_select=None, packages_skip=None, packages_select_regex=None, packages_skip_regex=None, packages_start=None, packages_end=None, allow_overriding=[], cmake_args=None, cmake_target=None, cmake_target_skip_unavailable=False, cmake_clean_cache=False, cmake_clean_first=False, cmake_force_configure=False, ament_cmake_args=None, catkin_cmake_args=None, catkin_skip_building_tests=False, mixin_files=None, mixin=None, verb_parser=<colcon_mixin.mixin.mixin_argument.MixinArgumentDecorator object at 0x73e1cd9e4eb0>, verb_extension=<colcon_core.verb.build.BuildVerb object at 0x73e1cdb817e0>, main=<bound method BuildVerb.main of <colcon_core.verb.build.BuildVerb object at 0x73e1cdb817e0>>, mixin_verb=('build',))[0m
[0.385s] [34mcolcon.colcon_core.package_discovery[0m [1;30mLevel 1[0m discover_packages(colcon_meta) check parameters
[0.386s] [34mcolcon.colcon_core.package_discovery[0m [1;30mLevel 1[0m discover_packages(recursive) check parameters
[0.386s] [34mcolcon.colcon_core.package_discovery[0m [1;30mLevel 1[0m discover_packages(ignore) check parameters
[0.386s] [34mcolcon.colcon_core.package_discovery[0m [1;30mLevel 1[0m discover_packages(path) check parameters
[0.386s] [34mcolcon.colcon_core.package_discovery[0m [1;30mLevel 1[0m discover_packages(colcon_meta) discover
[0.386s] [34mcolcon.colcon_core.package_discovery[0m [1;30mLevel 1[0m discover_packages(recursive) discover
[0.386s] [34mcolcon.colcon_core.package_discovery[0m [1;30mINFO[0m Crawling recursively for packages in '/home/myat/path_control_px4'
[0.386s] [34mcolcon.colcon_core.package_identification[0m [1;30mLevel 1[0m _identify(.) by extensions ['ignore', 'ignore_ament_install']
[0.386s] [34mcolcon.colcon_core.package_identification[0m [1;30mLevel 1[0m _identify(.) by extension 'ignore'
[0.386s] [34mcolcon.colcon_core.package_identification[0m [1;30mLevel 1[0m _identify(.) by extension 'ignore_ament_install'
[0.386s] [34mcolcon.colcon_core.package_identification[0m [1;30mLevel 1[0m _identify(.) by extensions ['colcon_pkg']
[0.386s] [34mcolcon.colcon_core.package_identification[0m [1;30mLevel 1[0m _identify(.) by extension 'colcon_pkg'
[0.386s] [34mcolcon.colcon_core.package_identification[0m [1;30mLevel 1[0m _identify(.) by extensions ['colcon_meta']
[0.386s] [34mcolcon.colcon_core.package_identification[0m [1;30mLevel 1[0m _identify(.) by extension 'colcon_meta'
[0.386s] [34mcolcon.colcon_core.package_identification[0m [1;30mLevel 1[0m _identify(.) by extensions ['ros']
[0.387s] [34mcolcon.colcon_core.package_identification[0m [1;30mLevel 1[0m _identify(.) by extension 'ros'
[0.409s] [34mcolcon.colcon_core.package_identification[0m [1;30mLevel 1[0m _identify(.) by extensions ['cmake', 'python']
[0.409s] [34mcolcon.colcon_core.package_identification[0m [1;30mLevel 1[0m _identify(.) by extension 'cmake'
[0.409s] [34mcolcon.colcon_core.package_identification[0m [1;30mLevel 1[0m _identify(.) by extension 'python'
[0.409s] [34mcolcon.colcon_core.package_identification[0m [1;30mLevel 1[0m _identify(.) by extensions ['python_setup_py']
[0.409s] [34mcolcon.colcon_core.package_identification[0m [1;30mLevel 1[0m _identify(.) by extension 'python_setup_py'
[0.409s] [34mcolcon.colcon_core.package_identification[0m [1;30mLevel 1[0m _identify(build) by extensions ['ignore', 'ignore_ament_install']
[0.409s] [34mcolcon.colcon_core.package_identification[0m [1;30mLevel 1[0m _identify(build) by extension 'ignore'
[0.409s] [34mcolcon.colcon_core.package_identification[0m [1;30mLevel 1[0m _identify(build) ignored
[0.410s] [34mcolcon.colcon_core.package_identification[0m [1;30mLevel 1[0m _identify(install) by extensions ['ignore', 'ignore_ament_install']
[0.410s] [34mcolcon.colcon_core.package_identification[0m [1;30mLevel 1[0m _identify(install) by extension 'ignore'
[0.410s] [34mcolcon.colcon_core.package_identification[0m [1;30mLevel 1[0m _identify(install) ignored
[0.410s] [34mcolcon.colcon_core.package_identification[0m [1;30mLevel 1[0m _identify(log) by extensions ['ignore', 'ignore_ament_install']
[0.410s] [34mcolcon.colcon_core.package_identification[0m [1;30mLevel 1[0m _identify(log) by extension 'ignore'
[0.410s] [34mcolcon.colcon_core.package_identification[0m [1;30mLevel 1[0m _identify(log) ignored
[0.410s] [34mcolcon.colcon_core.package_identification[0m [1;30mLevel 1[0m _identify(rosbag2_1) by extensions ['ignore', 'ignore_ament_install']
[0.410s] [34mcolcon.colcon_core.package_identification[0m [1;30mLevel 1[0m _identify(rosbag2_1) by extension 'ignore'
[0.410s] [34mcolcon.colcon_core.package_identification[0m [1;30mLevel 1[0m _identify(rosbag2_1) by extension 'ignore_ament_install'
[0.410s] [34mcolcon.colcon_core.package_identification[0m [1;30mLevel 1[0m _identify(rosbag2_1) by extensions ['colcon_pkg']
[0.410s] [34mcolcon.colcon_core.package_identification[0m [1;30mLevel 1[0m _identify(rosbag2_1) by extension 'colcon_pkg'
[0.410s] [34mcolcon.colcon_core.package_identification[0m [1;30mLevel 1[0m _identify(rosbag2_1) by extensions ['colcon_meta']
[0.410s] [34mcolcon.colcon_core.package_identification[0m [1;30mLevel 1[0m _identify(rosbag2_1) by extension 'colcon_meta'
[0.410s] [34mcolcon.colcon_core.package_identification[0m [1;30mLevel 1[0m _identify(rosbag2_1) by extensions ['ros']
[0.410s] [34mcolcon.colcon_core.package_identification[0m [1;30mLevel 1[0m _identify(rosbag2_1) by extension 'ros'
[0.410s] [34mcolcon.colcon_core.package_identification[0m [1;30mLevel 1[0m _identify(rosbag2_1) by extensions ['cmake', 'python']
[0.410s] [34mcolcon.colcon_core.package_identification[0m [1;30mLevel 1[0m _identify(rosbag2_1) by extension 'cmake'
[0.411s] [34mcolcon.colcon_core.package_identification[0m [1;30mLevel 1[0m _identify(rosbag2_1) by extension 'python'
[0.411s] [34mcolcon.colcon_core.package_identification[0m [1;30mLevel 1[0m _identify(rosbag2_1) by extensions ['python_setup_py']
[0.411s] [34mcolcon.colcon_core.package_identification[0m [1;30mLevel 1[0m _identify(rosbag2_1) by extension 'python_setup_py'
[0.411s] [34mcolcon.colcon_core.package_identification[0m [1;30mLevel 1[0m _identify(rosbag2_2) by extensions ['ignore', 'ignore_ament_install']
[0.411s] [34mcolcon.colcon_core.package_identification[0m [1;30mLevel 1[0m _identify(rosbag2_2) by extension 'ignore'
[0.411s] [34mcolcon.colcon_core.package_identification[0m [1;30mLevel 1[0m _identify(rosbag2_2) by extension 'ignore_ament_install'
[0.411s] [34mcolcon.colcon_core.package_identification[0m [1;30mLevel 1[0m _identify(rosbag2_2) by extensions ['colcon_pkg']
[0.411s] [34mcolcon.colcon_core.package_identification[0m [1;30mLevel 1[0m _identify(rosbag2_2) by extension 'colcon_pkg'
[0.411s] [34mcolcon.colcon_core.package_identification[0m [1;30mLevel 1[0m _identify(rosbag2_2) by extensions ['colcon_meta']
[0.411s] [34mcolcon.colcon_core.package_identification[0m [1;30mLevel 1[0m _identify(rosbag2_2) by extension 'colcon_meta'
[0.411s] [34mcolcon.colcon_core.package_identification[0m [1;30mLevel 1[0m _identify(rosbag2_2) by extensions ['ros']
[0.411s] [34mcolcon.colcon_core.package_identification[0m [1;30mLevel 1[0m _identify(rosbag2_2) by extension 'ros'
[0.411s] [34mcolcon.colcon_core.package_identification[0m [1;30mLevel 1[0m _identify(rosbag2_2) by extensions ['cmake', 'python']
[0.411s] [34mcolcon.colcon_core.package_identification[0m [1;30mLevel 1[0m _identify(rosbag2_2) by extension 'cmake'
[0.411s] [34mcolcon.colcon_core.package_identification[0m [1;30mLevel 1[0m _identify(rosbag2_2) by extension 'python'
[0.411s] [34mcolcon.colcon_core.package_identification[0m [1;30mLevel 1[0m _identify(rosbag2_2) by extensions ['python_setup_py']
[0.411s] [34mcolcon.colcon_core.package_identification[0m [1;30mLevel 1[0m _identify(rosbag2_2) by extension 'python_setup_py'
[0.411s] [34mcolcon.colcon_core.package_identification[0m [1;30mLevel 1[0m _identify(rosbag2_2025_12_21-00_29_10) by extensions ['ignore', 'ignore_ament_install']
[0.411s] [34mcolcon.colcon_core.package_identification[0m [1;30mLevel 1[0m _identify(rosbag2_2025_12_21-00_29_10) by extension 'ignore'
[0.411s] [34mcolcon.colcon_core.package_identification[0m [1;30mLevel 1[0m _identify(rosbag2_2025_12_21-00_29_10) by extension 'ignore_ament_install'
[0.411s] [34mcolcon.colcon_core.package_identification[0m [1;30mLevel 1[0m _identify(rosbag2_2025_12_21-00_29_10) by extensions ['colcon_pkg']
[0.411s] [34mcolcon.colcon_core.package_identification[0m [1;30mLevel 1[0m _identify(rosbag2_2025_12_21-00_29_10) by extension 'colcon_pkg'
[0.412s] [34mcolcon.colcon_core.package_identification[0m [1;30mLevel 1[0m _identify(rosbag2_2025_12_21-00_29_10) by extensions ['colcon_meta']
[0.412s] [34mcolcon.colcon_core.package_identification[0m [1;30mLevel 1[0m _identify(rosbag2_2025_12_21-00_29_10) by extension 'colcon_meta'
[0.412s] [34mcolcon.colcon_core.package_identification[0m [1;30mLevel 1[0m _identify(rosbag2_2025_12_21-00_29_10) by extensions ['ros']
[0.412s] [34mcolcon.colcon_core.package_identification[0m [1;30mLevel 1[0m _identify(rosbag2_2025_12_21-00_29_10) by extension 'ros'
[0.412s] [34mcolcon.colcon_core.package_identification[0m [1;30mLevel 1[0m _identify(rosbag2_2025_12_21-00_29_10) by extensions ['cmake', 'python']
[0.412s] [34mcolcon.colcon_core.package_identification[0m [1;30mLevel 1[0m _identify(rosbag2_2025_12_21-00_29_10) by extension 'cmake'
[0.412s] [34mcolcon.colcon_core.package_identification[0m [1;30mLevel 1[0m _identify(rosbag2_2025_12_21-00_29_10) by extension 'python'
[0.412s] [34mcolcon.colcon_core.package_identification[0m [1;30mLevel 1[0m _identify(rosbag2_2025_12_21-00_29_10) by extensions ['python_setup_py']
[0.412s] [34mcolcon.colcon_core.package_identification[0m [1;30mLevel 1[0m _identify(rosbag2_2025_12_21-00_29_10) by extension 'python_setup_py'
[0.412s] [34mcolcon.colcon_core.package_identification[0m [1;30mLevel 1[0m _identify(rosbag2_2025_12_21-00_43_07) by extensions ['ignore', 'ignore_ament_install']
[0.412s] [34mcolcon.colcon_core.package_identification[0m [1;30mLevel 1[0m _identify(rosbag2_2025_12_21-00_43_07) by extension 'ignore'
[0.412s] [34mcolcon.colcon_core.package_identification[0m [1;30mLevel 1[0m _identify(rosbag2_2025_12_21-00_43_07) by extension 'ignore_ament_install'
[0.412s] [34mcolcon.colcon_core.package_identification[0m [1;30mLevel 1[0m _identify(rosbag2_2025_12_21-00_43_07) by extensions ['colcon_pkg']
[0.412s] [34mcolcon.colcon_core.package_identification[0m [1;30mLevel 1[0m _identify(rosbag2_2025_12_21-00_43_07) by extension 'colcon_pkg'
[0.412s] [34mcolcon.colcon_core.package_identification[0m [1;30mLevel 1[0m _identify(rosbag2_2025_12_21-00_43_07) by extensions ['colcon_meta']
[0.412s] [34mcolcon.colcon_core.package_identification[0m [1;30mLevel 1[0m _identify(rosbag2_2025_12_21-00_43_07) by extension 'colcon_meta'
[0.412s] [34mcolcon.colcon_core.package_identification[0m [1;30mLevel 1[0m _identify(rosbag2_2025_12_21-00_43_07) by extensions ['ros']
[0.412s] [34mcolcon.colcon_core.package_identification[0m [1;30mLevel 1[0m _identify(rosbag2_2025_12_21-00_43_07) by extension 'ros'
[0.412s] [34mcolcon.colcon_core.package_identification[0m [1;30mLevel 1[0m _identify(rosbag2_2025_12_21-00_43_07) by extensions ['cmake', 'python']
[0.412s] [34mcolcon.colcon_core.package_identification[0m [1;30mLevel 1[0m _identify(rosbag2_2025_12_21-00_43_07) by extension 'cmake'
[0.412s] [34mcolcon.colcon_core.package_identification[0m [1;30mLevel 1[0m _identify(rosbag2_2025_12_21-00_43_07) by extension 'python'
[0.412s] [34mcolcon.colcon_core.package_identification[0m [1;30mLevel 1[0m _identify(rosbag2_2025_12_21-00_43_07) by extensions ['python_setup_py']
[0.412s] [34mcolcon.colcon_core.package_identification[0m [1;30mLevel 1[0m _identify(rosbag2_2025_12_21-00_43_07) by extension 'python_setup_py'
[0.413s] [34mcolcon.colcon_core.package_identification[0m [1;30mLevel 1[0m _identify(rosbag2_2025_12_21-00_49_25) by extensions ['ignore', 'ignore_ament_install']
[0.413s] [34mcolcon.colcon_core.package_identification[0m [1;30mLevel 1[0m _identify(rosbag2_2025_12_21-00_49_25) by extension 'ignore'
[0.413s] [34mcolcon.colcon_core.package_identification[0m [1;30mLevel 1[0m _identify(rosbag2_2025_12_21-00_49_25) by extension 'ignore_ament_install'
[0.413s] [34mcolcon.colcon_core.package_identification[0m [1;30mLevel 1[0m _identify(rosbag2_2025_12_21-00_49_25) by extensions ['colcon_pkg']
[0.413s] [34mcolcon.colcon_core.package_identification[0m [1;30mLevel 1[0m _identify(rosbag2_2025_12_21-00_49_25) by extension 'colcon_pkg'
[0.413s] [34mcolcon.colcon_core.package_identification[0m [1;30mLevel 1[0m _identify(rosbag2_2025_12_21-00_49_25) by extensions ['colcon_meta']
[0.413s] [34mcolcon.colcon_core.package_identification[0m [1;30mLevel 1[0m _identify(rosbag2_2025_12_21-00_49_25) by extension 'colcon_meta'
[0.413s] [34mcolcon.colcon_core.package_identification[0m [1;30mLevel 1[0m _identify(rosbag2_2025_12_21-00_49_25) by extensions ['ros']
[0.413s] [34mcolcon.colcon_core.package_identification[0m [1;30mLevel 1[0m _identify(rosbag2_2025_12_21-00_49_25) by extension 'ros'
[0.413s] [34mcolcon.colcon_core.package_identification[0m [1;30mLevel 1[0m _identify(rosbag2_2025_12_21-00_49_25) by extensions ['cmake', 'python']
[0.413s] [34mcolcon.colcon_core.package_identification[0m [1;30mLevel 1[0m _identify(rosbag2_2025_12_21-00_49_25) by extension 'cmake'
[0.413s] [34mcolcon.colcon_core.package_identification[0m [1;30mLevel 1[0m _identify(rosbag2_2025_12_21-00_49_25) by extension 'python'
[0.413s] [34mcolcon.colcon_core.package_identification[0m [1;30mLevel 1[0m _identify(rosbag2_2025_12_21-00_49_25) by extensions ['python_setup_py']
[0.413s] [34mcolcon.colcon_core.package_identification[0m [1;30mLevel 1[0m _identify(rosbag2_2025_12_21-00_49_25) by extension 'python_setup_py'
[0.413s] [34mcolcon.colcon_core.package_identification[0m [1;30mLevel 1[0m _identify(rosbag2_2025_12_21-01_04_02) by extensions ['ignore', 'ignore_ament_install']
[0.413s] [34mcolcon.colcon_core.package_identification[0m [1;30mLevel 1[0m _identify(rosbag2_2025_12_21-01_04_02) by extension 'ignore'
[0.413s] [34mcolcon.colcon_core.package_identification[0m [1;30mLevel 1[0m _identify(rosbag2_2025_12_21-01_04_02) by extension 'ignore_ament_install'
[0.413s] [34mcolcon.colcon_core.package_identification[0m [1;30mLevel 1[0m _identify(rosbag2_2025_12_21-01_04_02) by extensions ['colcon_pkg']
[0.413s] [34mcolcon.colcon_core.package_identification[0m [1;30mLevel 1[0m _identify(rosbag2_2025_12_21-01_04_02) by extension 'colcon_pkg'
[0.413s] [34mcolcon.colcon_core.package_identification[0m [1;30mLevel 1[0m _identify(rosbag2_2025_12_21-01_04_02) by extensions ['colcon_meta']
[0.413s] [34mcolcon.colcon_core.package_identification[0m [1;30mLevel 1[0m _identify(rosbag2_2025_12_21-01_04_02) by extension 'colcon_meta'
[0.414s] [34mcolcon.colcon_core.package_identification[0m [1;30mLevel 1[0m _identify(rosbag2_2025_12_21-01_04_02) by extensions ['ros']
[0.414s] [34mcolcon.colcon_core.package_identification[0m [1;30mLevel 1[0m _identify(rosbag2_2025_12_21-01_04_02) by extension 'ros'
[0.414s] [34mcolcon.colcon_core.package_identification[0m [1;30mLevel 1[0m _identify(rosbag2_2025_12_21-01_04_02) by extensions ['cmake', 'python']
[0.414s] [34mcolcon.colcon_core.package_identification[0m [1;30mLevel 1[0m _identify(rosbag2_2025_12_21-01_04_02) by extension 'cmake'
[0.414s] [34mcolcon.colcon_core.package_identification[0m [1;30mLevel 1[0m _identify(rosbag2_2025_12_21-01_04_02) by extension 'python'
[0.414s] [34mcolcon.colcon_core.package_identification[0m [1;30mLevel 1[0m _identify(rosbag2_2025_12_21-01_04_02) by extensions ['python_setup_py']
[0.414s] [34mcolcon.colcon_core.package_identification[0m [1;30mLevel 1[0m _identify(rosbag2_2025_12_21-01_04_02) by extension 'python_setup_py'
[0.414s] [34mcolcon.colcon_core.package_identification[0m [1;30mLevel 1[0m _identify(rosbag2_2025_12_21-01_08_58) by extensions ['ignore', 'ignore_ament_install']
[0.414s] [34mcolcon.colcon_core.package_identification[0m [1;30mLevel 1[0m _identify(rosbag2_2025_12_21-01_08_58) by extension 'ignore'
[0.414s] [34mcolcon.colcon_core.package_identification[0m [1;30mLevel 1[0m _identify(rosbag2_2025_12_21-01_08_58) by extension 'ignore_ament_install'
[0.414s] [34mcolcon.colcon_core.package_identification[0m [1;30mLevel 1[0m _identify(rosbag2_2025_12_21-01_08_58) by extensions ['colcon_pkg']
[0.414s] [34mcolcon.colcon_core.package_identification[0m [1;30mLevel 1[0m _identify(rosbag2_2025_12_21-01_08_58) by extension 'colcon_pkg'
[0.414s] [34mcolcon.colcon_core.package_identification[0m [1;30mLevel 1[0m _identify(rosbag2_2025_12_21-01_08_58) by extensions ['colcon_meta']
[0.414s] [34mcolcon.colcon_core.package_identification[0m [1;30mLevel 1[0m _identify(rosbag2_2025_12_21-01_08_58) by extension 'colcon_meta'
[0.414s] [34mcolcon.colcon_core.package_identification[0m [1;30mLevel 1[0m _identify(rosbag2_2025_12_21-01_08_58) by extensions ['ros']
[0.414s] [34mcolcon.colcon_core.package_identification[0m [1;30mLevel 1[0m _identify(rosbag2_2025_12_21-01_08_58) by extension 'ros'
[0.414s] [34mcolcon.colcon_core.package_identification[0m [1;30mLevel 1[0m _identify(rosbag2_2025_12_21-01_08_58) by extensions ['cmake', 'python']
[0.414s] [34mcolcon.colcon_core.package_identification[0m [1;30mLevel 1[0m _identify(rosbag2_2025_12_21-01_08_58) by extension 'cmake'
[0.414s] [34mcolcon.colcon_core.package_identification[0m [1;30mLevel 1[0m _identify(rosbag2_2025_12_21-01_08_58) by extension 'python'
[0.414s] [34mcolcon.colcon_core.package_identification[0m [1;30mLevel 1[0m _identify(rosbag2_2025_12_21-01_08_58) by extensions ['python_setup_py']
[0.414s] [34mcolcon.colcon_core.package_identification[0m [1;30mLevel 1[0m _identify(rosbag2_2025_12_21-01_08_58) by extension 'python_setup_py'
[0.414s] [34mcolcon.colcon_core.package_identification[0m [1;30mLevel 1[0m _identify(rosbag2_2025_12_21-01_20_59) by extensions ['ignore', 'ignore_ament_install']
[0.414s] [34mcolcon.colcon_core.package_identification[0m [1;30mLevel 1[0m _identify(rosbag2_2025_12_21-01_20_59) by extension 'ignore'
[0.414s] [34mcolcon.colcon_core.package_identification[0m [1;30mLevel 1[0m _identify(rosbag2_2025_12_21-01_20_59) by extension 'ignore_ament_install'
[0.414s] [34mcolcon.colcon_core.package_identification[0m [1;30mLevel 1[0m _identify(rosbag2_2025_12_21-01_20_59) by extensions ['colcon_pkg']
[0.415s] [34mcolcon.colcon_core.package_identification[0m [1;30mLevel 1[0m _identify(rosbag2_2025_12_21-01_20_59) by extension 'colcon_pkg'
[0.415s] [34mcolcon.colcon_core.package_identification[0m [1;30mLevel 1[0m _identify(rosbag2_2025_12_21-01_20_59) by extensions ['colcon_meta']
[0.415s] [34mcolcon.colcon_core.package_identification[0m [1;30mLevel 1[0m _identify(rosbag2_2025_12_21-01_20_59) by extension 'colcon_meta'
[0.415s] [34mcolcon.colcon_core.package_identification[0m [1;30mLevel 1[0m _identify(rosbag2_2025_12_21-01_20_59) by extensions ['ros']
[0.415s] [34mcolcon.colcon_core.package_identification[0m [1;30mLevel 1[0m _identify(rosbag2_2025_12_21-01_20_59) by extension 'ros'
[0.415s] [34mcolcon.colcon_core.package_identification[0m [1;30mLevel 1[0m _identify(rosbag2_2025_12_21-01_20_59) by extensions ['cmake', 'python']
[0.415s] [34mcolcon.colcon_core.package_identification[0m [1;30mLevel 1[0m _identify(rosbag2_2025_12_21-01_20_59) by extension 'cmake'
[0.415s] [34mcolcon.colcon_core.package_identification[0m [1;30mLevel 1[0m _identify(rosbag2_2025_12_21-01_20_59) by extension 'python'
[0.415s] [34mcolcon.colcon_core.package_identification[0m [1;30mLevel 1[0m _identify(rosbag2_2025_12_21-01_20_59) by extensions ['python_setup_py']
[0.415s] [34mcolcon.colcon_core.package_identification[0m [1;30mLevel 1[0m _identify(rosbag2_2025_12_21-01_20_59) by extension 'python_setup_py'
[0.415s] [34mcolcon.colcon_core.package_identification[0m [1;30mLevel 1[0m _identify(rosbag2_3) by extensions ['ignore', 'ignore_ament_install']
[0.415s] [34mcolcon.colcon_core.package_identification[0m [1;30mLevel 1[0m _identify(rosbag2_3) by extension 'ignore'
[0.415s] [34mcolcon.colcon_core.package_identification[0m [1;30mLevel 1[0m _identify(rosbag2_3) by extension 'ignore_ament_install'
[0.415s] [34mcolcon.colcon_core.package_identification[0m [1;30mLevel 1[0m _identify(rosbag2_3) by extensions ['colcon_pkg']
[0.415s] [34mcolcon.colcon_core.package_identification[0m [1;30mLevel 1[0m _identify(rosbag2_3) by extension 'colcon_pkg'
[0.415s] [34mcolcon.colcon_core.package_identification[0m [1;30mLevel 1[0m _identify(rosbag2_3) by extensions ['colcon_meta']
[0.415s] [34mcolcon.colcon_core.package_identification[0m [1;30mLevel 1[0m _identify(rosbag2_3) by extension 'colcon_meta'
[0.415s] [34mcolcon.colcon_core.package_identification[0m [1;30mLevel 1[0m _identify(rosbag2_3) by extensions ['ros']
[0.415s] [34mcolcon.colcon_core.package_identification[0m [1;30mLevel 1[0m _identify(rosbag2_3) by extension 'ros'
[0.415s] [34mcolcon.colcon_core.package_identification[0m [1;30mLevel 1[0m _identify(rosbag2_3) by extensions ['cmake', 'python']
[0.415s] [34mcolcon.colcon_core.package_identification[0m [1;30mLevel 1[0m _identify(rosbag2_3) by extension 'cmake'
[0.415s] [34mcolcon.colcon_core.package_identification[0m [1;30mLevel 1[0m _identify(rosbag2_3) by extension 'python'
[0.415s] [34mcolcon.colcon_core.package_identification[0m [1;30mLevel 1[0m _identify(rosbag2_3) by extensions ['python_setup_py']
[0.415s] [34mcolcon.colcon_core.package_identification[0m [1;30mLevel 1[0m _identify(rosbag2_3) by extension 'python_setup_py'
[0.415s] [34mcolcon.colcon_core.package_identification[0m [1;30mLevel 1[0m _identify(rosbag2_4) by extensions ['ignore', 'ignore_ament_install']
[0.415s] [34mcolcon.colcon_core.package_identification[0m [1;30mLevel 1[0m _identify(rosbag2_4) by extension 'ignore'
[0.415s] [34mcolcon.colcon_core.package_identification[0m [1;30mLevel 1[0m _identify(rosbag2_4) by extension 'ignore_ament_install'
[0.416s] [34mcolcon.colcon_core.package_identification[0m [1;30mLevel 1[0m _identify(rosbag2_4) by extensions ['colcon_pkg']
[0.416s] [34mcolcon.colcon_core.package_identification[0m [1;30mLevel 1[0m _identify(rosbag2_4) by extension 'colcon_pkg'
[0.416s] [34mcolcon.colcon_core.package_identification[0m [1;30mLevel 1[0m _identify(rosbag2_4) by extensions ['colcon_meta']
[0.416s] [34mcolcon.colcon_core.package_identification[0m [1;30mLevel 1[0m _identify(rosbag2_4) by extension 'colcon_meta'
[0.416s] [34mcolcon.colcon_core.package_identification[0m [1;30mLevel 1[0m _identify(rosbag2_4) by extensions ['ros']
[0.416s] [34mcolcon.colcon_core.package_identification[0m [1;30mLevel 1[0m _identify(rosbag2_4) by extension 'ros'
[0.416s] [34mcolcon.colcon_core.package_identification[0m [1;30mLevel 1[0m _identify(rosbag2_4) by extensions ['cmake', 'python']
[0.416s] [34mcolcon.colcon_core.package_identification[0m [1;30mLevel 1[0m _identify(rosbag2_4) by extension 'cmake'
[0.416s] [34mcolcon.colcon_core.package_identification[0m [1;30mLevel 1[0m _identify(rosbag2_4) by extension 'python'
[0.416s] [34mcolcon.colcon_core.package_identification[0m [1;30mLevel 1[0m _identify(rosbag2_4) by extensions ['python_setup_py']
[0.416s] [34mcolcon.colcon_core.package_identification[0m [1;30mLevel 1[0m _identify(rosbag2_4) by extension 'python_setup_py'
[0.416s] [34mcolcon.colcon_core.package_identification[0m [1;30mLevel 1[0m _identify(rosbag2_5) by extensions ['ignore', 'ignore_ament_install']
[0.416s] [34mcolcon.colcon_core.package_identification[0m [1;30mLevel 1[0m _identify(rosbag2_5) by extension 'ignore'
[0.416s] [34mcolcon.colcon_core.package_identification[0m [1;30mLevel 1[0m _identify(rosbag2_5) by extension 'ignore_ament_install'
[0.416s] [34mcolcon.colcon_core.package_identification[0m [1;30mLevel 1[0m _identify(rosbag2_5) by extensions ['colcon_pkg']
[0.416s] [34mcolcon.colcon_core.package_identification[0m [1;30mLevel 1[0m _identify(rosbag2_5) by extension 'colcon_pkg'
[0.416s] [34mcolcon.colcon_core.package_identification[0m [1;30mLevel 1[0m _identify(rosbag2_5) by extensions ['colcon_meta']
[0.416s] [34mcolcon.colcon_core.package_identification[0m [1;30mLevel 1[0m _identify(rosbag2_5) by extension 'colcon_meta'
[0.416s] [34mcolcon.colcon_core.package_identification[0m [1;30mLevel 1[0m _identify(rosbag2_5) by extensions ['ros']
[0.416s] [34mcolcon.colcon_core.package_identification[0m [1;30mLevel 1[0m _identify(rosbag2_5) by extension 'ros'
[0.416s] [34mcolcon.colcon_core.package_identification[0m [1;30mLevel 1[0m _identify(rosbag2_5) by extensions ['cmake', 'python']
[0.416s] [34mcolcon.colcon_core.package_identification[0m [1;30mLevel 1[0m _identify(rosbag2_5) by extension 'cmake'
[0.417s] [34mcolcon.colcon_core.package_identification[0m [1;30mLevel 1[0m _identify(rosbag2_5) by extension 'python'
[0.417s] [34mcolcon.colcon_core.package_identification[0m [1;30mLevel 1[0m _identify(rosbag2_5) by extensions ['python_setup_py']
[0.417s] [34mcolcon.colcon_core.package_identification[0m [1;30mLevel 1[0m _identify(rosbag2_5) by extension 'python_setup_py'
[0.417s] [34mcolcon.colcon_core.package_identification[0m [1;30mLevel 1[0m _identify(rosbag2_7) by extensions ['ignore', 'ignore_ament_install']
[0.417s] [34mcolcon.colcon_core.package_identification[0m [1;30mLevel 1[0m _identify(rosbag2_7) by extension 'ignore'
[0.417s] [34mcolcon.colcon_core.package_identification[0m [1;30mLevel 1[0m _identify(rosbag2_7) by extension 'ignore_ament_install'
[0.417s] [34mcolcon.colcon_core.package_identification[0m [1;30mLevel 1[0m _identify(rosbag2_7) by extensions ['colcon_pkg']
[0.417s] [34mcolcon.colcon_core.package_identification[0m [1;30mLevel 1[0m _identify(rosbag2_7) by extension 'colcon_pkg'
[0.417s] [34mcolcon.colcon_core.package_identification[0m [1;30mLevel 1[0m _identify(rosbag2_7) by extensions ['colcon_meta']
[0.417s] [34mcolcon.colcon_core.package_identification[0m [1;30mLevel 1[0m _identify(rosbag2_7) by extension 'colcon_meta'
[0.417s] [34mcolcon.colcon_core.package_identification[0m [1;30mLevel 1[0m _identify(rosbag2_7) by extensions ['ros']
[0.417s] [34mcolcon.colcon_core.package_identification[0m [1;30mLevel 1[0m _identify(rosbag2_7) by extension 'ros'
[0.417s] [34mcolcon.colcon_core.package_identification[0m [1;30mLevel 1[0m _identify(rosbag2_7) by extensions ['cmake', 'python']
[0.417s] [34mcolcon.colcon_core.package_identification[0m [1;30mLevel 1[0m _identify(rosbag2_7) by extension 'cmake'
[0.417s] [34mcolcon.colcon_core.package_identification[0m [1;30mLevel 1[0m _identify(rosbag2_7) by extension 'python'
[0.417s] [34mcolcon.colcon_core.package_identification[0m [1;30mLevel 1[0m _identify(rosbag2_7) by extensions ['python_setup_py']
[0.417s] [34mcolcon.colcon_core.package_identification[0m [1;30mLevel 1[0m _identify(rosbag2_7) by extension 'python_setup_py'
[0.417s] [34mcolcon.colcon_core.package_identification[0m [1;30mLevel 1[0m _identify(rosbag2_a) by extensions ['ignore', 'ignore_ament_install']
[0.417s] [34mcolcon.colcon_core.package_identification[0m [1;30mLevel 1[0m _identify(rosbag2_a) by extension 'ignore'
[0.417s] [34mcolcon.colcon_core.package_identification[0m [1;30mLevel 1[0m _identify(rosbag2_a) by extension 'ignore_ament_install'
[0.417s] [34mcolcon.colcon_core.package_identification[0m [1;30mLevel 1[0m _identify(rosbag2_a) by extensions ['colcon_pkg']
[0.417s] [34mcolcon.colcon_core.package_identification[0m [1;30mLevel 1[0m _identify(rosbag2_a) by extension 'colcon_pkg'
[0.417s] [34mcolcon.colcon_core.package_identification[0m [1;30mLevel 1[0m _identify(rosbag2_a) by extensions ['colcon_meta']
[0.417s] [34mcolcon.colcon_core.package_identification[0m [1;30mLevel 1[0m _identify(rosbag2_a) by extension 'colcon_meta'
[0.417s] [34mcolcon.colcon_core.package_identification[0m [1;30mLevel 1[0m _identify(rosbag2_a) by extensions ['ros']
[0.417s] [34mcolcon.colcon_core.package_identification[0m [1;30mLevel 1[0m _identify(rosbag2_a) by extension 'ros'
[0.417s] [34mcolcon.colcon_core.package_identification[0m [1;30mLevel 1[0m _identify(rosbag2_a) by extensions ['cmake', 'python']
[0.418s] [34mcolcon.colcon_core.package_identification[0m [1;30mLevel 1[0m _identify(rosbag2_a) by extension 'cmake'
[0.418s] [34mcolcon.colcon_core.package_identification[0m [1;30mLevel 1[0m _identify(rosbag2_a) by extension 'python'
[0.418s] [34mcolcon.colcon_core.package_identification[0m [1;30mLevel 1[0m _identify(rosbag2_a) by extensions ['python_setup_py']
[0.418s] [34mcolcon.colcon_core.package_identification[0m [1;30mLevel 1[0m _identify(rosbag2_a) by extension 'python_setup_py'
[0.418s] [34mcolcon.colcon_core.package_identification[0m [1;30mLevel 1[0m _identify(src) by extensions ['ignore', 'ignore_ament_install']
[0.418s] [34mcolcon.colcon_core.package_identification[0m [1;30mLevel 1[0m _identify(src) by extension 'ignore'
[0.418s] [34mcolcon.colcon_core.package_identification[0m [1;30mLevel 1[0m _identify(src) by extension 'ignore_ament_install'
[0.418s] [34mcolcon.colcon_core.package_identification[0m [1;30mLevel 1[0m _identify(src) by extensions ['colcon_pkg']
[0.418s] [34mcolcon.colcon_core.package_identification[0m [1;30mLevel 1[0m _identify(src) by extension 'colcon_pkg'
[0.418s] [34mcolcon.colcon_core.package_identification[0m [1;30mLevel 1[0m _identify(src) by extensions ['colcon_meta']
[0.418s] [34mcolcon.colcon_core.package_identification[0m [1;30mLevel 1[0m _identify(src) by extension 'colcon_meta'
[0.418s] [34mcolcon.colcon_core.package_identification[0m [1;30mLevel 1[0m _identify(src) by extensions ['ros']
[0.418s] [34mcolcon.colcon_core.package_identification[0m [1;30mLevel 1[0m _identify(src) by extension 'ros'
[0.418s] [34mcolcon.colcon_core.package_identification[0m [1;30mLevel 1[0m _identify(src) by extensions ['cmake', 'python']
[0.418s] [34mcolcon.colcon_core.package_identification[0m [1;30mLevel 1[0m _identify(src) by extension 'cmake'
[0.418s] [34mcolcon.colcon_core.package_identification[0m [1;30mLevel 1[0m _identify(src) by extension 'python'
[0.418s] [34mcolcon.colcon_core.package_identification[0m [1;30mLevel 1[0m _identify(src) by extensions ['python_setup_py']
[0.418s] [34mcolcon.colcon_core.package_identification[0m [1;30mLevel 1[0m _identify(src) by extension 'python_setup_py'
[0.418s] [34mcolcon.colcon_core.package_identification[0m [1;30mLevel 1[0m _identify(src/bringup_drone) by extensions ['ignore', 'ignore_ament_install']
[0.418s] [34mcolcon.colcon_core.package_identification[0m [1;30mLevel 1[0m _identify(src/bringup_drone) by extension 'ignore'
[0.418s] [34mcolcon.colcon_core.package_identification[0m [1;30mLevel 1[0m _identify(src/bringup_drone) by extension 'ignore_ament_install'
[0.418s] [34mcolcon.colcon_core.package_identification[0m [1;30mLevel 1[0m _identify(src/bringup_drone) by extensions ['colcon_pkg']
[0.418s] [34mcolcon.colcon_core.package_identification[0m [1;30mLevel 1[0m _identify(src/bringup_drone) by extension 'colcon_pkg'
[0.418s] [34mcolcon.colcon_core.package_identification[0m [1;30mLevel 1[0m _identify(src/bringup_drone) by extensions ['colcon_meta']
[0.418s] [34mcolcon.colcon_core.package_identification[0m [1;30mLevel 1[0m _identify(src/bringup_drone) by extension 'colcon_meta'
[0.418s] [34mcolcon.colcon_core.package_identification[0m [1;30mLevel 1[0m _identify(src/bringup_drone) by extensions ['ros']
[0.418s] [34mcolcon.colcon_core.package_identification[0m [1;30mLevel 1[0m _identify(src/bringup_drone) by extension 'ros'
[0.422s] [34mcolcon.colcon_core.package_identification[0m [1;30mDEBUG[0m [32mPackage 'src/bringup_drone' with type 'ros.ament_python' and name 'bringup_drone'[0m
[0.422s] [34mcolcon.colcon_core.package_identification[0m [1;30mLevel 1[0m _identify(src/control) by extensions ['ignore', 'ignore_ament_install']
[0.422s] [34mcolcon.colcon_core.package_identification[0m [1;30mLevel 1[0m _identify(src/control) by extension 'ignore'
[0.422s] [34mcolcon.colcon_core.package_identification[0m [1;30mLevel 1[0m _identify(src/control) by extension 'ignore_ament_install'
[0.422s] [34mcolcon.colcon_core.package_identification[0m [1;30mLevel 1[0m _identify(src/control) by extensions ['colcon_pkg']
[0.422s] [34mcolcon.colcon_core.package_identification[0m [1;30mLevel 1[0m _identify(src/control) by extension 'colcon_pkg'
[0.422s] [34mcolcon.colcon_core.package_identification[0m [1;30mLevel 1[0m _identify(src/control) by extensions ['colcon_meta']
[0.422s] [34mcolcon.colcon_core.package_identification[0m [1;30mLevel 1[0m _identify(src/control) by extension 'colcon_meta'
[0.422s] [34mcolcon.colcon_core.package_identification[0m [1;30mLevel 1[0m _identify(src/control) by extensions ['ros']
[0.422s] [34mcolcon.colcon_core.package_identification[0m [1;30mLevel 1[0m _identify(src/control) by extension 'ros'
[0.423s] [34mcolcon.colcon_core.package_identification[0m [1;30mDEBUG[0m [32mPackage 'src/control' with type 'ros.ament_cmake' and name 'control'[0m
[0.423s] [34mcolcon.colcon_core.package_identification[0m [1;30mLevel 1[0m _identify(src/px4_msgs) by extensions ['ignore', 'ignore_ament_install']
[0.423s] [34mcolcon.colcon_core.package_identification[0m [1;30mLevel 1[0m _identify(src/px4_msgs) by extension 'ignore'
[0.423s] [34mcolcon.colcon_core.package_identification[0m [1;30mLevel 1[0m _identify(src/px4_msgs) by extension 'ignore_ament_install'
[0.423s] [34mcolcon.colcon_core.package_identification[0m [1;30mLevel 1[0m _identify(src/px4_msgs) by extensions ['colcon_pkg']
[0.423s] [34mcolcon.colcon_core.package_identification[0m [1;30mLevel 1[0m _identify(src/px4_msgs) by extension 'colcon_pkg'
[0.423s] [34mcolcon.colcon_core.package_identification[0m [1;30mLevel 1[0m _identify(src/px4_msgs) by extensions ['colcon_meta']
[0.423s] [34mcolcon.colcon_core.package_identification[0m [1;30mLevel 1[0m _identify(src/px4_msgs) by extension 'colcon_meta'
[0.423s] [34mcolcon.colcon_core.package_identification[0m [1;30mLevel 1[0m _identify(src/px4_msgs) by extensions ['ros']
[0.423s] [34mcolcon.colcon_core.package_identification[0m [1;30mLevel 1[0m _identify(src/px4_msgs) by extension 'ros'
[0.424s] [34mcolcon.colcon_core.package_identification[0m [1;30mDEBUG[0m [32mPackage 'src/px4_msgs' with type 'ros.ament_cmake' and name 'px4_msgs'[0m
[0.424s] [34mcolcon.colcon_core.package_identification[0m [1;30mLevel 1[0m _identify(src/vision) by extensions ['ignore', 'ignore_ament_install']
[0.424s] [34mcolcon.colcon_core.package_identification[0m [1;30mLevel 1[0m _identify(src/vision) by extension 'ignore'
[0.424s] [34mcolcon.colcon_core.package_identification[0m [1;30mLevel 1[0m _identify(src/vision) by extension 'ignore_ament_install'
[0.424s] [34mcolcon.colcon_core.package_identification[0m [1;30mLevel 1[0m _identify(src/vision) by extensions ['colcon_pkg']
[0.424s] [34mcolcon.colcon_core.package_identification[0m [1;30mLevel 1[0m _identify(src/vision) by extension 'colcon_pkg'
[0.424s] [34mcolcon.colcon_core.package_identification[0m [1;30mLevel 1[0m _identify(src/vision) by extensions ['colcon_meta']
[0.424s] [34mcolcon.colcon_core.package_identification[0m [1;30mLevel 1[0m _identify(src/vision) by extension 'colcon_meta'
[0.425s] [34mcolcon.colcon_core.package_identification[0m [1;30mLevel 1[0m _identify(src/vision) by extensions ['ros']
[0.425s] [34mcolcon.colcon_core.package_identification[0m [1;30mLevel 1[0m _identify(src/vision) by extension 'ros'
[0.426s] [34mcolcon.colcon_core.package_identification[0m [1;30mDEBUG[0m [32mPackage 'src/vision' with type 'ros.ament_cmake' and name 'vision'[0m
[0.426s] [34mcolcon.colcon_core.package_discovery[0m [1;30mLevel 1[0m discover_packages(recursive) using defaults
[0.426s] [34mcolcon.colcon_core.package_discovery[0m [1;30mLevel 1[0m discover_packages(ignore) discover
[0.426s] [34mcolcon.colcon_core.package_discovery[0m [1;30mLevel 1[0m discover_packages(ignore) using defaults
[0.426s] [34mcolcon.colcon_core.package_discovery[0m [1;30mLevel 1[0m discover_packages(path) discover
[0.426s] [34mcolcon.colcon_core.package_discovery[0m [1;30mLevel 1[0m discover_packages(path) using defaults
[0.440s] [34mcolcon.colcon_core.package_discovery[0m [1;30mLevel 1[0m discover_packages(prefix_path) check parameters
[0.440s] [34mcolcon.colcon_core.package_discovery[0m [1;30mLevel 1[0m discover_packages(prefix_path) discover
[0.443s] [34mcolcon.colcon_installed_package_information.package_discovery[0m [1;30mDEBUG[0m [32mFound 4 installed packages in /home/myat/path_control_px4/install[0m
[0.443s] [34mcolcon.colcon_installed_package_information.package_discovery[0m [1;30mDEBUG[0m [32mFound 7 installed packages in /home/myat/my_ws/install[0m
[0.443s] [34mcolcon.colcon_installed_package_information.package_discovery[0m [1;30mDEBUG[0m [32mFound 5 installed packages in /home/myat/my_uav/install[0m
[0.444s] [34mcolcon.colcon_installed_package_information.package_discovery[0m [1;30mDEBUG[0m [32mFound 2 installed packages in /home/myat/hex_ws/install[0m
[0.445s] [34mcolcon.colcon_installed_package_information.package_discovery[0m [1;30mDEBUG[0m [32mFound 336 installed packages in /opt/ros/humble[0m
[0.446s] [34mcolcon.colcon_core.package_discovery[0m [1;30mLevel 1[0m discover_packages(prefix_path) using defaults
[0.482s] [34mcolcon.colcon_core.package_selection[0m [1;30mWARNING[0m [33mSome selected packages are already built in one or more underlay workspaces:
	'px4_msgs' is in: /home/myat/my_uav/install/px4_msgs, /home/myat/path_control_px4/install/px4_msgs
If a package in a merged underlay workspace is overridden and it installs headers, then all packages in the overlay must sort their include directories by workspace order. Failure to do so may result in build failures or undefined behavior at run time.
If the overridden package is used by another package in any underlay, then the overriding package in the overlay must be API and ABI compatible or undefined behavior at run time may occur.

If you understand the risks and want to override a package anyways, add the following to the command line:
	--allow-overriding px4_msgs

This may be promoted to an error in a future release of colcon-override-check.[0m
[0.484s] [34mcolcon.colcon_core.verb[0m [1;30mLevel 5[0m set package 'bringup_drone' build argument 'cmake_args' from command line to 'None'
[0.484s] [34mcolcon.colcon_core.verb[0m [1;30mLevel 5[0m set package 'bringup_drone' build argument 'cmake_target' from command line to 'None'
[0.484s] [34mcolcon.colcon_core.verb[0m [1;30mLevel 5[0m set package 'bringup_drone' build argument 'cmake_target_skip_unavailable' from command line to 'False'
[0.484s] [34mcolcon.colcon_core.verb[0m [1;30mLevel 5[0m set package 'bringup_drone' build argument 'cmake_clean_cache' from command line to 'False'
[0.484s] [34mcolcon.colcon_core.verb[0m [1;30mLevel 5[0m set package 'bringup_drone' build argument 'cmake_clean_first' from command line to 'False'
[0.484s] [34mcolcon.colcon_core.verb[0m [1;30mLevel 5[0m set package 'bringup_drone' build argument 'cmake_force_configure' from command line to 'False'
[0.484s] [34mcolcon.colcon_core.verb[0m [1;30mLevel 5[0m set package 'bringup_drone' build argument 'ament_cmake_args' from command line to 'None'
[0.484s] [34mcolcon.colcon_core.verb[0m [1;30mLevel 5[0m set package 'bringup_drone' build argument 'catkin_cmake_args' from command line to 'None'
[0.484s] [34mcolcon.colcon_core.verb[0m [1;30mLevel 5[0m set package 'bringup_drone' build argument 'catkin_skip_building_tests' from command line to 'False'
[0.484s] [34mcolcon.colcon_core.verb[0m [1;30mDEBUG[0m [32mBuilding package 'bringup_drone' with the following arguments: {'ament_cmake_args': None, 'build_base': '/home/myat/path_control_px4/build/bringup_drone', 'catkin_cmake_args': None, 'catkin_skip_building_tests': False, 'cmake_args': None, 'cmake_clean_cache': False, 'cmake_clean_first': False, 'cmake_force_configure': False, 'cmake_target': None, 'cmake_target_skip_unavailable': False, 'install_base': '/home/myat/path_control_px4/install/bringup_drone', 'merge_install': False, 'path': '/home/myat/path_control_px4/src/bringup_drone', 'symlink_install': False, 'test_result_base': None}[0m
[0.485s] [34mcolcon.colcon_core.verb[0m [1;30mLevel 5[0m set package 'px4_msgs' build argument 'cmake_args' from command line to 'None'
[0.485s] [34mcolcon.colcon_core.verb[0m [1;30mLevel 5[0m set package 'px4_msgs' build argument 'cmake_target' from command line to 'None'
[0.485s] [34mcolcon.colcon_core.verb[0m [1;30mLevel 5[0m set package 'px4_msgs' build argument 'cmake_target_skip_unavailable' from command line to 'False'
[0.485s] [34mcolcon.colcon_core.verb[0m [1;30mLevel 5[0m set package 'px4_msgs' build argument 'cmake_clean_cache' from command line to 'False'
[0.485s] [34mcolcon.colcon_core.verb[0m [1;30mLevel 5[0m set package 'px4_msgs' build argument 'cmake_clean_first' from command line to 'False'
[0.485s] [34mcolcon.colcon_core.verb[0m [1;30mLevel 5[0m set package 'px4_msgs' build argument 'cmake_force_configure' from command line to 'False'
[0.485s] [34mcolcon.colcon_core.verb[0m [1;30mLevel 5[0m set package 'px4_msgs' build argument 'ament_cmake_args' from command line to 'None'
[0.485s] [34mcolcon.colcon_core.verb[0m [1;30mLevel 5[0m set package 'px4_msgs' build argument 'catkin_cmake_args' from command line to 'None'
[0.485s] [34mcolcon.colcon_core.verb[0m [1;30mLevel 5[0m set package 'px4_msgs' build argument 'catkin_skip_building_tests' from command line to 'False'
[0.485s] [34mcolcon.colcon_core.verb[0m [1;30mDEBUG[0m [32mBuilding package 'px4_msgs' with the following arguments: {'ament_cmake_args': None, 'build_base': '/home/myat/path_control_px4/build/px4_msgs', 'catkin_cmake_args': None, 'catkin_skip_building_tests': False, 'cmake_args': None, 'cmake_clean_cache': False, 'cmake_clean_first': False, 'cmake_force_configure': False, 'cmake_target': None, 'cmake_target_skip_unavailable': False, 'install_base': '/home/myat/path_control_px4/install/px4_msgs', 'merge_install': False, 'path': '/home/myat/path_control_px4/src/px4_msgs', 'symlink_install': False, 'test_result_base': None}[0m
[0.486s] [34mcolcon.colcon_core.verb[0m [1;30mLevel 5[0m set package 'vision' build argument 'cmake_args' from command line to 'None'
[0.486s] [34mcolcon.colcon_core.verb[0m [1;30mLevel 5[0m set package 'vision' build argument 'cmake_target' from command line to 'None'
[0.486s] [34mcolcon.colcon_core.verb[0m [1;30mLevel 5[0m set package 'vision' build argument 'cmake_target_skip_unavailable' from command line to 'False'
[0.486s] [34mcolcon.colcon_core.verb[0m [1;30mLevel 5[0m set package 'vision' build argument 'cmake_clean_cache' from command line to 'False'
[0.486s] [34mcolcon.colcon_core.verb[0m [1;30mLevel 5[0m set package 'vision' build argument 'cmake_clean_first' from command line to 'False'
[0.486s] [34mcolcon.colcon_core.verb[0m [1;30mLevel 5[0m set package 'vision' build argument 'cmake_force_configure' from command line to 'False'
[0.486s] [34mcolcon.colcon_core.verb[0m [1;30mLevel 5[0m set package 'vision' build argument 'ament_cmake_args' from command line to 'None'
[0.486s] [34mcolcon.colcon_core.verb[0m [1;30mLevel 5[0m set package 'vision' build argument 'catkin_cmake_args' from command line to 'None'
[0.486s] [34mcolcon.colcon_core.verb[0m [1;30mLevel 5[0m set package 'vision' build argument 'catkin_skip_building_tests' from command line to 'False'
[0.486s] [34mcolcon.colcon_core.verb[0m [1;30mDEBUG[0m [32mBuilding package 'vision' with the following arguments: {'ament_cmake_args': None, 'build_base': '/home/myat/path_control_px4/build/vision', 'catkin_cmake_args': None, 'catkin_skip_building_tests': False, 'cmake_args': None, 'cmake_clean_cache': False, 'cmake_clean_first': False, 'cmake_force_configure': False, 'cmake_target': None, 'cmake_target_skip_unavailable': False, 'install_base': '/home/myat/path_control_px4/install/vision', 'merge_install': False, 'path': '/home/myat/path_control_px4/src/vision', 'symlink_install': False, 'test_result_base': None}[0m
[0.486s] [34mcolcon.colcon_core.verb[0m [1;30mLevel 5[0m set package 'control' build argument 'cmake_args' from command line to 'None'
[0.486s] [34mcolcon.colcon_core.verb[0m [1;30mLevel 5[0m set package 'control' build argument 'cmake_target' from command line to 'None'
[0.486s] [34mcolcon.colcon_core.verb[0m [1;30mLevel 5[0m set package 'control' build argument 'cmake_target_skip_unavailable' from command line to 'False'
[0.486s] [34mcolcon.colcon_core.verb[0m [1;30mLevel 5[0m set package 'control' build argument 'cmake_clean_cache' from command line to 'False'
[0.486s] [34mcolcon.colcon_core.verb[0m [1;30mLevel 5[0m set package 'control' build argument 'cmake_clean_first' from command line to 'False'
[0.486s] [34mcolcon.colcon_core.verb[0m [1;30mLevel 5[0m set package 'control' build argument 'cmake_force_configure' from command line to 'False'
[0.486s] [34mcolcon.colcon_core.verb[0m [1;30mLevel 5[0m set package 'control' build argument 'ament_cmake_args' from command line to 'None'
[0.486s] [34mcolcon.colcon_core.verb[0m [1;30mLevel 5[0m set package 'control' build argument 'catkin_cmake_args' from command line to 'None'
[0.486s] [34mcolcon.colcon_core.verb[0m [1;30mLevel 5[0m set package 'control' build argument 'catkin_skip_building_tests' from command line to 'False'
[0.486s] [34mcolcon.colcon_core.verb[0m [1;30mDEBUG[0m [32mBuilding package 'control' with the following arguments: {'ament_cmake_args': None, 'build_base': '/home/myat/path_control_px4/build/control', 'catkin_cmake_args': None, 'catkin_skip_building_tests': False, 'cmake_args': None, 'cmake_clean_cache': False, 'cmake_clean_first': False, 'cmake_force_configure': False, 'cmake_target': None, 'cmake_target_skip_unavailable': False, 'install_base': '/home/myat/path_control_px4/install/control', 'merge_install': False, 'path': '/home/myat/path_control_px4/src/control', 'symlink_install': False, 'test_result_base': None}[0m
[0.487s] [34mcolcon.colcon_core.executor[0m [1;30mINFO[0m Executing jobs using 'parallel' executor
[0.488s] [34mcolcon.colcon_parallel_executor.executor.parallel[0m [1;30mDEBUG[0m [32mrun_until_complete[0m
[0.488s] [34mcolcon.colcon_ros.task.ament_cmake.build[0m [1;30mINFO[0m Building ROS package in '/home/myat/path_control_px4/src/px4_msgs' with build type 'ament_cmake'
[0.488s] [34mcolcon.colcon_cmake.task.cmake.build[0m [1;30mINFO[0m Building CMake package in '/home/myat/path_control_px4/src/px4_msgs'
[0.490s] [34mcolcon.colcon_core.plugin_system[0m [1;30mINFO[0m Skipping extension 'colcon_core.shell.bat': Not used on non-Windows systems
[0.490s] [34mcolcon.colcon_core.shell[0m [1;30mINFO[0m Skip shell extension 'powershell' for command environment: Not usable outside of PowerShell
[0.490s] [34mcolcon.colcon_core.shell[0m [1;30mDEBUG[0m [32mSkip shell extension 'dsv' for command environment[0m
[0.496s] [34mcolcon.colcon_ros.task.ament_python.build[0m [1;30mINFO[0m Building ROS package in '/home/myat/path_control_px4/src/bringup_drone' with build type 'ament_python'
[0.496s] [34mcolcon.colcon_core.shell[0m [1;30mLevel 1[0m create_environment_hook('bringup_drone', 'ament_prefix_path')
[0.497s] [34mcolcon.colcon_core.shell[0m [1;30mINFO[0m Creating environment hook '/home/myat/path_control_px4/install/bringup_drone/share/bringup_drone/hook/ament_prefix_path.ps1'
[0.498s] [34mcolcon.colcon_core.shell[0m [1;30mINFO[0m Creating environment descriptor '/home/myat/path_control_px4/install/bringup_drone/share/bringup_drone/hook/ament_prefix_path.dsv'
[0.498s] [34mcolcon.colcon_core.shell[0m [1;30mINFO[0m Creating environment hook '/home/myat/path_control_px4/install/bringup_drone/share/bringup_drone/hook/ament_prefix_path.sh'
[0.499s] [34mcolcon.colcon_core.shell[0m [1;30mINFO[0m Skip shell extension 'powershell' for command environment: Not usable outside of PowerShell
[0.499s] [34mcolcon.colcon_core.shell[0m [1;30mDEBUG[0m [32mSkip shell extension 'dsv' for command environment[0m
[0.504s] [34mcolcon.colcon_ros.task.ament_cmake.build[0m [1;30mINFO[0m Building ROS package in '/home/myat/path_control_px4/src/vision' with build type 'ament_cmake'
[0.504s] [34mcolcon.colcon_cmake.task.cmake.build[0m [1;30mINFO[0m Building CMake package in '/home/myat/path_control_px4/src/vision'
[0.504s] [34mcolcon.colcon_core.shell[0m [1;30mINFO[0m Skip shell extension 'powershell' for command environment: Not usable outside of PowerShell
[0.504s] [34mcolcon.colcon_core.shell[0m [1;30mDEBUG[0m [32mSkip shell extension 'dsv' for command environment[0m
[0.514s] [34mcolcon.colcon_core.event_handler.log_command[0m [1;30mDEBUG[0m [32mInvoking command in '/home/myat/path_control_px4/build/px4_msgs': CMAKE_PREFIX_PATH=${CMAKE_PREFIX_PATH}:/home/myat/path_control_px4/install/bringup_drone:/home/myat/hex_ws/install/hexapod_description:/home/myat/hex_ws/install/hexapod_control:/home/myat/my_uav/install/vision_python:/home/myat/my_uav/install/px4_offboard:/opt/ros/humble /usr/bin/cmake --build /home/myat/path_control_px4/build/px4_msgs -- -j12 -l12[0m
[0.854s] [34mcolcon.colcon_core.task.python.build[0m [1;30mINFO[0m Building Python package in '/home/myat/path_control_px4/src/bringup_drone'
[0.854s] [34mcolcon.colcon_core.shell[0m [1;30mINFO[0m Skip shell extension 'powershell' for command environment: Not usable outside of PowerShell
[0.854s] [34mcolcon.colcon_core.shell[0m [1;30mDEBUG[0m [32mSkip shell extension 'dsv' for command environment[0m
[0.865s] [34mcolcon.colcon_core.event_handler.log_command[0m [1;30mDEBUG[0m [32mInvoking command in '/home/myat/path_control_px4/build/vision': CMAKE_PREFIX_PATH=${CMAKE_PREFIX_PATH}:/home/myat/path_control_px4/install/bringup_drone:/home/myat/hex_ws/install/hexapod_description:/home/myat/hex_ws/install/hexapod_control:/home/myat/my_uav/install/vision_python:/home/myat/my_uav/install/px4_offboard:/opt/ros/humble /usr/bin/cmake --build /home/myat/path_control_px4/build/vision -- -j12 -l12[0m
[0.974s] [34mcolcon.colcon_core.event_handler.log_command[0m [1;30mDEBUG[0m [32mInvoked command in '/home/myat/path_control_px4/build/vision' returned '0': CMAKE_PREFIX_PATH=${CMAKE_PREFIX_PATH}:/home/myat/path_control_px4/install/bringup_drone:/home/myat/hex_ws/install/hexapod_description:/home/myat/hex_ws/install/hexapod_control:/home/myat/my_uav/install/vision_python:/home/myat/my_uav/install/px4_offboard:/opt/ros/humble /usr/bin/cmake --build /home/myat/path_control_px4/build/vision -- -j12 -l12[0m
[0.986s] [34mcolcon.colcon_core.event_handler.log_command[0m [1;30mDEBUG[0m [32mInvoking command in '/home/myat/path_control_px4/build/vision': CMAKE_PREFIX_PATH=${CMAKE_PREFIX_PATH}:/home/myat/path_control_px4/install/bringup_drone:/home/myat/hex_ws/install/hexapod_description:/home/myat/hex_ws/install/hexapod_control:/home/myat/my_uav/install/vision_python:/home/myat/my_uav/install/px4_offboard:/opt/ros/humble /usr/bin/cmake --install /home/myat/path_control_px4/build/vision[0m
[1.000s] [34mcolcon.colcon_core.environment[0m [1;30mLevel 1[0m create_environment_scripts_only(vision)
[1.001s] [34mcolcon.colcon_core.event_handler.log_command[0m [1;30mDEBUG[0m [32mInvoked command in '/home/myat/path_control_px4/build/vision' returned '0': CMAKE_PREFIX_PATH=${CMAKE_PREFIX_PATH}:/home/myat/path_control_px4/install/bringup_drone:/home/myat/hex_ws/install/hexapod_description:/home/myat/hex_ws/install/hexapod_control:/home/myat/my_uav/install/vision_python:/home/myat/my_uav/install/px4_offboard:/opt/ros/humble /usr/bin/cmake --install /home/myat/path_control_px4/build/vision[0m
[1.003s] [34mcolcon.colcon_core.environment[0m [1;30mLevel 1[0m checking '/home/myat/path_control_px4/install/vision' for CMake module files
[1.004s] [34mcolcon.colcon_core.environment[0m [1;30mLevel 1[0m checking '/home/myat/path_control_px4/install/vision' for CMake config files
[1.004s] [34mcolcon.colcon_core.shell[0m [1;30mLevel 1[0m create_environment_hook('vision', 'cmake_prefix_path')
[1.004s] [34mcolcon.colcon_core.shell[0m [1;30mINFO[0m Creating environment hook '/home/myat/path_control_px4/install/vision/share/vision/hook/cmake_prefix_path.ps1'
[1.005s] [34mcolcon.colcon_core.shell[0m [1;30mINFO[0m Creating environment descriptor '/home/myat/path_control_px4/install/vision/share/vision/hook/cmake_prefix_path.dsv'
[1.005s] [34mcolcon.colcon_core.shell[0m [1;30mINFO[0m Creating environment hook '/home/myat/path_control_px4/install/vision/share/vision/hook/cmake_prefix_path.sh'
[1.005s] [34mcolcon.colcon_core.environment[0m [1;30mLevel 1[0m checking '/home/myat/path_control_px4/install/vision/lib'
[1.006s] [34mcolcon.colcon_core.environment[0m [1;30mLevel 1[0m checking '/home/myat/path_control_px4/install/vision/bin'
[1.006s] [34mcolcon.colcon_core.environment[0m [1;30mLevel 1[0m checking '/home/myat/path_control_px4/install/vision/lib/pkgconfig/vision.pc'
[1.006s] [34mcolcon.colcon_core.environment[0m [1;30mLevel 1[0m checking '/home/myat/path_control_px4/install/vision/lib/python3.10/site-packages'
[1.006s] [34mcolcon.colcon_core.environment[0m [1;30mLevel 1[0m checking '/home/myat/path_control_px4/install/vision/bin'
[1.006s] [34mcolcon.colcon_core.shell[0m [1;30mINFO[0m Creating package script '/home/myat/path_control_px4/install/vision/share/vision/package.ps1'
[1.007s] [34mcolcon.colcon_core.shell[0m [1;30mINFO[0m Creating package descriptor '/home/myat/path_control_px4/install/vision/share/vision/package.dsv'
[1.008s] [34mcolcon.colcon_core.shell[0m [1;30mINFO[0m Creating package script '/home/myat/path_control_px4/install/vision/share/vision/package.sh'
[1.008s] [34mcolcon.colcon_core.shell[0m [1;30mINFO[0m Creating package script '/home/myat/path_control_px4/install/vision/share/vision/package.bash'
[1.009s] [34mcolcon.colcon_core.shell[0m [1;30mINFO[0m Creating package script '/home/myat/path_control_px4/install/vision/share/vision/package.zsh'
[1.010s] [34mcolcon.colcon_core.environment[0m [1;30mLevel 1[0m create_file_with_runtime_dependencies(/home/myat/path_control_px4/install/vision/share/colcon-core/packages/vision)
[1.010s] [34mcolcon.colcon_core.environment[0m [1;30mLevel 1[0m create_environment_scripts_only(vision)
[1.011s] [34mcolcon.colcon_core.environment[0m [1;30mLevel 1[0m checking '/home/myat/path_control_px4/install/vision' for CMake module files
[1.011s] [34mcolcon.colcon_core.environment[0m [1;30mLevel 1[0m checking '/home/myat/path_control_px4/install/vision' for CMake config files
[1.011s] [34mcolcon.colcon_core.shell[0m [1;30mLevel 1[0m create_environment_hook('vision', 'cmake_prefix_path')
[1.012s] [34mcolcon.colcon_core.shell[0m [1;30mINFO[0m Creating environment hook '/home/myat/path_control_px4/install/vision/share/vision/hook/cmake_prefix_path.ps1'
[1.012s] [34mcolcon.colcon_core.shell[0m [1;30mINFO[0m Creating environment descriptor '/home/myat/path_control_px4/install/vision/share/vision/hook/cmake_prefix_path.dsv'
[1.013s] [34mcolcon.colcon_core.shell[0m [1;30mINFO[0m Creating environment hook '/home/myat/path_control_px4/install/vision/share/vision/hook/cmake_prefix_path.sh'
[1.013s] [34mcolcon.colcon_core.environment[0m [1;30mLevel 1[0m checking '/home/myat/path_control_px4/install/vision/lib'
[1.013s] [34mcolcon.colcon_core.environment[0m [1;30mLevel 1[0m checking '/home/myat/path_control_px4/install/vision/bin'
[1.013s] [34mcolcon.colcon_core.environment[0m [1;30mLevel 1[0m checking '/home/myat/path_control_px4/install/vision/lib/pkgconfig/vision.pc'
[1.014s] [34mcolcon.colcon_core.environment[0m [1;30mLevel 1[0m checking '/home/myat/path_control_px4/install/vision/lib/python3.10/site-packages'
[1.014s] [34mcolcon.colcon_core.environment[0m [1;30mLevel 1[0m checking '/home/myat/path_control_px4/install/vision/bin'
[1.014s] [34mcolcon.colcon_core.shell[0m [1;30mINFO[0m Creating package script '/home/myat/path_control_px4/install/vision/share/vision/package.ps1'
[1.015s] [34mcolcon.colcon_core.shell[0m [1;30mINFO[0m Creating package descriptor '/home/myat/path_control_px4/install/vision/share/vision/package.dsv'
[1.015s] [34mcolcon.colcon_core.shell[0m [1;30mINFO[0m Creating package script '/home/myat/path_control_px4/install/vision/share/vision/package.sh'
[1.016s] [34mcolcon.colcon_core.shell[0m [1;30mINFO[0m Creating package script '/home/myat/path_control_px4/install/vision/share/vision/package.bash'
[1.016s] [34mcolcon.colcon_core.shell[0m [1;30mINFO[0m Creating package script '/home/myat/path_control_px4/install/vision/share/vision/package.zsh'
[1.016s] [34mcolcon.colcon_core.environment[0m [1;30mLevel 1[0m create_file_with_runtime_dependencies(/home/myat/path_control_px4/install/vision/share/colcon-core/packages/vision)
[1.513s] [34mcolcon.colcon_core.event_handler.log_command[0m [1;30mDEBUG[0m [32mInvoking command in '/home/myat/path_control_px4/src/bringup_drone': PYTHONPATH=/home/myat/path_control_px4/build/bringup_drone/prefix_override:/usr/lib/python3/dist-packages/colcon_core/task/python/colcon_distutils_commands:/home/myat/path_control_px4/install/bringup_drone/lib/python3.10/site-packages:${PYTHONPATH} /usr/bin/python3 -W ignore:setup.py install is deprecated -W ignore:easy_install command is deprecated setup.py egg_info --egg-base ../../build/bringup_drone build --build-base /home/myat/path_control_px4/build/bringup_drone/build install --record /home/myat/path_control_px4/build/bringup_drone/install.log --single-version-externally-managed install_data[0m
[1.519s] [34mcolcon.colcon_core.event_handler.log_command[0m [1;30mDEBUG[0m [32mInvoked command in '/home/myat/path_control_px4/build/px4_msgs' returned '0': CMAKE_PREFIX_PATH=${CMAKE_PREFIX_PATH}:/home/myat/path_control_px4/install/bringup_drone:/home/myat/hex_ws/install/hexapod_description:/home/myat/hex_ws/install/hexapod_control:/home/myat/my_uav/install/vision_python:/home/myat/my_uav/install/px4_offboard:/opt/ros/humble /usr/bin/cmake --build /home/myat/path_control_px4/build/px4_msgs -- -j12 -l12[0m
[1.522s] [34mcolcon.colcon_core.event_handler.log_command[0m [1;30mDEBUG[0m [32mInvoking command in '/home/myat/path_control_px4/build/px4_msgs': CMAKE_PREFIX_PATH=${CMAKE_PREFIX_PATH}:/home/myat/path_control_px4/install/bringup_drone:/home/myat/hex_ws/install/hexapod_description:/home/myat/hex_ws/install/hexapod_control:/home/myat/my_uav/install/vision_python:/home/myat/my_uav/install/px4_offboard:/opt/ros/humble /usr/bin/cmake --install /home/myat/path_control_px4/build/px4_msgs[0m
[1.911s] [34mcolcon.colcon_core.environment[0m [1;30mLevel 1[0m create_environment_scripts_only(px4_msgs)
[1.912s] [34mcolcon.colcon_core.environment[0m [1;30mLevel 1[0m checking '/home/myat/path_control_px4/install/px4_msgs' for CMake module files
[1.912s] [34mcolcon.colcon_core.event_handler.log_command[0m [1;30mDEBUG[0m [32mInvoked command in '/home/myat/path_control_px4/build/px4_msgs' returned '0': CMAKE_PREFIX_PATH=${CMAKE_PREFIX_PATH}:/home/myat/path_control_px4/install/bringup_drone:/home/myat/hex_ws/install/hexapod_description:/home/myat/hex_ws/install/hexapod_control:/home/myat/my_uav/install/vision_python:/home/myat/my_uav/install/px4_offboard:/opt/ros/humble /usr/bin/cmake --install /home/myat/path_control_px4/build/px4_msgs[0m
[1.913s] [34mcolcon.colcon_core.environment[0m [1;30mLevel 1[0m checking '/home/myat/path_control_px4/install/px4_msgs' for CMake config files
[1.917s] [34mcolcon.colcon_core.shell[0m [1;30mLevel 1[0m create_environment_hook('px4_msgs', 'cmake_prefix_path')
[1.917s] [34mcolcon.colcon_core.shell[0m [1;30mINFO[0m Creating environment hook '/home/myat/path_control_px4/install/px4_msgs/share/px4_msgs/hook/cmake_prefix_path.ps1'
[1.918s] [34mcolcon.colcon_core.shell[0m [1;30mINFO[0m Creating environment descriptor '/home/myat/path_control_px4/install/px4_msgs/share/px4_msgs/hook/cmake_prefix_path.dsv'
[1.918s] [34mcolcon.colcon_core.shell[0m [1;30mINFO[0m Creating environment hook '/home/myat/path_control_px4/install/px4_msgs/share/px4_msgs/hook/cmake_prefix_path.sh'
[1.919s] [34mcolcon.colcon_core.environment[0m [1;30mLevel 1[0m checking '/home/myat/path_control_px4/install/px4_msgs/lib'
[1.919s] [34mcolcon.colcon_core.shell[0m [1;30mLevel 1[0m create_environment_hook('px4_msgs', 'ld_library_path_lib')
[1.919s] [34mcolcon.colcon_core.shell[0m [1;30mINFO[0m Creating environment hook '/home/myat/path_control_px4/install/px4_msgs/share/px4_msgs/hook/ld_library_path_lib.ps1'
[1.920s] [34mcolcon.colcon_core.shell[0m [1;30mINFO[0m Creating environment descriptor '/home/myat/path_control_px4/install/px4_msgs/share/px4_msgs/hook/ld_library_path_lib.dsv'
[1.920s] [34mcolcon.colcon_core.shell[0m [1;30mINFO[0m Creating environment hook '/home/myat/path_control_px4/install/px4_msgs/share/px4_msgs/hook/ld_library_path_lib.sh'
[1.921s] [34mcolcon.colcon_core.environment[0m [1;30mLevel 1[0m checking '/home/myat/path_control_px4/install/px4_msgs/bin'
[1.921s] [34mcolcon.colcon_core.environment[0m [1;30mLevel 1[0m checking '/home/myat/path_control_px4/install/px4_msgs/lib/pkgconfig/px4_msgs.pc'
[1.921s] [34mcolcon.colcon_core.environment[0m [1;30mLevel 1[0m checking '/home/myat/path_control_px4/install/px4_msgs/lib/python3.10/site-packages'
[1.921s] [34mcolcon.colcon_core.environment[0m [1;30mLevel 1[0m checking '/home/myat/path_control_px4/install/px4_msgs/bin'
[1.921s] [34mcolcon.colcon_core.shell[0m [1;30mINFO[0m Creating package script '/home/myat/path_control_px4/install/px4_msgs/share/px4_msgs/package.ps1'
[1.922s] [34mcolcon.colcon_core.shell[0m [1;30mINFO[0m Creating package descriptor '/home/myat/path_control_px4/install/px4_msgs/share/px4_msgs/package.dsv'
[1.922s] [34mcolcon.colcon_core.shell[0m [1;30mINFO[0m Creating package script '/home/myat/path_control_px4/install/px4_msgs/share/px4_msgs/package.sh'
[1.923s] [34mcolcon.colcon_core.shell[0m [1;30mINFO[0m Creating package script '/home/myat/path_control_px4/install/px4_msgs/share/px4_msgs/package.bash'
[1.923s] [34mcolcon.colcon_core.shell[0m [1;30mINFO[0m Creating package script '/home/myat/path_control_px4/install/px4_msgs/share/px4_msgs/package.zsh'
[1.924s] [34mcolcon.colcon_core.environment[0m [1;30mLevel 1[0m create_file_with_runtime_dependencies(/home/myat/path_control_px4/install/px4_msgs/share/colcon-core/packages/px4_msgs)
[1.925s] [34mcolcon.colcon_core.environment[0m [1;30mLevel 1[0m create_environment_scripts_only(px4_msgs)
[1.925s] [34mcolcon.colcon_core.environment[0m [1;30mLevel 1[0m checking '/home/myat/path_control_px4/install/px4_msgs' for CMake module files
[1.925s] [34mcolcon.colcon_core.environment[0m [1;30mLevel 1[0m checking '/home/myat/path_control_px4/install/px4_msgs' for CMake config files
[1.930s] [34mcolcon.colcon_core.shell[0m [1;30mLevel 1[0m create_environment_hook('px4_msgs', 'cmake_prefix_path')
[1.930s] [34mcolcon.colcon_core.shell[0m [1;30mINFO[0m Creating environment hook '/home/myat/path_control_px4/install/px4_msgs/share/px4_msgs/hook/cmake_prefix_path.ps1'
[1.931s] [34mcolcon.colcon_core.shell[0m [1;30mINFO[0m Creating environment descriptor '/home/myat/path_control_px4/install/px4_msgs/share/px4_msgs/hook/cmake_prefix_path.dsv'
[1.931s] [34mcolcon.colcon_core.shell[0m [1;30mINFO[0m Creating environment hook '/home/myat/path_control_px4/install/px4_msgs/share/px4_msgs/hook/cmake_prefix_path.sh'
[1.932s] [34mcolcon.colcon_core.environment[0m [1;30mLevel 1[0m checking '/home/myat/path_control_px4/install/px4_msgs/lib'
[1.932s] [34mcolcon.colcon_core.shell[0m [1;30mLevel 1[0m create_environment_hook('px4_msgs', 'ld_library_path_lib')
[1.932s] [34mcolcon.colcon_core.shell[0m [1;30mINFO[0m Creating environment hook '/home/myat/path_control_px4/install/px4_msgs/share/px4_msgs/hook/ld_library_path_lib.ps1'
[1.932s] [34mcolcon.colcon_core.shell[0m [1;30mINFO[0m Creating environment descriptor '/home/myat/path_control_px4/install/px4_msgs/share/px4_msgs/hook/ld_library_path_lib.dsv'
[1.933s] [34mcolcon.colcon_core.shell[0m [1;30mINFO[0m Creating environment hook '/home/myat/path_control_px4/install/px4_msgs/share/px4_msgs/hook/ld_library_path_lib.sh'
[1.933s] [34mcolcon.colcon_core.environment[0m [1;30mLevel 1[0m checking '/home/myat/path_control_px4/install/px4_msgs/bin'
[1.933s] [34mcolcon.colcon_core.environment[0m [1;30mLevel 1[0m checking '/home/myat/path_control_px4/install/px4_msgs/lib/pkgconfig/px4_msgs.pc'
[1.933s] [34mcolcon.colcon_core.environment[0m [1;30mLevel 1[0m checking '/home/myat/path_control_px4/install/px4_msgs/lib/python3.10/site-packages'
[1.933s] [34mcolcon.colcon_core.environment[0m [1;30mLevel 1[0m checking '/home/myat/path_control_px4/install/px4_msgs/bin'
[1.934s] [34mcolcon.colcon_core.shell[0m [1;30mINFO[0m Creating package script '/home/myat/path_control_px4/install/px4_msgs/share/px4_msgs/package.ps1'
[1.935s] [34mcolcon.colcon_core.shell[0m [1;30mINFO[0m Creating package descriptor '/home/myat/path_control_px4/install/px4_msgs/share/px4_msgs/package.dsv'
[1.935s] [34mcolcon.colcon_core.shell[0m [1;30mINFO[0m Creating package script '/home/myat/path_control_px4/install/px4_msgs/share/px4_msgs/package.sh'
[1.936s] [34mcolcon.colcon_core.shell[0m [1;30mINFO[0m Creating package script '/home/myat/path_control_px4/install/px4_msgs/share/px4_msgs/package.bash'
[1.936s] [34mcolcon.colcon_core.shell[0m [1;30mINFO[0m Creating package script '/home/myat/path_control_px4/install/px4_msgs/share/px4_msgs/package.zsh'
[1.937s] [34mcolcon.colcon_core.environment[0m [1;30mLevel 1[0m create_file_with_runtime_dependencies(/home/myat/path_control_px4/install/px4_msgs/share/colcon-core/packages/px4_msgs)
[1.937s] [34mcolcon.colcon_ros.task.ament_cmake.build[0m [1;30mINFO[0m Building ROS package in '/home/myat/path_control_px4/src/control' with build type 'ament_cmake'
[1.937s] [34mcolcon.colcon_cmake.task.cmake.build[0m [1;30mINFO[0m Building CMake package in '/home/myat/path_control_px4/src/control'
[1.938s] [34mcolcon.colcon_core.shell[0m [1;30mINFO[0m Skip shell extension 'powershell' for command environment: Not usable outside of PowerShell
[1.938s] [34mcolcon.colcon_core.shell[0m [1;30mDEBUG[0m [32mSkip shell extension 'dsv' for command environment[0m
[1.948s] [34mcolcon.colcon_core.environment[0m [1;30mLevel 1[0m checking '/home/myat/path_control_px4/install/bringup_drone' for CMake module files
[1.949s] [34mcolcon.colcon_core.event_handler.log_command[0m [1;30mDEBUG[0m [32mInvoked command in '/home/myat/path_control_px4/src/bringup_drone' returned '0': PYTHONPATH=/home/myat/path_control_px4/build/bringup_drone/prefix_override:/usr/lib/python3/dist-packages/colcon_core/task/python/colcon_distutils_commands:/home/myat/path_control_px4/install/bringup_drone/lib/python3.10/site-packages:${PYTHONPATH} /usr/bin/python3 -W ignore:setup.py install is deprecated -W ignore:easy_install command is deprecated setup.py egg_info --egg-base ../../build/bringup_drone build --build-base /home/myat/path_control_px4/build/bringup_drone/build install --record /home/myat/path_control_px4/build/bringup_drone/install.log --single-version-externally-managed install_data[0m
[1.950s] [34mcolcon.colcon_core.environment[0m [1;30mLevel 1[0m checking '/home/myat/path_control_px4/install/bringup_drone' for CMake config files
[1.950s] [34mcolcon.colcon_core.environment[0m [1;30mLevel 1[0m checking '/home/myat/path_control_px4/install/bringup_drone/lib'
[1.950s] [34mcolcon.colcon_core.environment[0m [1;30mLevel 1[0m checking '/home/myat/path_control_px4/install/bringup_drone/bin'
[1.950s] [34mcolcon.colcon_core.environment[0m [1;30mLevel 1[0m checking '/home/myat/path_control_px4/install/bringup_drone/lib/pkgconfig/bringup_drone.pc'
[1.950s] [34mcolcon.colcon_core.environment[0m [1;30mLevel 1[0m checking '/home/myat/path_control_px4/install/bringup_drone/lib/python3.10/site-packages'
[1.950s] [34mcolcon.colcon_core.shell[0m [1;30mLevel 1[0m create_environment_hook('bringup_drone', 'pythonpath')
[1.951s] [34mcolcon.colcon_core.shell[0m [1;30mINFO[0m Creating environment hook '/home/myat/path_control_px4/install/bringup_drone/share/bringup_drone/hook/pythonpath.ps1'
[1.951s] [34mcolcon.colcon_core.shell[0m [1;30mINFO[0m Creating environment descriptor '/home/myat/path_control_px4/install/bringup_drone/share/bringup_drone/hook/pythonpath.dsv'
[1.952s] [34mcolcon.colcon_core.shell[0m [1;30mINFO[0m Creating environment hook '/home/myat/path_control_px4/install/bringup_drone/share/bringup_drone/hook/pythonpath.sh'
[1.952s] [34mcolcon.colcon_core.environment[0m [1;30mLevel 1[0m checking '/home/myat/path_control_px4/install/bringup_drone/bin'
[1.952s] [34mcolcon.colcon_core.environment[0m [1;30mLevel 1[0m create_environment_scripts_only(bringup_drone)
[1.952s] [34mcolcon.colcon_core.shell[0m [1;30mINFO[0m Creating package script '/home/myat/path_control_px4/install/bringup_drone/share/bringup_drone/package.ps1'
[1.953s] [34mcolcon.colcon_core.shell[0m [1;30mINFO[0m Creating package descriptor '/home/myat/path_control_px4/install/bringup_drone/share/bringup_drone/package.dsv'
[1.953s] [34mcolcon.colcon_core.shell[0m [1;30mINFO[0m Creating package script '/home/myat/path_control_px4/install/bringup_drone/share/bringup_drone/package.sh'
[1.954s] [34mcolcon.colcon_core.shell[0m [1;30mINFO[0m Creating package script '/home/myat/path_control_px4/install/bringup_drone/share/bringup_drone/package.bash'
[1.954s] [34mcolcon.colcon_core.shell[0m [1;30mINFO[0m Creating package script '/home/myat/path_control_px4/install/bringup_drone/share/bringup_drone/package.zsh'
[1.954s] [34mcolcon.colcon_core.environment[0m [1;30mLevel 1[0m create_file_with_runtime_dependencies(/home/myat/path_control_px4/install/bringup_drone/share/colcon-core/packages/bringup_drone)
[1.959s] [34mcolcon.colcon_core.event_handler.log_command[0m [1;30mDEBUG[0m [32mInvoking command in '/home/myat/path_control_px4/build/control': CMAKE_PREFIX_PATH=/home/myat/path_control_px4/install/px4_msgs:/home/myat/path_control_px4/install/vision:/home/myat/path_control_px4/install/control:/home/myat/my_ws/install/ros2sysmon:/home/myat/my_ws/install/ros2_controllers:/home/myat/my_ws/install/ign_ros2_control_demos:/home/myat/my_ws/install/ign_ros2_control:/home/myat/my_ws/install/gz_ros2_control_tests:/home/myat/my_ws/install/gz_ros2_control_demos:/home/myat/my_ws/install/gz_ros2_control:/home/myat/my_uav/install/vision_cpp:/home/myat/my_uav/install/control_cpp:/home/myat/my_uav/install/px4_msgs:/home/myat/path_control_px4/install/bringup_drone:/home/myat/hex_ws/install/hexapod_description:/home/myat/hex_ws/install/hexapod_control:/home/myat/my_uav/install/vision_python:/home/myat/my_uav/install/px4_offboard:/opt/ros/humble /usr/bin/cmake --build /home/myat/path_control_px4/build/control -- -j12 -l12[0m
[19.540s] [34mcolcon.colcon_core.event_handler.log_command[0m [1;30mDEBUG[0m [32mInvoked command in '/home/myat/path_control_px4/build/control' returned '0': CMAKE_PREFIX_PATH=/home/myat/path_control_px4/install/px4_msgs:/home/myat/path_control_px4/install/vision:/home/myat/path_control_px4/install/control:/home/myat/my_ws/install/ros2sysmon:/home/myat/my_ws/install/ros2_controllers:/home/myat/my_ws/install/ign_ros2_control_demos:/home/myat/my_ws/install/ign_ros2_control:/home/myat/my_ws/install/gz_ros2_control_tests:/home/myat/my_ws/install/gz_ros2_control_demos:/home/myat/my_ws/install/gz_ros2_control:/home/myat/my_uav/install/vision_cpp:/home/myat/my_uav/install/control_cpp:/home/myat/my_uav/install/px4_msgs:/home/myat/path_control_px4/install/bringup_drone:/home/myat/hex_ws/install/hexapod_description:/home/myat/hex_ws/install/hexapod_control:/home/myat/my_uav/install/vision_python:/home/myat/my_uav/install/px4_offboard:/opt/ros/humble /usr/bin/cmake --build /home/myat/path_control_px4/build/control -- -j12 -l12[0m
[19.542s] [34mcolcon.colcon_core.event_handler.log_command[0m [1;30mDEBUG[0m [32mInvoking command in '/home/myat/path_control_px4/build/control': CMAKE_PREFIX_PATH=/home/myat/path_control_px4/install/px4_msgs:/home/myat/path_control_px4/install/vision:/home/myat/path_control_px4/install/control:/home/myat/my_ws/install/ros2sysmon:/home/myat/my_ws/install/ros2_controllers:/home/myat/my_ws/install/ign_ros2_control_demos:/home/myat/my_ws/install/ign_ros2_control:/home/myat/my_ws/install/gz_ros2_control_tests:/home/myat/my_ws/install/gz_ros2_control_demos:/home/myat/my_ws/install/gz_ros2_control:/home/myat/my_uav/install/vision_cpp:/home/myat/my_uav/install/control_cpp:/home/myat/my_uav/install/px4_msgs:/home/myat/path_control_px4/install/bringup_drone:/home/myat/hex_ws/install/hexapod_description:/home/myat/hex_ws/install/hexapod_control:/home/myat/my_uav/install/vision_python:/home/myat/my_uav/install/px4_offboard:/opt/ros/humble /usr/bin/cmake --install /home/myat/path_control_px4/build/control[0m
[19.569s] [34mcolcon.colcon_core.environment[0m [1;30mLevel 1[0m create_environment_scripts_only(control)
[19.570s] [34mcolcon.colcon_core.environment[0m [1;30mLevel 1[0m checking '/home/myat/path_control_px4/install/control' for CMake module files
[19.571s] [34mcolcon.colcon_core.event_handler.log_command[0m [1;30mDEBUG[0m [32mInvoked command in '/home/myat/path_control_px4/build/control' returned '0': CMAKE_PREFIX_PATH=/home/myat/path_control_px4/install/px4_msgs:/home/myat/path_control_px4/install/vision:/home/myat/path_control_px4/install/control:/home/myat/my_ws/install/ros2sysmon:/home/myat/my_ws/install/ros2_controllers:/home/myat/my_ws/install/ign_ros2_control_demos:/home/myat/my_ws/install/ign_ros2_control:/home/myat/my_ws/install/gz_ros2_control_tests:/home/myat/my_ws/install/gz_ros2_control_demos:/home/myat/my_ws/install/gz_ros2_control:/home/myat/my_uav/install/vision_cpp:/home/myat/my_uav/install/control_cpp:/home/myat/my_uav/install/px4_msgs:/home/myat/path_control_px4/install/bringup_drone:/home/myat/hex_ws/install/hexapod_description:/home/myat/hex_ws/install/hexapod_control:/home/myat/my_uav/install/vision_python:/home/myat/my_uav/install/px4_offboard:/opt/ros/humble /usr/bin/cmake --install /home/myat/path_control_px4/build/control[0m
[19.571s] [34mcolcon.colcon_core.environment[0m [1;30mLevel 1[0m checking '/home/myat/path_control_px4/install/control' for CMake config files
[19.571s] [34mcolcon.colcon_core.shell[0m [1;30mLevel 1[0m create_environment_hook('control', 'cmake_prefix_path')
[19.571s] [34mcolcon.colcon_core.shell[0m [1;30mINFO[0m Creating environment hook '/home/myat/path_control_px4/install/control/share/control/hook/cmake_prefix_path.ps1'
[19.572s] [34mcolcon.colcon_core.shell[0m [1;30mINFO[0m Creating environment descriptor '/home/myat/path_control_px4/install/control/share/control/hook/cmake_prefix_path.dsv'
[19.572s] [34mcolcon.colcon_core.shell[0m [1;30mINFO[0m Creating environment hook '/home/myat/path_control_px4/install/control/share/control/hook/cmake_prefix_path.sh'
[19.573s] [34mcolcon.colcon_core.environment[0m [1;30mLevel 1[0m checking '/home/myat/path_control_px4/install/control/lib'
[19.573s] [34mcolcon.colcon_core.environment[0m [1;30mLevel 1[0m checking '/home/myat/path_control_px4/install/control/bin'
[19.573s] [34mcolcon.colcon_core.environment[0m [1;30mLevel 1[0m checking '/home/myat/path_control_px4/install/control/lib/pkgconfig/control.pc'
[19.573s] [34mcolcon.colcon_core.environment[0m [1;30mLevel 1[0m checking '/home/myat/path_control_px4/install/control/lib/python3.10/site-packages'
[19.573s] [34mcolcon.colcon_core.environment[0m [1;30mLevel 1[0m checking '/home/myat/path_control_px4/install/control/bin'
[19.574s] [34mcolcon.colcon_core.shell[0m [1;30mINFO[0m Creating package script '/home/myat/path_control_px4/install/control/share/control/package.ps1'
[19.574s] [34mcolcon.colcon_core.shell[0m [1;30mINFO[0m Creating package descriptor '/home/myat/path_control_px4/install/control/share/control/package.dsv'
[19.574s] [34mcolcon.colcon_core.shell[0m [1;30mINFO[0m Creating package script '/home/myat/path_control_px4/install/control/share/control/package.sh'
[19.575s] [34mcolcon.colcon_core.shell[0m [1;30mINFO[0m Creating package script '/home/myat/path_control_px4/install/control/share/control/package.bash'
[19.575s] [34mcolcon.colcon_core.shell[0m [1;30mINFO[0m Creating package script '/home/myat/path_control_px4/install/control/share/control/package.zsh'
[19.575s] [34mcolcon.colcon_core.environment[0m [1;30mLevel 1[0m create_file_with_runtime_dependencies(/home/myat/path_control_px4/install/control/share/colcon-core/packages/control)
[19.576s] [34mcolcon.colcon_core.environment[0m [1;30mLevel 1[0m create_environment_scripts_only(control)
[19.576s] [34mcolcon.colcon_core.environment[0m [1;30mLevel 1[0m checking '/home/myat/path_control_px4/install/control' for CMake module files
[19.576s] [34mcolcon.colcon_core.environment[0m [1;30mLevel 1[0m checking '/home/myat/path_control_px4/install/control' for CMake config files
[19.577s] [34mcolcon.colcon_core.shell[0m [1;30mLevel 1[0m create_environment_hook('control', 'cmake_prefix_path')
[19.577s] [34mcolcon.colcon_core.shell[0m [1;30mINFO[0m Creating environment hook '/home/myat/path_control_px4/install/control/share/control/hook/cmake_prefix_path.ps1'
[19.578s] [34mcolcon.colcon_core.shell[0m [1;30mINFO[0m Creating environment descriptor '/home/myat/path_control_px4/install/control/share/control/hook/cmake_prefix_path.dsv'
[19.578s] [34mcolcon.colcon_core.shell[0m [1;30mINFO[0m Creating environment hook '/home/myat/path_control_px4/install/control/share/control/hook/cmake_prefix_path.sh'
[19.579s] [34mcolcon.colcon_core.environment[0m [1;30mLevel 1[0m checking '/home/myat/path_control_px4/install/control/lib'
[19.579s] [34mcolcon.colcon_core.environment[0m [1;30mLevel 1[0m checking '/home/myat/path_control_px4/install/control/bin'
[19.579s] [34mcolcon.colcon_core.environment[0m [1;30mLevel 1[0m checking '/home/myat/path_control_px4/install/control/lib/pkgconfig/control.pc'
[19.579s] [34mcolcon.colcon_core.environment[0m [1;30mLevel 1[0m checking '/home/myat/path_control_px4/install/control/lib/python3.10/site-packages'
[19.579s] [34mcolcon.colcon_core.environment[0m [1;30mLevel 1[0m checking '/home/myat/path_control_px4/install/control/bin'
[19.579s] [34mcolcon.colcon_core.shell[0m [1;30mINFO[0m Creating package script '/home/myat/path_control_px4/install/control/share/control/package.ps1'
[19.580s] [34mcolcon.colcon_core.shell[0m [1;30mINFO[0m Creating package descriptor '/home/myat/path_control_px4/install/control/share/control/package.dsv'
[19.580s] [34mcolcon.colcon_core.shell[0m [1;30mINFO[0m Creating package script '/home/myat/path_control_px4/install/control/share/control/package.sh'
[19.581s] [34mcolcon.colcon_core.shell[0m [1;30mINFO[0m Creating package script '/home/myat/path_control_px4/install/control/share/control/package.bash'
[19.581s] [34mcolcon.colcon_core.shell[0m [1;30mINFO[0m Creating package script '/home/myat/path_control_px4/install/control/share/control/package.zsh'
[19.581s] [34mcolcon.colcon_core.environment[0m [1;30mLevel 1[0m create_file_with_runtime_dependencies(/home/myat/path_control_px4/install/control/share/colcon-core/packages/control)
[19.582s] [34mcolcon.colcon_parallel_executor.executor.parallel[0m [1;30mDEBUG[0m [32mclosing loop[0m
[19.582s] [34mcolcon.colcon_parallel_executor.executor.parallel[0m [1;30mDEBUG[0m [32mloop closed[0m
[19.582s] [34mcolcon.colcon_parallel_executor.executor.parallel[0m [1;30mDEBUG[0m [32mrun_until_complete finished with '0'[0m
[19.582s] [34mcolcon.colcon_core.event_reactor[0m [1;30mDEBUG[0m [32mjoining thread[0m
[19.588s] [34mcolcon.colcon_core.plugin_system[0m [1;30mINFO[0m Skipping extension 'colcon_notification.desktop_notification.terminal_notifier': Not used on non-Darwin systems
[19.588s] [34mcolcon.colcon_core.plugin_system[0m [1;30mINFO[0m Skipping extension 'colcon_notification.desktop_notification.win32': Not used on non-Windows systems
[19.588s] [34mcolcon.colcon_notification.desktop_notification[0m [1;30mINFO[0m Sending desktop notification using 'notify2'
[19.599s] [34mcolcon.colcon_core.event_reactor[0m [1;30mDEBUG[0m [32mjoined thread[0m
[19.600s] [34mcolcon.colcon_core.shell[0m [1;30mINFO[0m Creating prefix script '/home/myat/path_control_px4/install/local_setup.ps1'
[19.601s] [34mcolcon.colcon_core.shell[0m [1;30mINFO[0m Creating prefix util module '/home/myat/path_control_px4/install/_local_setup_util_ps1.py'
[19.602s] [34mcolcon.colcon_core.shell[0m [1;30mINFO[0m Creating prefix chain script '/home/myat/path_control_px4/install/setup.ps1'
[19.604s] [34mcolcon.colcon_core.shell[0m [1;30mINFO[0m Creating prefix script '/home/myat/path_control_px4/install/local_setup.sh'
[19.604s] [34mcolcon.colcon_core.shell[0m [1;30mINFO[0m Creating prefix util module '/home/myat/path_control_px4/install/_local_setup_util_sh.py'
[19.605s] [34mcolcon.colcon_core.shell[0m [1;30mINFO[0m Creating prefix chain script '/home/myat/path_control_px4/install/setup.sh'
[19.607s] [34mcolcon.colcon_core.shell[0m [1;30mINFO[0m Creating prefix script '/home/myat/path_control_px4/install/local_setup.bash'
[19.607s] [34mcolcon.colcon_core.shell[0m [1;30mINFO[0m Creating prefix chain script '/home/myat/path_control_px4/install/setup.bash'
[19.608s] [34mcolcon.colcon_core.shell[0m [1;30mINFO[0m Creating prefix script '/home/myat/path_control_px4/install/local_setup.zsh'
[19.609s] [34mcolcon.colcon_core.shell[0m [1;30mINFO[0m Creating prefix chain script '/home/myat/path_control_px4/install/setup.zsh'
