[0.264s] Invoking command in '/home/myat/path_control_px4/build/control': CMAKE_PREFIX_PATH=${CMAKE_PREFIX_PATH}:/home/myat/path_control_px4/install/bringup_drone:/home/myat/hex_ws/install/hexapod_description:/home/myat/hex_ws/install/hexapod_control:/home/myat/my_uav/install/vision_python:/home/myat/my_uav/install/px4_offboard:/opt/ros/humble /usr/bin/cmake /home/myat/path_control_px4/src/control -DCMAKE_INSTALL_PREFIX=/home/myat/path_control_px4/install/control
[0.400s] -- The C compiler identification is GNU 11.4.0
[0.506s] -- The CXX compiler identification is GNU 11.4.0
[0.517s] -- Detecting C compiler ABI info
[0.587s] -- Detecting C compiler ABI info - done
[0.592s] -- Check for working C compiler: /usr/bin/cc - skipped
[0.593s] -- Detecting C compile features
[0.593s] -- Detecting C compile features - done
[0.596s] -- Detecting CXX compiler ABI info
[0.670s] -- Detecting CXX compiler ABI info - done
[0.676s] -- Check for working CXX compiler: /usr/bin/c++ - skipped
[0.676s] -- Detecting CXX compile features
[0.677s] -- Detecting CXX compile features - done
[0.696s] -- Found ament_cmake: 1.3.11 (/opt/ros/humble/share/ament_cmake/cmake)
[0.864s] -- Found Python3: /usr/bin/python3 (found version "3.10.12") found components: Interpreter 
[0.986s] -- Found rclcpp: 16.0.11 (/opt/ros/humble/share/rclcpp/cmake)
[1.068s] -- Found rosidl_generator_c: 3.1.6 (/opt/ros/humble/share/rosidl_generator_c/cmake)
[1.077s] -- Found rosidl_adapter: 3.1.6 (/opt/ros/humble/share/rosidl_adapter/cmake)
[1.092s] -- Found rosidl_generator_cpp: 3.1.6 (/opt/ros/humble/share/rosidl_generator_cpp/cmake)
[1.113s] -- Using all available rosidl_typesupport_c: rosidl_typesupport_fastrtps_c;rosidl_typesupport_introspection_c
[1.138s] -- Using all available rosidl_typesupport_cpp: rosidl_typesupport_fastrtps_cpp;rosidl_typesupport_introspection_cpp
[1.211s] -- Found rmw_implementation_cmake: 6.1.2 (/opt/ros/humble/share/rmw_implementation_cmake/cmake)
[1.217s] -- Found rmw_fastrtps_cpp: 6.2.7 (/opt/ros/humble/share/rmw_fastrtps_cpp/cmake)
[1.342s] -- Found OpenSSL: /usr/lib/x86_64-linux-gnu/libcrypto.so (found version "3.0.2")  
[1.375s] -- Found FastRTPS: /opt/ros/humble/include  
[1.422s] -- Using RMW implementation 'rmw_fastrtps_cpp' as default
[1.439s] -- Looking for pthread.h
[1.507s] -- Looking for pthread.h - found
[1.508s] -- Performing Test CMAKE_HAVE_LIBC_PTHREAD
[1.575s] -- Performing Test CMAKE_HAVE_LIBC_PTHREAD - Success
[1.575s] -- Found Threads: TRUE  
[1.645s] -- Found geometry_msgs: 4.2.4 (/opt/ros/humble/share/geometry_msgs/cmake)
[1.660s] -- Found px4_msgs: 2.0.1 (/home/myat/path_control_px4/install/px4_msgs/share/px4_msgs/cmake)
[1.679s] -- Found tf2: 0.25.12 (/opt/ros/humble/share/tf2/cmake)
[1.698s] -- Found tf2_ros: 0.25.16 (/opt/ros/humble/share/tf2_ros/cmake)
[1.811s] -- Found tf2_geometry_msgs: 0.25.12 (/opt/ros/humble/share/tf2_geometry_msgs/cmake)
[1.838s] -- Found eigen3_cmake_module: 0.1.1 (/opt/ros/humble/share/eigen3_cmake_module/cmake)
[1.839s] -- Found Eigen3: TRUE (found version "3.4.0") 
[1.840s] -- Ensuring Eigen3 include directory is part of orocos-kdl CMake target
[1.845s] -- Found visualization_msgs: 4.9.0 (/opt/ros/humble/share/visualization_msgs/cmake)
[1.887s] -- Found nav_msgs: 4.9.0 (/opt/ros/humble/share/nav_msgs/cmake)
[1.913s] -- Found ament_lint_auto: 0.12.11 (/opt/ros/humble/share/ament_lint_auto/cmake)
[1.998s] -- Added test 'cppcheck' to perform static code analysis on C / C++ code
[1.999s] -- Configured cppcheck include dirs: 
[1.999s] -- Configured cppcheck exclude dirs and/or files: 
[2.000s] -- Added test 'lint_cmake' to check CMake code style
[2.002s] -- Added test 'uncrustify' to check C / C++ code style
[2.002s] -- Configured uncrustify additional arguments: 
[2.003s] -- Added test 'xmllint' to check XML markup files
[2.005s] -- Configuring done
[2.028s] -- Generating done
[2.035s] -- Build files have been written to: /home/myat/path_control_px4/build/control
[2.047s] Invoked command in '/home/myat/path_control_px4/build/control' returned '0': CMAKE_PREFIX_PATH=${CMAKE_PREFIX_PATH}:/home/myat/path_control_px4/install/bringup_drone:/home/myat/hex_ws/install/hexapod_description:/home/myat/hex_ws/install/hexapod_control:/home/myat/my_uav/install/vision_python:/home/myat/my_uav/install/px4_offboard:/opt/ros/humble /usr/bin/cmake /home/myat/path_control_px4/src/control -DCMAKE_INSTALL_PREFIX=/home/myat/path_control_px4/install/control
[2.048s] Invoking command in '/home/myat/path_control_px4/build/control': CMAKE_PREFIX_PATH=${CMAKE_PREFIX_PATH}:/home/myat/path_control_px4/install/bringup_drone:/home/myat/hex_ws/install/hexapod_description:/home/myat/hex_ws/install/hexapod_control:/home/myat/my_uav/install/vision_python:/home/myat/my_uav/install/px4_offboard:/opt/ros/humble /usr/bin/cmake --build /home/myat/path_control_px4/build/control -- -j12 -l12
[2.098s] [ 50%] [32mBuilding CXX object CMakeFiles/tf_node.dir/src/tf_node.cpp.o[0m
[2.098s] [ 50%] [32mBuilding CXX object CMakeFiles/trajectory_fly.dir/src/trajectory_fly.cpp.o[0m
[2.098s] [ 50%] [32mBuilding CXX object CMakeFiles/px4_visualizer.dir/src/px4_visualizer.cpp.o[0m
[9.429s] [ 66%] [32m[1mLinking CXX executable tf_node[0m
[9.893s] [ 66%] Built target tf_node
[12.791s] [ 83%] [32m[1mLinking CXX executable trajectory_fly[0m
[13.363s] [ 83%] Built target trajectory_fly
[14.329s] [100%] [32m[1mLinking CXX executable px4_visualizer[0m
[14.929s] [100%] Built target px4_visualizer
[14.956s] Invoked command in '/home/myat/path_control_px4/build/control' returned '0': CMAKE_PREFIX_PATH=${CMAKE_PREFIX_PATH}:/home/myat/path_control_px4/install/bringup_drone:/home/myat/hex_ws/install/hexapod_description:/home/myat/hex_ws/install/hexapod_control:/home/myat/my_uav/install/vision_python:/home/myat/my_uav/install/px4_offboard:/opt/ros/humble /usr/bin/cmake --build /home/myat/path_control_px4/build/control -- -j12 -l12
[14.966s] Invoking command in '/home/myat/path_control_px4/build/control': CMAKE_PREFIX_PATH=${CMAKE_PREFIX_PATH}:/home/myat/path_control_px4/install/bringup_drone:/home/myat/hex_ws/install/hexapod_description:/home/myat/hex_ws/install/hexapod_control:/home/myat/my_uav/install/vision_python:/home/myat/my_uav/install/px4_offboard:/opt/ros/humble /usr/bin/cmake --install /home/myat/path_control_px4/build/control
[14.973s] -- Install configuration: ""
[14.973s] -- Installing: /home/myat/path_control_px4/install/control/lib/control/tf_node
[14.977s] -- Set runtime path of "/home/myat/path_control_px4/install/control/lib/control/tf_node" to ""
[14.977s] -- Installing: /home/myat/path_control_px4/install/control/lib/control/trajectory_fly
[14.982s] -- Set runtime path of "/home/myat/path_control_px4/install/control/lib/control/trajectory_fly" to ""
[14.982s] -- Installing: /home/myat/path_control_px4/install/control/share/ament_index/resource_index/package_run_dependencies/control
[14.982s] -- Installing: /home/myat/path_control_px4/install/control/share/ament_index/resource_index/parent_prefix_path/control
[14.982s] -- Installing: /home/myat/path_control_px4/install/control/share/control/environment/ament_prefix_path.sh
[14.983s] -- Installing: /home/myat/path_control_px4/install/control/share/control/environment/ament_prefix_path.dsv
[14.983s] -- Installing: /home/myat/path_control_px4/install/control/share/control/environment/path.sh
[14.983s] -- Installing: /home/myat/path_control_px4/install/control/share/control/environment/path.dsv
[14.983s] -- Installing: /home/myat/path_control_px4/install/control/share/control/local_setup.bash
[14.983s] -- Installing: /home/myat/path_control_px4/install/control/share/control/local_setup.sh
[14.983s] -- Installing: /home/myat/path_control_px4/install/control/share/control/local_setup.zsh
[14.983s] -- Installing: /home/myat/path_control_px4/install/control/share/control/local_setup.dsv
[14.983s] -- Installing: /home/myat/path_control_px4/install/control/share/control/package.dsv
[14.983s] -- Installing: /home/myat/path_control_px4/install/control/share/ament_index/resource_index/packages/control
[14.984s] -- Installing: /home/myat/path_control_px4/install/control/share/control/cmake/controlConfig.cmake
[14.984s] -- Installing: /home/myat/path_control_px4/install/control/share/control/cmake/controlConfig-version.cmake
[14.984s] -- Installing: /home/myat/path_control_px4/install/control/share/control/package.xml
[14.987s] Invoked command in '/home/myat/path_control_px4/build/control' returned '0': CMAKE_PREFIX_PATH=${CMAKE_PREFIX_PATH}:/home/myat/path_control_px4/install/bringup_drone:/home/myat/hex_ws/install/hexapod_description:/home/myat/hex_ws/install/hexapod_control:/home/myat/my_uav/install/vision_python:/home/myat/my_uav/install/px4_offboard:/opt/ros/humble /usr/bin/cmake --install /home/myat/path_control_px4/build/control
