[0.324s] Invoking command in '/home/myat/path_control_px4/build/vision': CMAKE_PREFIX_PATH=${CMAKE_PREFIX_PATH}:/home/myat/path_control_px4/install/bringup_drone:/home/myat/hex_ws/install/hexapod_description:/home/myat/hex_ws/install/hexapod_control:/home/myat/my_uav/install/vision_python:/home/myat/my_uav/install/px4_offboard:/opt/ros/humble /usr/bin/cmake --build /home/myat/path_control_px4/build/vision -- -j12 -l12
[0.395s] [35m[1mConsolidate compiler generated dependencies of target lidar[0m
[0.422s] [ 20%] Built target camera_recorder
[0.423s] [ 40%] Built target aruco_detect
[0.426s] [ 50%] [32mBuilding CXX object CMakeFiles/lidar.dir/src/lidar.cpp.o[0m
[0.428s] [ 70%] Built target depth_polygon_mask_node
[0.438s] [ 90%] Built target pointcloud_node
[7.532s] [100%] [32m[1mLinking CXX executable lidar[0m
[8.161s] [100%] Built target lidar
[8.175s] Invoked command in '/home/myat/path_control_px4/build/vision' returned '0': CMAKE_PREFIX_PATH=${CMAKE_PREFIX_PATH}:/home/myat/path_control_px4/install/bringup_drone:/home/myat/hex_ws/install/hexapod_description:/home/myat/hex_ws/install/hexapod_control:/home/myat/my_uav/install/vision_python:/home/myat/my_uav/install/px4_offboard:/opt/ros/humble /usr/bin/cmake --build /home/myat/path_control_px4/build/vision -- -j12 -l12
[8.176s] Invoking command in '/home/myat/path_control_px4/build/vision': CMAKE_PREFIX_PATH=${CMAKE_PREFIX_PATH}:/home/myat/path_control_px4/install/bringup_drone:/home/myat/hex_ws/install/hexapod_description:/home/myat/hex_ws/install/hexapod_control:/home/myat/my_uav/install/vision_python:/home/myat/my_uav/install/px4_offboard:/opt/ros/humble /usr/bin/cmake --install /home/myat/path_control_px4/build/vision
[8.185s] -- Install configuration: ""
[8.185s] -- Up-to-date: /home/myat/path_control_px4/install/vision/lib/vision/camera_recorder
[8.185s] -- Up-to-date: /home/myat/path_control_px4/install/vision/lib/vision/depth_polygon_mask_node
[8.185s] -- Up-to-date: /home/myat/path_control_px4/install/vision/lib/vision/pointcloud_node
[8.186s] -- Up-to-date: /home/myat/path_control_px4/install/vision/lib/vision/aruco_detect
[8.186s] -- Installing: /home/myat/path_control_px4/install/vision/lib/vision/lidar
[8.191s] -- Set runtime path of "/home/myat/path_control_px4/install/vision/lib/vision/lidar" to ""
[8.191s] -- Up-to-date: /home/myat/path_control_px4/install/vision/share/ament_index/resource_index/package_run_dependencies/vision
[8.191s] -- Up-to-date: /home/myat/path_control_px4/install/vision/share/ament_index/resource_index/parent_prefix_path/vision
[8.192s] -- Up-to-date: /home/myat/path_control_px4/install/vision/share/vision/environment/ament_prefix_path.sh
[8.192s] -- Up-to-date: /home/myat/path_control_px4/install/vision/share/vision/environment/ament_prefix_path.dsv
[8.192s] -- Up-to-date: /home/myat/path_control_px4/install/vision/share/vision/environment/path.sh
[8.192s] -- Up-to-date: /home/myat/path_control_px4/install/vision/share/vision/environment/path.dsv
[8.192s] -- Up-to-date: /home/myat/path_control_px4/install/vision/share/vision/local_setup.bash
[8.192s] -- Up-to-date: /home/myat/path_control_px4/install/vision/share/vision/local_setup.sh
[8.192s] -- Up-to-date: /home/myat/path_control_px4/install/vision/share/vision/local_setup.zsh
[8.192s] -- Up-to-date: /home/myat/path_control_px4/install/vision/share/vision/local_setup.dsv
[8.192s] -- Installing: /home/myat/path_control_px4/install/vision/share/vision/package.dsv
[8.192s] -- Up-to-date: /home/myat/path_control_px4/install/vision/share/ament_index/resource_index/packages/vision
[8.192s] -- Up-to-date: /home/myat/path_control_px4/install/vision/share/vision/cmake/visionConfig.cmake
[8.192s] -- Up-to-date: /home/myat/path_control_px4/install/vision/share/vision/cmake/visionConfig-version.cmake
[8.192s] -- Up-to-date: /home/myat/path_control_px4/install/vision/share/vision/package.xml
[8.194s] Invoked command in '/home/myat/path_control_px4/build/vision' returned '0': CMAKE_PREFIX_PATH=${CMAKE_PREFIX_PATH}:/home/myat/path_control_px4/install/bringup_drone:/home/myat/hex_ws/install/hexapod_description:/home/myat/hex_ws/install/hexapod_control:/home/myat/my_uav/install/vision_python:/home/myat/my_uav/install/px4_offboard:/opt/ros/humble /usr/bin/cmake --install /home/myat/path_control_px4/build/vision
