[0.400s] Invoking command in '/home/myat/path_control_px4/build/vision': CMAKE_PREFIX_PATH=${CMAKE_PREFIX_PATH}:/home/myat/path_control_px4/install/px4_offboard:/home/myat/path_control_px4/install/bringup_drone:/opt/ros/humble /usr/bin/cmake --build /home/myat/path_control_px4/build/vision -- -j12 -l12
[0.467s] [35m[1mConsolidate compiler generated dependencies of target pointcloud_node[0m
[0.478s] [ 33%] Built target lidar
[0.480s] [ 33%] Built target camera_recorder
[0.480s] [ 50%] Built target depth_polygon_mask_node
[0.483s] [ 66%] Built target aruco_detect
[0.486s] [ 83%] Built target obstacle_node
[0.504s] [100%] Built target pointcloud_node
[0.521s] Invoked command in '/home/myat/path_control_px4/build/vision' returned '0': CMAKE_PREFIX_PATH=${CMAKE_PREFIX_PATH}:/home/myat/path_control_px4/install/px4_offboard:/home/myat/path_control_px4/install/bringup_drone:/opt/ros/humble /usr/bin/cmake --build /home/myat/path_control_px4/build/vision -- -j12 -l12
[0.533s] Invoking command in '/home/myat/path_control_px4/build/vision': CMAKE_PREFIX_PATH=${CMAKE_PREFIX_PATH}:/home/myat/path_control_px4/install/px4_offboard:/home/myat/path_control_px4/install/bringup_drone:/opt/ros/humble /usr/bin/cmake --install /home/myat/path_control_px4/build/vision
[0.541s] -- Install configuration: ""
[0.541s] -- Up-to-date: /home/myat/path_control_px4/install/vision/lib/vision/camera_recorder
[0.542s] -- Up-to-date: /home/myat/path_control_px4/install/vision/lib/vision/depth_polygon_mask_node
[0.542s] -- Up-to-date: /home/myat/path_control_px4/install/vision/lib/vision/pointcloud_node
[0.542s] -- Up-to-date: /home/myat/path_control_px4/install/vision/lib/vision/aruco_detect
[0.543s] -- Up-to-date: /home/myat/path_control_px4/install/vision/lib/vision/lidar
[0.543s] -- Up-to-date: /home/myat/path_control_px4/install/vision/lib/vision/obstacle_node
[0.543s] -- Up-to-date: /home/myat/path_control_px4/install/vision/share/ament_index/resource_index/package_run_dependencies/vision
[0.544s] -- Up-to-date: /home/myat/path_control_px4/install/vision/share/ament_index/resource_index/parent_prefix_path/vision
[0.544s] -- Up-to-date: /home/myat/path_control_px4/install/vision/share/vision/environment/ament_prefix_path.sh
[0.544s] -- Up-to-date: /home/myat/path_control_px4/install/vision/share/vision/environment/ament_prefix_path.dsv
[0.544s] -- Up-to-date: /home/myat/path_control_px4/install/vision/share/vision/environment/path.sh
[0.544s] -- Up-to-date: /home/myat/path_control_px4/install/vision/share/vision/environment/path.dsv
[0.544s] -- Up-to-date: /home/myat/path_control_px4/install/vision/share/vision/local_setup.bash
[0.544s] -- Up-to-date: /home/myat/path_control_px4/install/vision/share/vision/local_setup.sh
[0.544s] -- Up-to-date: /home/myat/path_control_px4/install/vision/share/vision/local_setup.zsh
[0.544s] -- Up-to-date: /home/myat/path_control_px4/install/vision/share/vision/local_setup.dsv
[0.544s] -- Installing: /home/myat/path_control_px4/install/vision/share/vision/package.dsv
[0.545s] -- Up-to-date: /home/myat/path_control_px4/install/vision/share/ament_index/resource_index/packages/vision
[0.545s] -- Up-to-date: /home/myat/path_control_px4/install/vision/share/vision/cmake/visionConfig.cmake
[0.545s] -- Up-to-date: /home/myat/path_control_px4/install/vision/share/vision/cmake/visionConfig-version.cmake
[0.545s] -- Up-to-date: /home/myat/path_control_px4/install/vision/share/vision/package.xml
[0.549s] Invoked command in '/home/myat/path_control_px4/build/vision' returned '0': CMAKE_PREFIX_PATH=${CMAKE_PREFIX_PATH}:/home/myat/path_control_px4/install/px4_offboard:/home/myat/path_control_px4/install/bringup_drone:/opt/ros/humble /usr/bin/cmake --install /home/myat/path_control_px4/build/vision
