[0.189s] [34mcolcon[0m [1;30mDEBUG[0m [32mCommand line arguments: ['/usr/bin/colcon', 'build'][0m
[0.189s] [34mcolcon[0m [1;30mDEBUG[0m [32mParsed command line arguments: Namespace(log_base=None, log_level=None, verb_name='build', build_base='build', install_base='install', merge_install=False, symlink_install=False, test_result_base=None, continue_on_error=False, executor='parallel', parallel_workers=12, event_handlers=None, ignore_user_meta=False, metas=['./colcon.meta'], base_paths=['.'], packages_ignore=None, packages_ignore_regex=None, paths=None, packages_up_to=None, packages_up_to_regex=None, packages_above=None, packages_above_and_dependencies=None, packages_above_depth=None, packages_select_by_dep=None, packages_skip_by_dep=None, packages_skip_up_to=None, packages_select_build_failed=False, packages_skip_build_finished=False, packages_select_test_failures=False, packages_skip_test_passed=False, packages_select=None, packages_skip=None, packages_select_regex=None, packages_skip_regex=None, packages_start=None, packages_end=None, allow_overriding=[], cmake_args=None, cmake_target=None, cmake_target_skip_unavailable=False, cmake_clean_cache=False, cmake_clean_first=False, cmake_force_configure=False, ament_cmake_args=None, catkin_cmake_args=None, catkin_skip_building_tests=False, mixin_files=None, mixin=None, verb_parser=<colcon_mixin.mixin.mixin_argument.MixinArgumentDecorator object at 0x7b5b861a3ee0>, verb_extension=<colcon_core.verb.build.BuildVerb object at 0x7b5b863908e0>, main=<bound method BuildVerb.main of <colcon_core.verb.build.BuildVerb object at 0x7b5b863908e0>>, mixin_verb=('build',))[0m
[0.445s] [34mcolcon.colcon_core.package_discovery[0m [1;30mLevel 1[0m discover_packages(colcon_meta) check parameters
[0.445s] [34mcolcon.colcon_core.package_discovery[0m [1;30mLevel 1[0m discover_packages(recursive) check parameters
[0.445s] [34mcolcon.colcon_core.package_discovery[0m [1;30mLevel 1[0m discover_packages(ignore) check parameters
[0.445s] [34mcolcon.colcon_core.package_discovery[0m [1;30mLevel 1[0m discover_packages(path) check parameters
[0.445s] [34mcolcon.colcon_core.package_discovery[0m [1;30mLevel 1[0m discover_packages(colcon_meta) discover
[0.445s] [34mcolcon.colcon_core.package_discovery[0m [1;30mLevel 1[0m discover_packages(recursive) discover
[0.446s] [34mcolcon.colcon_core.package_discovery[0m [1;30mINFO[0m Crawling recursively for packages in '/home/myat/path_control_px4'
[0.446s] [34mcolcon.colcon_core.package_identification[0m [1;30mLevel 1[0m _identify(.) by extensions ['ignore', 'ignore_ament_install']
[0.446s] [34mcolcon.colcon_core.package_identification[0m [1;30mLevel 1[0m _identify(.) by extension 'ignore'
[0.446s] [34mcolcon.colcon_core.package_identification[0m [1;30mLevel 1[0m _identify(.) by extension 'ignore_ament_install'
[0.446s] [34mcolcon.colcon_core.package_identification[0m [1;30mLevel 1[0m _identify(.) by extensions ['colcon_pkg']
[0.446s] [34mcolcon.colcon_core.package_identification[0m [1;30mLevel 1[0m _identify(.) by extension 'colcon_pkg'
[0.446s] [34mcolcon.colcon_core.package_identification[0m [1;30mLevel 1[0m _identify(.) by extensions ['colcon_meta']
[0.446s] [34mcolcon.colcon_core.package_identification[0m [1;30mLevel 1[0m _identify(.) by extension 'colcon_meta'
[0.446s] [34mcolcon.colcon_core.package_identification[0m [1;30mLevel 1[0m _identify(.) by extensions ['ros']
[0.446s] [34mcolcon.colcon_core.package_identification[0m [1;30mLevel 1[0m _identify(.) by extension 'ros'
[0.475s] [34mcolcon.colcon_core.package_identification[0m [1;30mLevel 1[0m _identify(.) by extensions ['cmake', 'python']
[0.475s] [34mcolcon.colcon_core.package_identification[0m [1;30mLevel 1[0m _identify(.) by extension 'cmake'
[0.475s] [34mcolcon.colcon_core.package_identification[0m [1;30mLevel 1[0m _identify(.) by extension 'python'
[0.475s] [34mcolcon.colcon_core.package_identification[0m [1;30mLevel 1[0m _identify(.) by extensions ['python_setup_py']
[0.475s] [34mcolcon.colcon_core.package_identification[0m [1;30mLevel 1[0m _identify(.) by extension 'python_setup_py'
[0.476s] [34mcolcon.colcon_core.package_identification[0m [1;30mLevel 1[0m _identify(build) by extensions ['ignore', 'ignore_ament_install']
[0.476s] [34mcolcon.colcon_core.package_identification[0m [1;30mLevel 1[0m _identify(build) by extension 'ignore'
[0.476s] [34mcolcon.colcon_core.package_identification[0m [1;30mLevel 1[0m _identify(build) ignored
[0.476s] [34mcolcon.colcon_core.package_identification[0m [1;30mLevel 1[0m _identify(install) by extensions ['ignore', 'ignore_ament_install']
[0.476s] [34mcolcon.colcon_core.package_identification[0m [1;30mLevel 1[0m _identify(install) by extension 'ignore'
[0.476s] [34mcolcon.colcon_core.package_identification[0m [1;30mLevel 1[0m _identify(install) ignored
[0.476s] [34mcolcon.colcon_core.package_identification[0m [1;30mLevel 1[0m _identify(log) by extensions ['ignore', 'ignore_ament_install']
[0.476s] [34mcolcon.colcon_core.package_identification[0m [1;30mLevel 1[0m _identify(log) by extension 'ignore'
[0.476s] [34mcolcon.colcon_core.package_identification[0m [1;30mLevel 1[0m _identify(log) ignored
[0.476s] [34mcolcon.colcon_core.package_identification[0m [1;30mLevel 1[0m _identify(rosbag2_1) by extensions ['ignore', 'ignore_ament_install']
[0.477s] [34mcolcon.colcon_core.package_identification[0m [1;30mLevel 1[0m _identify(rosbag2_1) by extension 'ignore'
[0.477s] [34mcolcon.colcon_core.package_identification[0m [1;30mLevel 1[0m _identify(rosbag2_1) by extension 'ignore_ament_install'
[0.477s] [34mcolcon.colcon_core.package_identification[0m [1;30mLevel 1[0m _identify(rosbag2_1) by extensions ['colcon_pkg']
[0.477s] [34mcolcon.colcon_core.package_identification[0m [1;30mLevel 1[0m _identify(rosbag2_1) by extension 'colcon_pkg'
[0.477s] [34mcolcon.colcon_core.package_identification[0m [1;30mLevel 1[0m _identify(rosbag2_1) by extensions ['colcon_meta']
[0.477s] [34mcolcon.colcon_core.package_identification[0m [1;30mLevel 1[0m _identify(rosbag2_1) by extension 'colcon_meta'
[0.477s] [34mcolcon.colcon_core.package_identification[0m [1;30mLevel 1[0m _identify(rosbag2_1) by extensions ['ros']
[0.477s] [34mcolcon.colcon_core.package_identification[0m [1;30mLevel 1[0m _identify(rosbag2_1) by extension 'ros'
[0.477s] [34mcolcon.colcon_core.package_identification[0m [1;30mLevel 1[0m _identify(rosbag2_1) by extensions ['cmake', 'python']
[0.477s] [34mcolcon.colcon_core.package_identification[0m [1;30mLevel 1[0m _identify(rosbag2_1) by extension 'cmake'
[0.477s] [34mcolcon.colcon_core.package_identification[0m [1;30mLevel 1[0m _identify(rosbag2_1) by extension 'python'
[0.477s] [34mcolcon.colcon_core.package_identification[0m [1;30mLevel 1[0m _identify(rosbag2_1) by extensions ['python_setup_py']
[0.477s] [34mcolcon.colcon_core.package_identification[0m [1;30mLevel 1[0m _identify(rosbag2_1) by extension 'python_setup_py'
[0.477s] [34mcolcon.colcon_core.package_identification[0m [1;30mLevel 1[0m _identify(rosbag2_2) by extensions ['ignore', 'ignore_ament_install']
[0.477s] [34mcolcon.colcon_core.package_identification[0m [1;30mLevel 1[0m _identify(rosbag2_2) by extension 'ignore'
[0.477s] [34mcolcon.colcon_core.package_identification[0m [1;30mLevel 1[0m _identify(rosbag2_2) by extension 'ignore_ament_install'
[0.477s] [34mcolcon.colcon_core.package_identification[0m [1;30mLevel 1[0m _identify(rosbag2_2) by extensions ['colcon_pkg']
[0.477s] [34mcolcon.colcon_core.package_identification[0m [1;30mLevel 1[0m _identify(rosbag2_2) by extension 'colcon_pkg'
[0.477s] [34mcolcon.colcon_core.package_identification[0m [1;30mLevel 1[0m _identify(rosbag2_2) by extensions ['colcon_meta']
[0.477s] [34mcolcon.colcon_core.package_identification[0m [1;30mLevel 1[0m _identify(rosbag2_2) by extension 'colcon_meta'
[0.477s] [34mcolcon.colcon_core.package_identification[0m [1;30mLevel 1[0m _identify(rosbag2_2) by extensions ['ros']
[0.477s] [34mcolcon.colcon_core.package_identification[0m [1;30mLevel 1[0m _identify(rosbag2_2) by extension 'ros'
[0.478s] [34mcolcon.colcon_core.package_identification[0m [1;30mLevel 1[0m _identify(rosbag2_2) by extensions ['cmake', 'python']
[0.478s] [34mcolcon.colcon_core.package_identification[0m [1;30mLevel 1[0m _identify(rosbag2_2) by extension 'cmake'
[0.478s] [34mcolcon.colcon_core.package_identification[0m [1;30mLevel 1[0m _identify(rosbag2_2) by extension 'python'
[0.478s] [34mcolcon.colcon_core.package_identification[0m [1;30mLevel 1[0m _identify(rosbag2_2) by extensions ['python_setup_py']
[0.478s] [34mcolcon.colcon_core.package_identification[0m [1;30mLevel 1[0m _identify(rosbag2_2) by extension 'python_setup_py'
[0.478s] [34mcolcon.colcon_core.package_identification[0m [1;30mLevel 1[0m _identify(rosbag2_2025_12_21-00_29_10) by extensions ['ignore', 'ignore_ament_install']
[0.478s] [34mcolcon.colcon_core.package_identification[0m [1;30mLevel 1[0m _identify(rosbag2_2025_12_21-00_29_10) by extension 'ignore'
[0.478s] [34mcolcon.colcon_core.package_identification[0m [1;30mLevel 1[0m _identify(rosbag2_2025_12_21-00_29_10) by extension 'ignore_ament_install'
[0.478s] [34mcolcon.colcon_core.package_identification[0m [1;30mLevel 1[0m _identify(rosbag2_2025_12_21-00_29_10) by extensions ['colcon_pkg']
[0.478s] [34mcolcon.colcon_core.package_identification[0m [1;30mLevel 1[0m _identify(rosbag2_2025_12_21-00_29_10) by extension 'colcon_pkg'
[0.478s] [34mcolcon.colcon_core.package_identification[0m [1;30mLevel 1[0m _identify(rosbag2_2025_12_21-00_29_10) by extensions ['colcon_meta']
[0.478s] [34mcolcon.colcon_core.package_identification[0m [1;30mLevel 1[0m _identify(rosbag2_2025_12_21-00_29_10) by extension 'colcon_meta'
[0.478s] [34mcolcon.colcon_core.package_identification[0m [1;30mLevel 1[0m _identify(rosbag2_2025_12_21-00_29_10) by extensions ['ros']
[0.478s] [34mcolcon.colcon_core.package_identification[0m [1;30mLevel 1[0m _identify(rosbag2_2025_12_21-00_29_10) by extension 'ros'
[0.478s] [34mcolcon.colcon_core.package_identification[0m [1;30mLevel 1[0m _identify(rosbag2_2025_12_21-00_29_10) by extensions ['cmake', 'python']
[0.478s] [34mcolcon.colcon_core.package_identification[0m [1;30mLevel 1[0m _identify(rosbag2_2025_12_21-00_29_10) by extension 'cmake'
[0.478s] [34mcolcon.colcon_core.package_identification[0m [1;30mLevel 1[0m _identify(rosbag2_2025_12_21-00_29_10) by extension 'python'
[0.478s] [34mcolcon.colcon_core.package_identification[0m [1;30mLevel 1[0m _identify(rosbag2_2025_12_21-00_29_10) by extensions ['python_setup_py']
[0.478s] [34mcolcon.colcon_core.package_identification[0m [1;30mLevel 1[0m _identify(rosbag2_2025_12_21-00_29_10) by extension 'python_setup_py'
[0.478s] [34mcolcon.colcon_core.package_identification[0m [1;30mLevel 1[0m _identify(rosbag2_2025_12_21-00_43_07) by extensions ['ignore', 'ignore_ament_install']
[0.478s] [34mcolcon.colcon_core.package_identification[0m [1;30mLevel 1[0m _identify(rosbag2_2025_12_21-00_43_07) by extension 'ignore'
[0.479s] [34mcolcon.colcon_core.package_identification[0m [1;30mLevel 1[0m _identify(rosbag2_2025_12_21-00_43_07) by extension 'ignore_ament_install'
[0.479s] [34mcolcon.colcon_core.package_identification[0m [1;30mLevel 1[0m _identify(rosbag2_2025_12_21-00_43_07) by extensions ['colcon_pkg']
[0.479s] [34mcolcon.colcon_core.package_identification[0m [1;30mLevel 1[0m _identify(rosbag2_2025_12_21-00_43_07) by extension 'colcon_pkg'
[0.479s] [34mcolcon.colcon_core.package_identification[0m [1;30mLevel 1[0m _identify(rosbag2_2025_12_21-00_43_07) by extensions ['colcon_meta']
[0.479s] [34mcolcon.colcon_core.package_identification[0m [1;30mLevel 1[0m _identify(rosbag2_2025_12_21-00_43_07) by extension 'colcon_meta'
[0.479s] [34mcolcon.colcon_core.package_identification[0m [1;30mLevel 1[0m _identify(rosbag2_2025_12_21-00_43_07) by extensions ['ros']
[0.479s] [34mcolcon.colcon_core.package_identification[0m [1;30mLevel 1[0m _identify(rosbag2_2025_12_21-00_43_07) by extension 'ros'
[0.479s] [34mcolcon.colcon_core.package_identification[0m [1;30mLevel 1[0m _identify(rosbag2_2025_12_21-00_43_07) by extensions ['cmake', 'python']
[0.479s] [34mcolcon.colcon_core.package_identification[0m [1;30mLevel 1[0m _identify(rosbag2_2025_12_21-00_43_07) by extension 'cmake'
[0.479s] [34mcolcon.colcon_core.package_identification[0m [1;30mLevel 1[0m _identify(rosbag2_2025_12_21-00_43_07) by extension 'python'
[0.479s] [34mcolcon.colcon_core.package_identification[0m [1;30mLevel 1[0m _identify(rosbag2_2025_12_21-00_43_07) by extensions ['python_setup_py']
[0.479s] [34mcolcon.colcon_core.package_identification[0m [1;30mLevel 1[0m _identify(rosbag2_2025_12_21-00_43_07) by extension 'python_setup_py'
[0.479s] [34mcolcon.colcon_core.package_identification[0m [1;30mLevel 1[0m _identify(rosbag2_2025_12_21-00_49_25) by extensions ['ignore', 'ignore_ament_install']
[0.479s] [34mcolcon.colcon_core.package_identification[0m [1;30mLevel 1[0m _identify(rosbag2_2025_12_21-00_49_25) by extension 'ignore'
[0.479s] [34mcolcon.colcon_core.package_identification[0m [1;30mLevel 1[0m _identify(rosbag2_2025_12_21-00_49_25) by extension 'ignore_ament_install'
[0.479s] [34mcolcon.colcon_core.package_identification[0m [1;30mLevel 1[0m _identify(rosbag2_2025_12_21-00_49_25) by extensions ['colcon_pkg']
[0.479s] [34mcolcon.colcon_core.package_identification[0m [1;30mLevel 1[0m _identify(rosbag2_2025_12_21-00_49_25) by extension 'colcon_pkg'
[0.479s] [34mcolcon.colcon_core.package_identification[0m [1;30mLevel 1[0m _identify(rosbag2_2025_12_21-00_49_25) by extensions ['colcon_meta']
[0.479s] [34mcolcon.colcon_core.package_identification[0m [1;30mLevel 1[0m _identify(rosbag2_2025_12_21-00_49_25) by extension 'colcon_meta'
[0.479s] [34mcolcon.colcon_core.package_identification[0m [1;30mLevel 1[0m _identify(rosbag2_2025_12_21-00_49_25) by extensions ['ros']
[0.479s] [34mcolcon.colcon_core.package_identification[0m [1;30mLevel 1[0m _identify(rosbag2_2025_12_21-00_49_25) by extension 'ros'
[0.480s] [34mcolcon.colcon_core.package_identification[0m [1;30mLevel 1[0m _identify(rosbag2_2025_12_21-00_49_25) by extensions ['cmake', 'python']
[0.480s] [34mcolcon.colcon_core.package_identification[0m [1;30mLevel 1[0m _identify(rosbag2_2025_12_21-00_49_25) by extension 'cmake'
[0.480s] [34mcolcon.colcon_core.package_identification[0m [1;30mLevel 1[0m _identify(rosbag2_2025_12_21-00_49_25) by extension 'python'
[0.480s] [34mcolcon.colcon_core.package_identification[0m [1;30mLevel 1[0m _identify(rosbag2_2025_12_21-00_49_25) by extensions ['python_setup_py']
[0.480s] [34mcolcon.colcon_core.package_identification[0m [1;30mLevel 1[0m _identify(rosbag2_2025_12_21-00_49_25) by extension 'python_setup_py'
[0.480s] [34mcolcon.colcon_core.package_identification[0m [1;30mLevel 1[0m _identify(rosbag2_2025_12_21-01_04_02) by extensions ['ignore', 'ignore_ament_install']
[0.480s] [34mcolcon.colcon_core.package_identification[0m [1;30mLevel 1[0m _identify(rosbag2_2025_12_21-01_04_02) by extension 'ignore'
[0.480s] [34mcolcon.colcon_core.package_identification[0m [1;30mLevel 1[0m _identify(rosbag2_2025_12_21-01_04_02) by extension 'ignore_ament_install'
[0.480s] [34mcolcon.colcon_core.package_identification[0m [1;30mLevel 1[0m _identify(rosbag2_2025_12_21-01_04_02) by extensions ['colcon_pkg']
[0.480s] [34mcolcon.colcon_core.package_identification[0m [1;30mLevel 1[0m _identify(rosbag2_2025_12_21-01_04_02) by extension 'colcon_pkg'
[0.480s] [34mcolcon.colcon_core.package_identification[0m [1;30mLevel 1[0m _identify(rosbag2_2025_12_21-01_04_02) by extensions ['colcon_meta']
[0.480s] [34mcolcon.colcon_core.package_identification[0m [1;30mLevel 1[0m _identify(rosbag2_2025_12_21-01_04_02) by extension 'colcon_meta'
[0.480s] [34mcolcon.colcon_core.package_identification[0m [1;30mLevel 1[0m _identify(rosbag2_2025_12_21-01_04_02) by extensions ['ros']
[0.480s] [34mcolcon.colcon_core.package_identification[0m [1;30mLevel 1[0m _identify(rosbag2_2025_12_21-01_04_02) by extension 'ros'
[0.480s] [34mcolcon.colcon_core.package_identification[0m [1;30mLevel 1[0m _identify(rosbag2_2025_12_21-01_04_02) by extensions ['cmake', 'python']
[0.480s] [34mcolcon.colcon_core.package_identification[0m [1;30mLevel 1[0m _identify(rosbag2_2025_12_21-01_04_02) by extension 'cmake'
[0.480s] [34mcolcon.colcon_core.package_identification[0m [1;30mLevel 1[0m _identify(rosbag2_2025_12_21-01_04_02) by extension 'python'
[0.480s] [34mcolcon.colcon_core.package_identification[0m [1;30mLevel 1[0m _identify(rosbag2_2025_12_21-01_04_02) by extensions ['python_setup_py']
[0.480s] [34mcolcon.colcon_core.package_identification[0m [1;30mLevel 1[0m _identify(rosbag2_2025_12_21-01_04_02) by extension 'python_setup_py'
[0.480s] [34mcolcon.colcon_core.package_identification[0m [1;30mLevel 1[0m _identify(rosbag2_2025_12_21-01_08_58) by extensions ['ignore', 'ignore_ament_install']
[0.481s] [34mcolcon.colcon_core.package_identification[0m [1;30mLevel 1[0m _identify(rosbag2_2025_12_21-01_08_58) by extension 'ignore'
[0.481s] [34mcolcon.colcon_core.package_identification[0m [1;30mLevel 1[0m _identify(rosbag2_2025_12_21-01_08_58) by extension 'ignore_ament_install'
[0.481s] [34mcolcon.colcon_core.package_identification[0m [1;30mLevel 1[0m _identify(rosbag2_2025_12_21-01_08_58) by extensions ['colcon_pkg']
[0.481s] [34mcolcon.colcon_core.package_identification[0m [1;30mLevel 1[0m _identify(rosbag2_2025_12_21-01_08_58) by extension 'colcon_pkg'
[0.481s] [34mcolcon.colcon_core.package_identification[0m [1;30mLevel 1[0m _identify(rosbag2_2025_12_21-01_08_58) by extensions ['colcon_meta']
[0.481s] [34mcolcon.colcon_core.package_identification[0m [1;30mLevel 1[0m _identify(rosbag2_2025_12_21-01_08_58) by extension 'colcon_meta'
[0.481s] [34mcolcon.colcon_core.package_identification[0m [1;30mLevel 1[0m _identify(rosbag2_2025_12_21-01_08_58) by extensions ['ros']
[0.481s] [34mcolcon.colcon_core.package_identification[0m [1;30mLevel 1[0m _identify(rosbag2_2025_12_21-01_08_58) by extension 'ros'
[0.481s] [34mcolcon.colcon_core.package_identification[0m [1;30mLevel 1[0m _identify(rosbag2_2025_12_21-01_08_58) by extensions ['cmake', 'python']
[0.481s] [34mcolcon.colcon_core.package_identification[0m [1;30mLevel 1[0m _identify(rosbag2_2025_12_21-01_08_58) by extension 'cmake'
[0.481s] [34mcolcon.colcon_core.package_identification[0m [1;30mLevel 1[0m _identify(rosbag2_2025_12_21-01_08_58) by extension 'python'
[0.481s] [34mcolcon.colcon_core.package_identification[0m [1;30mLevel 1[0m _identify(rosbag2_2025_12_21-01_08_58) by extensions ['python_setup_py']
[0.481s] [34mcolcon.colcon_core.package_identification[0m [1;30mLevel 1[0m _identify(rosbag2_2025_12_21-01_08_58) by extension 'python_setup_py'
[0.481s] [34mcolcon.colcon_core.package_identification[0m [1;30mLevel 1[0m _identify(rosbag2_2025_12_21-01_20_59) by extensions ['ignore', 'ignore_ament_install']
[0.481s] [34mcolcon.colcon_core.package_identification[0m [1;30mLevel 1[0m _identify(rosbag2_2025_12_21-01_20_59) by extension 'ignore'
[0.481s] [34mcolcon.colcon_core.package_identification[0m [1;30mLevel 1[0m _identify(rosbag2_2025_12_21-01_20_59) by extension 'ignore_ament_install'
[0.481s] [34mcolcon.colcon_core.package_identification[0m [1;30mLevel 1[0m _identify(rosbag2_2025_12_21-01_20_59) by extensions ['colcon_pkg']
[0.481s] [34mcolcon.colcon_core.package_identification[0m [1;30mLevel 1[0m _identify(rosbag2_2025_12_21-01_20_59) by extension 'colcon_pkg'
[0.481s] [34mcolcon.colcon_core.package_identification[0m [1;30mLevel 1[0m _identify(rosbag2_2025_12_21-01_20_59) by extensions ['colcon_meta']
[0.481s] [34mcolcon.colcon_core.package_identification[0m [1;30mLevel 1[0m _identify(rosbag2_2025_12_21-01_20_59) by extension 'colcon_meta'
[0.481s] [34mcolcon.colcon_core.package_identification[0m [1;30mLevel 1[0m _identify(rosbag2_2025_12_21-01_20_59) by extensions ['ros']
[0.481s] [34mcolcon.colcon_core.package_identification[0m [1;30mLevel 1[0m _identify(rosbag2_2025_12_21-01_20_59) by extension 'ros'
[0.481s] [34mcolcon.colcon_core.package_identification[0m [1;30mLevel 1[0m _identify(rosbag2_2025_12_21-01_20_59) by extensions ['cmake', 'python']
[0.481s] [34mcolcon.colcon_core.package_identification[0m [1;30mLevel 1[0m _identify(rosbag2_2025_12_21-01_20_59) by extension 'cmake'
[0.481s] [34mcolcon.colcon_core.package_identification[0m [1;30mLevel 1[0m _identify(rosbag2_2025_12_21-01_20_59) by extension 'python'
[0.481s] [34mcolcon.colcon_core.package_identification[0m [1;30mLevel 1[0m _identify(rosbag2_2025_12_21-01_20_59) by extensions ['python_setup_py']
[0.481s] [34mcolcon.colcon_core.package_identification[0m [1;30mLevel 1[0m _identify(rosbag2_2025_12_21-01_20_59) by extension 'python_setup_py'
[0.482s] [34mcolcon.colcon_core.package_identification[0m [1;30mLevel 1[0m _identify(rosbag2_3) by extensions ['ignore', 'ignore_ament_install']
[0.482s] [34mcolcon.colcon_core.package_identification[0m [1;30mLevel 1[0m _identify(rosbag2_3) by extension 'ignore'
[0.482s] [34mcolcon.colcon_core.package_identification[0m [1;30mLevel 1[0m _identify(rosbag2_3) by extension 'ignore_ament_install'
[0.482s] [34mcolcon.colcon_core.package_identification[0m [1;30mLevel 1[0m _identify(rosbag2_3) by extensions ['colcon_pkg']
[0.482s] [34mcolcon.colcon_core.package_identification[0m [1;30mLevel 1[0m _identify(rosbag2_3) by extension 'colcon_pkg'
[0.482s] [34mcolcon.colcon_core.package_identification[0m [1;30mLevel 1[0m _identify(rosbag2_3) by extensions ['colcon_meta']
[0.482s] [34mcolcon.colcon_core.package_identification[0m [1;30mLevel 1[0m _identify(rosbag2_3) by extension 'colcon_meta'
[0.482s] [34mcolcon.colcon_core.package_identification[0m [1;30mLevel 1[0m _identify(rosbag2_3) by extensions ['ros']
[0.482s] [34mcolcon.colcon_core.package_identification[0m [1;30mLevel 1[0m _identify(rosbag2_3) by extension 'ros'
[0.482s] [34mcolcon.colcon_core.package_identification[0m [1;30mLevel 1[0m _identify(rosbag2_3) by extensions ['cmake', 'python']
[0.482s] [34mcolcon.colcon_core.package_identification[0m [1;30mLevel 1[0m _identify(rosbag2_3) by extension 'cmake'
[0.482s] [34mcolcon.colcon_core.package_identification[0m [1;30mLevel 1[0m _identify(rosbag2_3) by extension 'python'
[0.482s] [34mcolcon.colcon_core.package_identification[0m [1;30mLevel 1[0m _identify(rosbag2_3) by extensions ['python_setup_py']
[0.482s] [34mcolcon.colcon_core.package_identification[0m [1;30mLevel 1[0m _identify(rosbag2_3) by extension 'python_setup_py'
[0.482s] [34mcolcon.colcon_core.package_identification[0m [1;30mLevel 1[0m _identify(rosbag2_4) by extensions ['ignore', 'ignore_ament_install']
[0.482s] [34mcolcon.colcon_core.package_identification[0m [1;30mLevel 1[0m _identify(rosbag2_4) by extension 'ignore'
[0.482s] [34mcolcon.colcon_core.package_identification[0m [1;30mLevel 1[0m _identify(rosbag2_4) by extension 'ignore_ament_install'
[0.482s] [34mcolcon.colcon_core.package_identification[0m [1;30mLevel 1[0m _identify(rosbag2_4) by extensions ['colcon_pkg']
[0.482s] [34mcolcon.colcon_core.package_identification[0m [1;30mLevel 1[0m _identify(rosbag2_4) by extension 'colcon_pkg'
[0.482s] [34mcolcon.colcon_core.package_identification[0m [1;30mLevel 1[0m _identify(rosbag2_4) by extensions ['colcon_meta']
[0.482s] [34mcolcon.colcon_core.package_identification[0m [1;30mLevel 1[0m _identify(rosbag2_4) by extension 'colcon_meta'
[0.482s] [34mcolcon.colcon_core.package_identification[0m [1;30mLevel 1[0m _identify(rosbag2_4) by extensions ['ros']
[0.482s] [34mcolcon.colcon_core.package_identification[0m [1;30mLevel 1[0m _identify(rosbag2_4) by extension 'ros'
[0.482s] [34mcolcon.colcon_core.package_identification[0m [1;30mLevel 1[0m _identify(rosbag2_4) by extensions ['cmake', 'python']
[0.482s] [34mcolcon.colcon_core.package_identification[0m [1;30mLevel 1[0m _identify(rosbag2_4) by extension 'cmake'
[0.482s] [34mcolcon.colcon_core.package_identification[0m [1;30mLevel 1[0m _identify(rosbag2_4) by extension 'python'
[0.483s] [34mcolcon.colcon_core.package_identification[0m [1;30mLevel 1[0m _identify(rosbag2_4) by extensions ['python_setup_py']
[0.483s] [34mcolcon.colcon_core.package_identification[0m [1;30mLevel 1[0m _identify(rosbag2_4) by extension 'python_setup_py'
[0.483s] [34mcolcon.colcon_core.package_identification[0m [1;30mLevel 1[0m _identify(rosbag2_5) by extensions ['ignore', 'ignore_ament_install']
[0.483s] [34mcolcon.colcon_core.package_identification[0m [1;30mLevel 1[0m _identify(rosbag2_5) by extension 'ignore'
[0.483s] [34mcolcon.colcon_core.package_identification[0m [1;30mLevel 1[0m _identify(rosbag2_5) by extension 'ignore_ament_install'
[0.483s] [34mcolcon.colcon_core.package_identification[0m [1;30mLevel 1[0m _identify(rosbag2_5) by extensions ['colcon_pkg']
[0.483s] [34mcolcon.colcon_core.package_identification[0m [1;30mLevel 1[0m _identify(rosbag2_5) by extension 'colcon_pkg'
[0.483s] [34mcolcon.colcon_core.package_identification[0m [1;30mLevel 1[0m _identify(rosbag2_5) by extensions ['colcon_meta']
[0.483s] [34mcolcon.colcon_core.package_identification[0m [1;30mLevel 1[0m _identify(rosbag2_5) by extension 'colcon_meta'
[0.483s] [34mcolcon.colcon_core.package_identification[0m [1;30mLevel 1[0m _identify(rosbag2_5) by extensions ['ros']
[0.483s] [34mcolcon.colcon_core.package_identification[0m [1;30mLevel 1[0m _identify(rosbag2_5) by extension 'ros'
[0.483s] [34mcolcon.colcon_core.package_identification[0m [1;30mLevel 1[0m _identify(rosbag2_5) by extensions ['cmake', 'python']
[0.483s] [34mcolcon.colcon_core.package_identification[0m [1;30mLevel 1[0m _identify(rosbag2_5) by extension 'cmake'
[0.483s] [34mcolcon.colcon_core.package_identification[0m [1;30mLevel 1[0m _identify(rosbag2_5) by extension 'python'
[0.483s] [34mcolcon.colcon_core.package_identification[0m [1;30mLevel 1[0m _identify(rosbag2_5) by extensions ['python_setup_py']
[0.483s] [34mcolcon.colcon_core.package_identification[0m [1;30mLevel 1[0m _identify(rosbag2_5) by extension 'python_setup_py'
[0.483s] [34mcolcon.colcon_core.package_identification[0m [1;30mLevel 1[0m _identify(rosbag2_7) by extensions ['ignore', 'ignore_ament_install']
[0.483s] [34mcolcon.colcon_core.package_identification[0m [1;30mLevel 1[0m _identify(rosbag2_7) by extension 'ignore'
[0.483s] [34mcolcon.colcon_core.package_identification[0m [1;30mLevel 1[0m _identify(rosbag2_7) by extension 'ignore_ament_install'
[0.483s] [34mcolcon.colcon_core.package_identification[0m [1;30mLevel 1[0m _identify(rosbag2_7) by extensions ['colcon_pkg']
[0.483s] [34mcolcon.colcon_core.package_identification[0m [1;30mLevel 1[0m _identify(rosbag2_7) by extension 'colcon_pkg'
[0.483s] [34mcolcon.colcon_core.package_identification[0m [1;30mLevel 1[0m _identify(rosbag2_7) by extensions ['colcon_meta']
[0.483s] [34mcolcon.colcon_core.package_identification[0m [1;30mLevel 1[0m _identify(rosbag2_7) by extension 'colcon_meta'
[0.483s] [34mcolcon.colcon_core.package_identification[0m [1;30mLevel 1[0m _identify(rosbag2_7) by extensions ['ros']
[0.483s] [34mcolcon.colcon_core.package_identification[0m [1;30mLevel 1[0m _identify(rosbag2_7) by extension 'ros'
[0.484s] [34mcolcon.colcon_core.package_identification[0m [1;30mLevel 1[0m _identify(rosbag2_7) by extensions ['cmake', 'python']
[0.484s] [34mcolcon.colcon_core.package_identification[0m [1;30mLevel 1[0m _identify(rosbag2_7) by extension 'cmake'
[0.484s] [34mcolcon.colcon_core.package_identification[0m [1;30mLevel 1[0m _identify(rosbag2_7) by extension 'python'
[0.484s] [34mcolcon.colcon_core.package_identification[0m [1;30mLevel 1[0m _identify(rosbag2_7) by extensions ['python_setup_py']
[0.484s] [34mcolcon.colcon_core.package_identification[0m [1;30mLevel 1[0m _identify(rosbag2_7) by extension 'python_setup_py'
[0.484s] [34mcolcon.colcon_core.package_identification[0m [1;30mLevel 1[0m _identify(rosbag2_a) by extensions ['ignore', 'ignore_ament_install']
[0.484s] [34mcolcon.colcon_core.package_identification[0m [1;30mLevel 1[0m _identify(rosbag2_a) by extension 'ignore'
[0.484s] [34mcolcon.colcon_core.package_identification[0m [1;30mLevel 1[0m _identify(rosbag2_a) by extension 'ignore_ament_install'
[0.484s] [34mcolcon.colcon_core.package_identification[0m [1;30mLevel 1[0m _identify(rosbag2_a) by extensions ['colcon_pkg']
[0.484s] [34mcolcon.colcon_core.package_identification[0m [1;30mLevel 1[0m _identify(rosbag2_a) by extension 'colcon_pkg'
[0.484s] [34mcolcon.colcon_core.package_identification[0m [1;30mLevel 1[0m _identify(rosbag2_a) by extensions ['colcon_meta']
[0.484s] [34mcolcon.colcon_core.package_identification[0m [1;30mLevel 1[0m _identify(rosbag2_a) by extension 'colcon_meta'
[0.484s] [34mcolcon.colcon_core.package_identification[0m [1;30mLevel 1[0m _identify(rosbag2_a) by extensions ['ros']
[0.484s] [34mcolcon.colcon_core.package_identification[0m [1;30mLevel 1[0m _identify(rosbag2_a) by extension 'ros'
[0.484s] [34mcolcon.colcon_core.package_identification[0m [1;30mLevel 1[0m _identify(rosbag2_a) by extensions ['cmake', 'python']
[0.484s] [34mcolcon.colcon_core.package_identification[0m [1;30mLevel 1[0m _identify(rosbag2_a) by extension 'cmake'
[0.484s] [34mcolcon.colcon_core.package_identification[0m [1;30mLevel 1[0m _identify(rosbag2_a) by extension 'python'
[0.484s] [34mcolcon.colcon_core.package_identification[0m [1;30mLevel 1[0m _identify(rosbag2_a) by extensions ['python_setup_py']
[0.484s] [34mcolcon.colcon_core.package_identification[0m [1;30mLevel 1[0m _identify(rosbag2_a) by extension 'python_setup_py'
[0.484s] [34mcolcon.colcon_core.package_identification[0m [1;30mLevel 1[0m _identify(src) by extensions ['ignore', 'ignore_ament_install']
[0.484s] [34mcolcon.colcon_core.package_identification[0m [1;30mLevel 1[0m _identify(src) by extension 'ignore'
[0.485s] [34mcolcon.colcon_core.package_identification[0m [1;30mLevel 1[0m _identify(src) by extension 'ignore_ament_install'
[0.485s] [34mcolcon.colcon_core.package_identification[0m [1;30mLevel 1[0m _identify(src) by extensions ['colcon_pkg']
[0.485s] [34mcolcon.colcon_core.package_identification[0m [1;30mLevel 1[0m _identify(src) by extension 'colcon_pkg'
[0.485s] [34mcolcon.colcon_core.package_identification[0m [1;30mLevel 1[0m _identify(src) by extensions ['colcon_meta']
[0.485s] [34mcolcon.colcon_core.package_identification[0m [1;30mLevel 1[0m _identify(src) by extension 'colcon_meta'
[0.485s] [34mcolcon.colcon_core.package_identification[0m [1;30mLevel 1[0m _identify(src) by extensions ['ros']
[0.485s] [34mcolcon.colcon_core.package_identification[0m [1;30mLevel 1[0m _identify(src) by extension 'ros'
[0.485s] [34mcolcon.colcon_core.package_identification[0m [1;30mLevel 1[0m _identify(src) by extensions ['cmake', 'python']
[0.485s] [34mcolcon.colcon_core.package_identification[0m [1;30mLevel 1[0m _identify(src) by extension 'cmake'
[0.485s] [34mcolcon.colcon_core.package_identification[0m [1;30mLevel 1[0m _identify(src) by extension 'python'
[0.485s] [34mcolcon.colcon_core.package_identification[0m [1;30mLevel 1[0m _identify(src) by extensions ['python_setup_py']
[0.485s] [34mcolcon.colcon_core.package_identification[0m [1;30mLevel 1[0m _identify(src) by extension 'python_setup_py'
[0.485s] [34mcolcon.colcon_core.package_identification[0m [1;30mLevel 1[0m _identify(src/ROS2_PX4_Offboard_Example) by extensions ['ignore', 'ignore_ament_install']
[0.485s] [34mcolcon.colcon_core.package_identification[0m [1;30mLevel 1[0m _identify(src/ROS2_PX4_Offboard_Example) by extension 'ignore'
[0.485s] [34mcolcon.colcon_core.package_identification[0m [1;30mLevel 1[0m _identify(src/ROS2_PX4_Offboard_Example) by extension 'ignore_ament_install'
[0.485s] [34mcolcon.colcon_core.package_identification[0m [1;30mLevel 1[0m _identify(src/ROS2_PX4_Offboard_Example) by extensions ['colcon_pkg']
[0.485s] [34mcolcon.colcon_core.package_identification[0m [1;30mLevel 1[0m _identify(src/ROS2_PX4_Offboard_Example) by extension 'colcon_pkg'
[0.485s] [34mcolcon.colcon_core.package_identification[0m [1;30mLevel 1[0m _identify(src/ROS2_PX4_Offboard_Example) by extensions ['colcon_meta']
[0.485s] [34mcolcon.colcon_core.package_identification[0m [1;30mLevel 1[0m _identify(src/ROS2_PX4_Offboard_Example) by extension 'colcon_meta'
[0.485s] [34mcolcon.colcon_core.package_identification[0m [1;30mLevel 1[0m _identify(src/ROS2_PX4_Offboard_Example) by extensions ['ros']
[0.485s] [34mcolcon.colcon_core.package_identification[0m [1;30mLevel 1[0m _identify(src/ROS2_PX4_Offboard_Example) by extension 'ros'
[0.485s] [34mcolcon.colcon_core.package_identification[0m [1;30mLevel 1[0m _identify(src/ROS2_PX4_Offboard_Example) by extensions ['cmake', 'python']
[0.485s] [34mcolcon.colcon_core.package_identification[0m [1;30mLevel 1[0m _identify(src/ROS2_PX4_Offboard_Example) by extension 'cmake'
[0.485s] [34mcolcon.colcon_core.package_identification[0m [1;30mLevel 1[0m _identify(src/ROS2_PX4_Offboard_Example) by extension 'python'
[0.485s] [34mcolcon.colcon_core.package_identification[0m [1;30mLevel 1[0m _identify(src/ROS2_PX4_Offboard_Example) by extensions ['python_setup_py']
[0.485s] [34mcolcon.colcon_core.package_identification[0m [1;30mLevel 1[0m _identify(src/ROS2_PX4_Offboard_Example) by extension 'python_setup_py'
[0.486s] [34mcolcon.colcon_core.package_identification[0m [1;30mLevel 1[0m _identify(src/ROS2_PX4_Offboard_Example/px4_offboard) by extensions ['ignore', 'ignore_ament_install']
[0.486s] [34mcolcon.colcon_core.package_identification[0m [1;30mLevel 1[0m _identify(src/ROS2_PX4_Offboard_Example/px4_offboard) by extension 'ignore'
[0.486s] [34mcolcon.colcon_core.package_identification[0m [1;30mLevel 1[0m _identify(src/ROS2_PX4_Offboard_Example/px4_offboard) by extension 'ignore_ament_install'
[0.486s] [34mcolcon.colcon_core.package_identification[0m [1;30mLevel 1[0m _identify(src/ROS2_PX4_Offboard_Example/px4_offboard) by extensions ['colcon_pkg']
[0.486s] [34mcolcon.colcon_core.package_identification[0m [1;30mLevel 1[0m _identify(src/ROS2_PX4_Offboard_Example/px4_offboard) by extension 'colcon_pkg'
[0.486s] [34mcolcon.colcon_core.package_identification[0m [1;30mLevel 1[0m _identify(src/ROS2_PX4_Offboard_Example/px4_offboard) by extensions ['colcon_meta']
[0.486s] [34mcolcon.colcon_core.package_identification[0m [1;30mLevel 1[0m _identify(src/ROS2_PX4_Offboard_Example/px4_offboard) by extension 'colcon_meta'
[0.486s] [34mcolcon.colcon_core.package_identification[0m [1;30mLevel 1[0m _identify(src/ROS2_PX4_Offboard_Example/px4_offboard) by extensions ['ros']
[0.486s] [34mcolcon.colcon_core.package_identification[0m [1;30mLevel 1[0m _identify(src/ROS2_PX4_Offboard_Example/px4_offboard) by extension 'ros'
[0.493s] [34mcolcon.colcon_core.package_identification[0m [1;30mDEBUG[0m [32mPackage 'src/ROS2_PX4_Offboard_Example/px4_offboard' with type 'ros.ament_python' and name 'px4_offboard'[0m
[0.493s] [34mcolcon.colcon_core.package_identification[0m [1;30mLevel 1[0m _identify(src/bringup_drone) by extensions ['ignore', 'ignore_ament_install']
[0.494s] [34mcolcon.colcon_core.package_identification[0m [1;30mLevel 1[0m _identify(src/bringup_drone) by extension 'ignore'
[0.494s] [34mcolcon.colcon_core.package_identification[0m [1;30mLevel 1[0m _identify(src/bringup_drone) by extension 'ignore_ament_install'
[0.494s] [34mcolcon.colcon_core.package_identification[0m [1;30mLevel 1[0m _identify(src/bringup_drone) by extensions ['colcon_pkg']
[0.494s] [34mcolcon.colcon_core.package_identification[0m [1;30mLevel 1[0m _identify(src/bringup_drone) by extension 'colcon_pkg'
[0.494s] [34mcolcon.colcon_core.package_identification[0m [1;30mLevel 1[0m _identify(src/bringup_drone) by extensions ['colcon_meta']
[0.494s] [34mcolcon.colcon_core.package_identification[0m [1;30mLevel 1[0m _identify(src/bringup_drone) by extension 'colcon_meta'
[0.494s] [34mcolcon.colcon_core.package_identification[0m [1;30mLevel 1[0m _identify(src/bringup_drone) by extensions ['ros']
[0.494s] [34mcolcon.colcon_core.package_identification[0m [1;30mLevel 1[0m _identify(src/bringup_drone) by extension 'ros'
[0.495s] [34mcolcon.colcon_core.package_identification[0m [1;30mDEBUG[0m [32mPackage 'src/bringup_drone' with type 'ros.ament_python' and name 'bringup_drone'[0m
[0.496s] [34mcolcon.colcon_core.package_identification[0m [1;30mLevel 1[0m _identify(src/control) by extensions ['ignore', 'ignore_ament_install']
[0.496s] [34mcolcon.colcon_core.package_identification[0m [1;30mLevel 1[0m _identify(src/control) by extension 'ignore'
[0.496s] [34mcolcon.colcon_core.package_identification[0m [1;30mLevel 1[0m _identify(src/control) by extension 'ignore_ament_install'
[0.496s] [34mcolcon.colcon_core.package_identification[0m [1;30mLevel 1[0m _identify(src/control) by extensions ['colcon_pkg']
[0.496s] [34mcolcon.colcon_core.package_identification[0m [1;30mLevel 1[0m _identify(src/control) by extension 'colcon_pkg'
[0.496s] [34mcolcon.colcon_core.package_identification[0m [1;30mLevel 1[0m _identify(src/control) by extensions ['colcon_meta']
[0.496s] [34mcolcon.colcon_core.package_identification[0m [1;30mLevel 1[0m _identify(src/control) by extension 'colcon_meta'
[0.496s] [34mcolcon.colcon_core.package_identification[0m [1;30mLevel 1[0m _identify(src/control) by extensions ['ros']
[0.496s] [34mcolcon.colcon_core.package_identification[0m [1;30mLevel 1[0m _identify(src/control) by extension 'ros'
[0.497s] [34mcolcon.colcon_core.package_identification[0m [1;30mDEBUG[0m [32mPackage 'src/control' with type 'ros.ament_cmake' and name 'control'[0m
[0.498s] [34mcolcon.colcon_core.package_identification[0m [1;30mLevel 1[0m _identify(src/px4_msgs) by extensions ['ignore', 'ignore_ament_install']
[0.498s] [34mcolcon.colcon_core.package_identification[0m [1;30mLevel 1[0m _identify(src/px4_msgs) by extension 'ignore'
[0.498s] [34mcolcon.colcon_core.package_identification[0m [1;30mLevel 1[0m _identify(src/px4_msgs) by extension 'ignore_ament_install'
[0.498s] [34mcolcon.colcon_core.package_identification[0m [1;30mLevel 1[0m _identify(src/px4_msgs) by extensions ['colcon_pkg']
[0.498s] [34mcolcon.colcon_core.package_identification[0m [1;30mLevel 1[0m _identify(src/px4_msgs) by extension 'colcon_pkg'
[0.498s] [34mcolcon.colcon_core.package_identification[0m [1;30mLevel 1[0m _identify(src/px4_msgs) by extensions ['colcon_meta']
[0.498s] [34mcolcon.colcon_core.package_identification[0m [1;30mLevel 1[0m _identify(src/px4_msgs) by extension 'colcon_meta'
[0.498s] [34mcolcon.colcon_core.package_identification[0m [1;30mLevel 1[0m _identify(src/px4_msgs) by extensions ['ros']
[0.498s] [34mcolcon.colcon_core.package_identification[0m [1;30mLevel 1[0m _identify(src/px4_msgs) by extension 'ros'
[0.499s] [34mcolcon.colcon_core.package_identification[0m [1;30mDEBUG[0m [32mPackage 'src/px4_msgs' with type 'ros.ament_cmake' and name 'px4_msgs'[0m
[0.499s] [34mcolcon.colcon_core.package_identification[0m [1;30mLevel 1[0m _identify(src/vision) by extensions ['ignore', 'ignore_ament_install']
[0.499s] [34mcolcon.colcon_core.package_identification[0m [1;30mLevel 1[0m _identify(src/vision) by extension 'ignore'
[0.499s] [34mcolcon.colcon_core.package_identification[0m [1;30mLevel 1[0m _identify(src/vision) by extension 'ignore_ament_install'
[0.499s] [34mcolcon.colcon_core.package_identification[0m [1;30mLevel 1[0m _identify(src/vision) by extensions ['colcon_pkg']
[0.499s] [34mcolcon.colcon_core.package_identification[0m [1;30mLevel 1[0m _identify(src/vision) by extension 'colcon_pkg'
[0.499s] [34mcolcon.colcon_core.package_identification[0m [1;30mLevel 1[0m _identify(src/vision) by extensions ['colcon_meta']
[0.499s] [34mcolcon.colcon_core.package_identification[0m [1;30mLevel 1[0m _identify(src/vision) by extension 'colcon_meta'
[0.499s] [34mcolcon.colcon_core.package_identification[0m [1;30mLevel 1[0m _identify(src/vision) by extensions ['ros']
[0.499s] [34mcolcon.colcon_core.package_identification[0m [1;30mLevel 1[0m _identify(src/vision) by extension 'ros'
[0.500s] [34mcolcon.colcon_core.package_identification[0m [1;30mDEBUG[0m [32mPackage 'src/vision' with type 'ros.ament_cmake' and name 'vision'[0m
[0.500s] [34mcolcon.colcon_core.package_discovery[0m [1;30mLevel 1[0m discover_packages(recursive) using defaults
[0.501s] [34mcolcon.colcon_core.package_discovery[0m [1;30mLevel 1[0m discover_packages(ignore) discover
[0.501s] [34mcolcon.colcon_core.package_discovery[0m [1;30mLevel 1[0m discover_packages(ignore) using defaults
[0.501s] [34mcolcon.colcon_core.package_discovery[0m [1;30mLevel 1[0m discover_packages(path) discover
[0.501s] [34mcolcon.colcon_core.package_discovery[0m [1;30mLevel 1[0m discover_packages(path) using defaults
[0.519s] [34mcolcon.colcon_core.package_discovery[0m [1;30mLevel 1[0m discover_packages(prefix_path) check parameters
[0.519s] [34mcolcon.colcon_core.package_discovery[0m [1;30mLevel 1[0m discover_packages(prefix_path) discover
[0.522s] [34mcolcon.colcon_installed_package_information.package_discovery[0m [1;30mDEBUG[0m [32mFound 5 installed packages in /home/myat/path_control_px4/install[0m
[0.524s] [34mcolcon.colcon_installed_package_information.package_discovery[0m [1;30mDEBUG[0m [32mFound 384 installed packages in /opt/ros/humble[0m
[0.526s] [34mcolcon.colcon_core.package_discovery[0m [1;30mLevel 1[0m discover_packages(prefix_path) using defaults
[0.570s] [34mcolcon.colcon_core.verb[0m [1;30mLevel 5[0m set package 'bringup_drone' build argument 'cmake_args' from command line to 'None'
[0.570s] [34mcolcon.colcon_core.verb[0m [1;30mLevel 5[0m set package 'bringup_drone' build argument 'cmake_target' from command line to 'None'
[0.570s] [34mcolcon.colcon_core.verb[0m [1;30mLevel 5[0m set package 'bringup_drone' build argument 'cmake_target_skip_unavailable' from command line to 'False'
[0.570s] [34mcolcon.colcon_core.verb[0m [1;30mLevel 5[0m set package 'bringup_drone' build argument 'cmake_clean_cache' from command line to 'False'
[0.570s] [34mcolcon.colcon_core.verb[0m [1;30mLevel 5[0m set package 'bringup_drone' build argument 'cmake_clean_first' from command line to 'False'
[0.571s] [34mcolcon.colcon_core.verb[0m [1;30mLevel 5[0m set package 'bringup_drone' build argument 'cmake_force_configure' from command line to 'False'
[0.571s] [34mcolcon.colcon_core.verb[0m [1;30mLevel 5[0m set package 'bringup_drone' build argument 'ament_cmake_args' from command line to 'None'
[0.571s] [34mcolcon.colcon_core.verb[0m [1;30mLevel 5[0m set package 'bringup_drone' build argument 'catkin_cmake_args' from command line to 'None'
[0.571s] [34mcolcon.colcon_core.verb[0m [1;30mLevel 5[0m set package 'bringup_drone' build argument 'catkin_skip_building_tests' from command line to 'False'
[0.571s] [34mcolcon.colcon_core.verb[0m [1;30mDEBUG[0m [32mBuilding package 'bringup_drone' with the following arguments: {'ament_cmake_args': None, 'build_base': '/home/myat/path_control_px4/build/bringup_drone', 'catkin_cmake_args': None, 'catkin_skip_building_tests': False, 'cmake_args': None, 'cmake_clean_cache': False, 'cmake_clean_first': False, 'cmake_force_configure': False, 'cmake_target': None, 'cmake_target_skip_unavailable': False, 'install_base': '/home/myat/path_control_px4/install/bringup_drone', 'merge_install': False, 'path': '/home/myat/path_control_px4/src/bringup_drone', 'symlink_install': False, 'test_result_base': None}[0m
[0.571s] [34mcolcon.colcon_core.verb[0m [1;30mLevel 5[0m set package 'px4_msgs' build argument 'cmake_args' from command line to 'None'
[0.571s] [34mcolcon.colcon_core.verb[0m [1;30mLevel 5[0m set package 'px4_msgs' build argument 'cmake_target' from command line to 'None'
[0.571s] [34mcolcon.colcon_core.verb[0m [1;30mLevel 5[0m set package 'px4_msgs' build argument 'cmake_target_skip_unavailable' from command line to 'False'
[0.571s] [34mcolcon.colcon_core.verb[0m [1;30mLevel 5[0m set package 'px4_msgs' build argument 'cmake_clean_cache' from command line to 'False'
[0.571s] [34mcolcon.colcon_core.verb[0m [1;30mLevel 5[0m set package 'px4_msgs' build argument 'cmake_clean_first' from command line to 'False'
[0.571s] [34mcolcon.colcon_core.verb[0m [1;30mLevel 5[0m set package 'px4_msgs' build argument 'cmake_force_configure' from command line to 'False'
[0.571s] [34mcolcon.colcon_core.verb[0m [1;30mLevel 5[0m set package 'px4_msgs' build argument 'ament_cmake_args' from command line to 'None'
[0.571s] [34mcolcon.colcon_core.verb[0m [1;30mLevel 5[0m set package 'px4_msgs' build argument 'catkin_cmake_args' from command line to 'None'
[0.571s] [34mcolcon.colcon_core.verb[0m [1;30mLevel 5[0m set package 'px4_msgs' build argument 'catkin_skip_building_tests' from command line to 'False'
[0.571s] [34mcolcon.colcon_core.verb[0m [1;30mDEBUG[0m [32mBuilding package 'px4_msgs' with the following arguments: {'ament_cmake_args': None, 'build_base': '/home/myat/path_control_px4/build/px4_msgs', 'catkin_cmake_args': None, 'catkin_skip_building_tests': False, 'cmake_args': None, 'cmake_clean_cache': False, 'cmake_clean_first': False, 'cmake_force_configure': False, 'cmake_target': None, 'cmake_target_skip_unavailable': False, 'install_base': '/home/myat/path_control_px4/install/px4_msgs', 'merge_install': False, 'path': '/home/myat/path_control_px4/src/px4_msgs', 'symlink_install': False, 'test_result_base': None}[0m
[0.572s] [34mcolcon.colcon_core.verb[0m [1;30mLevel 5[0m set package 'vision' build argument 'cmake_args' from command line to 'None'
[0.572s] [34mcolcon.colcon_core.verb[0m [1;30mLevel 5[0m set package 'vision' build argument 'cmake_target' from command line to 'None'
[0.572s] [34mcolcon.colcon_core.verb[0m [1;30mLevel 5[0m set package 'vision' build argument 'cmake_target_skip_unavailable' from command line to 'False'
[0.572s] [34mcolcon.colcon_core.verb[0m [1;30mLevel 5[0m set package 'vision' build argument 'cmake_clean_cache' from command line to 'False'
[0.572s] [34mcolcon.colcon_core.verb[0m [1;30mLevel 5[0m set package 'vision' build argument 'cmake_clean_first' from command line to 'False'
[0.572s] [34mcolcon.colcon_core.verb[0m [1;30mLevel 5[0m set package 'vision' build argument 'cmake_force_configure' from command line to 'False'
[0.572s] [34mcolcon.colcon_core.verb[0m [1;30mLevel 5[0m set package 'vision' build argument 'ament_cmake_args' from command line to 'None'
[0.572s] [34mcolcon.colcon_core.verb[0m [1;30mLevel 5[0m set package 'vision' build argument 'catkin_cmake_args' from command line to 'None'
[0.572s] [34mcolcon.colcon_core.verb[0m [1;30mLevel 5[0m set package 'vision' build argument 'catkin_skip_building_tests' from command line to 'False'
[0.572s] [34mcolcon.colcon_core.verb[0m [1;30mDEBUG[0m [32mBuilding package 'vision' with the following arguments: {'ament_cmake_args': None, 'build_base': '/home/myat/path_control_px4/build/vision', 'catkin_cmake_args': None, 'catkin_skip_building_tests': False, 'cmake_args': None, 'cmake_clean_cache': False, 'cmake_clean_first': False, 'cmake_force_configure': False, 'cmake_target': None, 'cmake_target_skip_unavailable': False, 'install_base': '/home/myat/path_control_px4/install/vision', 'merge_install': False, 'path': '/home/myat/path_control_px4/src/vision', 'symlink_install': False, 'test_result_base': None}[0m
[0.572s] [34mcolcon.colcon_core.verb[0m [1;30mLevel 5[0m set package 'control' build argument 'cmake_args' from command line to 'None'
[0.572s] [34mcolcon.colcon_core.verb[0m [1;30mLevel 5[0m set package 'control' build argument 'cmake_target' from command line to 'None'
[0.572s] [34mcolcon.colcon_core.verb[0m [1;30mLevel 5[0m set package 'control' build argument 'cmake_target_skip_unavailable' from command line to 'False'
[0.572s] [34mcolcon.colcon_core.verb[0m [1;30mLevel 5[0m set package 'control' build argument 'cmake_clean_cache' from command line to 'False'
[0.572s] [34mcolcon.colcon_core.verb[0m [1;30mLevel 5[0m set package 'control' build argument 'cmake_clean_first' from command line to 'False'
[0.572s] [34mcolcon.colcon_core.verb[0m [1;30mLevel 5[0m set package 'control' build argument 'cmake_force_configure' from command line to 'False'
[0.573s] [34mcolcon.colcon_core.verb[0m [1;30mLevel 5[0m set package 'control' build argument 'ament_cmake_args' from command line to 'None'
[0.573s] [34mcolcon.colcon_core.verb[0m [1;30mLevel 5[0m set package 'control' build argument 'catkin_cmake_args' from command line to 'None'
[0.573s] [34mcolcon.colcon_core.verb[0m [1;30mLevel 5[0m set package 'control' build argument 'catkin_skip_building_tests' from command line to 'False'
[0.573s] [34mcolcon.colcon_core.verb[0m [1;30mDEBUG[0m [32mBuilding package 'control' with the following arguments: {'ament_cmake_args': None, 'build_base': '/home/myat/path_control_px4/build/control', 'catkin_cmake_args': None, 'catkin_skip_building_tests': False, 'cmake_args': None, 'cmake_clean_cache': False, 'cmake_clean_first': False, 'cmake_force_configure': False, 'cmake_target': None, 'cmake_target_skip_unavailable': False, 'install_base': '/home/myat/path_control_px4/install/control', 'merge_install': False, 'path': '/home/myat/path_control_px4/src/control', 'symlink_install': False, 'test_result_base': None}[0m
[0.573s] [34mcolcon.colcon_core.verb[0m [1;30mLevel 5[0m set package 'px4_offboard' build argument 'cmake_args' from command line to 'None'
[0.573s] [34mcolcon.colcon_core.verb[0m [1;30mLevel 5[0m set package 'px4_offboard' build argument 'cmake_target' from command line to 'None'
[0.573s] [34mcolcon.colcon_core.verb[0m [1;30mLevel 5[0m set package 'px4_offboard' build argument 'cmake_target_skip_unavailable' from command line to 'False'
[0.573s] [34mcolcon.colcon_core.verb[0m [1;30mLevel 5[0m set package 'px4_offboard' build argument 'cmake_clean_cache' from command line to 'False'
[0.573s] [34mcolcon.colcon_core.verb[0m [1;30mLevel 5[0m set package 'px4_offboard' build argument 'cmake_clean_first' from command line to 'False'
[0.573s] [34mcolcon.colcon_core.verb[0m [1;30mLevel 5[0m set package 'px4_offboard' build argument 'cmake_force_configure' from command line to 'False'
[0.573s] [34mcolcon.colcon_core.verb[0m [1;30mLevel 5[0m set package 'px4_offboard' build argument 'ament_cmake_args' from command line to 'None'
[0.573s] [34mcolcon.colcon_core.verb[0m [1;30mLevel 5[0m set package 'px4_offboard' build argument 'catkin_cmake_args' from command line to 'None'
[0.573s] [34mcolcon.colcon_core.verb[0m [1;30mLevel 5[0m set package 'px4_offboard' build argument 'catkin_skip_building_tests' from command line to 'False'
[0.573s] [34mcolcon.colcon_core.verb[0m [1;30mDEBUG[0m [32mBuilding package 'px4_offboard' with the following arguments: {'ament_cmake_args': None, 'build_base': '/home/myat/path_control_px4/build/px4_offboard', 'catkin_cmake_args': None, 'catkin_skip_building_tests': False, 'cmake_args': None, 'cmake_clean_cache': False, 'cmake_clean_first': False, 'cmake_force_configure': False, 'cmake_target': None, 'cmake_target_skip_unavailable': False, 'install_base': '/home/myat/path_control_px4/install/px4_offboard', 'merge_install': False, 'path': '/home/myat/path_control_px4/src/ROS2_PX4_Offboard_Example/px4_offboard', 'symlink_install': False, 'test_result_base': None}[0m
[0.573s] [34mcolcon.colcon_core.executor[0m [1;30mINFO[0m Executing jobs using 'parallel' executor
[0.575s] [34mcolcon.colcon_parallel_executor.executor.parallel[0m [1;30mDEBUG[0m [32mrun_until_complete[0m
[0.575s] [34mcolcon.colcon_ros.task.ament_cmake.build[0m [1;30mINFO[0m Building ROS package in '/home/myat/path_control_px4/src/px4_msgs' with build type 'ament_cmake'
[0.575s] [34mcolcon.colcon_cmake.task.cmake.build[0m [1;30mINFO[0m Building CMake package in '/home/myat/path_control_px4/src/px4_msgs'
[0.578s] [34mcolcon.colcon_core.plugin_system[0m [1;30mINFO[0m Skipping extension 'colcon_core.shell.bat': Not used on non-Windows systems
[0.578s] [34mcolcon.colcon_core.shell[0m [1;30mINFO[0m Skip shell extension 'powershell' for command environment: Not usable outside of PowerShell
[0.578s] [34mcolcon.colcon_core.shell[0m [1;30mDEBUG[0m [32mSkip shell extension 'dsv' for command environment[0m
[0.583s] [34mcolcon.colcon_ros.task.ament_python.build[0m [1;30mINFO[0m Building ROS package in '/home/myat/path_control_px4/src/bringup_drone' with build type 'ament_python'
[0.583s] [34mcolcon.colcon_core.shell[0m [1;30mLevel 1[0m create_environment_hook('bringup_drone', 'ament_prefix_path')
[0.583s] [34mcolcon.colcon_core.shell[0m [1;30mINFO[0m Creating environment hook '/home/myat/path_control_px4/install/bringup_drone/share/bringup_drone/hook/ament_prefix_path.ps1'
[0.584s] [34mcolcon.colcon_core.shell[0m [1;30mINFO[0m Creating environment descriptor '/home/myat/path_control_px4/install/bringup_drone/share/bringup_drone/hook/ament_prefix_path.dsv'
[0.584s] [34mcolcon.colcon_core.shell[0m [1;30mINFO[0m Creating environment hook '/home/myat/path_control_px4/install/bringup_drone/share/bringup_drone/hook/ament_prefix_path.sh'
[0.585s] [34mcolcon.colcon_core.shell[0m [1;30mINFO[0m Skip shell extension 'powershell' for command environment: Not usable outside of PowerShell
[0.585s] [34mcolcon.colcon_core.shell[0m [1;30mDEBUG[0m [32mSkip shell extension 'dsv' for command environment[0m
[0.589s] [34mcolcon.colcon_ros.task.ament_cmake.build[0m [1;30mINFO[0m Building ROS package in '/home/myat/path_control_px4/src/vision' with build type 'ament_cmake'
[0.590s] [34mcolcon.colcon_cmake.task.cmake.build[0m [1;30mINFO[0m Building CMake package in '/home/myat/path_control_px4/src/vision'
[0.590s] [34mcolcon.colcon_core.shell[0m [1;30mINFO[0m Skip shell extension 'powershell' for command environment: Not usable outside of PowerShell
[0.590s] [34mcolcon.colcon_core.shell[0m [1;30mDEBUG[0m [32mSkip shell extension 'dsv' for command environment[0m
[0.602s] [34mcolcon.colcon_core.event_handler.log_command[0m [1;30mDEBUG[0m [32mInvoking command in '/home/myat/path_control_px4/build/px4_msgs': CMAKE_PREFIX_PATH=${CMAKE_PREFIX_PATH}:/home/myat/path_control_px4/install/px4_offboard:/home/myat/path_control_px4/install/bringup_drone:/opt/ros/humble /usr/bin/cmake --build /home/myat/path_control_px4/build/px4_msgs -- -j12 -l12[0m
[0.979s] [34mcolcon.colcon_core.task.python.build[0m [1;30mINFO[0m Building Python package in '/home/myat/path_control_px4/src/bringup_drone'
[0.979s] [34mcolcon.colcon_core.shell[0m [1;30mINFO[0m Skip shell extension 'powershell' for command environment: Not usable outside of PowerShell
[0.979s] [34mcolcon.colcon_core.shell[0m [1;30mDEBUG[0m [32mSkip shell extension 'dsv' for command environment[0m
[0.989s] [34mcolcon.colcon_core.event_handler.log_command[0m [1;30mDEBUG[0m [32mInvoking command in '/home/myat/path_control_px4/build/vision': CMAKE_PREFIX_PATH=${CMAKE_PREFIX_PATH}:/home/myat/path_control_px4/install/px4_offboard:/home/myat/path_control_px4/install/bringup_drone:/opt/ros/humble /usr/bin/cmake --build /home/myat/path_control_px4/build/vision -- -j12 -l12[0m
[1.111s] [34mcolcon.colcon_core.event_handler.log_command[0m [1;30mDEBUG[0m [32mInvoked command in '/home/myat/path_control_px4/build/vision' returned '0': CMAKE_PREFIX_PATH=${CMAKE_PREFIX_PATH}:/home/myat/path_control_px4/install/px4_offboard:/home/myat/path_control_px4/install/bringup_drone:/opt/ros/humble /usr/bin/cmake --build /home/myat/path_control_px4/build/vision -- -j12 -l12[0m
[1.123s] [34mcolcon.colcon_core.event_handler.log_command[0m [1;30mDEBUG[0m [32mInvoking command in '/home/myat/path_control_px4/build/vision': CMAKE_PREFIX_PATH=${CMAKE_PREFIX_PATH}:/home/myat/path_control_px4/install/px4_offboard:/home/myat/path_control_px4/install/bringup_drone:/opt/ros/humble /usr/bin/cmake --install /home/myat/path_control_px4/build/vision[0m
[1.137s] [34mcolcon.colcon_core.environment[0m [1;30mLevel 1[0m create_environment_scripts_only(vision)
[1.139s] [34mcolcon.colcon_core.event_handler.log_command[0m [1;30mDEBUG[0m [32mInvoked command in '/home/myat/path_control_px4/build/vision' returned '0': CMAKE_PREFIX_PATH=${CMAKE_PREFIX_PATH}:/home/myat/path_control_px4/install/px4_offboard:/home/myat/path_control_px4/install/bringup_drone:/opt/ros/humble /usr/bin/cmake --install /home/myat/path_control_px4/build/vision[0m
[1.141s] [34mcolcon.colcon_core.environment[0m [1;30mLevel 1[0m checking '/home/myat/path_control_px4/install/vision' for CMake module files
[1.142s] [34mcolcon.colcon_core.environment[0m [1;30mLevel 1[0m checking '/home/myat/path_control_px4/install/vision' for CMake config files
[1.142s] [34mcolcon.colcon_core.shell[0m [1;30mLevel 1[0m create_environment_hook('vision', 'cmake_prefix_path')
[1.142s] [34mcolcon.colcon_core.shell[0m [1;30mINFO[0m Creating environment hook '/home/myat/path_control_px4/install/vision/share/vision/hook/cmake_prefix_path.ps1'
[1.143s] [34mcolcon.colcon_core.shell[0m [1;30mINFO[0m Creating environment descriptor '/home/myat/path_control_px4/install/vision/share/vision/hook/cmake_prefix_path.dsv'
[1.143s] [34mcolcon.colcon_core.shell[0m [1;30mINFO[0m Creating environment hook '/home/myat/path_control_px4/install/vision/share/vision/hook/cmake_prefix_path.sh'
[1.144s] [34mcolcon.colcon_core.environment[0m [1;30mLevel 1[0m checking '/home/myat/path_control_px4/install/vision/lib'
[1.144s] [34mcolcon.colcon_core.environment[0m [1;30mLevel 1[0m checking '/home/myat/path_control_px4/install/vision/bin'
[1.144s] [34mcolcon.colcon_core.environment[0m [1;30mLevel 1[0m checking '/home/myat/path_control_px4/install/vision/lib/pkgconfig/vision.pc'
[1.144s] [34mcolcon.colcon_core.environment[0m [1;30mLevel 1[0m checking '/home/myat/path_control_px4/install/vision/lib/python3.10/site-packages'
[1.144s] [34mcolcon.colcon_core.environment[0m [1;30mLevel 1[0m checking '/home/myat/path_control_px4/install/vision/bin'
[1.145s] [34mcolcon.colcon_core.shell[0m [1;30mINFO[0m Creating package script '/home/myat/path_control_px4/install/vision/share/vision/package.ps1'
[1.146s] [34mcolcon.colcon_core.shell[0m [1;30mINFO[0m Creating package descriptor '/home/myat/path_control_px4/install/vision/share/vision/package.dsv'
[1.147s] [34mcolcon.colcon_core.shell[0m [1;30mINFO[0m Creating package script '/home/myat/path_control_px4/install/vision/share/vision/package.sh'
[1.147s] [34mcolcon.colcon_core.shell[0m [1;30mINFO[0m Creating package script '/home/myat/path_control_px4/install/vision/share/vision/package.bash'
[1.148s] [34mcolcon.colcon_core.shell[0m [1;30mINFO[0m Creating package script '/home/myat/path_control_px4/install/vision/share/vision/package.zsh'
[1.149s] [34mcolcon.colcon_core.environment[0m [1;30mLevel 1[0m create_file_with_runtime_dependencies(/home/myat/path_control_px4/install/vision/share/colcon-core/packages/vision)
[1.149s] [34mcolcon.colcon_core.environment[0m [1;30mLevel 1[0m create_environment_scripts_only(vision)
[1.150s] [34mcolcon.colcon_core.environment[0m [1;30mLevel 1[0m checking '/home/myat/path_control_px4/install/vision' for CMake module files
[1.150s] [34mcolcon.colcon_core.environment[0m [1;30mLevel 1[0m checking '/home/myat/path_control_px4/install/vision' for CMake config files
[1.150s] [34mcolcon.colcon_core.shell[0m [1;30mLevel 1[0m create_environment_hook('vision', 'cmake_prefix_path')
[1.151s] [34mcolcon.colcon_core.shell[0m [1;30mINFO[0m Creating environment hook '/home/myat/path_control_px4/install/vision/share/vision/hook/cmake_prefix_path.ps1'
[1.151s] [34mcolcon.colcon_core.shell[0m [1;30mINFO[0m Creating environment descriptor '/home/myat/path_control_px4/install/vision/share/vision/hook/cmake_prefix_path.dsv'
[1.152s] [34mcolcon.colcon_core.shell[0m [1;30mINFO[0m Creating environment hook '/home/myat/path_control_px4/install/vision/share/vision/hook/cmake_prefix_path.sh'
[1.152s] [34mcolcon.colcon_core.environment[0m [1;30mLevel 1[0m checking '/home/myat/path_control_px4/install/vision/lib'
[1.152s] [34mcolcon.colcon_core.environment[0m [1;30mLevel 1[0m checking '/home/myat/path_control_px4/install/vision/bin'
[1.152s] [34mcolcon.colcon_core.environment[0m [1;30mLevel 1[0m checking '/home/myat/path_control_px4/install/vision/lib/pkgconfig/vision.pc'
[1.153s] [34mcolcon.colcon_core.environment[0m [1;30mLevel 1[0m checking '/home/myat/path_control_px4/install/vision/lib/python3.10/site-packages'
[1.153s] [34mcolcon.colcon_core.environment[0m [1;30mLevel 1[0m checking '/home/myat/path_control_px4/install/vision/bin'
[1.153s] [34mcolcon.colcon_core.shell[0m [1;30mINFO[0m Creating package script '/home/myat/path_control_px4/install/vision/share/vision/package.ps1'
[1.154s] [34mcolcon.colcon_core.shell[0m [1;30mINFO[0m Creating package descriptor '/home/myat/path_control_px4/install/vision/share/vision/package.dsv'
[1.154s] [34mcolcon.colcon_core.shell[0m [1;30mINFO[0m Creating package script '/home/myat/path_control_px4/install/vision/share/vision/package.sh'
[1.155s] [34mcolcon.colcon_core.shell[0m [1;30mINFO[0m Creating package script '/home/myat/path_control_px4/install/vision/share/vision/package.bash'
[1.155s] [34mcolcon.colcon_core.shell[0m [1;30mINFO[0m Creating package script '/home/myat/path_control_px4/install/vision/share/vision/package.zsh'
[1.156s] [34mcolcon.colcon_core.environment[0m [1;30mLevel 1[0m create_file_with_runtime_dependencies(/home/myat/path_control_px4/install/vision/share/colcon-core/packages/vision)
[1.708s] [34mcolcon.colcon_core.event_handler.log_command[0m [1;30mDEBUG[0m [32mInvoking command in '/home/myat/path_control_px4/src/bringup_drone': PYTHONPATH=/home/myat/path_control_px4/build/bringup_drone/prefix_override:/usr/lib/python3/dist-packages/colcon_core/task/python/colcon_distutils_commands:/home/myat/path_control_px4/install/bringup_drone/lib/python3.10/site-packages:${PYTHONPATH} /usr/bin/python3 -W ignore:setup.py install is deprecated -W ignore:easy_install command is deprecated setup.py egg_info --egg-base ../../build/bringup_drone build --build-base /home/myat/path_control_px4/build/bringup_drone/build install --record /home/myat/path_control_px4/build/bringup_drone/install.log --single-version-externally-managed install_data[0m
[1.788s] [34mcolcon.colcon_core.event_handler.log_command[0m [1;30mDEBUG[0m [32mInvoked command in '/home/myat/path_control_px4/build/px4_msgs' returned '0': CMAKE_PREFIX_PATH=${CMAKE_PREFIX_PATH}:/home/myat/path_control_px4/install/px4_offboard:/home/myat/path_control_px4/install/bringup_drone:/opt/ros/humble /usr/bin/cmake --build /home/myat/path_control_px4/build/px4_msgs -- -j12 -l12[0m
[1.790s] [34mcolcon.colcon_core.event_handler.log_command[0m [1;30mDEBUG[0m [32mInvoking command in '/home/myat/path_control_px4/build/px4_msgs': CMAKE_PREFIX_PATH=${CMAKE_PREFIX_PATH}:/home/myat/path_control_px4/install/px4_offboard:/home/myat/path_control_px4/install/bringup_drone:/opt/ros/humble /usr/bin/cmake --install /home/myat/path_control_px4/build/px4_msgs[0m
[2.181s] [34mcolcon.colcon_core.environment[0m [1;30mLevel 1[0m checking '/home/myat/path_control_px4/install/bringup_drone' for CMake module files
[2.182s] [34mcolcon.colcon_core.event_handler.log_command[0m [1;30mDEBUG[0m [32mInvoked command in '/home/myat/path_control_px4/src/bringup_drone' returned '0': PYTHONPATH=/home/myat/path_control_px4/build/bringup_drone/prefix_override:/usr/lib/python3/dist-packages/colcon_core/task/python/colcon_distutils_commands:/home/myat/path_control_px4/install/bringup_drone/lib/python3.10/site-packages:${PYTHONPATH} /usr/bin/python3 -W ignore:setup.py install is deprecated -W ignore:easy_install command is deprecated setup.py egg_info --egg-base ../../build/bringup_drone build --build-base /home/myat/path_control_px4/build/bringup_drone/build install --record /home/myat/path_control_px4/build/bringup_drone/install.log --single-version-externally-managed install_data[0m
[2.182s] [34mcolcon.colcon_core.environment[0m [1;30mLevel 1[0m checking '/home/myat/path_control_px4/install/bringup_drone' for CMake config files
[2.183s] [34mcolcon.colcon_core.environment[0m [1;30mLevel 1[0m checking '/home/myat/path_control_px4/install/bringup_drone/lib'
[2.183s] [34mcolcon.colcon_core.environment[0m [1;30mLevel 1[0m checking '/home/myat/path_control_px4/install/bringup_drone/bin'
[2.183s] [34mcolcon.colcon_core.environment[0m [1;30mLevel 1[0m checking '/home/myat/path_control_px4/install/bringup_drone/lib/pkgconfig/bringup_drone.pc'
[2.184s] [34mcolcon.colcon_core.environment[0m [1;30mLevel 1[0m checking '/home/myat/path_control_px4/install/bringup_drone/lib/python3.10/site-packages'
[2.184s] [34mcolcon.colcon_core.shell[0m [1;30mLevel 1[0m create_environment_hook('bringup_drone', 'pythonpath')
[2.184s] [34mcolcon.colcon_core.shell[0m [1;30mINFO[0m Creating environment hook '/home/myat/path_control_px4/install/bringup_drone/share/bringup_drone/hook/pythonpath.ps1'
[2.186s] [34mcolcon.colcon_core.shell[0m [1;30mINFO[0m Creating environment descriptor '/home/myat/path_control_px4/install/bringup_drone/share/bringup_drone/hook/pythonpath.dsv'
[2.187s] [34mcolcon.colcon_core.shell[0m [1;30mINFO[0m Creating environment hook '/home/myat/path_control_px4/install/bringup_drone/share/bringup_drone/hook/pythonpath.sh'
[2.187s] [34mcolcon.colcon_core.environment[0m [1;30mLevel 1[0m checking '/home/myat/path_control_px4/install/bringup_drone/bin'
[2.188s] [34mcolcon.colcon_core.environment[0m [1;30mLevel 1[0m create_environment_scripts_only(bringup_drone)
[2.188s] [34mcolcon.colcon_core.shell[0m [1;30mINFO[0m Creating package script '/home/myat/path_control_px4/install/bringup_drone/share/bringup_drone/package.ps1'
[2.190s] [34mcolcon.colcon_core.shell[0m [1;30mINFO[0m Creating package descriptor '/home/myat/path_control_px4/install/bringup_drone/share/bringup_drone/package.dsv'
[2.190s] [34mcolcon.colcon_core.shell[0m [1;30mINFO[0m Creating package script '/home/myat/path_control_px4/install/bringup_drone/share/bringup_drone/package.sh'
[2.191s] [34mcolcon.colcon_core.shell[0m [1;30mINFO[0m Creating package script '/home/myat/path_control_px4/install/bringup_drone/share/bringup_drone/package.bash'
[2.192s] [34mcolcon.colcon_core.shell[0m [1;30mINFO[0m Creating package script '/home/myat/path_control_px4/install/bringup_drone/share/bringup_drone/package.zsh'
[2.193s] [34mcolcon.colcon_core.environment[0m [1;30mLevel 1[0m create_file_with_runtime_dependencies(/home/myat/path_control_px4/install/bringup_drone/share/colcon-core/packages/bringup_drone)
[2.209s] [34mcolcon.colcon_core.environment[0m [1;30mLevel 1[0m create_environment_scripts_only(px4_msgs)
[2.210s] [34mcolcon.colcon_core.environment[0m [1;30mLevel 1[0m checking '/home/myat/path_control_px4/install/px4_msgs' for CMake module files
[2.211s] [34mcolcon.colcon_core.event_handler.log_command[0m [1;30mDEBUG[0m [32mInvoked command in '/home/myat/path_control_px4/build/px4_msgs' returned '0': CMAKE_PREFIX_PATH=${CMAKE_PREFIX_PATH}:/home/myat/path_control_px4/install/px4_offboard:/home/myat/path_control_px4/install/bringup_drone:/opt/ros/humble /usr/bin/cmake --install /home/myat/path_control_px4/build/px4_msgs[0m
[2.211s] [34mcolcon.colcon_core.environment[0m [1;30mLevel 1[0m checking '/home/myat/path_control_px4/install/px4_msgs' for CMake config files
[2.217s] [34mcolcon.colcon_core.shell[0m [1;30mLevel 1[0m create_environment_hook('px4_msgs', 'cmake_prefix_path')
[2.218s] [34mcolcon.colcon_core.shell[0m [1;30mINFO[0m Creating environment hook '/home/myat/path_control_px4/install/px4_msgs/share/px4_msgs/hook/cmake_prefix_path.ps1'
[2.219s] [34mcolcon.colcon_core.shell[0m [1;30mINFO[0m Creating environment descriptor '/home/myat/path_control_px4/install/px4_msgs/share/px4_msgs/hook/cmake_prefix_path.dsv'
[2.219s] [34mcolcon.colcon_core.shell[0m [1;30mINFO[0m Creating environment hook '/home/myat/path_control_px4/install/px4_msgs/share/px4_msgs/hook/cmake_prefix_path.sh'
[2.220s] [34mcolcon.colcon_core.environment[0m [1;30mLevel 1[0m checking '/home/myat/path_control_px4/install/px4_msgs/lib'
[2.220s] [34mcolcon.colcon_core.shell[0m [1;30mLevel 1[0m create_environment_hook('px4_msgs', 'ld_library_path_lib')
[2.220s] [34mcolcon.colcon_core.shell[0m [1;30mINFO[0m Creating environment hook '/home/myat/path_control_px4/install/px4_msgs/share/px4_msgs/hook/ld_library_path_lib.ps1'
[2.221s] [34mcolcon.colcon_core.shell[0m [1;30mINFO[0m Creating environment descriptor '/home/myat/path_control_px4/install/px4_msgs/share/px4_msgs/hook/ld_library_path_lib.dsv'
[2.221s] [34mcolcon.colcon_core.shell[0m [1;30mINFO[0m Creating environment hook '/home/myat/path_control_px4/install/px4_msgs/share/px4_msgs/hook/ld_library_path_lib.sh'
[2.221s] [34mcolcon.colcon_core.environment[0m [1;30mLevel 1[0m checking '/home/myat/path_control_px4/install/px4_msgs/bin'
[2.221s] [34mcolcon.colcon_core.environment[0m [1;30mLevel 1[0m checking '/home/myat/path_control_px4/install/px4_msgs/lib/pkgconfig/px4_msgs.pc'
[2.222s] [34mcolcon.colcon_core.environment[0m [1;30mLevel 1[0m checking '/home/myat/path_control_px4/install/px4_msgs/lib/python3.10/site-packages'
[2.222s] [34mcolcon.colcon_core.environment[0m [1;30mLevel 1[0m checking '/home/myat/path_control_px4/install/px4_msgs/bin'
[2.222s] [34mcolcon.colcon_core.shell[0m [1;30mINFO[0m Creating package script '/home/myat/path_control_px4/install/px4_msgs/share/px4_msgs/package.ps1'
[2.223s] [34mcolcon.colcon_core.shell[0m [1;30mINFO[0m Creating package descriptor '/home/myat/path_control_px4/install/px4_msgs/share/px4_msgs/package.dsv'
[2.224s] [34mcolcon.colcon_core.shell[0m [1;30mINFO[0m Creating package script '/home/myat/path_control_px4/install/px4_msgs/share/px4_msgs/package.sh'
[2.224s] [34mcolcon.colcon_core.shell[0m [1;30mINFO[0m Creating package script '/home/myat/path_control_px4/install/px4_msgs/share/px4_msgs/package.bash'
[2.225s] [34mcolcon.colcon_core.shell[0m [1;30mINFO[0m Creating package script '/home/myat/path_control_px4/install/px4_msgs/share/px4_msgs/package.zsh'
[2.225s] [34mcolcon.colcon_core.environment[0m [1;30mLevel 1[0m create_file_with_runtime_dependencies(/home/myat/path_control_px4/install/px4_msgs/share/colcon-core/packages/px4_msgs)
[2.226s] [34mcolcon.colcon_core.environment[0m [1;30mLevel 1[0m create_environment_scripts_only(px4_msgs)
[2.226s] [34mcolcon.colcon_core.environment[0m [1;30mLevel 1[0m checking '/home/myat/path_control_px4/install/px4_msgs' for CMake module files
[2.227s] [34mcolcon.colcon_core.environment[0m [1;30mLevel 1[0m checking '/home/myat/path_control_px4/install/px4_msgs' for CMake config files
[2.232s] [34mcolcon.colcon_core.shell[0m [1;30mLevel 1[0m create_environment_hook('px4_msgs', 'cmake_prefix_path')
[2.233s] [34mcolcon.colcon_core.shell[0m [1;30mINFO[0m Creating environment hook '/home/myat/path_control_px4/install/px4_msgs/share/px4_msgs/hook/cmake_prefix_path.ps1'
[2.234s] [34mcolcon.colcon_core.shell[0m [1;30mINFO[0m Creating environment descriptor '/home/myat/path_control_px4/install/px4_msgs/share/px4_msgs/hook/cmake_prefix_path.dsv'
[2.234s] [34mcolcon.colcon_core.shell[0m [1;30mINFO[0m Creating environment hook '/home/myat/path_control_px4/install/px4_msgs/share/px4_msgs/hook/cmake_prefix_path.sh'
[2.234s] [34mcolcon.colcon_core.environment[0m [1;30mLevel 1[0m checking '/home/myat/path_control_px4/install/px4_msgs/lib'
[2.235s] [34mcolcon.colcon_core.shell[0m [1;30mLevel 1[0m create_environment_hook('px4_msgs', 'ld_library_path_lib')
[2.235s] [34mcolcon.colcon_core.shell[0m [1;30mINFO[0m Creating environment hook '/home/myat/path_control_px4/install/px4_msgs/share/px4_msgs/hook/ld_library_path_lib.ps1'
[2.235s] [34mcolcon.colcon_core.shell[0m [1;30mINFO[0m Creating environment descriptor '/home/myat/path_control_px4/install/px4_msgs/share/px4_msgs/hook/ld_library_path_lib.dsv'
[2.236s] [34mcolcon.colcon_core.shell[0m [1;30mINFO[0m Creating environment hook '/home/myat/path_control_px4/install/px4_msgs/share/px4_msgs/hook/ld_library_path_lib.sh'
[2.236s] [34mcolcon.colcon_core.environment[0m [1;30mLevel 1[0m checking '/home/myat/path_control_px4/install/px4_msgs/bin'
[2.236s] [34mcolcon.colcon_core.environment[0m [1;30mLevel 1[0m checking '/home/myat/path_control_px4/install/px4_msgs/lib/pkgconfig/px4_msgs.pc'
[2.237s] [34mcolcon.colcon_core.environment[0m [1;30mLevel 1[0m checking '/home/myat/path_control_px4/install/px4_msgs/lib/python3.10/site-packages'
[2.237s] [34mcolcon.colcon_core.environment[0m [1;30mLevel 1[0m checking '/home/myat/path_control_px4/install/px4_msgs/bin'
[2.237s] [34mcolcon.colcon_core.shell[0m [1;30mINFO[0m Creating package script '/home/myat/path_control_px4/install/px4_msgs/share/px4_msgs/package.ps1'
[2.238s] [34mcolcon.colcon_core.shell[0m [1;30mINFO[0m Creating package descriptor '/home/myat/path_control_px4/install/px4_msgs/share/px4_msgs/package.dsv'
[2.239s] [34mcolcon.colcon_core.shell[0m [1;30mINFO[0m Creating package script '/home/myat/path_control_px4/install/px4_msgs/share/px4_msgs/package.sh'
[2.239s] [34mcolcon.colcon_core.shell[0m [1;30mINFO[0m Creating package script '/home/myat/path_control_px4/install/px4_msgs/share/px4_msgs/package.bash'
[2.240s] [34mcolcon.colcon_core.shell[0m [1;30mINFO[0m Creating package script '/home/myat/path_control_px4/install/px4_msgs/share/px4_msgs/package.zsh'
[2.240s] [34mcolcon.colcon_core.environment[0m [1;30mLevel 1[0m create_file_with_runtime_dependencies(/home/myat/path_control_px4/install/px4_msgs/share/colcon-core/packages/px4_msgs)
[2.241s] [34mcolcon.colcon_ros.task.ament_cmake.build[0m [1;30mINFO[0m Building ROS package in '/home/myat/path_control_px4/src/control' with build type 'ament_cmake'
[2.241s] [34mcolcon.colcon_cmake.task.cmake.build[0m [1;30mINFO[0m Building CMake package in '/home/myat/path_control_px4/src/control'
[2.242s] [34mcolcon.colcon_core.shell[0m [1;30mINFO[0m Skip shell extension 'powershell' for command environment: Not usable outside of PowerShell
[2.242s] [34mcolcon.colcon_core.shell[0m [1;30mDEBUG[0m [32mSkip shell extension 'dsv' for command environment[0m
[2.248s] [34mcolcon.colcon_ros.task.ament_python.build[0m [1;30mINFO[0m Building ROS package in '/home/myat/path_control_px4/src/ROS2_PX4_Offboard_Example/px4_offboard' with build type 'ament_python'
[2.248s] [34mcolcon.colcon_core.shell[0m [1;30mLevel 1[0m create_environment_hook('px4_offboard', 'ament_prefix_path')
[2.249s] [34mcolcon.colcon_core.shell[0m [1;30mINFO[0m Creating environment hook '/home/myat/path_control_px4/install/px4_offboard/share/px4_offboard/hook/ament_prefix_path.ps1'
[2.249s] [34mcolcon.colcon_core.shell[0m [1;30mINFO[0m Creating environment descriptor '/home/myat/path_control_px4/install/px4_offboard/share/px4_offboard/hook/ament_prefix_path.dsv'
[2.250s] [34mcolcon.colcon_core.shell[0m [1;30mINFO[0m Creating environment hook '/home/myat/path_control_px4/install/px4_offboard/share/px4_offboard/hook/ament_prefix_path.sh'
[2.250s] [34mcolcon.colcon_core.shell[0m [1;30mINFO[0m Skip shell extension 'powershell' for command environment: Not usable outside of PowerShell
[2.250s] [34mcolcon.colcon_core.shell[0m [1;30mDEBUG[0m [32mSkip shell extension 'dsv' for command environment[0m
[2.263s] [34mcolcon.colcon_core.event_handler.log_command[0m [1;30mDEBUG[0m [32mInvoking command in '/home/myat/path_control_px4/build/control': CMAKE_PREFIX_PATH=/home/myat/path_control_px4/install/px4_msgs:/home/myat/path_control_px4/install/vision:/home/myat/path_control_px4/install/control:/home/myat/path_control_px4/install/px4_offboard:/home/myat/path_control_px4/install/bringup_drone:/opt/ros/humble /usr/bin/cmake --build /home/myat/path_control_px4/build/control -- -j12 -l12[0m
[2.665s] [34mcolcon.colcon_core.task.python.build[0m [1;30mINFO[0m Building Python package in '/home/myat/path_control_px4/src/ROS2_PX4_Offboard_Example/px4_offboard'
[2.666s] [34mcolcon.colcon_core.shell[0m [1;30mINFO[0m Skip shell extension 'powershell' for command environment: Not usable outside of PowerShell
[2.666s] [34mcolcon.colcon_core.shell[0m [1;30mDEBUG[0m [32mSkip shell extension 'dsv' for command environment[0m
[3.329s] [34mcolcon.colcon_core.event_handler.log_command[0m [1;30mDEBUG[0m [32mInvoking command in '/home/myat/path_control_px4/src/ROS2_PX4_Offboard_Example/px4_offboard': CMAKE_PREFIX_PATH=/home/myat/path_control_px4/install/px4_msgs:/home/myat/path_control_px4/install/vision:/home/myat/path_control_px4/install/control PYTHONPATH=/home/myat/path_control_px4/build/px4_offboard/prefix_override:/usr/lib/python3/dist-packages/colcon_core/task/python/colcon_distutils_commands:/home/myat/path_control_px4/install/px4_offboard/lib/python3.10/site-packages:${PYTHONPATH} /usr/bin/python3 -W ignore:setup.py install is deprecated -W ignore:easy_install command is deprecated setup.py egg_info --egg-base ../../../build/px4_offboard build --build-base /home/myat/path_control_px4/build/px4_offboard/build install --record /home/myat/path_control_px4/build/px4_offboard/install.log --single-version-externally-managed install_data[0m
[3.776s] [34mcolcon.colcon_core.environment[0m [1;30mLevel 1[0m checking '/home/myat/path_control_px4/install/px4_offboard' for CMake module files
[3.776s] [34mcolcon.colcon_core.event_handler.log_command[0m [1;30mDEBUG[0m [32mInvoked command in '/home/myat/path_control_px4/src/ROS2_PX4_Offboard_Example/px4_offboard' returned '0': CMAKE_PREFIX_PATH=/home/myat/path_control_px4/install/px4_msgs:/home/myat/path_control_px4/install/vision:/home/myat/path_control_px4/install/control PYTHONPATH=/home/myat/path_control_px4/build/px4_offboard/prefix_override:/usr/lib/python3/dist-packages/colcon_core/task/python/colcon_distutils_commands:/home/myat/path_control_px4/install/px4_offboard/lib/python3.10/site-packages:${PYTHONPATH} /usr/bin/python3 -W ignore:setup.py install is deprecated -W ignore:easy_install command is deprecated setup.py egg_info --egg-base ../../../build/px4_offboard build --build-base /home/myat/path_control_px4/build/px4_offboard/build install --record /home/myat/path_control_px4/build/px4_offboard/install.log --single-version-externally-managed install_data[0m
[3.777s] [34mcolcon.colcon_core.environment[0m [1;30mLevel 1[0m checking '/home/myat/path_control_px4/install/px4_offboard' for CMake config files
[3.777s] [34mcolcon.colcon_core.environment[0m [1;30mLevel 1[0m checking '/home/myat/path_control_px4/install/px4_offboard/lib'
[3.777s] [34mcolcon.colcon_core.environment[0m [1;30mLevel 1[0m checking '/home/myat/path_control_px4/install/px4_offboard/bin'
[3.778s] [34mcolcon.colcon_core.environment[0m [1;30mLevel 1[0m checking '/home/myat/path_control_px4/install/px4_offboard/lib/pkgconfig/px4_offboard.pc'
[3.778s] [34mcolcon.colcon_core.environment[0m [1;30mLevel 1[0m checking '/home/myat/path_control_px4/install/px4_offboard/lib/python3.10/site-packages'
[3.778s] [34mcolcon.colcon_core.shell[0m [1;30mLevel 1[0m create_environment_hook('px4_offboard', 'pythonpath')
[3.778s] [34mcolcon.colcon_core.shell[0m [1;30mINFO[0m Creating environment hook '/home/myat/path_control_px4/install/px4_offboard/share/px4_offboard/hook/pythonpath.ps1'
[3.779s] [34mcolcon.colcon_core.shell[0m [1;30mINFO[0m Creating environment descriptor '/home/myat/path_control_px4/install/px4_offboard/share/px4_offboard/hook/pythonpath.dsv'
[3.779s] [34mcolcon.colcon_core.shell[0m [1;30mINFO[0m Creating environment hook '/home/myat/path_control_px4/install/px4_offboard/share/px4_offboard/hook/pythonpath.sh'
[3.780s] [34mcolcon.colcon_core.environment[0m [1;30mLevel 1[0m checking '/home/myat/path_control_px4/install/px4_offboard/bin'
[3.780s] [34mcolcon.colcon_core.environment[0m [1;30mLevel 1[0m create_environment_scripts_only(px4_offboard)
[3.780s] [34mcolcon.colcon_core.shell[0m [1;30mINFO[0m Creating package script '/home/myat/path_control_px4/install/px4_offboard/share/px4_offboard/package.ps1'
[3.781s] [34mcolcon.colcon_core.shell[0m [1;30mINFO[0m Creating package descriptor '/home/myat/path_control_px4/install/px4_offboard/share/px4_offboard/package.dsv'
[3.781s] [34mcolcon.colcon_core.shell[0m [1;30mINFO[0m Creating package script '/home/myat/path_control_px4/install/px4_offboard/share/px4_offboard/package.sh'
[3.782s] [34mcolcon.colcon_core.shell[0m [1;30mINFO[0m Creating package script '/home/myat/path_control_px4/install/px4_offboard/share/px4_offboard/package.bash'
[3.782s] [34mcolcon.colcon_core.shell[0m [1;30mINFO[0m Creating package script '/home/myat/path_control_px4/install/px4_offboard/share/px4_offboard/package.zsh'
[3.783s] [34mcolcon.colcon_core.environment[0m [1;30mLevel 1[0m create_file_with_runtime_dependencies(/home/myat/path_control_px4/install/px4_offboard/share/colcon-core/packages/px4_offboard)
[13.631s] [34mcolcon.colcon_core.event_handler.log_command[0m [1;30mDEBUG[0m [32mInvoked command in '/home/myat/path_control_px4/build/control' returned '0': CMAKE_PREFIX_PATH=/home/myat/path_control_px4/install/px4_msgs:/home/myat/path_control_px4/install/vision:/home/myat/path_control_px4/install/control:/home/myat/path_control_px4/install/px4_offboard:/home/myat/path_control_px4/install/bringup_drone:/opt/ros/humble /usr/bin/cmake --build /home/myat/path_control_px4/build/control -- -j12 -l12[0m
[13.633s] [34mcolcon.colcon_core.event_handler.log_command[0m [1;30mDEBUG[0m [32mInvoking command in '/home/myat/path_control_px4/build/control': CMAKE_PREFIX_PATH=/home/myat/path_control_px4/install/px4_msgs:/home/myat/path_control_px4/install/vision:/home/myat/path_control_px4/install/control:/home/myat/path_control_px4/install/px4_offboard:/home/myat/path_control_px4/install/bringup_drone:/opt/ros/humble /usr/bin/cmake --install /home/myat/path_control_px4/build/control[0m
[13.656s] [34mcolcon.colcon_core.environment[0m [1;30mLevel 1[0m create_environment_scripts_only(control)
[13.657s] [34mcolcon.colcon_core.environment[0m [1;30mLevel 1[0m checking '/home/myat/path_control_px4/install/control' for CMake module files
[13.657s] [34mcolcon.colcon_core.environment[0m [1;30mLevel 1[0m checking '/home/myat/path_control_px4/install/control' for CMake config files
[13.658s] [34mcolcon.colcon_core.event_handler.log_command[0m [1;30mDEBUG[0m [32mInvoked command in '/home/myat/path_control_px4/build/control' returned '0': CMAKE_PREFIX_PATH=/home/myat/path_control_px4/install/px4_msgs:/home/myat/path_control_px4/install/vision:/home/myat/path_control_px4/install/control:/home/myat/path_control_px4/install/px4_offboard:/home/myat/path_control_px4/install/bringup_drone:/opt/ros/humble /usr/bin/cmake --install /home/myat/path_control_px4/build/control[0m
[13.658s] [34mcolcon.colcon_core.shell[0m [1;30mLevel 1[0m create_environment_hook('control', 'cmake_prefix_path')
[13.659s] [34mcolcon.colcon_core.shell[0m [1;30mINFO[0m Creating environment hook '/home/myat/path_control_px4/install/control/share/control/hook/cmake_prefix_path.ps1'
[13.659s] [34mcolcon.colcon_core.shell[0m [1;30mINFO[0m Creating environment descriptor '/home/myat/path_control_px4/install/control/share/control/hook/cmake_prefix_path.dsv'
[13.660s] [34mcolcon.colcon_core.shell[0m [1;30mINFO[0m Creating environment hook '/home/myat/path_control_px4/install/control/share/control/hook/cmake_prefix_path.sh'
[13.661s] [34mcolcon.colcon_core.environment[0m [1;30mLevel 1[0m checking '/home/myat/path_control_px4/install/control/lib'
[13.661s] [34mcolcon.colcon_core.environment[0m [1;30mLevel 1[0m checking '/home/myat/path_control_px4/install/control/bin'
[13.661s] [34mcolcon.colcon_core.environment[0m [1;30mLevel 1[0m checking '/home/myat/path_control_px4/install/control/lib/pkgconfig/control.pc'
[13.661s] [34mcolcon.colcon_core.environment[0m [1;30mLevel 1[0m checking '/home/myat/path_control_px4/install/control/lib/python3.10/site-packages'
[13.661s] [34mcolcon.colcon_core.environment[0m [1;30mLevel 1[0m checking '/home/myat/path_control_px4/install/control/bin'
[13.662s] [34mcolcon.colcon_core.shell[0m [1;30mINFO[0m Creating package script '/home/myat/path_control_px4/install/control/share/control/package.ps1'
[13.662s] [34mcolcon.colcon_core.shell[0m [1;30mINFO[0m Creating package descriptor '/home/myat/path_control_px4/install/control/share/control/package.dsv'
[13.663s] [34mcolcon.colcon_core.shell[0m [1;30mINFO[0m Creating package script '/home/myat/path_control_px4/install/control/share/control/package.sh'
[13.663s] [34mcolcon.colcon_core.shell[0m [1;30mINFO[0m Creating package script '/home/myat/path_control_px4/install/control/share/control/package.bash'
[13.664s] [34mcolcon.colcon_core.shell[0m [1;30mINFO[0m Creating package script '/home/myat/path_control_px4/install/control/share/control/package.zsh'
[13.664s] [34mcolcon.colcon_core.environment[0m [1;30mLevel 1[0m create_file_with_runtime_dependencies(/home/myat/path_control_px4/install/control/share/colcon-core/packages/control)
[13.665s] [34mcolcon.colcon_core.environment[0m [1;30mLevel 1[0m create_environment_scripts_only(control)
[13.665s] [34mcolcon.colcon_core.environment[0m [1;30mLevel 1[0m checking '/home/myat/path_control_px4/install/control' for CMake module files
[13.665s] [34mcolcon.colcon_core.environment[0m [1;30mLevel 1[0m checking '/home/myat/path_control_px4/install/control' for CMake config files
[13.666s] [34mcolcon.colcon_core.shell[0m [1;30mLevel 1[0m create_environment_hook('control', 'cmake_prefix_path')
[13.666s] [34mcolcon.colcon_core.shell[0m [1;30mINFO[0m Creating environment hook '/home/myat/path_control_px4/install/control/share/control/hook/cmake_prefix_path.ps1'
[13.667s] [34mcolcon.colcon_core.shell[0m [1;30mINFO[0m Creating environment descriptor '/home/myat/path_control_px4/install/control/share/control/hook/cmake_prefix_path.dsv'
[13.667s] [34mcolcon.colcon_core.shell[0m [1;30mINFO[0m Creating environment hook '/home/myat/path_control_px4/install/control/share/control/hook/cmake_prefix_path.sh'
[13.668s] [34mcolcon.colcon_core.environment[0m [1;30mLevel 1[0m checking '/home/myat/path_control_px4/install/control/lib'
[13.668s] [34mcolcon.colcon_core.environment[0m [1;30mLevel 1[0m checking '/home/myat/path_control_px4/install/control/bin'
[13.668s] [34mcolcon.colcon_core.environment[0m [1;30mLevel 1[0m checking '/home/myat/path_control_px4/install/control/lib/pkgconfig/control.pc'
[13.668s] [34mcolcon.colcon_core.environment[0m [1;30mLevel 1[0m checking '/home/myat/path_control_px4/install/control/lib/python3.10/site-packages'
[13.668s] [34mcolcon.colcon_core.environment[0m [1;30mLevel 1[0m checking '/home/myat/path_control_px4/install/control/bin'
[13.668s] [34mcolcon.colcon_core.shell[0m [1;30mINFO[0m Creating package script '/home/myat/path_control_px4/install/control/share/control/package.ps1'
[13.669s] [34mcolcon.colcon_core.shell[0m [1;30mINFO[0m Creating package descriptor '/home/myat/path_control_px4/install/control/share/control/package.dsv'
[13.669s] [34mcolcon.colcon_core.shell[0m [1;30mINFO[0m Creating package script '/home/myat/path_control_px4/install/control/share/control/package.sh'
[13.670s] [34mcolcon.colcon_core.shell[0m [1;30mINFO[0m Creating package script '/home/myat/path_control_px4/install/control/share/control/package.bash'
[13.670s] [34mcolcon.colcon_core.shell[0m [1;30mINFO[0m Creating package script '/home/myat/path_control_px4/install/control/share/control/package.zsh'
[13.670s] [34mcolcon.colcon_core.environment[0m [1;30mLevel 1[0m create_file_with_runtime_dependencies(/home/myat/path_control_px4/install/control/share/colcon-core/packages/control)
[13.671s] [34mcolcon.colcon_parallel_executor.executor.parallel[0m [1;30mDEBUG[0m [32mclosing loop[0m
[13.671s] [34mcolcon.colcon_parallel_executor.executor.parallel[0m [1;30mDEBUG[0m [32mloop closed[0m
[13.671s] [34mcolcon.colcon_parallel_executor.executor.parallel[0m [1;30mDEBUG[0m [32mrun_until_complete finished with '0'[0m
[13.671s] [34mcolcon.colcon_core.event_reactor[0m [1;30mDEBUG[0m [32mjoining thread[0m
[13.679s] [34mcolcon.colcon_core.plugin_system[0m [1;30mINFO[0m Skipping extension 'colcon_notification.desktop_notification.terminal_notifier': Not used on non-Darwin systems
[13.680s] [34mcolcon.colcon_core.plugin_system[0m [1;30mINFO[0m Skipping extension 'colcon_notification.desktop_notification.win32': Not used on non-Windows systems
[13.680s] [34mcolcon.colcon_notification.desktop_notification[0m [1;30mINFO[0m Sending desktop notification using 'notify2'
[13.695s] [34mcolcon.colcon_core.event_reactor[0m [1;30mDEBUG[0m [32mjoined thread[0m
[13.695s] [34mcolcon.colcon_core.shell[0m [1;30mINFO[0m Creating prefix script '/home/myat/path_control_px4/install/local_setup.ps1'
[13.696s] [34mcolcon.colcon_core.shell[0m [1;30mINFO[0m Creating prefix util module '/home/myat/path_control_px4/install/_local_setup_util_ps1.py'
[13.697s] [34mcolcon.colcon_core.shell[0m [1;30mINFO[0m Creating prefix chain script '/home/myat/path_control_px4/install/setup.ps1'
[13.699s] [34mcolcon.colcon_core.shell[0m [1;30mINFO[0m Creating prefix script '/home/myat/path_control_px4/install/local_setup.sh'
[13.700s] [34mcolcon.colcon_core.shell[0m [1;30mINFO[0m Creating prefix util module '/home/myat/path_control_px4/install/_local_setup_util_sh.py'
[13.700s] [34mcolcon.colcon_core.shell[0m [1;30mINFO[0m Creating prefix chain script '/home/myat/path_control_px4/install/setup.sh'
[13.701s] [34mcolcon.colcon_core.shell[0m [1;30mINFO[0m Creating prefix script '/home/myat/path_control_px4/install/local_setup.bash'
[13.702s] [34mcolcon.colcon_core.shell[0m [1;30mINFO[0m Creating prefix chain script '/home/myat/path_control_px4/install/setup.bash'
[13.703s] [34mcolcon.colcon_core.shell[0m [1;30mINFO[0m Creating prefix script '/home/myat/path_control_px4/install/local_setup.zsh'
[13.704s] [34mcolcon.colcon_core.shell[0m [1;30mINFO[0m Creating prefix chain script '/home/myat/path_control_px4/install/setup.zsh'
