[  8%] [32m[1mLinking CXX executable camera_recorder[0m
[ 16%] Built target camera_recorder
[ 25%] [32mBuilding CXX object CMakeFiles/obstacle_node.dir/src/obstacle.cpp.o[0m
[ 33%] [32m[1mLinking CXX executable obstacle_node[0m
[ 33%] Built target obstacle_node
[ 58%] [32m[1mLinking CXX executable aruco_detect[0m
[ 58%] [32m[1mLinking CXX executable depth_polygon_mask_node[0m
[ 66%] Built target lidar
[ 75%] [32mBuilding CXX object CMakeFiles/pointcloud_node.dir/src/pointcloud_node.cpp.o[0m
[ 83%] Built target aruco_detect
[ 91%] Built target depth_polygon_mask_node
[100%] [32m[1mLinking CXX executable pointcloud_node[0m
[100%] Built target pointcloud_node
-- Install configuration: ""
-- Installing: /home/myat/path_control_px4/install/vision/lib/vision/camera_recorder
-- Set runtime path of "/home/myat/path_control_px4/install/vision/lib/vision/camera_recorder" to ""
-- Installing: /home/myat/path_control_px4/install/vision/lib/vision/depth_polygon_mask_node
-- Set runtime path of "/home/myat/path_control_px4/install/vision/lib/vision/depth_polygon_mask_node" to ""
-- Installing: /home/myat/path_control_px4/install/vision/lib/vision/pointcloud_node
-- Set runtime path of "/home/myat/path_control_px4/install/vision/lib/vision/pointcloud_node" to ""
-- Installing: /home/myat/path_control_px4/install/vision/lib/vision/aruco_detect
-- Set runtime path of "/home/myat/path_control_px4/install/vision/lib/vision/aruco_detect" to ""
-- Up-to-date: /home/myat/path_control_px4/install/vision/lib/vision/lidar
-- Installing: /home/myat/path_control_px4/install/vision/lib/vision/obstacle_node
-- Set runtime path of "/home/myat/path_control_px4/install/vision/lib/vision/obstacle_node" to ""
-- Up-to-date: /home/myat/path_control_px4/install/vision/share/ament_index/resource_index/package_run_dependencies/vision
-- Up-to-date: /home/myat/path_control_px4/install/vision/share/ament_index/resource_index/parent_prefix_path/vision
-- Up-to-date: /home/myat/path_control_px4/install/vision/share/vision/environment/ament_prefix_path.sh
-- Up-to-date: /home/myat/path_control_px4/install/vision/share/vision/environment/ament_prefix_path.dsv
-- Up-to-date: /home/myat/path_control_px4/install/vision/share/vision/environment/path.sh
-- Up-to-date: /home/myat/path_control_px4/install/vision/share/vision/environment/path.dsv
-- Up-to-date: /home/myat/path_control_px4/install/vision/share/vision/local_setup.bash
-- Up-to-date: /home/myat/path_control_px4/install/vision/share/vision/local_setup.sh
-- Up-to-date: /home/myat/path_control_px4/install/vision/share/vision/local_setup.zsh
-- Up-to-date: /home/myat/path_control_px4/install/vision/share/vision/local_setup.dsv
-- Installing: /home/myat/path_control_px4/install/vision/share/vision/package.dsv
-- Up-to-date: /home/myat/path_control_px4/install/vision/share/ament_index/resource_index/packages/vision
-- Up-to-date: /home/myat/path_control_px4/install/vision/share/vision/cmake/visionConfig.cmake
-- Up-to-date: /home/myat/path_control_px4/install/vision/share/vision/cmake/visionConfig-version.cmake
-- Up-to-date: /home/myat/path_control_px4/install/vision/share/vision/package.xml
