[0.028s] Invoking command in '/home/myat/path_control_px4/build/vision': CMAKE_PREFIX_PATH=${CMAKE_PREFIX_PATH}:/home/myat/path_control_px4/install/bringup_drone:/home/myat/hex_ws/install/hexapod_description:/home/myat/hex_ws/install/hexapod_control:/home/myat/my_uav/install/vision_python:/home/myat/my_uav/install/px4_offboard:/opt/ros/humble /usr/bin/cmake --build /home/myat/path_control_px4/build/vision -- -j12 -l12
[0.123s] [  8%] [32m[1mLinking CXX executable camera_recorder[0m
[2.829s] [ 16%] Built target camera_recorder
[2.916s] [ 25%] [32mBuilding CXX object CMakeFiles/obstacle_node.dir/src/obstacle.cpp.o[0m
[20.825s] [ 33%] [32m[1mLinking CXX executable obstacle_node[0m
[22.720s] [ 33%] Built target obstacle_node
[22.763s] [ 58%] [32m[1mLinking CXX executable aruco_detect[0m
[22.764s] [ 58%] [32m[1mLinking CXX executable depth_polygon_mask_node[0m
[22.764s] [ 66%] Built target lidar
[22.774s] [ 75%] [32mBuilding CXX object CMakeFiles/pointcloud_node.dir/src/pointcloud_node.cpp.o[0m
[23.852s] [ 83%] Built target aruco_detect
[24.959s] [ 91%] Built target depth_polygon_mask_node
[38.797s] [100%] [32m[1mLinking CXX executable pointcloud_node[0m
[40.942s] [100%] Built target pointcloud_node
[40.965s] Invoked command in '/home/myat/path_control_px4/build/vision' returned '0': CMAKE_PREFIX_PATH=${CMAKE_PREFIX_PATH}:/home/myat/path_control_px4/install/bringup_drone:/home/myat/hex_ws/install/hexapod_description:/home/myat/hex_ws/install/hexapod_control:/home/myat/my_uav/install/vision_python:/home/myat/my_uav/install/px4_offboard:/opt/ros/humble /usr/bin/cmake --build /home/myat/path_control_px4/build/vision -- -j12 -l12
[40.967s] Invoking command in '/home/myat/path_control_px4/build/vision': CMAKE_PREFIX_PATH=${CMAKE_PREFIX_PATH}:/home/myat/path_control_px4/install/bringup_drone:/home/myat/hex_ws/install/hexapod_description:/home/myat/hex_ws/install/hexapod_control:/home/myat/my_uav/install/vision_python:/home/myat/my_uav/install/px4_offboard:/opt/ros/humble /usr/bin/cmake --install /home/myat/path_control_px4/build/vision
[40.981s] -- Install configuration: ""
[40.982s] -- Installing: /home/myat/path_control_px4/install/vision/lib/vision/camera_recorder
[40.992s] -- Set runtime path of "/home/myat/path_control_px4/install/vision/lib/vision/camera_recorder" to ""
[40.993s] -- Installing: /home/myat/path_control_px4/install/vision/lib/vision/depth_polygon_mask_node
[41.004s] -- Set runtime path of "/home/myat/path_control_px4/install/vision/lib/vision/depth_polygon_mask_node" to ""
[41.006s] -- Installing: /home/myat/path_control_px4/install/vision/lib/vision/pointcloud_node
[41.013s] -- Set runtime path of "/home/myat/path_control_px4/install/vision/lib/vision/pointcloud_node" to ""
[41.014s] -- Installing: /home/myat/path_control_px4/install/vision/lib/vision/aruco_detect
[41.017s] -- Set runtime path of "/home/myat/path_control_px4/install/vision/lib/vision/aruco_detect" to ""
[41.018s] -- Up-to-date: /home/myat/path_control_px4/install/vision/lib/vision/lidar
[41.019s] -- Installing: /home/myat/path_control_px4/install/vision/lib/vision/obstacle_node
[41.024s] -- Set runtime path of "/home/myat/path_control_px4/install/vision/lib/vision/obstacle_node" to ""
[41.024s] -- Up-to-date: /home/myat/path_control_px4/install/vision/share/ament_index/resource_index/package_run_dependencies/vision
[41.024s] -- Up-to-date: /home/myat/path_control_px4/install/vision/share/ament_index/resource_index/parent_prefix_path/vision
[41.025s] -- Up-to-date: /home/myat/path_control_px4/install/vision/share/vision/environment/ament_prefix_path.sh
[41.025s] -- Up-to-date: /home/myat/path_control_px4/install/vision/share/vision/environment/ament_prefix_path.dsv
[41.025s] -- Up-to-date: /home/myat/path_control_px4/install/vision/share/vision/environment/path.sh
[41.025s] -- Up-to-date: /home/myat/path_control_px4/install/vision/share/vision/environment/path.dsv
[41.025s] -- Up-to-date: /home/myat/path_control_px4/install/vision/share/vision/local_setup.bash
[41.025s] -- Up-to-date: /home/myat/path_control_px4/install/vision/share/vision/local_setup.sh
[41.025s] -- Up-to-date: /home/myat/path_control_px4/install/vision/share/vision/local_setup.zsh
[41.025s] -- Up-to-date: /home/myat/path_control_px4/install/vision/share/vision/local_setup.dsv
[41.025s] -- Installing: /home/myat/path_control_px4/install/vision/share/vision/package.dsv
[41.026s] -- Up-to-date: /home/myat/path_control_px4/install/vision/share/ament_index/resource_index/packages/vision
[41.026s] -- Up-to-date: /home/myat/path_control_px4/install/vision/share/vision/cmake/visionConfig.cmake
[41.026s] -- Up-to-date: /home/myat/path_control_px4/install/vision/share/vision/cmake/visionConfig-version.cmake
[41.026s] -- Up-to-date: /home/myat/path_control_px4/install/vision/share/vision/package.xml
[41.031s] Invoked command in '/home/myat/path_control_px4/build/vision' returned '0': CMAKE_PREFIX_PATH=${CMAKE_PREFIX_PATH}:/home/myat/path_control_px4/install/bringup_drone:/home/myat/hex_ws/install/hexapod_description:/home/myat/hex_ws/install/hexapod_control:/home/myat/my_uav/install/vision_python:/home/myat/my_uav/install/px4_offboard:/opt/ros/humble /usr/bin/cmake --install /home/myat/path_control_px4/build/vision
