[0.017s] Invoking command in '/home/myat/path_control_px4/build/vision': CMAKE_PREFIX_PATH=${CMAKE_PREFIX_PATH}:/home/myat/path_control_px4/install/bringup_drone:/home/myat/hex_ws/install/hexapod_description:/home/myat/hex_ws/install/hexapod_control:/home/myat/my_uav/install/vision_python:/home/myat/my_uav/install/px4_offboard:/opt/ros/humble /usr/bin/cmake --build /home/myat/path_control_px4/build/vision -- -j12 -l12
[0.096s] [35m[1mConsolidate compiler generated dependencies of target pointcloud_node[0m
[0.113s] [ 33%] Built target camera_recorder
[0.114s] [ 33%] Built target lidar
[0.114s] [ 50%] Built target depth_polygon_mask_node
[0.119s] [ 66%] Built target aruco_detect
[0.128s] [ 83%] Built target obstacle_node
[0.137s] [ 91%] [32mBuilding CXX object CMakeFiles/pointcloud_node.dir/src/pointcloud_node.cpp.o[0m
[16.921s] [100%] [32m[1mLinking CXX executable pointcloud_node[0m
[19.076s] [100%] Built target pointcloud_node
[19.096s] Invoked command in '/home/myat/path_control_px4/build/vision' returned '0': CMAKE_PREFIX_PATH=${CMAKE_PREFIX_PATH}:/home/myat/path_control_px4/install/bringup_drone:/home/myat/hex_ws/install/hexapod_description:/home/myat/hex_ws/install/hexapod_control:/home/myat/my_uav/install/vision_python:/home/myat/my_uav/install/px4_offboard:/opt/ros/humble /usr/bin/cmake --build /home/myat/path_control_px4/build/vision -- -j12 -l12
[19.112s] Invoking command in '/home/myat/path_control_px4/build/vision': CMAKE_PREFIX_PATH=${CMAKE_PREFIX_PATH}:/home/myat/path_control_px4/install/bringup_drone:/home/myat/hex_ws/install/hexapod_description:/home/myat/hex_ws/install/hexapod_control:/home/myat/my_uav/install/vision_python:/home/myat/my_uav/install/px4_offboard:/opt/ros/humble /usr/bin/cmake --install /home/myat/path_control_px4/build/vision
[19.126s] -- Install configuration: ""
[19.127s] -- Up-to-date: /home/myat/path_control_px4/install/vision/lib/vision/camera_recorder
[19.127s] -- Up-to-date: /home/myat/path_control_px4/install/vision/lib/vision/depth_polygon_mask_node
[19.127s] -- Installing: /home/myat/path_control_px4/install/vision/lib/vision/pointcloud_node
[19.134s] -- Set runtime path of "/home/myat/path_control_px4/install/vision/lib/vision/pointcloud_node" to ""
[19.135s] -- Up-to-date: /home/myat/path_control_px4/install/vision/lib/vision/aruco_detect
[19.135s] -- Up-to-date: /home/myat/path_control_px4/install/vision/lib/vision/lidar
[19.135s] -- Up-to-date: /home/myat/path_control_px4/install/vision/lib/vision/obstacle_node
[19.135s] -- Up-to-date: /home/myat/path_control_px4/install/vision/share/ament_index/resource_index/package_run_dependencies/vision
[19.135s] -- Up-to-date: /home/myat/path_control_px4/install/vision/share/ament_index/resource_index/parent_prefix_path/vision
[19.135s] -- Up-to-date: /home/myat/path_control_px4/install/vision/share/vision/environment/ament_prefix_path.sh
[19.135s] -- Up-to-date: /home/myat/path_control_px4/install/vision/share/vision/environment/ament_prefix_path.dsv
[19.136s] -- Up-to-date: /home/myat/path_control_px4/install/vision/share/vision/environment/path.sh
[19.136s] -- Up-to-date: /home/myat/path_control_px4/install/vision/share/vision/environment/path.dsv
[19.136s] -- Up-to-date: /home/myat/path_control_px4/install/vision/share/vision/local_setup.bash
[19.136s] -- Up-to-date: /home/myat/path_control_px4/install/vision/share/vision/local_setup.sh
[19.136s] -- Up-to-date: /home/myat/path_control_px4/install/vision/share/vision/local_setup.zsh
[19.136s] -- Up-to-date: /home/myat/path_control_px4/install/vision/share/vision/local_setup.dsv
[19.136s] -- Installing: /home/myat/path_control_px4/install/vision/share/vision/package.dsv
[19.136s] -- Up-to-date: /home/myat/path_control_px4/install/vision/share/ament_index/resource_index/packages/vision
[19.136s] -- Up-to-date: /home/myat/path_control_px4/install/vision/share/vision/cmake/visionConfig.cmake
[19.136s] -- Up-to-date: /home/myat/path_control_px4/install/vision/share/vision/cmake/visionConfig-version.cmake
[19.136s] -- Up-to-date: /home/myat/path_control_px4/install/vision/share/vision/package.xml
[19.140s] Invoked command in '/home/myat/path_control_px4/build/vision' returned '0': CMAKE_PREFIX_PATH=${CMAKE_PREFIX_PATH}:/home/myat/path_control_px4/install/bringup_drone:/home/myat/hex_ws/install/hexapod_description:/home/myat/hex_ws/install/hexapod_control:/home/myat/my_uav/install/vision_python:/home/myat/my_uav/install/px4_offboard:/opt/ros/humble /usr/bin/cmake --install /home/myat/path_control_px4/build/vision
