[0.376s] Invoking command in '/home/myat/path_control_px4/build/control': CMAKE_PREFIX_PATH=/home/myat/path_control_px4/install/px4_msgs:/home/myat/path_control_px4/install/vision:/home/myat/path_control_px4/install/control:/home/myat/my_ws/install/ros2sysmon:/home/myat/my_ws/install/ros2_controllers:/home/myat/my_ws/install/ign_ros2_control_demos:/home/myat/my_ws/install/ign_ros2_control:/home/myat/my_ws/install/gz_ros2_control_tests:/home/myat/my_ws/install/gz_ros2_control_demos:/home/myat/my_ws/install/gz_ros2_control:/home/myat/my_uav/install/vision_cpp:/home/myat/my_uav/install/control_cpp:/home/myat/my_uav/install/px4_msgs:/home/myat/path_control_px4/install/bringup_drone:/home/myat/hex_ws/install/hexapod_description:/home/myat/hex_ws/install/hexapod_control:/home/myat/my_uav/install/vision_python:/home/myat/my_uav/install/px4_offboard:/opt/ros/humble /usr/bin/cmake --build /home/myat/path_control_px4/build/control -- -j12 -l12
[0.445s] [35m[1mConsolidate compiler generated dependencies of target tf_node[0m
[0.471s] [ 25%] Built target px4_visualizer
[0.471s] [ 16%] [32mBuilding CXX object CMakeFiles/trajectory_fly.dir/src/trajectory_fly.cpp.o[0m
[0.472s] [ 41%] Built target adaptive_land
[0.476s] [ 58%] Built target auto_fly_test
[0.481s] [ 75%] Built target land
[0.484s] [ 91%] Built target tf_node
[13.645s] [100%] [32m[1mLinking CXX executable trajectory_fly[0m
[14.536s] [100%] Built target trajectory_fly
[14.553s] Invoked command in '/home/myat/path_control_px4/build/control' returned '0': CMAKE_PREFIX_PATH=/home/myat/path_control_px4/install/px4_msgs:/home/myat/path_control_px4/install/vision:/home/myat/path_control_px4/install/control:/home/myat/my_ws/install/ros2sysmon:/home/myat/my_ws/install/ros2_controllers:/home/myat/my_ws/install/ign_ros2_control_demos:/home/myat/my_ws/install/ign_ros2_control:/home/myat/my_ws/install/gz_ros2_control_tests:/home/myat/my_ws/install/gz_ros2_control_demos:/home/myat/my_ws/install/gz_ros2_control:/home/myat/my_uav/install/vision_cpp:/home/myat/my_uav/install/control_cpp:/home/myat/my_uav/install/px4_msgs:/home/myat/path_control_px4/install/bringup_drone:/home/myat/hex_ws/install/hexapod_description:/home/myat/hex_ws/install/hexapod_control:/home/myat/my_uav/install/vision_python:/home/myat/my_uav/install/px4_offboard:/opt/ros/humble /usr/bin/cmake --build /home/myat/path_control_px4/build/control -- -j12 -l12
[14.555s] Invoking command in '/home/myat/path_control_px4/build/control': CMAKE_PREFIX_PATH=/home/myat/path_control_px4/install/px4_msgs:/home/myat/path_control_px4/install/vision:/home/myat/path_control_px4/install/control:/home/myat/my_ws/install/ros2sysmon:/home/myat/my_ws/install/ros2_controllers:/home/myat/my_ws/install/ign_ros2_control_demos:/home/myat/my_ws/install/ign_ros2_control:/home/myat/my_ws/install/gz_ros2_control_tests:/home/myat/my_ws/install/gz_ros2_control_demos:/home/myat/my_ws/install/gz_ros2_control:/home/myat/my_uav/install/vision_cpp:/home/myat/my_uav/install/control_cpp:/home/myat/my_uav/install/px4_msgs:/home/myat/path_control_px4/install/bringup_drone:/home/myat/hex_ws/install/hexapod_description:/home/myat/hex_ws/install/hexapod_control:/home/myat/my_uav/install/vision_python:/home/myat/my_uav/install/px4_offboard:/opt/ros/humble /usr/bin/cmake --install /home/myat/path_control_px4/build/control
[14.566s] -- Install configuration: ""
[14.566s] -- Up-to-date: /home/myat/path_control_px4/install/control/lib/control/tf_node
[14.566s] -- Installing: /home/myat/path_control_px4/install/control/lib/control/trajectory_fly
[14.574s] -- Set runtime path of "/home/myat/path_control_px4/install/control/lib/control/trajectory_fly" to ""
[14.575s] -- Up-to-date: /home/myat/path_control_px4/install/control/lib/control/px4_visualizer
[14.575s] -- Up-to-date: /home/myat/path_control_px4/install/control/lib/control/auto_fly_test
[14.575s] -- Up-to-date: /home/myat/path_control_px4/install/control/lib/control/land
[14.575s] -- Up-to-date: /home/myat/path_control_px4/install/control/lib/control/adaptive_land
[14.576s] -- Up-to-date: /home/myat/path_control_px4/install/control/share/ament_index/resource_index/package_run_dependencies/control
[14.576s] -- Up-to-date: /home/myat/path_control_px4/install/control/share/ament_index/resource_index/parent_prefix_path/control
[14.576s] -- Up-to-date: /home/myat/path_control_px4/install/control/share/control/environment/ament_prefix_path.sh
[14.576s] -- Up-to-date: /home/myat/path_control_px4/install/control/share/control/environment/ament_prefix_path.dsv
[14.576s] -- Up-to-date: /home/myat/path_control_px4/install/control/share/control/environment/path.sh
[14.576s] -- Up-to-date: /home/myat/path_control_px4/install/control/share/control/environment/path.dsv
[14.576s] -- Up-to-date: /home/myat/path_control_px4/install/control/share/control/local_setup.bash
[14.576s] -- Up-to-date: /home/myat/path_control_px4/install/control/share/control/local_setup.sh
[14.576s] -- Up-to-date: /home/myat/path_control_px4/install/control/share/control/local_setup.zsh
[14.576s] -- Up-to-date: /home/myat/path_control_px4/install/control/share/control/local_setup.dsv
[14.576s] -- Installing: /home/myat/path_control_px4/install/control/share/control/package.dsv
[14.576s] -- Up-to-date: /home/myat/path_control_px4/install/control/share/ament_index/resource_index/packages/control
[14.577s] -- Up-to-date: /home/myat/path_control_px4/install/control/share/control/cmake/controlConfig.cmake
[14.577s] -- Up-to-date: /home/myat/path_control_px4/install/control/share/control/cmake/controlConfig-version.cmake
[14.577s] -- Up-to-date: /home/myat/path_control_px4/install/control/share/control/package.xml
[14.580s] Invoked command in '/home/myat/path_control_px4/build/control' returned '0': CMAKE_PREFIX_PATH=/home/myat/path_control_px4/install/px4_msgs:/home/myat/path_control_px4/install/vision:/home/myat/path_control_px4/install/control:/home/myat/my_ws/install/ros2sysmon:/home/myat/my_ws/install/ros2_controllers:/home/myat/my_ws/install/ign_ros2_control_demos:/home/myat/my_ws/install/ign_ros2_control:/home/myat/my_ws/install/gz_ros2_control_tests:/home/myat/my_ws/install/gz_ros2_control_demos:/home/myat/my_ws/install/gz_ros2_control:/home/myat/my_uav/install/vision_cpp:/home/myat/my_uav/install/control_cpp:/home/myat/my_uav/install/px4_msgs:/home/myat/path_control_px4/install/bringup_drone:/home/myat/hex_ws/install/hexapod_description:/home/myat/hex_ws/install/hexapod_control:/home/myat/my_uav/install/vision_python:/home/myat/my_uav/install/px4_offboard:/opt/ros/humble /usr/bin/cmake --install /home/myat/path_control_px4/build/control
