[0.019s] Invoking command in '/home/myat/path_control_px4/build/vision': CMAKE_PREFIX_PATH=${CMAKE_PREFIX_PATH}:/home/myat/path_control_px4/install/bringup_drone:/home/myat/hex_ws/install/hexapod_description:/home/myat/hex_ws/install/hexapod_control:/home/myat/my_uav/install/vision_python:/home/myat/my_uav/install/px4_offboard:/opt/ros/humble /usr/bin/cmake --build /home/myat/path_control_px4/build/vision -- -j12 -l12
[0.079s] [35m[1mConsolidate compiler generated dependencies of target aruco_detect[0m
[0.100s] [ 25%] Built target camera_recorder
[0.101s] [ 50%] Built target depth_polygon_mask_node
[0.111s] [ 62%] [32mBuilding CXX object CMakeFiles/aruco_detect.dir/src/aruco_detect.cpp.o[0m
[0.115s] [ 87%] Built target pointcloud_node
[6.397s] [100%] [32m[1mLinking CXX executable aruco_detect[0m
[7.000s] [100%] Built target aruco_detect
[7.014s] Invoked command in '/home/myat/path_control_px4/build/vision' returned '0': CMAKE_PREFIX_PATH=${CMAKE_PREFIX_PATH}:/home/myat/path_control_px4/install/bringup_drone:/home/myat/hex_ws/install/hexapod_description:/home/myat/hex_ws/install/hexapod_control:/home/myat/my_uav/install/vision_python:/home/myat/my_uav/install/px4_offboard:/opt/ros/humble /usr/bin/cmake --build /home/myat/path_control_px4/build/vision -- -j12 -l12
[7.016s] Invoking command in '/home/myat/path_control_px4/build/vision': CMAKE_PREFIX_PATH=${CMAKE_PREFIX_PATH}:/home/myat/path_control_px4/install/bringup_drone:/home/myat/hex_ws/install/hexapod_description:/home/myat/hex_ws/install/hexapod_control:/home/myat/my_uav/install/vision_python:/home/myat/my_uav/install/px4_offboard:/opt/ros/humble /usr/bin/cmake --install /home/myat/path_control_px4/build/vision
[7.025s] -- Install configuration: ""
[7.025s] -- Up-to-date: /home/myat/path_control_px4/install/vision/lib/vision/camera_recorder
[7.025s] -- Up-to-date: /home/myat/path_control_px4/install/vision/lib/vision/depth_polygon_mask_node
[7.026s] -- Up-to-date: /home/myat/path_control_px4/install/vision/lib/vision/pointcloud_node
[7.026s] -- Installing: /home/myat/path_control_px4/install/vision/lib/vision/aruco_detect
[7.028s] -- Set runtime path of "/home/myat/path_control_px4/install/vision/lib/vision/aruco_detect" to ""
[7.028s] -- Up-to-date: /home/myat/path_control_px4/install/vision/share/ament_index/resource_index/package_run_dependencies/vision
[7.028s] -- Up-to-date: /home/myat/path_control_px4/install/vision/share/ament_index/resource_index/parent_prefix_path/vision
[7.028s] -- Up-to-date: /home/myat/path_control_px4/install/vision/share/vision/environment/ament_prefix_path.sh
[7.028s] -- Up-to-date: /home/myat/path_control_px4/install/vision/share/vision/environment/ament_prefix_path.dsv
[7.028s] -- Up-to-date: /home/myat/path_control_px4/install/vision/share/vision/environment/path.sh
[7.028s] -- Up-to-date: /home/myat/path_control_px4/install/vision/share/vision/environment/path.dsv
[7.029s] -- Up-to-date: /home/myat/path_control_px4/install/vision/share/vision/local_setup.bash
[7.029s] -- Up-to-date: /home/myat/path_control_px4/install/vision/share/vision/local_setup.sh
[7.029s] -- Up-to-date: /home/myat/path_control_px4/install/vision/share/vision/local_setup.zsh
[7.029s] -- Up-to-date: /home/myat/path_control_px4/install/vision/share/vision/local_setup.dsv
[7.029s] -- Installing: /home/myat/path_control_px4/install/vision/share/vision/package.dsv
[7.029s] -- Up-to-date: /home/myat/path_control_px4/install/vision/share/ament_index/resource_index/packages/vision
[7.029s] -- Up-to-date: /home/myat/path_control_px4/install/vision/share/vision/cmake/visionConfig.cmake
[7.029s] -- Up-to-date: /home/myat/path_control_px4/install/vision/share/vision/cmake/visionConfig-version.cmake
[7.029s] -- Up-to-date: /home/myat/path_control_px4/install/vision/share/vision/package.xml
[7.032s] Invoked command in '/home/myat/path_control_px4/build/vision' returned '0': CMAKE_PREFIX_PATH=${CMAKE_PREFIX_PATH}:/home/myat/path_control_px4/install/bringup_drone:/home/myat/hex_ws/install/hexapod_description:/home/myat/hex_ws/install/hexapod_control:/home/myat/my_uav/install/vision_python:/home/myat/my_uav/install/px4_offboard:/opt/ros/humble /usr/bin/cmake --install /home/myat/path_control_px4/build/vision
