[0.018s] Invoking command in '/home/myat/path_control_px4/build/vision': CMAKE_PREFIX_PATH=${CMAKE_PREFIX_PATH}:/home/myat/path_control_px4/install/bringup_drone:/home/myat/hex_ws/install/hexapod_description:/home/myat/hex_ws/install/hexapod_control:/home/myat/my_uav/install/vision_python:/home/myat/my_uav/install/px4_offboard:/opt/ros/humble /usr/bin/cmake --build /home/myat/path_control_px4/build/vision -- -j12 -l12
[0.085s] [35m[1mConsolidate compiler generated dependencies of target aruco_detect[0m
[0.106s] [ 50%] Built target camera_recorder
[0.106s] [ 50%] Built target depth_polygon_mask_node
[0.116s] [ 62%] [32mBuilding CXX object CMakeFiles/aruco_detect.dir/src/aruco_detect.cpp.o[0m
[0.121s] [ 87%] Built target pointcloud_node
[8.057s] [100%] [32m[1mLinking CXX executable aruco_detect[0m
[8.764s] [100%] Built target aruco_detect
[8.785s] Invoked command in '/home/myat/path_control_px4/build/vision' returned '0': CMAKE_PREFIX_PATH=${CMAKE_PREFIX_PATH}:/home/myat/path_control_px4/install/bringup_drone:/home/myat/hex_ws/install/hexapod_description:/home/myat/hex_ws/install/hexapod_control:/home/myat/my_uav/install/vision_python:/home/myat/my_uav/install/px4_offboard:/opt/ros/humble /usr/bin/cmake --build /home/myat/path_control_px4/build/vision -- -j12 -l12
[8.800s] Invoking command in '/home/myat/path_control_px4/build/vision': CMAKE_PREFIX_PATH=${CMAKE_PREFIX_PATH}:/home/myat/path_control_px4/install/bringup_drone:/home/myat/hex_ws/install/hexapod_description:/home/myat/hex_ws/install/hexapod_control:/home/myat/my_uav/install/vision_python:/home/myat/my_uav/install/px4_offboard:/opt/ros/humble /usr/bin/cmake --install /home/myat/path_control_px4/build/vision
[8.810s] -- Install configuration: ""
[8.811s] -- Up-to-date: /home/myat/path_control_px4/install/vision/lib/vision/camera_recorder
[8.811s] -- Up-to-date: /home/myat/path_control_px4/install/vision/lib/vision/depth_polygon_mask_node
[8.811s] -- Up-to-date: /home/myat/path_control_px4/install/vision/lib/vision/pointcloud_node
[8.811s] -- Installing: /home/myat/path_control_px4/install/vision/lib/vision/aruco_detect
[8.814s] -- Set runtime path of "/home/myat/path_control_px4/install/vision/lib/vision/aruco_detect" to ""
[8.814s] -- Up-to-date: /home/myat/path_control_px4/install/vision/share/ament_index/resource_index/package_run_dependencies/vision
[8.814s] -- Up-to-date: /home/myat/path_control_px4/install/vision/share/ament_index/resource_index/parent_prefix_path/vision
[8.814s] -- Up-to-date: /home/myat/path_control_px4/install/vision/share/vision/environment/ament_prefix_path.sh
[8.814s] -- Up-to-date: /home/myat/path_control_px4/install/vision/share/vision/environment/ament_prefix_path.dsv
[8.814s] -- Up-to-date: /home/myat/path_control_px4/install/vision/share/vision/environment/path.sh
[8.815s] -- Up-to-date: /home/myat/path_control_px4/install/vision/share/vision/environment/path.dsv
[8.815s] -- Up-to-date: /home/myat/path_control_px4/install/vision/share/vision/local_setup.bash
[8.815s] -- Up-to-date: /home/myat/path_control_px4/install/vision/share/vision/local_setup.sh
[8.815s] -- Up-to-date: /home/myat/path_control_px4/install/vision/share/vision/local_setup.zsh
[8.815s] -- Up-to-date: /home/myat/path_control_px4/install/vision/share/vision/local_setup.dsv
[8.815s] -- Installing: /home/myat/path_control_px4/install/vision/share/vision/package.dsv
[8.815s] -- Up-to-date: /home/myat/path_control_px4/install/vision/share/ament_index/resource_index/packages/vision
[8.815s] -- Up-to-date: /home/myat/path_control_px4/install/vision/share/vision/cmake/visionConfig.cmake
[8.815s] -- Up-to-date: /home/myat/path_control_px4/install/vision/share/vision/cmake/visionConfig-version.cmake
[8.815s] -- Up-to-date: /home/myat/path_control_px4/install/vision/share/vision/package.xml
[8.819s] Invoked command in '/home/myat/path_control_px4/build/vision' returned '0': CMAKE_PREFIX_PATH=${CMAKE_PREFIX_PATH}:/home/myat/path_control_px4/install/bringup_drone:/home/myat/hex_ws/install/hexapod_description:/home/myat/hex_ws/install/hexapod_control:/home/myat/my_uav/install/vision_python:/home/myat/my_uav/install/px4_offboard:/opt/ros/humble /usr/bin/cmake --install /home/myat/path_control_px4/build/vision
