/home/myat/path_control_px4/install/px4_offboard/lib/python3.10/site-packages/px4_offboard/velocity_control.py
/home/myat/path_control_px4/install/px4_offboard/lib/python3.10/site-packages/px4_offboard/control.py
/home/myat/path_control_px4/install/px4_offboard/lib/python3.10/site-packages/px4_offboard/processes.py
/home/myat/path_control_px4/install/px4_offboard/lib/python3.10/site-packages/px4_offboard/visualizer.py
/home/myat/path_control_px4/install/px4_offboard/lib/python3.10/site-packages/px4_offboard/__init__.py
/home/myat/path_control_px4/install/px4_offboard/lib/python3.10/site-packages/px4_offboard/__pycache__/velocity_control.cpython-310.pyc
/home/myat/path_control_px4/install/px4_offboard/lib/python3.10/site-packages/px4_offboard/__pycache__/control.cpython-310.pyc
/home/myat/path_control_px4/install/px4_offboard/lib/python3.10/site-packages/px4_offboard/__pycache__/processes.cpython-310.pyc
/home/myat/path_control_px4/install/px4_offboard/lib/python3.10/site-packages/px4_offboard/__pycache__/visualizer.cpython-310.pyc
/home/myat/path_control_px4/install/px4_offboard/lib/python3.10/site-packages/px4_offboard/__pycache__/__init__.cpython-310.pyc
/home/myat/path_control_px4/install/px4_offboard/share/ament_index/resource_index/packages/px4_offboard
/home/myat/path_control_px4/install/px4_offboard/share/ament_index/resource_index/packages/visualize.rviz
/home/myat/path_control_px4/install/px4_offboard/share/px4_offboard/package.xml
/home/myat/path_control_px4/install/px4_offboard/share/px4_offboard/offboard_velocity_control.launch.py
/home/myat/path_control_px4/install/px4_offboard/share/px4_offboard/visualize.rviz
/home/myat/path_control_px4/install/px4_offboard/lib/python3.10/site-packages/px4_offboard-0.0.0-py3.10.egg-info/top_level.txt
/home/myat/path_control_px4/install/px4_offboard/lib/python3.10/site-packages/px4_offboard-0.0.0-py3.10.egg-info/SOURCES.txt
/home/myat/path_control_px4/install/px4_offboard/lib/python3.10/site-packages/px4_offboard-0.0.0-py3.10.egg-info/zip-safe
/home/myat/path_control_px4/install/px4_offboard/lib/python3.10/site-packages/px4_offboard-0.0.0-py3.10.egg-info/PKG-INFO
/home/myat/path_control_px4/install/px4_offboard/lib/python3.10/site-packages/px4_offboard-0.0.0-py3.10.egg-info/entry_points.txt
/home/myat/path_control_px4/install/px4_offboard/lib/python3.10/site-packages/px4_offboard-0.0.0-py3.10.egg-info/requires.txt
/home/myat/path_control_px4/install/px4_offboard/lib/python3.10/site-packages/px4_offboard-0.0.0-py3.10.egg-info/dependency_links.txt
/home/myat/path_control_px4/install/px4_offboard/lib/px4_offboard/control
/home/myat/path_control_px4/install/px4_offboard/lib/px4_offboard/offboard_control
/home/myat/path_control_px4/install/px4_offboard/lib/px4_offboard/processes
/home/myat/path_control_px4/install/px4_offboard/lib/px4_offboard/velocity_control
/home/myat/path_control_px4/install/px4_offboard/lib/px4_offboard/visualizer
