[35m[1mConsolidate compiler generated dependencies of target static_tf[0m
[35m[1mConsolidate compiler generated dependencies of target tf_node[0m
[ 14%] Built target land
[ 42%] Built target px4_visualizer
[ 42%] Built target tf_node
[ 57%] Built target auto_fly_test
[ 71%] Built target adaptive_land
[ 78%] [32mBuilding CXX object CMakeFiles/static_tf.dir/src/static_tf.cpp.o[0m
[ 92%] Built target trajectory_fly
[100%] [32m[1mLinking CXX executable static_tf[0m
[100%] Built target static_tf
-- Install configuration: ""
-- Up-to-date: /home/myat/path_control_px4/install/control/lib/control/tf_node
-- Installing: /home/myat/path_control_px4/install/control/lib/control/static_tf
-- Set runtime path of "/home/myat/path_control_px4/install/control/lib/control/static_tf" to ""
-- Up-to-date: /home/myat/path_control_px4/install/control/lib/control/trajectory_fly
-- Up-to-date: /home/myat/path_control_px4/install/control/lib/control/px4_visualizer
-- Up-to-date: /home/myat/path_control_px4/install/control/lib/control/auto_fly_test
-- Up-to-date: /home/myat/path_control_px4/install/control/lib/control/land
-- Up-to-date: /home/myat/path_control_px4/install/control/lib/control/adaptive_land
-- Up-to-date: /home/myat/path_control_px4/install/control/share/ament_index/resource_index/package_run_dependencies/control
-- Up-to-date: /home/myat/path_control_px4/install/control/share/ament_index/resource_index/parent_prefix_path/control
-- Up-to-date: /home/myat/path_control_px4/install/control/share/control/environment/ament_prefix_path.sh
-- Up-to-date: /home/myat/path_control_px4/install/control/share/control/environment/ament_prefix_path.dsv
-- Up-to-date: /home/myat/path_control_px4/install/control/share/control/environment/path.sh
-- Up-to-date: /home/myat/path_control_px4/install/control/share/control/environment/path.dsv
-- Up-to-date: /home/myat/path_control_px4/install/control/share/control/local_setup.bash
-- Up-to-date: /home/myat/path_control_px4/install/control/share/control/local_setup.sh
-- Up-to-date: /home/myat/path_control_px4/install/control/share/control/local_setup.zsh
-- Up-to-date: /home/myat/path_control_px4/install/control/share/control/local_setup.dsv
-- Installing: /home/myat/path_control_px4/install/control/share/control/package.dsv
-- Up-to-date: /home/myat/path_control_px4/install/control/share/ament_index/resource_index/packages/control
-- Up-to-date: /home/myat/path_control_px4/install/control/share/control/cmake/controlConfig.cmake
-- Up-to-date: /home/myat/path_control_px4/install/control/share/control/cmake/controlConfig-version.cmake
-- Up-to-date: /home/myat/path_control_px4/install/control/share/control/package.xml
