[0.019s] Invoking command in '/home/myat/path_control_px4/build/control': AMENT_PREFIX_PATH=/home/myat/path_control_px4/install/px4_msgs:${AMENT_PREFIX_PATH} CMAKE_PREFIX_PATH=/home/myat/path_control_px4/install/px4_msgs:/home/myat/ros2_ws/install/serial:/home/myat/ros2_ws/install/ros2_control_demo_description:/home/myat/ros2_ws/install/realsense2_description:/home/myat/ros2_ws/install/realsense2_camera:/home/myat/ros2_ws/install/realsense2_camera_msgs:/home/myat/ros2_ws/install/px4_ros_com:/home/myat/ros2_ws/install/my_dof:/home/myat/ros2_ws/install/my_config:/home/myat/ros2_ws/install/my_arm_config:/home/myat/ros2_ws/install/my_arm:/home/myat/ros2_ws/install/bcr_bot:/home/myat/ros2_ws/install/servo_control:/home/myat/ros2_ws/install/ros2_aruco:/home/myat/ros2_ws/install/my_pkg:/home/myat/ros2_ws/install/my_mind:/home/myat/ros2_ws/install/my_hex:/home/myat/ros2_ws/install/my_depth:/home/myat/ros2_ws/install/joint_state_converter:/home/myat/ros2_ws/install/aruco_detector:/home/myat/my_uav/install/vision_python:/home/myat/my_uav/install/px4_offboard:/opt/ros/humble:/home/myat/ros2_ws/install/arm:/home/myat/ros2_ws/install/4dof:/home/myat/my_uav/install/vision_cpp:/home/myat/my_uav/install/control_cpp:/home/myat/my_uav/install/px4_msgs LD_LIBRARY_PATH=/home/myat/path_control_px4/install/px4_msgs/lib:${LD_LIBRARY_PATH} PYTHONPATH=/home/myat/path_control_px4/install/px4_msgs/local/lib/python3.10/dist-packages:${PYTHONPATH} /usr/bin/cmake --build /home/myat/path_control_px4/build/control -- -j12 -l12
[0.089s] [35m[1mConsolidate compiler generated dependencies of target static_tf[0m
[0.089s] [35m[1mConsolidate compiler generated dependencies of target tf_node[0m
[0.125s] [ 14%] Built target land
[0.130s] [ 42%] Built target px4_visualizer
[0.130s] [ 42%] Built target tf_node
[0.131s] [ 57%] Built target auto_fly_test
[0.131s] [ 71%] Built target adaptive_land
[0.131s] [ 78%] [32mBuilding CXX object CMakeFiles/static_tf.dir/src/static_tf.cpp.o[0m
[0.134s] [ 92%] Built target trajectory_fly
[5.002s] [100%] [32m[1mLinking CXX executable static_tf[0m
[5.203s] [100%] Built target static_tf
[5.218s] Invoked command in '/home/myat/path_control_px4/build/control' returned '0': AMENT_PREFIX_PATH=/home/myat/path_control_px4/install/px4_msgs:${AMENT_PREFIX_PATH} CMAKE_PREFIX_PATH=/home/myat/path_control_px4/install/px4_msgs:/home/myat/ros2_ws/install/serial:/home/myat/ros2_ws/install/ros2_control_demo_description:/home/myat/ros2_ws/install/realsense2_description:/home/myat/ros2_ws/install/realsense2_camera:/home/myat/ros2_ws/install/realsense2_camera_msgs:/home/myat/ros2_ws/install/px4_ros_com:/home/myat/ros2_ws/install/my_dof:/home/myat/ros2_ws/install/my_config:/home/myat/ros2_ws/install/my_arm_config:/home/myat/ros2_ws/install/my_arm:/home/myat/ros2_ws/install/bcr_bot:/home/myat/ros2_ws/install/servo_control:/home/myat/ros2_ws/install/ros2_aruco:/home/myat/ros2_ws/install/my_pkg:/home/myat/ros2_ws/install/my_mind:/home/myat/ros2_ws/install/my_hex:/home/myat/ros2_ws/install/my_depth:/home/myat/ros2_ws/install/joint_state_converter:/home/myat/ros2_ws/install/aruco_detector:/home/myat/my_uav/install/vision_python:/home/myat/my_uav/install/px4_offboard:/opt/ros/humble:/home/myat/ros2_ws/install/arm:/home/myat/ros2_ws/install/4dof:/home/myat/my_uav/install/vision_cpp:/home/myat/my_uav/install/control_cpp:/home/myat/my_uav/install/px4_msgs LD_LIBRARY_PATH=/home/myat/path_control_px4/install/px4_msgs/lib:${LD_LIBRARY_PATH} PYTHONPATH=/home/myat/path_control_px4/install/px4_msgs/local/lib/python3.10/dist-packages:${PYTHONPATH} /usr/bin/cmake --build /home/myat/path_control_px4/build/control -- -j12 -l12
[5.220s] Invoking command in '/home/myat/path_control_px4/build/control': AMENT_PREFIX_PATH=/home/myat/path_control_px4/install/px4_msgs:${AMENT_PREFIX_PATH} CMAKE_PREFIX_PATH=/home/myat/path_control_px4/install/px4_msgs:/home/myat/ros2_ws/install/serial:/home/myat/ros2_ws/install/ros2_control_demo_description:/home/myat/ros2_ws/install/realsense2_description:/home/myat/ros2_ws/install/realsense2_camera:/home/myat/ros2_ws/install/realsense2_camera_msgs:/home/myat/ros2_ws/install/px4_ros_com:/home/myat/ros2_ws/install/my_dof:/home/myat/ros2_ws/install/my_config:/home/myat/ros2_ws/install/my_arm_config:/home/myat/ros2_ws/install/my_arm:/home/myat/ros2_ws/install/bcr_bot:/home/myat/ros2_ws/install/servo_control:/home/myat/ros2_ws/install/ros2_aruco:/home/myat/ros2_ws/install/my_pkg:/home/myat/ros2_ws/install/my_mind:/home/myat/ros2_ws/install/my_hex:/home/myat/ros2_ws/install/my_depth:/home/myat/ros2_ws/install/joint_state_converter:/home/myat/ros2_ws/install/aruco_detector:/home/myat/my_uav/install/vision_python:/home/myat/my_uav/install/px4_offboard:/opt/ros/humble:/home/myat/ros2_ws/install/arm:/home/myat/ros2_ws/install/4dof:/home/myat/my_uav/install/vision_cpp:/home/myat/my_uav/install/control_cpp:/home/myat/my_uav/install/px4_msgs LD_LIBRARY_PATH=/home/myat/path_control_px4/install/px4_msgs/lib:${LD_LIBRARY_PATH} PYTHONPATH=/home/myat/path_control_px4/install/px4_msgs/local/lib/python3.10/dist-packages:${PYTHONPATH} /usr/bin/cmake --install /home/myat/path_control_px4/build/control
[5.228s] -- Install configuration: ""
[5.228s] -- Up-to-date: /home/myat/path_control_px4/install/control/lib/control/tf_node
[5.229s] -- Installing: /home/myat/path_control_px4/install/control/lib/control/static_tf
[5.230s] -- Set runtime path of "/home/myat/path_control_px4/install/control/lib/control/static_tf" to ""
[5.230s] -- Up-to-date: /home/myat/path_control_px4/install/control/lib/control/trajectory_fly
[5.230s] -- Up-to-date: /home/myat/path_control_px4/install/control/lib/control/px4_visualizer
[5.231s] -- Up-to-date: /home/myat/path_control_px4/install/control/lib/control/auto_fly_test
[5.231s] -- Up-to-date: /home/myat/path_control_px4/install/control/lib/control/land
[5.231s] -- Up-to-date: /home/myat/path_control_px4/install/control/lib/control/adaptive_land
[5.232s] -- Up-to-date: /home/myat/path_control_px4/install/control/share/ament_index/resource_index/package_run_dependencies/control
[5.232s] -- Up-to-date: /home/myat/path_control_px4/install/control/share/ament_index/resource_index/parent_prefix_path/control
[5.232s] -- Up-to-date: /home/myat/path_control_px4/install/control/share/control/environment/ament_prefix_path.sh
[5.232s] -- Up-to-date: /home/myat/path_control_px4/install/control/share/control/environment/ament_prefix_path.dsv
[5.232s] -- Up-to-date: /home/myat/path_control_px4/install/control/share/control/environment/path.sh
[5.232s] -- Up-to-date: /home/myat/path_control_px4/install/control/share/control/environment/path.dsv
[5.232s] -- Up-to-date: /home/myat/path_control_px4/install/control/share/control/local_setup.bash
[5.232s] -- Up-to-date: /home/myat/path_control_px4/install/control/share/control/local_setup.sh
[5.232s] -- Up-to-date: /home/myat/path_control_px4/install/control/share/control/local_setup.zsh
[5.233s] -- Up-to-date: /home/myat/path_control_px4/install/control/share/control/local_setup.dsv
[5.233s] -- Installing: /home/myat/path_control_px4/install/control/share/control/package.dsv
[5.233s] -- Up-to-date: /home/myat/path_control_px4/install/control/share/ament_index/resource_index/packages/control
[5.233s] -- Up-to-date: /home/myat/path_control_px4/install/control/share/control/cmake/controlConfig.cmake
[5.233s] -- Up-to-date: /home/myat/path_control_px4/install/control/share/control/cmake/controlConfig-version.cmake
[5.233s] -- Up-to-date: /home/myat/path_control_px4/install/control/share/control/package.xml
[5.235s] Invoked command in '/home/myat/path_control_px4/build/control' returned '0': AMENT_PREFIX_PATH=/home/myat/path_control_px4/install/px4_msgs:${AMENT_PREFIX_PATH} CMAKE_PREFIX_PATH=/home/myat/path_control_px4/install/px4_msgs:/home/myat/ros2_ws/install/serial:/home/myat/ros2_ws/install/ros2_control_demo_description:/home/myat/ros2_ws/install/realsense2_description:/home/myat/ros2_ws/install/realsense2_camera:/home/myat/ros2_ws/install/realsense2_camera_msgs:/home/myat/ros2_ws/install/px4_ros_com:/home/myat/ros2_ws/install/my_dof:/home/myat/ros2_ws/install/my_config:/home/myat/ros2_ws/install/my_arm_config:/home/myat/ros2_ws/install/my_arm:/home/myat/ros2_ws/install/bcr_bot:/home/myat/ros2_ws/install/servo_control:/home/myat/ros2_ws/install/ros2_aruco:/home/myat/ros2_ws/install/my_pkg:/home/myat/ros2_ws/install/my_mind:/home/myat/ros2_ws/install/my_hex:/home/myat/ros2_ws/install/my_depth:/home/myat/ros2_ws/install/joint_state_converter:/home/myat/ros2_ws/install/aruco_detector:/home/myat/my_uav/install/vision_python:/home/myat/my_uav/install/px4_offboard:/opt/ros/humble:/home/myat/ros2_ws/install/arm:/home/myat/ros2_ws/install/4dof:/home/myat/my_uav/install/vision_cpp:/home/myat/my_uav/install/control_cpp:/home/myat/my_uav/install/px4_msgs LD_LIBRARY_PATH=/home/myat/path_control_px4/install/px4_msgs/lib:${LD_LIBRARY_PATH} PYTHONPATH=/home/myat/path_control_px4/install/px4_msgs/local/lib/python3.10/dist-packages:${PYTHONPATH} /usr/bin/cmake --install /home/myat/path_control_px4/build/control
