[ 22%] Built target reference_traj_node
[ 22%] Built target tf_node
[ 38%] [32mBuilding CXX object CMakeFiles/trajectory_controller_node.dir/src/trajectory_controller_node.cpp.o[0m
[ 38%] Built target static_tf
[ 50%] Built target trajectory_fly
[ 61%] Built target auto_fly_test
[ 72%] Built target adaptive_land
[ 83%] Built target land
[ 94%] Built target px4_visualizer
[01m[K/home/myat/path_control_px4/src/control/src/trajectory_controller_node.cpp:[m[K In member function ‘[01m[Kvoid TrajectoryController::odom_callback(px4_msgs::msg::VehicleOdometry_<std::allocator<void> >::SharedPtr)[m[K’:
[01m[K/home/myat/path_control_px4/src/control/src/trajectory_controller_node.cpp:50:72:[m[K [01;35m[Kwarning: [m[Kunused parameter ‘[01m[Kmsg[m[K’ [[01;35m[K]8;;https://gcc.gnu.org/onlinedocs/gcc/Warning-Options.html#index-Wunused-parameter-Wunused-parameter]8;;[m[K]
   50 |     void odom_callback([01;35m[Kconst px4_msgs::msg::VehicleOdometry::SharedPtr msg[m[K) {}
      |                        [01;35m[K~~~~~~~~~~~~~~~~~~~~~~~~~~~~~~~~~~~~~~~~~~~~~~~~^~~[m[K
[100%] [32m[1mLinking CXX executable trajectory_controller_node[0m
[100%] Built target trajectory_controller_node
-- Install configuration: ""
-- Up-to-date: /home/myat/path_control_px4/install/control/lib/control/tf_node
-- Up-to-date: /home/myat/path_control_px4/install/control/lib/control/static_tf
-- Up-to-date: /home/myat/path_control_px4/install/control/lib/control/trajectory_fly
-- Installing: /home/myat/path_control_px4/install/control/lib/control/trajectory_controller_node
-- Set runtime path of "/home/myat/path_control_px4/install/control/lib/control/trajectory_controller_node" to ""
-- Up-to-date: /home/myat/path_control_px4/install/control/lib/control/reference_traj_node
-- Up-to-date: /home/myat/path_control_px4/install/control/lib/control/px4_visualizer
-- Up-to-date: /home/myat/path_control_px4/install/control/lib/control/auto_fly_test
-- Up-to-date: /home/myat/path_control_px4/install/control/lib/control/land
-- Up-to-date: /home/myat/path_control_px4/install/control/lib/control/adaptive_land
-- Up-to-date: /home/myat/path_control_px4/install/control/share/ament_index/resource_index/package_run_dependencies/control
-- Up-to-date: /home/myat/path_control_px4/install/control/share/ament_index/resource_index/parent_prefix_path/control
-- Up-to-date: /home/myat/path_control_px4/install/control/share/control/environment/ament_prefix_path.sh
-- Up-to-date: /home/myat/path_control_px4/install/control/share/control/environment/ament_prefix_path.dsv
-- Up-to-date: /home/myat/path_control_px4/install/control/share/control/environment/path.sh
-- Up-to-date: /home/myat/path_control_px4/install/control/share/control/environment/path.dsv
-- Up-to-date: /home/myat/path_control_px4/install/control/share/control/local_setup.bash
-- Up-to-date: /home/myat/path_control_px4/install/control/share/control/local_setup.sh
-- Up-to-date: /home/myat/path_control_px4/install/control/share/control/local_setup.zsh
-- Up-to-date: /home/myat/path_control_px4/install/control/share/control/local_setup.dsv
-- Installing: /home/myat/path_control_px4/install/control/share/control/package.dsv
-- Up-to-date: /home/myat/path_control_px4/install/control/share/ament_index/resource_index/packages/control
-- Up-to-date: /home/myat/path_control_px4/install/control/share/control/cmake/controlConfig.cmake
-- Up-to-date: /home/myat/path_control_px4/install/control/share/control/cmake/controlConfig-version.cmake
-- Up-to-date: /home/myat/path_control_px4/install/control/share/control/package.xml
