[0.021s] Invoking command in '/home/myat/path_control_px4/build/vision': CMAKE_PREFIX_PATH=${CMAKE_PREFIX_PATH}:/home/myat/path_control_px4/install/bringup_drone:/home/myat/hex_ws/install/hexapod_description:/home/myat/hex_ws/install/hexapod_control:/home/myat/my_uav/install/vision_python:/home/myat/my_uav/install/px4_offboard:/opt/ros/humble /usr/bin/cmake --build /home/myat/path_control_px4/build/vision -- -j12 -l12
[0.093s] [35m[1mConsolidate compiler generated dependencies of target pointcloud_node[0m
[0.110s] [ 25%] Built target depth_polygon_mask_node
[0.110s] [ 33%] Built target camera_recorder
[0.114s] [ 50%] Built target lidar
[0.119s] [ 66%] Built target aruco_detect
[0.127s] [ 83%] Built target obstacle_node
[0.139s] [100%] Built target pointcloud_node
[0.156s] Invoked command in '/home/myat/path_control_px4/build/vision' returned '0': CMAKE_PREFIX_PATH=${CMAKE_PREFIX_PATH}:/home/myat/path_control_px4/install/bringup_drone:/home/myat/hex_ws/install/hexapod_description:/home/myat/hex_ws/install/hexapod_control:/home/myat/my_uav/install/vision_python:/home/myat/my_uav/install/px4_offboard:/opt/ros/humble /usr/bin/cmake --build /home/myat/path_control_px4/build/vision -- -j12 -l12
[0.172s] Invoking command in '/home/myat/path_control_px4/build/vision': CMAKE_PREFIX_PATH=${CMAKE_PREFIX_PATH}:/home/myat/path_control_px4/install/bringup_drone:/home/myat/hex_ws/install/hexapod_description:/home/myat/hex_ws/install/hexapod_control:/home/myat/my_uav/install/vision_python:/home/myat/my_uav/install/px4_offboard:/opt/ros/humble /usr/bin/cmake --install /home/myat/path_control_px4/build/vision
[0.184s] -- Install configuration: ""
[0.186s] -- Up-to-date: /home/myat/path_control_px4/install/vision/lib/vision/camera_recorder
[0.187s] -- Up-to-date: /home/myat/path_control_px4/install/vision/lib/vision/depth_polygon_mask_node
[0.188s] -- Installing: /home/myat/path_control_px4/install/vision/lib/vision/pointcloud_node
[0.195s] -- Set runtime path of "/home/myat/path_control_px4/install/vision/lib/vision/pointcloud_node" to ""
[0.196s] -- Up-to-date: /home/myat/path_control_px4/install/vision/lib/vision/aruco_detect
[0.197s] -- Up-to-date: /home/myat/path_control_px4/install/vision/lib/vision/lidar
[0.198s] -- Up-to-date: /home/myat/path_control_px4/install/vision/lib/vision/obstacle_node
[0.198s] -- Up-to-date: /home/myat/path_control_px4/install/vision/share/ament_index/resource_index/package_run_dependencies/vision
[0.198s] -- Up-to-date: /home/myat/path_control_px4/install/vision/share/ament_index/resource_index/parent_prefix_path/vision
[0.198s] -- Up-to-date: /home/myat/path_control_px4/install/vision/share/vision/environment/ament_prefix_path.sh
[0.198s] -- Up-to-date: /home/myat/path_control_px4/install/vision/share/vision/environment/ament_prefix_path.dsv
[0.198s] -- Up-to-date: /home/myat/path_control_px4/install/vision/share/vision/environment/path.sh
[0.199s] -- Up-to-date: /home/myat/path_control_px4/install/vision/share/vision/environment/path.dsv
[0.199s] -- Up-to-date: /home/myat/path_control_px4/install/vision/share/vision/local_setup.bash
[0.199s] -- Up-to-date: /home/myat/path_control_px4/install/vision/share/vision/local_setup.sh
[0.199s] -- Up-to-date: /home/myat/path_control_px4/install/vision/share/vision/local_setup.zsh
[0.199s] -- Up-to-date: /home/myat/path_control_px4/install/vision/share/vision/local_setup.dsv
[0.199s] -- Installing: /home/myat/path_control_px4/install/vision/share/vision/package.dsv
[0.199s] -- Up-to-date: /home/myat/path_control_px4/install/vision/share/ament_index/resource_index/packages/vision
[0.199s] -- Up-to-date: /home/myat/path_control_px4/install/vision/share/vision/cmake/visionConfig.cmake
[0.199s] -- Up-to-date: /home/myat/path_control_px4/install/vision/share/vision/cmake/visionConfig-version.cmake
[0.199s] -- Up-to-date: /home/myat/path_control_px4/install/vision/share/vision/package.xml
[0.202s] Invoked command in '/home/myat/path_control_px4/build/vision' returned '0': CMAKE_PREFIX_PATH=${CMAKE_PREFIX_PATH}:/home/myat/path_control_px4/install/bringup_drone:/home/myat/hex_ws/install/hexapod_description:/home/myat/hex_ws/install/hexapod_control:/home/myat/my_uav/install/vision_python:/home/myat/my_uav/install/px4_offboard:/opt/ros/humble /usr/bin/cmake --install /home/myat/path_control_px4/build/vision
