[0.026s] Invoking command in '/home/myat/path_control_px4/build/control': CMAKE_PREFIX_PATH=/home/myat/path_control_px4/install/px4_msgs:/home/myat/path_control_px4/install/vision:/home/myat/path_control_px4/install/control:/home/myat/path_control_px4/install/px4_offboard:/home/myat/path_control_px4/install/bringup_drone:/opt/ros/humble /usr/bin/cmake --build /home/myat/path_control_px4/build/control -- -j12 -l12
[0.099s] [35m[1mConsolidate compiler generated dependencies of target tf_node[0m
[0.116s] [ 16%] Built target trajectory_fly
[0.118s] [ 33%] Built target auto_fly_test
[0.122s] [ 50%] Built target land
[0.123s] [ 66%] Built target px4_visualizer
[0.124s] [ 75%] [32mBuilding CXX object CMakeFiles/tf_node.dir/src/tf_node.cpp.o[0m
[0.126s] [ 91%] Built target adaptive_land
[9.970s] [100%] [32m[1mLinking CXX executable tf_node[0m
[10.821s] [100%] Built target tf_node
[10.836s] Invoked command in '/home/myat/path_control_px4/build/control' returned '0': CMAKE_PREFIX_PATH=/home/myat/path_control_px4/install/px4_msgs:/home/myat/path_control_px4/install/vision:/home/myat/path_control_px4/install/control:/home/myat/path_control_px4/install/px4_offboard:/home/myat/path_control_px4/install/bringup_drone:/opt/ros/humble /usr/bin/cmake --build /home/myat/path_control_px4/build/control -- -j12 -l12
[10.839s] Invoking command in '/home/myat/path_control_px4/build/control': CMAKE_PREFIX_PATH=/home/myat/path_control_px4/install/px4_msgs:/home/myat/path_control_px4/install/vision:/home/myat/path_control_px4/install/control:/home/myat/path_control_px4/install/px4_offboard:/home/myat/path_control_px4/install/bringup_drone:/opt/ros/humble /usr/bin/cmake --install /home/myat/path_control_px4/build/control
[10.849s] -- Install configuration: ""
[10.849s] -- Installing: /home/myat/path_control_px4/install/control/lib/control/tf_node
[10.856s] -- Set runtime path of "/home/myat/path_control_px4/install/control/lib/control/tf_node" to ""
[10.856s] -- Up-to-date: /home/myat/path_control_px4/install/control/lib/control/trajectory_fly
[10.856s] -- Up-to-date: /home/myat/path_control_px4/install/control/lib/control/px4_visualizer
[10.856s] -- Up-to-date: /home/myat/path_control_px4/install/control/lib/control/auto_fly_test
[10.857s] -- Up-to-date: /home/myat/path_control_px4/install/control/lib/control/land
[10.857s] -- Up-to-date: /home/myat/path_control_px4/install/control/lib/control/adaptive_land
[10.857s] -- Up-to-date: /home/myat/path_control_px4/install/control/share/ament_index/resource_index/package_run_dependencies/control
[10.857s] -- Up-to-date: /home/myat/path_control_px4/install/control/share/ament_index/resource_index/parent_prefix_path/control
[10.857s] -- Up-to-date: /home/myat/path_control_px4/install/control/share/control/environment/ament_prefix_path.sh
[10.857s] -- Up-to-date: /home/myat/path_control_px4/install/control/share/control/environment/ament_prefix_path.dsv
[10.857s] -- Up-to-date: /home/myat/path_control_px4/install/control/share/control/environment/path.sh
[10.858s] -- Up-to-date: /home/myat/path_control_px4/install/control/share/control/environment/path.dsv
[10.858s] -- Up-to-date: /home/myat/path_control_px4/install/control/share/control/local_setup.bash
[10.858s] -- Up-to-date: /home/myat/path_control_px4/install/control/share/control/local_setup.sh
[10.858s] -- Up-to-date: /home/myat/path_control_px4/install/control/share/control/local_setup.zsh
[10.858s] -- Up-to-date: /home/myat/path_control_px4/install/control/share/control/local_setup.dsv
[10.858s] -- Installing: /home/myat/path_control_px4/install/control/share/control/package.dsv
[10.858s] -- Up-to-date: /home/myat/path_control_px4/install/control/share/ament_index/resource_index/packages/control
[10.858s] -- Up-to-date: /home/myat/path_control_px4/install/control/share/control/cmake/controlConfig.cmake
[10.858s] -- Up-to-date: /home/myat/path_control_px4/install/control/share/control/cmake/controlConfig-version.cmake
[10.858s] -- Up-to-date: /home/myat/path_control_px4/install/control/share/control/package.xml
[10.861s] Invoked command in '/home/myat/path_control_px4/build/control' returned '0': CMAKE_PREFIX_PATH=/home/myat/path_control_px4/install/px4_msgs:/home/myat/path_control_px4/install/vision:/home/myat/path_control_px4/install/control:/home/myat/path_control_px4/install/px4_offboard:/home/myat/path_control_px4/install/bringup_drone:/opt/ros/humble /usr/bin/cmake --install /home/myat/path_control_px4/build/control
