[35m[1mConsolidate compiler generated dependencies of target trajectory_fly[0m
[ 28%] Built target static_tf
[ 28%] Built target px4_visualizer
[ 42%] Built target tf_node
[ 57%] Built target auto_fly_test
[ 71%] Built target adaptive_land
[ 85%] Built target land
[ 92%] [32mBuilding CXX object CMakeFiles/trajectory_fly.dir/src/trajectory_fly.cpp.o[0m
[01m[K/home/myat/path_control_px4/src/control/src/trajectory_fly.cpp:676:6:[m[K [01;31m[Kerror: [m[Kexpected ‘[01m[K}[m[K’ at end of input
  676 |     }
      |      [01;31m[K^[m[K
[01m[K/home/myat/path_control_px4/src/control/src/trajectory_fly.cpp:398:1:[m[K [01;36m[Knote: [m[Kto match this ‘[01m[K{[m[K’
  398 | [01;36m[K{[m[K
      | [01;36m[K^[m[K
[01m[K/home/myat/path_control_px4/src/control/src/trajectory_fly.cpp:[m[K In member function ‘[01m[Kvoid LinearTrajectoryController::cmdloop_callback()[m[K’:
[01m[K/home/myat/path_control_px4/src/control/src/trajectory_fly.cpp:580:13:[m[K [01;31m[Kerror: [m[K‘[01m[Kland[m[K’ was not declared in this scope; did you mean ‘[01m[Krand[m[K’?
  580 |             [01;31m[Kland[m[K();
      |             [01;31m[K^~~~[m[K
      |             [32m[Krand[m[K
[01m[K/home/myat/path_control_px4/src/control/src/trajectory_fly.cpp:[m[K In member function ‘[01m[Kvoid LinearTrajectoryController::set_offboard_mode()[m[K’:
[01m[K/home/myat/path_control_px4/src/control/src/trajectory_fly.cpp:670:9:[m[K [01;31m[Kerror: [m[K‘[01m[Kpublish_vehicle_command[m[K’ was not declared in this scope
  670 |         [01;31m[Kpublish_vehicle_command[m[K(px4_msgs::msg::VehicleCommand::VEHICLE_CMD_DO_SET_MODE, 1, 6);
      |         [01;31m[K^~~~~~~~~~~~~~~~~~~~~~~[m[K
[01m[K/home/myat/path_control_px4/src/control/src/trajectory_fly.cpp:[m[K In member function ‘[01m[Kvoid LinearTrajectoryController::arm()[m[K’:
[01m[K/home/myat/path_control_px4/src/control/src/trajectory_fly.cpp:675:9:[m[K [01;31m[Kerror: [m[K‘[01m[Kpublish_vehicle_command[m[K’ was not declared in this scope
  675 |         [01;31m[Kpublish_vehicle_command[m[K(px4_msgs::msg::VehicleCommand::VEHICLE_CMD_COMPONENT_ARM_DISARM, 1);
      |         [01;31m[K^~~~~~~~~~~~~~~~~~~~~~~[m[K
[01m[K/home/myat/path_control_px4/src/control/src/trajectory_fly.cpp:[m[K At global scope:
[01m[K/home/myat/path_control_px4/src/control/src/trajectory_fly.cpp:676:6:[m[K [01;31m[Kerror: [m[Kexpected unqualified-id at end of input
  676 |     }
      |      [01;31m[K^[m[K
gmake[2]: *** [CMakeFiles/trajectory_fly.dir/build.make:76: CMakeFiles/trajectory_fly.dir/src/trajectory_fly.cpp.o] Error 1
gmake[1]: *** [CMakeFiles/Makefile2:149: CMakeFiles/trajectory_fly.dir/all] Error 2
gmake: *** [Makefile:146: all] Error 2
