[0.266s] Invoking command in '/home/myat/path_control_px4/build/vision': CMAKE_PREFIX_PATH=${CMAKE_PREFIX_PATH}:/home/myat/path_control_px4/install/bringup_drone:/home/myat/hex_ws/install/hexapod_description:/home/myat/hex_ws/install/hexapod_control:/home/myat/my_uav/install/vision_python:/home/myat/my_uav/install/px4_offboard:/opt/ros/humble /usr/bin/cmake /home/myat/path_control_px4/src/vision -DCMAKE_INSTALL_PREFIX=/home/myat/path_control_px4/install/vision
[0.323s] -- The CXX compiler identification is GNU 11.4.0
[0.329s] -- Detecting CXX compiler ABI info
[0.402s] -- Detecting CXX compiler ABI info - done
[0.407s] -- Check for working CXX compiler: /usr/bin/c++ - skipped
[0.408s] -- Detecting CXX compile features
[0.408s] -- Detecting CXX compile features - done
[0.411s] -- Found ament_cmake: 1.3.11 (/opt/ros/humble/share/ament_cmake/cmake)
[0.569s] -- Found Python3: /usr/bin/python3 (found version "3.10.12") found components: Interpreter 
[0.661s] -- Found rclcpp: 16.0.11 (/opt/ros/humble/share/rclcpp/cmake)
[0.712s] -- Found rosidl_generator_c: 3.1.6 (/opt/ros/humble/share/rosidl_generator_c/cmake)
[0.718s] -- Found rosidl_adapter: 3.1.6 (/opt/ros/humble/share/rosidl_adapter/cmake)
[0.727s] -- Found rosidl_generator_cpp: 3.1.6 (/opt/ros/humble/share/rosidl_generator_cpp/cmake)
[0.739s] -- Using all available rosidl_typesupport_c: rosidl_typesupport_fastrtps_c;rosidl_typesupport_introspection_c
[0.756s] -- Using all available rosidl_typesupport_cpp: rosidl_typesupport_fastrtps_cpp;rosidl_typesupport_introspection_cpp
[0.802s] -- Found rmw_implementation_cmake: 6.1.2 (/opt/ros/humble/share/rmw_implementation_cmake/cmake)
[0.805s] -- Found rmw_fastrtps_cpp: 6.2.7 (/opt/ros/humble/share/rmw_fastrtps_cpp/cmake)
[0.897s] -- Found OpenSSL: /usr/lib/x86_64-linux-gnu/libcrypto.so (found version "3.0.2")  
[0.930s] -- Found FastRTPS: /opt/ros/humble/include  
[0.979s] -- Using RMW implementation 'rmw_fastrtps_cpp' as default
[0.991s] -- Looking for C++ include pthread.h
[1.072s] -- Looking for C++ include pthread.h - found
[1.073s] -- Performing Test CMAKE_HAVE_LIBC_PTHREAD
[1.152s] -- Performing Test CMAKE_HAVE_LIBC_PTHREAD - Success
[1.153s] -- Found Threads: TRUE  
[1.196s] -- Found sensor_msgs: 4.8.0 (/opt/ros/humble/share/sensor_msgs/cmake)
[1.220s] -- Found cv_bridge: 3.2.1 (/opt/ros/humble/share/cv_bridge/cmake)
[1.231s] -- Found OpenCV: /usr (found version "4.5.4") 
[1.233s] -- Found image_geometry: 3.2.1 (/opt/ros/humble/share/image_geometry/cmake)
[1.237s] -- Found tf2: 0.25.12 (/opt/ros/humble/share/tf2/cmake)
[1.251s] -- Found tf2_ros: 0.25.16 (/opt/ros/humble/share/tf2_ros/cmake)
[1.328s] -- Found tf2_geometry_msgs: 0.25.12 (/opt/ros/humble/share/tf2_geometry_msgs/cmake)
[1.348s] -- Found eigen3_cmake_module: 0.1.1 (/opt/ros/humble/share/eigen3_cmake_module/cmake)
[1.349s] -- Found Eigen3: TRUE (found version "3.4.0") 
[1.349s] -- Ensuring Eigen3 include directory is part of orocos-kdl CMake target
[1.366s] -- Checking for module 'eigen3'
[1.377s] --   Found eigen3, version 3.4.0
[1.414s] -- Found Eigen: /usr/include/eigen3 (Required is at least version "3.1") 
[1.414s] -- Eigen found (include: /usr/include/eigen3, version: 3.4.0)
[1.440s] -- Found Boost: /usr/lib/x86_64-linux-gnu/cmake/Boost-1.74.0/BoostConfig.cmake (found suitable version "1.74.0", minimum required is "1.65.0") found components: system filesystem date_time iostreams serialization 
[1.502s] -- Checking for module 'libusb-1.0'
[1.516s] --   Found libusb-1.0, version 1.0.25
[1.551s] -- Found libusb: /usr/lib/x86_64-linux-gnu/libusb-1.0.so  
[1.552s] -- Found OpenNI: /usr/lib/libOpenNI.so;libusb::libusb (found version "1.5.4.0") 
[1.552s] -- OpenNI found (version: 1.5.4.0, include: /usr/include/ni, lib: /usr/lib/libOpenNI.so;libusb::libusb)
[1.612s] -- Found OpenNI2: /usr/lib/x86_64-linux-gnu/libOpenNI2.so;libusb::libusb (found version "2.2.0.33") 
[1.612s] -- OpenNI2 found (version: 2.2.0.33, include: /usr/include/openni2, lib: /usr/lib/x86_64-linux-gnu/libOpenNI2.so;libusb::libusb)
[1.612s] [0m** WARNING ** io features related to pcap will be disabled[0m
[1.612s] [0m** WARNING ** io features related to png will be disabled[0m
[1.638s] -- Found GLEW: /usr/lib/x86_64-linux-gnu/libGLEW.so  
[1.644s] -- Found OpenGL: /usr/lib/x86_64-linux-gnu/libOpenGL.so  found components: OpenGL GLX 
[1.652s] -- Could NOT find MPI (missing: MPI_C_FOUND C) 
[1.652s]     Reason given by package: MPI component 'C' was requested, but language C is not enabled.  
[1.652s] 
[1.654s] -- Found JsonCpp: /usr/lib/x86_64-linux-gnu/libjsoncpp.so (found suitable version "1.9.5", minimum required is "0.7.0") 
[1.663s] -- Found ZLIB: /usr/lib/x86_64-linux-gnu/libz.so (found version "1.2.11") 
[1.679s] -- Found PNG: /usr/lib/x86_64-linux-gnu/libpng.so (found version "1.6.37") 
[1.689s] -- Found Eigen3: /usr/include/eigen3 (found version "3.4.0") 
[1.776s] -- Found X11: /usr/include   
[1.777s] -- Looking for XOpenDisplay in /usr/lib/x86_64-linux-gnu/libX11.so;/usr/lib/x86_64-linux-gnu/libXext.so
[1.853s] -- Looking for XOpenDisplay in /usr/lib/x86_64-linux-gnu/libX11.so;/usr/lib/x86_64-linux-gnu/libXext.so - found
[1.853s] -- Looking for gethostbyname
[1.927s] -- Looking for gethostbyname - found
[1.927s] -- Looking for connect
[2.001s] -- Looking for connect - found
[2.002s] -- Looking for remove
[2.074s] -- Looking for remove - found
[2.074s] -- Looking for shmat
[2.145s] -- Looking for shmat - found
[2.145s] -- Looking for IceConnectionNumber in ICE
[2.216s] -- Looking for IceConnectionNumber in ICE - found
[2.295s] -- Found EXPAT: /usr/lib/x86_64-linux-gnu/libexpat.so (found version "2.4.7") 
[2.296s] -- Found double-conversion: /usr/lib/x86_64-linux-gnu/libdouble-conversion.so  
[2.298s] -- Found LZ4: /usr/lib/x86_64-linux-gnu/liblz4.so (found version "1.9.3") 
[2.299s] -- Found LZMA: /usr/lib/x86_64-linux-gnu/liblzma.so (found version "5.2.5") 
[2.313s] -- Found JPEG: /usr/lib/x86_64-linux-gnu/libjpeg.so (found version "80") 
[2.321s] -- Found TIFF: /usr/lib/x86_64-linux-gnu/libtiff.so (found version "4.3.0")  
[2.323s] -- Found Freetype: /usr/lib/x86_64-linux-gnu/libfreetype.so (found version "2.11.1") 
[2.327s] -- Found utf8cpp: /usr/include/utf8cpp  
[2.353s] -- Eigen found (include: /usr/include/eigen3, version: 3.4.0)
[2.373s] -- Checking for module 'flann'
[2.387s] --   Found flann, version 1.9.1
[2.430s] -- Found FLANN: /usr/lib/x86_64-linux-gnu/libflann_cpp.so  
[2.430s] -- FLANN found (include: /usr/include, lib: /usr/lib/x86_64-linux-gnu/libflann_cpp.so)
[2.460s] -- Could NOT find MPI (missing: MPI_C_FOUND C) 
[2.461s]     Reason given by package: MPI component 'C' was requested, but language C is not enabled.  MPI component 'C' was requested, but language C is not enabled.  
[2.461s] 
[2.575s] -- Could NOT find MPI (missing: MPI_C_FOUND C) 
[2.575s]     Reason given by package: MPI component 'C' was requested, but language C is not enabled.  MPI component 'C' was requested, but language C is not enabled.  MPI component 'C' was requested, but language C is not enabled.  
[2.575s] 
[2.660s] -- looking for PCL_COMMON
[2.661s] -- Found PCL_COMMON: /usr/lib/x86_64-linux-gnu/libpcl_common.so  
[2.661s] -- looking for PCL_OCTREE
[2.662s] -- Found PCL_OCTREE: /usr/lib/x86_64-linux-gnu/libpcl_octree.so  
[2.662s] -- looking for PCL_IO
[2.662s] -- Found PCL_IO: /usr/lib/x86_64-linux-gnu/libpcl_io.so  
[2.663s] -- looking for PCL_SAMPLE_CONSENSUS
[2.663s] -- Found PCL_SAMPLE_CONSENSUS: /usr/lib/x86_64-linux-gnu/libpcl_sample_consensus.so  
[2.663s] -- looking for PCL_KDTREE
[2.664s] -- Found PCL_KDTREE: /usr/lib/x86_64-linux-gnu/libpcl_kdtree.so  
[2.664s] -- looking for PCL_FILTERS
[2.665s] -- Found PCL_FILTERS: /usr/lib/x86_64-linux-gnu/libpcl_filters.so  
[2.665s] -- looking for PCL_GEOMETRY
[2.665s] -- Found PCL_GEOMETRY: /usr/include/pcl-1.12  
[2.665s] -- looking for PCL_ML
[2.666s] -- Found PCL_ML: /usr/lib/x86_64-linux-gnu/libpcl_ml.so  
[2.666s] -- looking for PCL_SEGMENTATION
[2.666s] -- Found PCL_SEGMENTATION: /usr/lib/x86_64-linux-gnu/libpcl_segmentation.so  
[2.666s] -- looking for PCL_2D
[2.667s] -- Found PCL_2D: /usr/include/pcl-1.12  
[2.667s] -- looking for PCL_FEATURES
[2.667s] -- Found PCL_FEATURES: /usr/lib/x86_64-linux-gnu/libpcl_features.so  
[2.667s] -- looking for PCL_SEARCH
[2.668s] -- Found PCL_SEARCH: /usr/lib/x86_64-linux-gnu/libpcl_search.so  
[2.669s] -- Found PCL: pcl_common;pcl_octree;pcl_io;pcl_sample_consensus;pcl_kdtree;pcl_filters;pcl_ml;pcl_segmentation;pcl_features;pcl_search;Boost::system;Boost::filesystem;Boost::date_time;Boost::iostreams;Boost::serialization;/usr/lib/libOpenNI.so;libusb::libusb;/usr/lib/x86_64-linux-gnu/libOpenNI2.so;libusb::libusb;VTK::ChartsCore;VTK::CommonColor;VTK::CommonComputationalGeometry;VTK::CommonCore;VTK::CommonDataModel;VTK::CommonExecutionModel;VTK::CommonMath;VTK::CommonMisc;VTK::CommonTransforms;VTK::FiltersCore;VTK::FiltersExtraction;VTK::FiltersGeneral;VTK::FiltersGeometry;VTK::FiltersModeling;VTK::FiltersSources;VTK::ImagingCore;VTK::ImagingSources;VTK::InteractionImage;VTK::InteractionStyle;VTK::InteractionWidgets;VTK::IOCore;VTK::IOGeometry;VTK::IOImage;VTK::IOLegacy;VTK::IOPLY;VTK::RenderingAnnotation;VTK::RenderingCore;VTK::RenderingContext2D;VTK::RenderingLOD;VTK::RenderingFreeType;VTK::ViewsCore;VTK::ViewsContext2D;VTK::RenderingOpenGL2;VTK::GUISupportQt;FLANN::FLANN  
[2.671s] -- Found pcl_conversions: 2.4.5 (/opt/ros/humble/share/pcl_conversions/cmake)
[2.691s] -- Found image_transport: 3.1.11 (/opt/ros/humble/share/image_transport/cmake)
[2.716s] -- Found px4_msgs: 2.0.1 (/home/myat/my_uav/install/px4_msgs/share/px4_msgs/cmake)
[2.761s] -- Found ament_lint_auto: 0.12.11 (/opt/ros/humble/share/ament_lint_auto/cmake)
[2.850s] -- Added test 'cppcheck' to perform static code analysis on C / C++ code
[2.850s] -- Configured cppcheck include dirs: 
[2.850s] -- Configured cppcheck exclude dirs and/or files: 
[2.851s] -- Added test 'lint_cmake' to check CMake code style
[2.852s] -- Added test 'uncrustify' to check C / C++ code style
[2.852s] -- Configured uncrustify additional arguments: 
[2.853s] -- Added test 'xmllint' to check XML markup files
[2.854s] -- Configuring done
[2.927s] -- Generating done
[2.943s] -- Build files have been written to: /home/myat/path_control_px4/build/vision
[2.958s] Invoked command in '/home/myat/path_control_px4/build/vision' returned '0': CMAKE_PREFIX_PATH=${CMAKE_PREFIX_PATH}:/home/myat/path_control_px4/install/bringup_drone:/home/myat/hex_ws/install/hexapod_description:/home/myat/hex_ws/install/hexapod_control:/home/myat/my_uav/install/vision_python:/home/myat/my_uav/install/px4_offboard:/opt/ros/humble /usr/bin/cmake /home/myat/path_control_px4/src/vision -DCMAKE_INSTALL_PREFIX=/home/myat/path_control_px4/install/vision
[2.960s] Invoking command in '/home/myat/path_control_px4/build/vision': CMAKE_PREFIX_PATH=${CMAKE_PREFIX_PATH}:/home/myat/path_control_px4/install/bringup_drone:/home/myat/hex_ws/install/hexapod_description:/home/myat/hex_ws/install/hexapod_control:/home/myat/my_uav/install/vision_python:/home/myat/my_uav/install/px4_offboard:/opt/ros/humble /usr/bin/cmake --build /home/myat/path_control_px4/build/vision -- -j12 -l12
[3.010s] [ 33%] [32mBuilding CXX object CMakeFiles/camera_recorder.dir/src/camera_recorder.cpp.o[0m
[3.010s] [ 33%] [32mBuilding CXX object CMakeFiles/aruco_detect.dir/src/aruco_detect.cpp.o[0m
[3.011s] [ 33%] [32mBuilding CXX object CMakeFiles/lidar.dir/src/lidar.cpp.o[0m
[3.011s] [ 33%] [32mBuilding CXX object CMakeFiles/pointcloud_node.dir/src/pointcloud_node.cpp.o[0m
[3.011s] [ 41%] [32mBuilding CXX object CMakeFiles/obstacle_node.dir/src/obstacle.cpp.o[0m
[3.014s] [ 50%] [32mBuilding CXX object CMakeFiles/depth_polygon_mask_node.dir/src/depth_polygon_mask_node.cpp.o[0m
[10.044s] [ 58%] [32m[1mLinking CXX executable aruco_detect[0m
[10.768s] [ 58%] Built target aruco_detect
[11.094s] [ 66%] [32m[1mLinking CXX executable lidar[0m
[11.721s] [ 66%] Built target lidar
[12.188s] [ 75%] [32m[1mLinking CXX executable camera_recorder[0m
[13.089s] [ 75%] Built target camera_recorder
[15.076s] [ 83%] [32m[1mLinking CXX executable pointcloud_node[0m
[15.381s] [ 91%] [32m[1mLinking CXX executable obstacle_node[0m
[15.971s] [ 91%] Built target pointcloud_node
[16.021s] [ 91%] Built target obstacle_node
[16.457s] [100%] [32m[1mLinking CXX executable depth_polygon_mask_node[0m
[17.227s] [100%] Built target depth_polygon_mask_node
[17.238s] Invoked command in '/home/myat/path_control_px4/build/vision' returned '0': CMAKE_PREFIX_PATH=${CMAKE_PREFIX_PATH}:/home/myat/path_control_px4/install/bringup_drone:/home/myat/hex_ws/install/hexapod_description:/home/myat/hex_ws/install/hexapod_control:/home/myat/my_uav/install/vision_python:/home/myat/my_uav/install/px4_offboard:/opt/ros/humble /usr/bin/cmake --build /home/myat/path_control_px4/build/vision -- -j12 -l12
[17.248s] Invoking command in '/home/myat/path_control_px4/build/vision': CMAKE_PREFIX_PATH=${CMAKE_PREFIX_PATH}:/home/myat/path_control_px4/install/bringup_drone:/home/myat/hex_ws/install/hexapod_description:/home/myat/hex_ws/install/hexapod_control:/home/myat/my_uav/install/vision_python:/home/myat/my_uav/install/px4_offboard:/opt/ros/humble /usr/bin/cmake --install /home/myat/path_control_px4/build/vision
[17.255s] -- Install configuration: ""
[17.255s] -- Installing: /home/myat/path_control_px4/install/vision/lib/vision/camera_recorder
[17.258s] -- Set runtime path of "/home/myat/path_control_px4/install/vision/lib/vision/camera_recorder" to ""
[17.258s] -- Installing: /home/myat/path_control_px4/install/vision/lib/vision/depth_polygon_mask_node
[17.265s] -- Set runtime path of "/home/myat/path_control_px4/install/vision/lib/vision/depth_polygon_mask_node" to ""
[17.265s] -- Installing: /home/myat/path_control_px4/install/vision/lib/vision/pointcloud_node
[17.268s] -- Set runtime path of "/home/myat/path_control_px4/install/vision/lib/vision/pointcloud_node" to ""
[17.268s] -- Installing: /home/myat/path_control_px4/install/vision/lib/vision/aruco_detect
[17.269s] -- Set runtime path of "/home/myat/path_control_px4/install/vision/lib/vision/aruco_detect" to ""
[17.269s] -- Installing: /home/myat/path_control_px4/install/vision/lib/vision/lidar
[17.273s] -- Set runtime path of "/home/myat/path_control_px4/install/vision/lib/vision/lidar" to ""
[17.273s] -- Installing: /home/myat/path_control_px4/install/vision/lib/vision/obstacle_node
[17.276s] -- Set runtime path of "/home/myat/path_control_px4/install/vision/lib/vision/obstacle_node" to ""
[17.277s] -- Installing: /home/myat/path_control_px4/install/vision/share/ament_index/resource_index/package_run_dependencies/vision
[17.277s] -- Installing: /home/myat/path_control_px4/install/vision/share/ament_index/resource_index/parent_prefix_path/vision
[17.277s] -- Installing: /home/myat/path_control_px4/install/vision/share/vision/environment/ament_prefix_path.sh
[17.277s] -- Installing: /home/myat/path_control_px4/install/vision/share/vision/environment/ament_prefix_path.dsv
[17.277s] -- Installing: /home/myat/path_control_px4/install/vision/share/vision/environment/path.sh
[17.277s] -- Installing: /home/myat/path_control_px4/install/vision/share/vision/environment/path.dsv
[17.277s] -- Installing: /home/myat/path_control_px4/install/vision/share/vision/local_setup.bash
[17.278s] -- Installing: /home/myat/path_control_px4/install/vision/share/vision/local_setup.sh
[17.278s] -- Installing: /home/myat/path_control_px4/install/vision/share/vision/local_setup.zsh
[17.278s] -- Installing: /home/myat/path_control_px4/install/vision/share/vision/local_setup.dsv
[17.278s] -- Installing: /home/myat/path_control_px4/install/vision/share/vision/package.dsv
[17.278s] -- Installing: /home/myat/path_control_px4/install/vision/share/ament_index/resource_index/packages/vision
[17.278s] -- Installing: /home/myat/path_control_px4/install/vision/share/vision/cmake/visionConfig.cmake
[17.279s] -- Installing: /home/myat/path_control_px4/install/vision/share/vision/cmake/visionConfig-version.cmake
[17.279s] -- Installing: /home/myat/path_control_px4/install/vision/share/vision/package.xml
[17.282s] Invoked command in '/home/myat/path_control_px4/build/vision' returned '0': CMAKE_PREFIX_PATH=${CMAKE_PREFIX_PATH}:/home/myat/path_control_px4/install/bringup_drone:/home/myat/hex_ws/install/hexapod_description:/home/myat/hex_ws/install/hexapod_control:/home/myat/my_uav/install/vision_python:/home/myat/my_uav/install/px4_offboard:/opt/ros/humble /usr/bin/cmake --install /home/myat/path_control_px4/build/vision
