[1.642s] Invoking command in '/home/myat/path_control_px4/src/bringup_drone': PYTHONPATH=/home/myat/path_control_px4/build/bringup_drone/prefix_override:/usr/lib/python3/dist-packages/colcon_core/task/python/colcon_distutils_commands:/home/myat/path_control_px4/install/bringup_drone/lib/python3.10/site-packages:${PYTHONPATH} /usr/bin/python3 -W ignore:setup.py install is deprecated -W ignore:easy_install command is deprecated setup.py egg_info --egg-base ../../build/bringup_drone build --build-base /home/myat/path_control_px4/build/bringup_drone/build install --record /home/myat/path_control_px4/build/bringup_drone/install.log --single-version-externally-managed install_data
[2.189s] running egg_info
[2.200s] writing ../../build/bringup_drone/bringup_drone.egg-info/PKG-INFO
[2.202s] writing dependency_links to ../../build/bringup_drone/bringup_drone.egg-info/dependency_links.txt
[2.203s] writing entry points to ../../build/bringup_drone/bringup_drone.egg-info/entry_points.txt
[2.204s] writing requirements to ../../build/bringup_drone/bringup_drone.egg-info/requires.txt
[2.205s] writing top-level names to ../../build/bringup_drone/bringup_drone.egg-info/top_level.txt
[2.211s] reading manifest file '../../build/bringup_drone/bringup_drone.egg-info/SOURCES.txt'
[2.211s] writing manifest file '../../build/bringup_drone/bringup_drone.egg-info/SOURCES.txt'
[2.211s] running build
[2.212s] running build_py
[2.212s] running install
[2.212s] running install_lib
[2.212s] running install_data
[2.222s] running install_egg_info
[2.226s] removing '/home/myat/path_control_px4/install/bringup_drone/lib/python3.10/site-packages/bringup_drone-0.0.0-py3.10.egg-info' (and everything under it)
[2.238s] Copying ../../build/bringup_drone/bringup_drone.egg-info to /home/myat/path_control_px4/install/bringup_drone/lib/python3.10/site-packages/bringup_drone-0.0.0-py3.10.egg-info
[2.240s] running install_scripts
[2.349s] writing list of installed files to '/home/myat/path_control_px4/build/bringup_drone/install.log'
[2.470s] Invoked command in '/home/myat/path_control_px4/src/bringup_drone' returned '0': PYTHONPATH=/home/myat/path_control_px4/build/bringup_drone/prefix_override:/usr/lib/python3/dist-packages/colcon_core/task/python/colcon_distutils_commands:/home/myat/path_control_px4/install/bringup_drone/lib/python3.10/site-packages:${PYTHONPATH} /usr/bin/python3 -W ignore:setup.py install is deprecated -W ignore:easy_install command is deprecated setup.py egg_info --egg-base ../../build/bringup_drone build --build-base /home/myat/path_control_px4/build/bringup_drone/build install --record /home/myat/path_control_px4/build/bringup_drone/install.log --single-version-externally-managed install_data
