[0.025s] Invoking command in '/home/myat/path_control_px4/build/control': CMAKE_PREFIX_PATH=/home/myat/path_control_px4/install/px4_msgs:/home/myat/path_control_px4/install/vision:/home/myat/path_control_px4/install/control:/home/myat/Documents/path_control_px4/install/vision:/home/myat/Documents/path_control_px4/install/control:/home/myat/Documents/path_control_px4/install/px4_msgs:/home/myat/ros2_ws/install/serial:/home/myat/ros2_ws/install/ros2_control_demo_description:/home/myat/ros2_ws/install/realsense2_description:/home/myat/ros2_ws/install/realsense2_camera:/home/myat/ros2_ws/install/realsense2_camera_msgs:/home/myat/ros2_ws/install/px4_ros_com:/home/myat/ros2_ws/install/my_dof:/home/myat/ros2_ws/install/my_config:/home/myat/ros2_ws/install/my_arm_config:/home/myat/ros2_ws/install/my_arm:/home/myat/ros2_ws/install/bcr_bot:/home/myat/path_control_px4/install/px4_offboard:/home/myat/path_control_px4/install/bringup_drone:/home/myat/Documents/path_control_px4/install/bringup_drone:/home/myat/ros2_ws/install/servo_control:/home/myat/ros2_ws/install/ros2_aruco:/home/myat/ros2_ws/install/my_pkg:/home/myat/ros2_ws/install/my_mind:/home/myat/ros2_ws/install/my_hex:/home/myat/ros2_ws/install/my_depth:/home/myat/ros2_ws/install/joint_state_converter:/home/myat/ros2_ws/install/aruco_detector:/home/myat/my_uav/install/vision_python:/home/myat/my_uav/install/px4_offboard:/opt/ros/humble:/home/myat/ros2_ws/install/arm:/home/myat/ros2_ws/install/4dof:/home/myat/my_uav/install/vision_cpp:/home/myat/my_uav/install/control_cpp:/home/myat/my_uav/install/px4_msgs /usr/bin/cmake --build /home/myat/path_control_px4/build/control -- -j12 -l12
[0.070s] -- Found ament_cmake: 1.3.11 (/opt/ros/humble/share/ament_cmake/cmake)
[0.293s] -- Found rclcpp: 16.0.11 (/opt/ros/humble/share/rclcpp/cmake)
[0.355s] -- Found rosidl_generator_c: 3.1.6 (/opt/ros/humble/share/rosidl_generator_c/cmake)
[0.359s] -- Found rosidl_adapter: 3.1.6 (/opt/ros/humble/share/rosidl_adapter/cmake)
[0.370s] -- Found rosidl_generator_cpp: 3.1.6 (/opt/ros/humble/share/rosidl_generator_cpp/cmake)
[0.389s] -- Using all available rosidl_typesupport_c: rosidl_typesupport_fastrtps_c;rosidl_typesupport_introspection_c
[0.409s] -- Using all available rosidl_typesupport_cpp: rosidl_typesupport_fastrtps_cpp;rosidl_typesupport_introspection_cpp
[0.465s] -- Found rmw_implementation_cmake: 6.1.2 (/opt/ros/humble/share/rmw_implementation_cmake/cmake)
[0.471s] -- Found rmw_fastrtps_cpp: 6.2.7 (/opt/ros/humble/share/rmw_fastrtps_cpp/cmake)
[0.662s] -- Using RMW implementation 'rmw_fastrtps_cpp' as default
[0.738s] -- Found geometry_msgs: 4.2.4 (/opt/ros/humble/share/geometry_msgs/cmake)
[0.755s] -- Found px4_msgs: 2.0.1 (/home/myat/path_control_px4/install/px4_msgs/share/px4_msgs/cmake)
[0.770s] -- Found tf2: 0.25.12 (/opt/ros/humble/share/tf2/cmake)
[0.776s] -- Found tf2_ros: 0.25.16 (/opt/ros/humble/share/tf2_ros/cmake)
[0.883s] -- Found tf2_geometry_msgs: 0.25.12 (/opt/ros/humble/share/tf2_geometry_msgs/cmake)
[0.890s] -- Found eigen3_cmake_module: 0.1.1 (/opt/ros/humble/share/eigen3_cmake_module/cmake)
[0.892s] -- Found Eigen3: TRUE (found version "3.4.0") 
[0.892s] -- Ensuring Eigen3 include directory is part of orocos-kdl CMake target
[0.895s] -- Found visualization_msgs: 4.9.0 (/opt/ros/humble/share/visualization_msgs/cmake)
[0.941s] -- Found nav_msgs: 4.9.0 (/opt/ros/humble/share/nav_msgs/cmake)
[0.982s] -- Eigen found (include: /usr/include/eigen3, version: 3.4.0)
[1.017s] -- OpenNI found (version: 1.5.4.0, include: /usr/include/ni, lib: /usr/lib/libOpenNI.so;libusb::libusb)
[1.026s] -- OpenNI2 found (version: 2.2.0.33, include: /usr/include/openni2, lib: /usr/lib/x86_64-linux-gnu/libOpenNI2.so;libusb::libusb)
[1.026s] [0m** WARNING ** io features related to pcap will be disabled[0m
[1.026s] [0m** WARNING ** io features related to png will be disabled[0m
[1.268s] -- Could NOT find MPI_C (missing: MPI_C_WORKS) 
[1.268s] -- Could NOT find MPI (missing: MPI_C_FOUND C) 
[1.335s] -- Found Eigen3: /usr/include/eigen3 (found version "3.4.0") 
[1.526s] -- Eigen found (include: /usr/include/eigen3, version: 3.4.0)
[1.571s] -- FLANN found (include: /usr/include, lib: /usr/lib/x86_64-linux-gnu/libflann_cpp.so)
[1.669s] -- Could NOT find MPI_C (missing: MPI_C_WORKS) 
[1.669s] -- Could NOT find MPI (missing: MPI_C_FOUND C) 
[1.901s] -- Could NOT find MPI_C (missing: MPI_C_WORKS) 
[1.901s] -- Could NOT find MPI (missing: MPI_C_FOUND C) 
[2.047s] -- looking for PCL_COMMON
[2.047s] -- looking for PCL_OCTREE
[2.048s] -- looking for PCL_IO
[2.048s] -- looking for PCL_SAMPLE_CONSENSUS
[2.048s] -- looking for PCL_KDTREE
[2.049s] -- looking for PCL_FILTERS
[2.049s] -- looking for PCL_GEOMETRY
[2.049s] -- looking for PCL_ML
[2.049s] -- looking for PCL_SEGMENTATION
[2.050s] -- looking for PCL_2D
[2.050s] -- looking for PCL_FEATURES
[2.050s] -- looking for PCL_SEARCH
[2.052s] -- Found pcl_conversions: 2.4.5 (/opt/ros/humble/share/pcl_conversions/cmake)
[2.128s] -- Found ament_lint_auto: 0.12.11 (/opt/ros/humble/share/ament_lint_auto/cmake)
[2.251s] -- Added test 'cppcheck' to perform static code analysis on C / C++ code
[2.256s] -- Configured cppcheck include dirs: 
[2.256s] -- Configured cppcheck exclude dirs and/or files: 
[2.257s] -- Added test 'lint_cmake' to check CMake code style
[2.259s] -- Added test 'uncrustify' to check C / C++ code style
[2.259s] -- Configured uncrustify additional arguments: 
[2.259s] -- Added test 'xmllint' to check XML markup files
[2.262s] -- Configuring done
[2.373s] -- Generating done
[2.392s] -- Build files have been written to: /home/myat/path_control_px4/build/control
[2.452s] [35m[1mConsolidate compiler generated dependencies of target tf_node[0m
[2.452s] [35m[1mConsolidate compiler generated dependencies of target land[0m
[2.452s] [35m[1mConsolidate compiler generated dependencies of target px4_visualizer[0m
[2.452s] [35m[1mConsolidate compiler generated dependencies of target adaptive_land[0m
[2.452s] [35m[1mConsolidate compiler generated dependencies of target trajectory_fly[0m
[2.453s] [35m[1mConsolidate compiler generated dependencies of target auto_fly_test[0m
[2.467s] [  7%] [32mBuilding CXX object CMakeFiles/static_tf.dir/src/static_tf.cpp.o[0m
[2.479s] [ 35%] Built target land
[2.480s] [ 28%] Built target tf_node
[7.541s] Invoked command in '/home/myat/path_control_px4/build/control' returned '2': CMAKE_PREFIX_PATH=/home/myat/path_control_px4/install/px4_msgs:/home/myat/path_control_px4/install/vision:/home/myat/path_control_px4/install/control:/home/myat/Documents/path_control_px4/install/vision:/home/myat/Documents/path_control_px4/install/control:/home/myat/Documents/path_control_px4/install/px4_msgs:/home/myat/ros2_ws/install/serial:/home/myat/ros2_ws/install/ros2_control_demo_description:/home/myat/ros2_ws/install/realsense2_description:/home/myat/ros2_ws/install/realsense2_camera:/home/myat/ros2_ws/install/realsense2_camera_msgs:/home/myat/ros2_ws/install/px4_ros_com:/home/myat/ros2_ws/install/my_dof:/home/myat/ros2_ws/install/my_config:/home/myat/ros2_ws/install/my_arm_config:/home/myat/ros2_ws/install/my_arm:/home/myat/ros2_ws/install/bcr_bot:/home/myat/path_control_px4/install/px4_offboard:/home/myat/path_control_px4/install/bringup_drone:/home/myat/Documents/path_control_px4/install/bringup_drone:/home/myat/ros2_ws/install/servo_control:/home/myat/ros2_ws/install/ros2_aruco:/home/myat/ros2_ws/install/my_pkg:/home/myat/ros2_ws/install/my_mind:/home/myat/ros2_ws/install/my_hex:/home/myat/ros2_ws/install/my_depth:/home/myat/ros2_ws/install/joint_state_converter:/home/myat/ros2_ws/install/aruco_detector:/home/myat/my_uav/install/vision_python:/home/myat/my_uav/install/px4_offboard:/opt/ros/humble:/home/myat/ros2_ws/install/arm:/home/myat/ros2_ws/install/4dof:/home/myat/my_uav/install/vision_cpp:/home/myat/my_uav/install/control_cpp:/home/myat/my_uav/install/px4_msgs /usr/bin/cmake --build /home/myat/path_control_px4/build/control -- -j12 -l12
