[0.011s] Invoking command in '/home/myat/path_control_px4/build/vision': CMAKE_PREFIX_PATH=${CMAKE_PREFIX_PATH}:/home/myat/path_control_px4/install/bringup_drone:/home/myat/hex_ws/install/hexapod_description:/home/myat/hex_ws/install/hexapod_control:/home/myat/my_uav/install/vision_python:/home/myat/my_uav/install/px4_offboard:/opt/ros/humble /usr/bin/cmake --build /home/myat/path_control_px4/build/vision -- -j12 -l12
[0.037s] -- Found ament_cmake: 1.3.11 (/opt/ros/humble/share/ament_cmake/cmake)
[0.147s] -- Found rclcpp: 16.0.11 (/opt/ros/humble/share/rclcpp/cmake)
[0.170s] -- Found rosidl_generator_c: 3.1.6 (/opt/ros/humble/share/rosidl_generator_c/cmake)
[0.172s] -- Found rosidl_adapter: 3.1.6 (/opt/ros/humble/share/rosidl_adapter/cmake)
[0.176s] -- Found rosidl_generator_cpp: 3.1.6 (/opt/ros/humble/share/rosidl_generator_cpp/cmake)
[0.183s] -- Using all available rosidl_typesupport_c: rosidl_typesupport_fastrtps_c;rosidl_typesupport_introspection_c
[0.191s] -- Using all available rosidl_typesupport_cpp: rosidl_typesupport_fastrtps_cpp;rosidl_typesupport_introspection_cpp
[0.212s] -- Found rmw_implementation_cmake: 6.1.2 (/opt/ros/humble/share/rmw_implementation_cmake/cmake)
[0.214s] -- Found rmw_fastrtps_cpp: 6.2.7 (/opt/ros/humble/share/rmw_fastrtps_cpp/cmake)
[0.320s] -- Using RMW implementation 'rmw_fastrtps_cpp' as default
[0.356s] -- Found sensor_msgs: 4.8.0 (/opt/ros/humble/share/sensor_msgs/cmake)
[0.375s] -- Found cv_bridge: 3.2.1 (/opt/ros/humble/share/cv_bridge/cmake)
[0.384s] -- Found image_geometry: 3.2.1 (/opt/ros/humble/share/image_geometry/cmake)
[0.385s] -- Found tf2: 0.25.12 (/opt/ros/humble/share/tf2/cmake)
[0.388s] -- Found tf2_ros: 0.25.16 (/opt/ros/humble/share/tf2_ros/cmake)
[0.441s] -- Found tf2_geometry_msgs: 0.25.12 (/opt/ros/humble/share/tf2_geometry_msgs/cmake)
[0.443s] -- Found eigen3_cmake_module: 0.1.1 (/opt/ros/humble/share/eigen3_cmake_module/cmake)
[0.444s] -- Found Eigen3: TRUE (found version "3.4.0") 
[0.444s] -- Ensuring Eigen3 include directory is part of orocos-kdl CMake target
[0.458s] -- Eigen found (include: /usr/include/eigen3, version: 3.4.0)
[0.476s] -- OpenNI found (version: 1.5.4.0, include: /usr/include/ni, lib: /usr/lib/libOpenNI.so;libusb::libusb)
[0.481s] -- OpenNI2 found (version: 2.2.0.33, include: /usr/include/openni2, lib: /usr/lib/x86_64-linux-gnu/libOpenNI2.so;libusb::libusb)
[0.481s] [0m** WARNING ** io features related to pcap will be disabled[0m
[0.481s] [0m** WARNING ** io features related to png will be disabled[0m
[0.515s] -- Could NOT find MPI (missing: MPI_C_FOUND C) 
[0.515s]     Reason given by package: MPI component 'C' was requested, but language C is not enabled.  
[0.515s] 
[0.547s] -- Found Eigen3: /usr/include/eigen3 (found version "3.4.0") 
[0.645s] -- Eigen found (include: /usr/include/eigen3, version: 3.4.0)
[0.670s] -- FLANN found (include: /usr/include, lib: /usr/lib/x86_64-linux-gnu/libflann_cpp.so)
[0.700s] -- Could NOT find MPI (missing: MPI_C_FOUND C) 
[0.700s]     Reason given by package: MPI component 'C' was requested, but language C is not enabled.  MPI component 'C' was requested, but language C is not enabled.  
[0.700s] 
[0.808s] -- Could NOT find MPI (missing: MPI_C_FOUND C) 
[0.808s]     Reason given by package: MPI component 'C' was requested, but language C is not enabled.  MPI component 'C' was requested, but language C is not enabled.  MPI component 'C' was requested, but language C is not enabled.  
[0.809s] 
[0.892s] -- looking for PCL_COMMON
[0.892s] -- looking for PCL_OCTREE
[0.892s] -- looking for PCL_IO
[0.892s] -- looking for PCL_SAMPLE_CONSENSUS
[0.893s] -- looking for PCL_KDTREE
[0.893s] -- looking for PCL_FILTERS
[0.893s] -- looking for PCL_GEOMETRY
[0.893s] -- looking for PCL_ML
[0.893s] -- looking for PCL_SEGMENTATION
[0.894s] -- looking for PCL_2D
[0.894s] -- looking for PCL_FEATURES
[0.894s] -- looking for PCL_SEARCH
[0.895s] -- Found pcl_conversions: 2.4.5 (/opt/ros/humble/share/pcl_conversions/cmake)
[0.909s] -- Found image_transport: 3.1.11 (/opt/ros/humble/share/image_transport/cmake)
[0.926s] -- Found px4_msgs: 2.0.1 (/home/myat/path_control_px4/install/px4_msgs/share/px4_msgs/cmake)
[0.967s] -- Found ament_lint_auto: 0.12.11 (/opt/ros/humble/share/ament_lint_auto/cmake)
[1.041s] -- Added test 'cppcheck' to perform static code analysis on C / C++ code
[1.042s] -- Configured cppcheck include dirs: 
[1.042s] -- Configured cppcheck exclude dirs and/or files: 
[1.042s] -- Added test 'lint_cmake' to check CMake code style
[1.043s] -- Added test 'uncrustify' to check C / C++ code style
[1.043s] -- Configured uncrustify additional arguments: 
[1.043s] -- Added test 'xmllint' to check XML markup files
[1.044s] -- Configuring done
[1.115s] -- Generating done
[1.132s] -- Build files have been written to: /home/myat/path_control_px4/build/vision
[1.166s] [35m[1mConsolidate compiler generated dependencies of target lidar[0m
[1.166s] [35m[1mConsolidate compiler generated dependencies of target camera_recorder[0m
[1.166s] [35m[1mConsolidate compiler generated dependencies of target depth_polygon_mask_node[0m
[1.166s] [35m[1mConsolidate compiler generated dependencies of target aruco_detect[0m
[1.167s] [35m[1mConsolidate compiler generated dependencies of target pointcloud_node[0m
[1.177s] [  8%] [32mBuilding CXX object CMakeFiles/obstacle_node.dir/src/obstacle.cpp.o[0m
[1.184s] [ 25%] Built target camera_recorder
[1.184s] [ 41%] Built target lidar
[1.184s] [ 58%] Built target depth_polygon_mask_node
[1.185s] [ 75%] Built target aruco_detect
[1.197s] [ 91%] Built target pointcloud_node
[9.538s] [100%] [32m[1mLinking CXX executable obstacle_node[0m
[10.075s] [100%] Built target obstacle_node
[10.086s] Invoked command in '/home/myat/path_control_px4/build/vision' returned '0': CMAKE_PREFIX_PATH=${CMAKE_PREFIX_PATH}:/home/myat/path_control_px4/install/bringup_drone:/home/myat/hex_ws/install/hexapod_description:/home/myat/hex_ws/install/hexapod_control:/home/myat/my_uav/install/vision_python:/home/myat/my_uav/install/px4_offboard:/opt/ros/humble /usr/bin/cmake --build /home/myat/path_control_px4/build/vision -- -j12 -l12
[10.095s] Invoking command in '/home/myat/path_control_px4/build/vision': CMAKE_PREFIX_PATH=${CMAKE_PREFIX_PATH}:/home/myat/path_control_px4/install/bringup_drone:/home/myat/hex_ws/install/hexapod_description:/home/myat/hex_ws/install/hexapod_control:/home/myat/my_uav/install/vision_python:/home/myat/my_uav/install/px4_offboard:/opt/ros/humble /usr/bin/cmake --install /home/myat/path_control_px4/build/vision
[10.101s] -- Install configuration: ""
[10.102s] -- Up-to-date: /home/myat/path_control_px4/install/vision/lib/vision/camera_recorder
[10.104s] -- Up-to-date: /home/myat/path_control_px4/install/vision/lib/vision/depth_polygon_mask_node
[10.105s] -- Up-to-date: /home/myat/path_control_px4/install/vision/lib/vision/pointcloud_node
[10.106s] -- Up-to-date: /home/myat/path_control_px4/install/vision/lib/vision/aruco_detect
[10.106s] -- Up-to-date: /home/myat/path_control_px4/install/vision/lib/vision/lidar
[10.107s] -- Installing: /home/myat/path_control_px4/install/vision/lib/vision/obstacle_node
[10.111s] -- Set runtime path of "/home/myat/path_control_px4/install/vision/lib/vision/obstacle_node" to ""
[10.111s] -- Up-to-date: /home/myat/path_control_px4/install/vision/share/ament_index/resource_index/package_run_dependencies/vision
[10.111s] -- Up-to-date: /home/myat/path_control_px4/install/vision/share/ament_index/resource_index/parent_prefix_path/vision
[10.111s] -- Up-to-date: /home/myat/path_control_px4/install/vision/share/vision/environment/ament_prefix_path.sh
[10.111s] -- Installing: /home/myat/path_control_px4/install/vision/share/vision/environment/ament_prefix_path.dsv
[10.111s] -- Up-to-date: /home/myat/path_control_px4/install/vision/share/vision/environment/path.sh
[10.111s] -- Installing: /home/myat/path_control_px4/install/vision/share/vision/environment/path.dsv
[10.111s] -- Up-to-date: /home/myat/path_control_px4/install/vision/share/vision/local_setup.bash
[10.112s] -- Up-to-date: /home/myat/path_control_px4/install/vision/share/vision/local_setup.sh
[10.112s] -- Up-to-date: /home/myat/path_control_px4/install/vision/share/vision/local_setup.zsh
[10.112s] -- Installing: /home/myat/path_control_px4/install/vision/share/vision/local_setup.dsv
[10.112s] -- Installing: /home/myat/path_control_px4/install/vision/share/vision/package.dsv
[10.112s] -- Up-to-date: /home/myat/path_control_px4/install/vision/share/ament_index/resource_index/packages/vision
[10.112s] -- Up-to-date: /home/myat/path_control_px4/install/vision/share/vision/cmake/visionConfig.cmake
[10.112s] -- Up-to-date: /home/myat/path_control_px4/install/vision/share/vision/cmake/visionConfig-version.cmake
[10.112s] -- Up-to-date: /home/myat/path_control_px4/install/vision/share/vision/package.xml
[10.114s] Invoked command in '/home/myat/path_control_px4/build/vision' returned '0': CMAKE_PREFIX_PATH=${CMAKE_PREFIX_PATH}:/home/myat/path_control_px4/install/bringup_drone:/home/myat/hex_ws/install/hexapod_description:/home/myat/hex_ws/install/hexapod_control:/home/myat/my_uav/install/vision_python:/home/myat/my_uav/install/px4_offboard:/opt/ros/humble /usr/bin/cmake --install /home/myat/path_control_px4/build/vision
