[0.560s] Invoking command in '/home/myat/path_control_px4/build/vision': CMAKE_PREFIX_PATH=/home/myat/path_control_px4/install/vision:/home/myat/path_control_px4/install/control:/home/myat/path_control_px4/install/px4_msgs:/home/myat/ros2_ws/install/serial:/home/myat/ros2_ws/install/ros2_control_demo_description:/home/myat/ros2_ws/install/realsense2_description:/home/myat/ros2_ws/install/realsense2_camera:/home/myat/ros2_ws/install/realsense2_camera_msgs:/home/myat/ros2_ws/install/px4_ros_com:/home/myat/ros2_ws/install/my_dof:/home/myat/ros2_ws/install/my_config:/home/myat/ros2_ws/install/my_arm_config:/home/myat/ros2_ws/install/my_arm:/home/myat/ros2_ws/install/bcr_bot:/home/myat/path_control_px4/install/px4_offboard:/home/myat/path_control_px4/install/bringup_drone:/home/myat/ros2_ws/install/servo_control:/home/myat/ros2_ws/install/ros2_aruco:/home/myat/ros2_ws/install/my_pkg:/home/myat/ros2_ws/install/my_mind:/home/myat/ros2_ws/install/my_hex:/home/myat/ros2_ws/install/my_depth:/home/myat/ros2_ws/install/joint_state_converter:/home/myat/ros2_ws/install/aruco_detector:/home/myat/my_uav/install/vision_python:/home/myat/my_uav/install/px4_offboard:/opt/ros/humble:/home/myat/ros2_ws/install/arm:/home/myat/ros2_ws/install/4dof:/home/myat/my_uav/install/vision_cpp:/home/myat/my_uav/install/control_cpp:/home/myat/my_uav/install/px4_msgs /usr/bin/cmake --build /home/myat/path_control_px4/build/vision -- -j12 -l12
[0.746s] [ 28%] Built target depth_polygon_mask_node
[0.746s] [ 28%] Built target camera_recorder
[0.802s] [ 42%] Built target lidar
[0.806s] [ 57%] Built target pointcloud_node
[0.816s] [ 71%] Built target obstacle_node
[0.830s] [35m[1mConsolidate compiler generated dependencies of target my_aruco[0m
[0.867s] [ 85%] Built target aruco_detect
[0.867s] [ 92%] [32mBuilding CXX object CMakeFiles/my_aruco.dir/src/my_aruco.cpp.o[0m
[18.490s] [100%] [32m[1mLinking CXX executable my_aruco[0m
[20.484s] [100%] Built target my_aruco
[20.509s] Invoked command in '/home/myat/path_control_px4/build/vision' returned '0': CMAKE_PREFIX_PATH=/home/myat/path_control_px4/install/vision:/home/myat/path_control_px4/install/control:/home/myat/path_control_px4/install/px4_msgs:/home/myat/ros2_ws/install/serial:/home/myat/ros2_ws/install/ros2_control_demo_description:/home/myat/ros2_ws/install/realsense2_description:/home/myat/ros2_ws/install/realsense2_camera:/home/myat/ros2_ws/install/realsense2_camera_msgs:/home/myat/ros2_ws/install/px4_ros_com:/home/myat/ros2_ws/install/my_dof:/home/myat/ros2_ws/install/my_config:/home/myat/ros2_ws/install/my_arm_config:/home/myat/ros2_ws/install/my_arm:/home/myat/ros2_ws/install/bcr_bot:/home/myat/path_control_px4/install/px4_offboard:/home/myat/path_control_px4/install/bringup_drone:/home/myat/ros2_ws/install/servo_control:/home/myat/ros2_ws/install/ros2_aruco:/home/myat/ros2_ws/install/my_pkg:/home/myat/ros2_ws/install/my_mind:/home/myat/ros2_ws/install/my_hex:/home/myat/ros2_ws/install/my_depth:/home/myat/ros2_ws/install/joint_state_converter:/home/myat/ros2_ws/install/aruco_detector:/home/myat/my_uav/install/vision_python:/home/myat/my_uav/install/px4_offboard:/opt/ros/humble:/home/myat/ros2_ws/install/arm:/home/myat/ros2_ws/install/4dof:/home/myat/my_uav/install/vision_cpp:/home/myat/my_uav/install/control_cpp:/home/myat/my_uav/install/px4_msgs /usr/bin/cmake --build /home/myat/path_control_px4/build/vision -- -j12 -l12
[20.515s] Invoking command in '/home/myat/path_control_px4/build/vision': CMAKE_PREFIX_PATH=/home/myat/path_control_px4/install/vision:/home/myat/path_control_px4/install/control:/home/myat/path_control_px4/install/px4_msgs:/home/myat/ros2_ws/install/serial:/home/myat/ros2_ws/install/ros2_control_demo_description:/home/myat/ros2_ws/install/realsense2_description:/home/myat/ros2_ws/install/realsense2_camera:/home/myat/ros2_ws/install/realsense2_camera_msgs:/home/myat/ros2_ws/install/px4_ros_com:/home/myat/ros2_ws/install/my_dof:/home/myat/ros2_ws/install/my_config:/home/myat/ros2_ws/install/my_arm_config:/home/myat/ros2_ws/install/my_arm:/home/myat/ros2_ws/install/bcr_bot:/home/myat/path_control_px4/install/px4_offboard:/home/myat/path_control_px4/install/bringup_drone:/home/myat/ros2_ws/install/servo_control:/home/myat/ros2_ws/install/ros2_aruco:/home/myat/ros2_ws/install/my_pkg:/home/myat/ros2_ws/install/my_mind:/home/myat/ros2_ws/install/my_hex:/home/myat/ros2_ws/install/my_depth:/home/myat/ros2_ws/install/joint_state_converter:/home/myat/ros2_ws/install/aruco_detector:/home/myat/my_uav/install/vision_python:/home/myat/my_uav/install/px4_offboard:/opt/ros/humble:/home/myat/ros2_ws/install/arm:/home/myat/ros2_ws/install/4dof:/home/myat/my_uav/install/vision_cpp:/home/myat/my_uav/install/control_cpp:/home/myat/my_uav/install/px4_msgs /usr/bin/cmake --install /home/myat/path_control_px4/build/vision
[20.529s] -- Install configuration: ""
[20.530s] -- Up-to-date: /home/myat/path_control_px4/install/vision/lib/vision/camera_recorder
[20.531s] -- Up-to-date: /home/myat/path_control_px4/install/vision/lib/vision/depth_polygon_mask_node
[20.533s] -- Up-to-date: /home/myat/path_control_px4/install/vision/lib/vision/pointcloud_node
[20.535s] -- Up-to-date: /home/myat/path_control_px4/install/vision/lib/vision/aruco_detect
[20.535s] -- Up-to-date: /home/myat/path_control_px4/install/vision/lib/vision/lidar
[20.536s] -- Up-to-date: /home/myat/path_control_px4/install/vision/lib/vision/obstacle_node
[20.538s] -- Installing: /home/myat/path_control_px4/install/vision/lib/vision/my_aruco
[20.548s] -- Set runtime path of "/home/myat/path_control_px4/install/vision/lib/vision/my_aruco" to ""
[20.550s] -- Up-to-date: /home/myat/path_control_px4/install/vision/share/ament_index/resource_index/package_run_dependencies/vision
[20.550s] -- Up-to-date: /home/myat/path_control_px4/install/vision/share/ament_index/resource_index/parent_prefix_path/vision
[20.552s] -- Up-to-date: /home/myat/path_control_px4/install/vision/share/vision/environment/ament_prefix_path.sh
[20.552s] -- Up-to-date: /home/myat/path_control_px4/install/vision/share/vision/environment/ament_prefix_path.dsv
[20.553s] -- Up-to-date: /home/myat/path_control_px4/install/vision/share/vision/environment/path.sh
[20.553s] -- Up-to-date: /home/myat/path_control_px4/install/vision/share/vision/environment/path.dsv
[20.553s] -- Up-to-date: /home/myat/path_control_px4/install/vision/share/vision/local_setup.bash
[20.553s] -- Up-to-date: /home/myat/path_control_px4/install/vision/share/vision/local_setup.sh
[20.553s] -- Up-to-date: /home/myat/path_control_px4/install/vision/share/vision/local_setup.zsh
[20.553s] -- Up-to-date: /home/myat/path_control_px4/install/vision/share/vision/local_setup.dsv
[20.553s] -- Installing: /home/myat/path_control_px4/install/vision/share/vision/package.dsv
[20.554s] -- Up-to-date: /home/myat/path_control_px4/install/vision/share/ament_index/resource_index/packages/vision
[20.554s] -- Up-to-date: /home/myat/path_control_px4/install/vision/share/vision/cmake/visionConfig.cmake
[20.554s] -- Up-to-date: /home/myat/path_control_px4/install/vision/share/vision/cmake/visionConfig-version.cmake
[20.556s] -- Up-to-date: /home/myat/path_control_px4/install/vision/share/vision/package.xml
[20.562s] Invoked command in '/home/myat/path_control_px4/build/vision' returned '0': CMAKE_PREFIX_PATH=/home/myat/path_control_px4/install/vision:/home/myat/path_control_px4/install/control:/home/myat/path_control_px4/install/px4_msgs:/home/myat/ros2_ws/install/serial:/home/myat/ros2_ws/install/ros2_control_demo_description:/home/myat/ros2_ws/install/realsense2_description:/home/myat/ros2_ws/install/realsense2_camera:/home/myat/ros2_ws/install/realsense2_camera_msgs:/home/myat/ros2_ws/install/px4_ros_com:/home/myat/ros2_ws/install/my_dof:/home/myat/ros2_ws/install/my_config:/home/myat/ros2_ws/install/my_arm_config:/home/myat/ros2_ws/install/my_arm:/home/myat/ros2_ws/install/bcr_bot:/home/myat/path_control_px4/install/px4_offboard:/home/myat/path_control_px4/install/bringup_drone:/home/myat/ros2_ws/install/servo_control:/home/myat/ros2_ws/install/ros2_aruco:/home/myat/ros2_ws/install/my_pkg:/home/myat/ros2_ws/install/my_mind:/home/myat/ros2_ws/install/my_hex:/home/myat/ros2_ws/install/my_depth:/home/myat/ros2_ws/install/joint_state_converter:/home/myat/ros2_ws/install/aruco_detector:/home/myat/my_uav/install/vision_python:/home/myat/my_uav/install/px4_offboard:/opt/ros/humble:/home/myat/ros2_ws/install/arm:/home/myat/ros2_ws/install/4dof:/home/myat/my_uav/install/vision_cpp:/home/myat/my_uav/install/control_cpp:/home/myat/my_uav/install/px4_msgs /usr/bin/cmake --install /home/myat/path_control_px4/build/vision
