[0.789s] Invoking command in '/home/myat/path_control_px4/src/ROS2_PX4_Offboard_Example/px4_offboard': AMENT_PREFIX_PATH=/home/myat/path_control_px4/install/px4_msgs:${AMENT_PREFIX_PATH} CMAKE_PREFIX_PATH=/home/myat/path_control_px4/install/px4_msgs:${CMAKE_PREFIX_PATH} LD_LIBRARY_PATH=/home/myat/path_control_px4/install/px4_msgs/lib:${LD_LIBRARY_PATH} PYTHONPATH=/home/myat/path_control_px4/build/px4_offboard/prefix_override:/usr/lib/python3/dist-packages/colcon_core/task/python/colcon_distutils_commands:/home/myat/path_control_px4/install/px4_offboard/lib/python3.10/site-packages:/home/myat/path_control_px4/install/px4_msgs/local/lib/python3.10/dist-packages:${PYTHONPATH} /usr/bin/python3 -W ignore:setup.py install is deprecated -W ignore:easy_install command is deprecated setup.py egg_info --egg-base ../../../build/px4_offboard build --build-base /home/myat/path_control_px4/build/px4_offboard/build install --record /home/myat/path_control_px4/build/px4_offboard/install.log --single-version-externally-managed install_data
[1.048s] running egg_info
[1.049s] writing ../../../build/px4_offboard/px4_offboard.egg-info/PKG-INFO
[1.049s] writing dependency_links to ../../../build/px4_offboard/px4_offboard.egg-info/dependency_links.txt
[1.049s] writing entry points to ../../../build/px4_offboard/px4_offboard.egg-info/entry_points.txt
[1.049s] writing requirements to ../../../build/px4_offboard/px4_offboard.egg-info/requires.txt
[1.049s] writing top-level names to ../../../build/px4_offboard/px4_offboard.egg-info/top_level.txt
[1.051s] reading manifest file '../../../build/px4_offboard/px4_offboard.egg-info/SOURCES.txt'
[1.051s] adding license file 'LICENSE'
[1.052s] writing manifest file '../../../build/px4_offboard/px4_offboard.egg-info/SOURCES.txt'
[1.052s] running build
[1.052s] running build_py
[1.052s] running install
[1.052s] running install_lib
[1.053s] running install_data
[1.053s] running install_egg_info
[1.055s] removing '/home/myat/path_control_px4/install/px4_offboard/lib/python3.10/site-packages/px4_offboard-0.0.0-py3.10.egg-info' (and everything under it)
[1.055s] Copying ../../../build/px4_offboard/px4_offboard.egg-info to /home/myat/path_control_px4/install/px4_offboard/lib/python3.10/site-packages/px4_offboard-0.0.0-py3.10.egg-info
[1.056s] running install_scripts
[1.072s] Installing control script to /home/myat/path_control_px4/install/px4_offboard/lib/px4_offboard
[1.072s] Installing offboard_control script to /home/myat/path_control_px4/install/px4_offboard/lib/px4_offboard
[1.072s] Installing processes script to /home/myat/path_control_px4/install/px4_offboard/lib/px4_offboard
[1.072s] Installing velocity_control script to /home/myat/path_control_px4/install/px4_offboard/lib/px4_offboard
[1.072s] Installing visualizer script to /home/myat/path_control_px4/install/px4_offboard/lib/px4_offboard
[1.072s] writing list of installed files to '/home/myat/path_control_px4/build/px4_offboard/install.log'
[1.097s] Invoked command in '/home/myat/path_control_px4/src/ROS2_PX4_Offboard_Example/px4_offboard' returned '0': AMENT_PREFIX_PATH=/home/myat/path_control_px4/install/px4_msgs:${AMENT_PREFIX_PATH} CMAKE_PREFIX_PATH=/home/myat/path_control_px4/install/px4_msgs:${CMAKE_PREFIX_PATH} LD_LIBRARY_PATH=/home/myat/path_control_px4/install/px4_msgs/lib:${LD_LIBRARY_PATH} PYTHONPATH=/home/myat/path_control_px4/build/px4_offboard/prefix_override:/usr/lib/python3/dist-packages/colcon_core/task/python/colcon_distutils_commands:/home/myat/path_control_px4/install/px4_offboard/lib/python3.10/site-packages:/home/myat/path_control_px4/install/px4_msgs/local/lib/python3.10/dist-packages:${PYTHONPATH} /usr/bin/python3 -W ignore:setup.py install is deprecated -W ignore:easy_install command is deprecated setup.py egg_info --egg-base ../../../build/px4_offboard build --build-base /home/myat/path_control_px4/build/px4_offboard/build install --record /home/myat/path_control_px4/build/px4_offboard/install.log --single-version-externally-managed install_data
