[0.014s] Invoking command in '/home/myat/path_control_px4/build/vision': CMAKE_PREFIX_PATH=${CMAKE_PREFIX_PATH}:/home/myat/path_control_px4/install/bringup_drone:/home/myat/hex_ws/install/hexapod_description:/home/myat/hex_ws/install/hexapod_control:/home/myat/my_uav/install/vision_python:/home/myat/my_uav/install/px4_offboard:/opt/ros/humble /usr/bin/cmake --build /home/myat/path_control_px4/build/vision -- -j12 -l12
[0.075s] [ 25%] Built target camera_recorder
[0.075s] [ 50%] Built target depth_polygon_mask_node
[0.075s] [ 62%] [32mBuilding CXX object CMakeFiles/aruco_detect.dir/src/aruco_detect.cpp.o[0m
[0.088s] [ 87%] Built target pointcloud_node
[4.855s] [100%] [32m[1mLinking CXX executable aruco_detect[0m
[5.310s] [100%] Built target aruco_detect
[5.321s] Invoked command in '/home/myat/path_control_px4/build/vision' returned '0': CMAKE_PREFIX_PATH=${CMAKE_PREFIX_PATH}:/home/myat/path_control_px4/install/bringup_drone:/home/myat/hex_ws/install/hexapod_description:/home/myat/hex_ws/install/hexapod_control:/home/myat/my_uav/install/vision_python:/home/myat/my_uav/install/px4_offboard:/opt/ros/humble /usr/bin/cmake --build /home/myat/path_control_px4/build/vision -- -j12 -l12
[5.322s] Invoking command in '/home/myat/path_control_px4/build/vision': CMAKE_PREFIX_PATH=${CMAKE_PREFIX_PATH}:/home/myat/path_control_px4/install/bringup_drone:/home/myat/hex_ws/install/hexapod_description:/home/myat/hex_ws/install/hexapod_control:/home/myat/my_uav/install/vision_python:/home/myat/my_uav/install/px4_offboard:/opt/ros/humble /usr/bin/cmake --install /home/myat/path_control_px4/build/vision
[5.329s] -- Install configuration: ""
[5.329s] -- Up-to-date: /home/myat/path_control_px4/install/vision/lib/vision/camera_recorder
[5.329s] -- Up-to-date: /home/myat/path_control_px4/install/vision/lib/vision/depth_polygon_mask_node
[5.330s] -- Up-to-date: /home/myat/path_control_px4/install/vision/lib/vision/pointcloud_node
[5.330s] -- Installing: /home/myat/path_control_px4/install/vision/lib/vision/aruco_detect
[5.332s] -- Set runtime path of "/home/myat/path_control_px4/install/vision/lib/vision/aruco_detect" to ""
[5.332s] -- Up-to-date: /home/myat/path_control_px4/install/vision/share/ament_index/resource_index/package_run_dependencies/vision
[5.332s] -- Up-to-date: /home/myat/path_control_px4/install/vision/share/ament_index/resource_index/parent_prefix_path/vision
[5.332s] -- Up-to-date: /home/myat/path_control_px4/install/vision/share/vision/environment/ament_prefix_path.sh
[5.332s] -- Up-to-date: /home/myat/path_control_px4/install/vision/share/vision/environment/ament_prefix_path.dsv
[5.332s] -- Up-to-date: /home/myat/path_control_px4/install/vision/share/vision/environment/path.sh
[5.332s] -- Up-to-date: /home/myat/path_control_px4/install/vision/share/vision/environment/path.dsv
[5.332s] -- Up-to-date: /home/myat/path_control_px4/install/vision/share/vision/local_setup.bash
[5.332s] -- Up-to-date: /home/myat/path_control_px4/install/vision/share/vision/local_setup.sh
[5.332s] -- Up-to-date: /home/myat/path_control_px4/install/vision/share/vision/local_setup.zsh
[5.333s] -- Up-to-date: /home/myat/path_control_px4/install/vision/share/vision/local_setup.dsv
[5.333s] -- Installing: /home/myat/path_control_px4/install/vision/share/vision/package.dsv
[5.333s] -- Up-to-date: /home/myat/path_control_px4/install/vision/share/ament_index/resource_index/packages/vision
[5.333s] -- Up-to-date: /home/myat/path_control_px4/install/vision/share/vision/cmake/visionConfig.cmake
[5.333s] -- Up-to-date: /home/myat/path_control_px4/install/vision/share/vision/cmake/visionConfig-version.cmake
[5.333s] -- Up-to-date: /home/myat/path_control_px4/install/vision/share/vision/package.xml
[5.334s] Invoked command in '/home/myat/path_control_px4/build/vision' returned '0': CMAKE_PREFIX_PATH=${CMAKE_PREFIX_PATH}:/home/myat/path_control_px4/install/bringup_drone:/home/myat/hex_ws/install/hexapod_description:/home/myat/hex_ws/install/hexapod_control:/home/myat/my_uav/install/vision_python:/home/myat/my_uav/install/px4_offboard:/opt/ros/humble /usr/bin/cmake --install /home/myat/path_control_px4/build/vision
