[0.277s] Invoking command in '/home/myat/path_control_px4/build/control': CMAKE_PREFIX_PATH=/home/myat/path_control_px4/install/vision:/home/myat/path_control_px4/install/control:/home/myat/path_control_px4/install/px4_msgs:/home/myat/ros2_ws/install/serial:/home/myat/ros2_ws/install/ros2_control_demo_description:/home/myat/ros2_ws/install/realsense2_description:/home/myat/ros2_ws/install/realsense2_camera:/home/myat/ros2_ws/install/realsense2_camera_msgs:/home/myat/ros2_ws/install/px4_ros_com:/home/myat/ros2_ws/install/my_dof:/home/myat/ros2_ws/install/my_config:/home/myat/ros2_ws/install/my_arm_config:/home/myat/ros2_ws/install/my_arm:/home/myat/ros2_ws/install/bcr_bot:/home/myat/path_control_px4/install/px4_offboard:/home/myat/path_control_px4/install/bringup_drone:/home/myat/ros2_ws/install/servo_control:/home/myat/ros2_ws/install/ros2_aruco:/home/myat/ros2_ws/install/my_pkg:/home/myat/ros2_ws/install/my_mind:/home/myat/ros2_ws/install/my_hex:/home/myat/ros2_ws/install/my_depth:/home/myat/ros2_ws/install/joint_state_converter:/home/myat/ros2_ws/install/aruco_detector:/home/myat/my_uav/install/vision_python:/home/myat/my_uav/install/px4_offboard:/opt/ros/humble:/home/myat/ros2_ws/install/arm:/home/myat/ros2_ws/install/4dof:/home/myat/my_uav/install/vision_cpp:/home/myat/my_uav/install/control_cpp:/home/myat/my_uav/install/px4_msgs /usr/bin/cmake --build /home/myat/path_control_px4/build/control -- -j12 -l12
[0.309s] -- Found ament_cmake: 1.3.11 (/opt/ros/humble/share/ament_cmake/cmake)
[0.453s] -- Found rclcpp: 16.0.11 (/opt/ros/humble/share/rclcpp/cmake)
[0.499s] -- Found rosidl_generator_c: 3.1.6 (/opt/ros/humble/share/rosidl_generator_c/cmake)
[0.502s] -- Found rosidl_adapter: 3.1.6 (/opt/ros/humble/share/rosidl_adapter/cmake)
[0.509s] -- Found rosidl_generator_cpp: 3.1.6 (/opt/ros/humble/share/rosidl_generator_cpp/cmake)
[0.526s] -- Using all available rosidl_typesupport_c: rosidl_typesupport_fastrtps_c;rosidl_typesupport_introspection_c
[0.540s] -- Using all available rosidl_typesupport_cpp: rosidl_typesupport_fastrtps_cpp;rosidl_typesupport_introspection_cpp
[0.577s] -- Found rmw_implementation_cmake: 6.1.2 (/opt/ros/humble/share/rmw_implementation_cmake/cmake)
[0.580s] -- Found rmw_fastrtps_cpp: 6.2.7 (/opt/ros/humble/share/rmw_fastrtps_cpp/cmake)
[0.725s] -- Using RMW implementation 'rmw_fastrtps_cpp' as default
[0.776s] -- Found geometry_msgs: 4.2.4 (/opt/ros/humble/share/geometry_msgs/cmake)
[0.788s] -- Found px4_msgs: 2.0.1 (/home/myat/path_control_px4/install/px4_msgs/share/px4_msgs/cmake)
[0.795s] -- Found tf2: 0.25.12 (/opt/ros/humble/share/tf2/cmake)
[0.800s] -- Found tf2_ros: 0.25.16 (/opt/ros/humble/share/tf2_ros/cmake)
[0.877s] -- Found tf2_geometry_msgs: 0.25.12 (/opt/ros/humble/share/tf2_geometry_msgs/cmake)
[0.882s] -- Found eigen3_cmake_module: 0.1.1 (/opt/ros/humble/share/eigen3_cmake_module/cmake)
[0.883s] -- Found Eigen3: TRUE (found version "3.4.0") 
[0.883s] -- Ensuring Eigen3 include directory is part of orocos-kdl CMake target
[0.885s] -- Found visualization_msgs: 4.9.0 (/opt/ros/humble/share/visualization_msgs/cmake)
[0.915s] -- Found nav_msgs: 4.9.0 (/opt/ros/humble/share/nav_msgs/cmake)
[0.942s] -- Eigen found (include: /usr/include/eigen3, version: 3.4.0)
[0.959s] -- OpenNI found (version: 1.5.4.0, include: /usr/include/ni, lib: /usr/lib/libOpenNI.so;libusb::libusb)
[0.965s] -- OpenNI2 found (version: 2.2.0.33, include: /usr/include/openni2, lib: /usr/lib/x86_64-linux-gnu/libOpenNI2.so;libusb::libusb)
[0.965s] [0m** WARNING ** io features related to pcap will be disabled[0m
[0.965s] [0m** WARNING ** io features related to png will be disabled[0m
[1.169s] -- Found Eigen3: /usr/include/eigen3 (found version "3.4.0") 
[1.275s] -- Eigen found (include: /usr/include/eigen3, version: 3.4.0)
[1.305s] -- FLANN found (include: /usr/include, lib: /usr/lib/x86_64-linux-gnu/libflann_cpp.so)
[1.540s] -- looking for PCL_COMMON
[1.540s] -- looking for PCL_OCTREE
[1.540s] -- looking for PCL_IO
[1.540s] -- looking for PCL_SAMPLE_CONSENSUS
[1.540s] -- looking for PCL_KDTREE
[1.541s] -- looking for PCL_FILTERS
[1.541s] -- looking for PCL_GEOMETRY
[1.541s] -- looking for PCL_ML
[1.541s] -- looking for PCL_SEGMENTATION
[1.542s] -- looking for PCL_2D
[1.542s] -- looking for PCL_FEATURES
[1.542s] -- looking for PCL_SEARCH
[1.543s] -- Found pcl_conversions: 2.4.5 (/opt/ros/humble/share/pcl_conversions/cmake)
[1.590s] -- Found ament_lint_auto: 0.12.11 (/opt/ros/humble/share/ament_lint_auto/cmake)
[1.664s] -- Added test 'cppcheck' to perform static code analysis on C / C++ code
[1.668s] -- Configured cppcheck include dirs: 
[1.668s] -- Configured cppcheck exclude dirs and/or files: 
[1.668s] -- Added test 'lint_cmake' to check CMake code style
[1.669s] -- Added test 'uncrustify' to check C / C++ code style
[1.669s] -- Configured uncrustify additional arguments: 
[1.669s] -- Added test 'xmllint' to check XML markup files
[1.670s] -- Configuring done
[1.726s] -- Generating done
[1.740s] -- Build files have been written to: /home/myat/path_control_px4/build/control
[1.779s] [35m[1mConsolidate compiler generated dependencies of target trajectory_fly[0m
[1.779s] [35m[1mConsolidate compiler generated dependencies of target auto_fly_test[0m
[1.779s] [35m[1mConsolidate compiler generated dependencies of target static_tf[0m
[1.779s] [35m[1mConsolidate compiler generated dependencies of target land[0m
[1.779s] [35m[1mConsolidate compiler generated dependencies of target adaptive_land[0m
[1.779s] [35m[1mConsolidate compiler generated dependencies of target tf_node[0m
[1.779s] [35m[1mConsolidate compiler generated dependencies of target px4_visualizer[0m
[1.794s] [ 14%] [32mBuilding CXX object CMakeFiles/static_tf.dir/src/static_tf.cpp.o[0m
[1.794s] [ 14%] [32mBuilding CXX object CMakeFiles/tf_node.dir/src/tf_node.cpp.o[0m
[1.794s] [ 21%] [32mBuilding CXX object CMakeFiles/auto_fly_test.dir/src/auto_fly_test.cpp.o[0m
[1.794s] [ 28%] [32mBuilding CXX object CMakeFiles/trajectory_fly.dir/src/trajectory_fly.cpp.o[0m
[1.796s] [ 42%] [32mBuilding CXX object CMakeFiles/adaptive_land.dir/src/adaptive_land.cpp.o[0m
[1.796s] [ 42%] [32mBuilding CXX object CMakeFiles/land.dir/src/land.cpp.o[0m
[1.796s] [ 50%] [32mBuilding CXX object CMakeFiles/px4_visualizer.dir/src/px4_visualizer.cpp.o[0m
[10.576s] [ 57%] [32m[1mLinking CXX executable static_tf[0m
[11.493s] [ 57%] Built target static_tf
[82.089s] [ 64%] [32m[1mLinking CXX executable tf_node[0m
[83.270s] [ 64%] Built target tf_node
[87.480s] [ 71%] [32m[1mLinking CXX executable trajectory_fly[0m
[88.003s] [ 78%] [32m[1mLinking CXX executable auto_fly_test[0m
[88.876s] [ 78%] Built target trajectory_fly
[89.035s] [ 78%] Built target auto_fly_test
[89.511s] [ 85%] [32m[1mLinking CXX executable land[0m
[90.698s] [ 85%] Built target land
[90.761s] [ 92%] [32m[1mLinking CXX executable adaptive_land[0m
[90.846s] [100%] [32m[1mLinking CXX executable px4_visualizer[0m
[91.786s] [100%] Built target adaptive_land
[91.822s] [100%] Built target px4_visualizer
[91.853s] Invoked command in '/home/myat/path_control_px4/build/control' returned '0': CMAKE_PREFIX_PATH=/home/myat/path_control_px4/install/vision:/home/myat/path_control_px4/install/control:/home/myat/path_control_px4/install/px4_msgs:/home/myat/ros2_ws/install/serial:/home/myat/ros2_ws/install/ros2_control_demo_description:/home/myat/ros2_ws/install/realsense2_description:/home/myat/ros2_ws/install/realsense2_camera:/home/myat/ros2_ws/install/realsense2_camera_msgs:/home/myat/ros2_ws/install/px4_ros_com:/home/myat/ros2_ws/install/my_dof:/home/myat/ros2_ws/install/my_config:/home/myat/ros2_ws/install/my_arm_config:/home/myat/ros2_ws/install/my_arm:/home/myat/ros2_ws/install/bcr_bot:/home/myat/path_control_px4/install/px4_offboard:/home/myat/path_control_px4/install/bringup_drone:/home/myat/ros2_ws/install/servo_control:/home/myat/ros2_ws/install/ros2_aruco:/home/myat/ros2_ws/install/my_pkg:/home/myat/ros2_ws/install/my_mind:/home/myat/ros2_ws/install/my_hex:/home/myat/ros2_ws/install/my_depth:/home/myat/ros2_ws/install/joint_state_converter:/home/myat/ros2_ws/install/aruco_detector:/home/myat/my_uav/install/vision_python:/home/myat/my_uav/install/px4_offboard:/opt/ros/humble:/home/myat/ros2_ws/install/arm:/home/myat/ros2_ws/install/4dof:/home/myat/my_uav/install/vision_cpp:/home/myat/my_uav/install/control_cpp:/home/myat/my_uav/install/px4_msgs /usr/bin/cmake --build /home/myat/path_control_px4/build/control -- -j12 -l12
[91.869s] Invoking command in '/home/myat/path_control_px4/build/control': CMAKE_PREFIX_PATH=/home/myat/path_control_px4/install/vision:/home/myat/path_control_px4/install/control:/home/myat/path_control_px4/install/px4_msgs:/home/myat/ros2_ws/install/serial:/home/myat/ros2_ws/install/ros2_control_demo_description:/home/myat/ros2_ws/install/realsense2_description:/home/myat/ros2_ws/install/realsense2_camera:/home/myat/ros2_ws/install/realsense2_camera_msgs:/home/myat/ros2_ws/install/px4_ros_com:/home/myat/ros2_ws/install/my_dof:/home/myat/ros2_ws/install/my_config:/home/myat/ros2_ws/install/my_arm_config:/home/myat/ros2_ws/install/my_arm:/home/myat/ros2_ws/install/bcr_bot:/home/myat/path_control_px4/install/px4_offboard:/home/myat/path_control_px4/install/bringup_drone:/home/myat/ros2_ws/install/servo_control:/home/myat/ros2_ws/install/ros2_aruco:/home/myat/ros2_ws/install/my_pkg:/home/myat/ros2_ws/install/my_mind:/home/myat/ros2_ws/install/my_hex:/home/myat/ros2_ws/install/my_depth:/home/myat/ros2_ws/install/joint_state_converter:/home/myat/ros2_ws/install/aruco_detector:/home/myat/my_uav/install/vision_python:/home/myat/my_uav/install/px4_offboard:/opt/ros/humble:/home/myat/ros2_ws/install/arm:/home/myat/ros2_ws/install/4dof:/home/myat/my_uav/install/vision_cpp:/home/myat/my_uav/install/control_cpp:/home/myat/my_uav/install/px4_msgs /usr/bin/cmake --install /home/myat/path_control_px4/build/control
[91.881s] -- Install configuration: ""
[91.882s] -- Installing: /home/myat/path_control_px4/install/control/lib/control/tf_node
[91.887s] -- Set runtime path of "/home/myat/path_control_px4/install/control/lib/control/tf_node" to ""
[91.888s] -- Installing: /home/myat/path_control_px4/install/control/lib/control/static_tf
[91.889s] -- Set runtime path of "/home/myat/path_control_px4/install/control/lib/control/static_tf" to ""
[91.890s] -- Installing: /home/myat/path_control_px4/install/control/lib/control/trajectory_fly
[91.895s] -- Set runtime path of "/home/myat/path_control_px4/install/control/lib/control/trajectory_fly" to ""
[91.897s] -- Installing: /home/myat/path_control_px4/install/control/lib/control/px4_visualizer
[91.904s] -- Set runtime path of "/home/myat/path_control_px4/install/control/lib/control/px4_visualizer" to ""
[91.904s] -- Installing: /home/myat/path_control_px4/install/control/lib/control/auto_fly_test
[91.911s] -- Set runtime path of "/home/myat/path_control_px4/install/control/lib/control/auto_fly_test" to ""
[91.911s] -- Installing: /home/myat/path_control_px4/install/control/lib/control/land
[91.918s] -- Set runtime path of "/home/myat/path_control_px4/install/control/lib/control/land" to ""
[91.919s] -- Installing: /home/myat/path_control_px4/install/control/lib/control/adaptive_land
[91.926s] -- Set runtime path of "/home/myat/path_control_px4/install/control/lib/control/adaptive_land" to ""
[91.926s] -- Up-to-date: /home/myat/path_control_px4/install/control/share/ament_index/resource_index/package_run_dependencies/control
[91.926s] -- Installing: /home/myat/path_control_px4/install/control/share/ament_index/resource_index/parent_prefix_path/control
[91.929s] -- Installing: /home/myat/path_control_px4/install/control/share/control/environment/ament_prefix_path.sh
[91.930s] -- Installing: /home/myat/path_control_px4/install/control/share/control/environment/ament_prefix_path.dsv
[91.930s] -- Installing: /home/myat/path_control_px4/install/control/share/control/environment/path.sh
[91.930s] -- Installing: /home/myat/path_control_px4/install/control/share/control/environment/path.dsv
[91.931s] -- Up-to-date: /home/myat/path_control_px4/install/control/share/control/local_setup.bash
[91.931s] -- Up-to-date: /home/myat/path_control_px4/install/control/share/control/local_setup.sh
[91.931s] -- Up-to-date: /home/myat/path_control_px4/install/control/share/control/local_setup.zsh
[91.931s] -- Installing: /home/myat/path_control_px4/install/control/share/control/local_setup.dsv
[91.931s] -- Installing: /home/myat/path_control_px4/install/control/share/control/package.dsv
[91.931s] -- Up-to-date: /home/myat/path_control_px4/install/control/share/ament_index/resource_index/packages/control
[91.931s] -- Up-to-date: /home/myat/path_control_px4/install/control/share/control/cmake/controlConfig.cmake
[91.931s] -- Up-to-date: /home/myat/path_control_px4/install/control/share/control/cmake/controlConfig-version.cmake
[91.932s] -- Installing: /home/myat/path_control_px4/install/control/share/control/package.xml
[91.935s] Invoked command in '/home/myat/path_control_px4/build/control' returned '0': CMAKE_PREFIX_PATH=/home/myat/path_control_px4/install/vision:/home/myat/path_control_px4/install/control:/home/myat/path_control_px4/install/px4_msgs:/home/myat/ros2_ws/install/serial:/home/myat/ros2_ws/install/ros2_control_demo_description:/home/myat/ros2_ws/install/realsense2_description:/home/myat/ros2_ws/install/realsense2_camera:/home/myat/ros2_ws/install/realsense2_camera_msgs:/home/myat/ros2_ws/install/px4_ros_com:/home/myat/ros2_ws/install/my_dof:/home/myat/ros2_ws/install/my_config:/home/myat/ros2_ws/install/my_arm_config:/home/myat/ros2_ws/install/my_arm:/home/myat/ros2_ws/install/bcr_bot:/home/myat/path_control_px4/install/px4_offboard:/home/myat/path_control_px4/install/bringup_drone:/home/myat/ros2_ws/install/servo_control:/home/myat/ros2_ws/install/ros2_aruco:/home/myat/ros2_ws/install/my_pkg:/home/myat/ros2_ws/install/my_mind:/home/myat/ros2_ws/install/my_hex:/home/myat/ros2_ws/install/my_depth:/home/myat/ros2_ws/install/joint_state_converter:/home/myat/ros2_ws/install/aruco_detector:/home/myat/my_uav/install/vision_python:/home/myat/my_uav/install/px4_offboard:/opt/ros/humble:/home/myat/ros2_ws/install/arm:/home/myat/ros2_ws/install/4dof:/home/myat/my_uav/install/vision_cpp:/home/myat/my_uav/install/control_cpp:/home/myat/my_uav/install/px4_msgs /usr/bin/cmake --install /home/myat/path_control_px4/build/control
