[0.019s] Invoking command in '/home/myat/path_control_px4/build/vision': CMAKE_PREFIX_PATH=${CMAKE_PREFIX_PATH}:/home/myat/path_control_px4/install/bringup_drone:/home/myat/hex_ws/install/hexapod_description:/home/myat/hex_ws/install/hexapod_control:/home/myat/my_uav/install/vision_python:/home/myat/my_uav/install/px4_offboard:/opt/ros/humble /usr/bin/cmake --build /home/myat/path_control_px4/build/vision -- -j12 -l12
[0.097s] [35m[1mConsolidate compiler generated dependencies of target pointcloud_node[0m
[0.118s] [ 50%] Built target lidar
[0.118s] [ 50%] Built target aruco_detect
[0.119s] [ 50%] Built target depth_polygon_mask_node
[0.124s] [ 66%] Built target camera_recorder
[0.133s] [ 83%] Built target obstacle_node
[0.145s] [ 91%] [32mBuilding CXX object CMakeFiles/pointcloud_node.dir/src/pointcloud_node.cpp.o[0m
[16.573s] [100%] [32m[1mLinking CXX executable pointcloud_node[0m
[18.680s] [100%] Built target pointcloud_node
[18.699s] Invoked command in '/home/myat/path_control_px4/build/vision' returned '0': CMAKE_PREFIX_PATH=${CMAKE_PREFIX_PATH}:/home/myat/path_control_px4/install/bringup_drone:/home/myat/hex_ws/install/hexapod_description:/home/myat/hex_ws/install/hexapod_control:/home/myat/my_uav/install/vision_python:/home/myat/my_uav/install/px4_offboard:/opt/ros/humble /usr/bin/cmake --build /home/myat/path_control_px4/build/vision -- -j12 -l12
[18.717s] Invoking command in '/home/myat/path_control_px4/build/vision': CMAKE_PREFIX_PATH=${CMAKE_PREFIX_PATH}:/home/myat/path_control_px4/install/bringup_drone:/home/myat/hex_ws/install/hexapod_description:/home/myat/hex_ws/install/hexapod_control:/home/myat/my_uav/install/vision_python:/home/myat/my_uav/install/px4_offboard:/opt/ros/humble /usr/bin/cmake --install /home/myat/path_control_px4/build/vision
[18.728s] -- Install configuration: ""
[18.728s] -- Up-to-date: /home/myat/path_control_px4/install/vision/lib/vision/camera_recorder
[18.728s] -- Up-to-date: /home/myat/path_control_px4/install/vision/lib/vision/depth_polygon_mask_node
[18.728s] -- Installing: /home/myat/path_control_px4/install/vision/lib/vision/pointcloud_node
[18.735s] -- Set runtime path of "/home/myat/path_control_px4/install/vision/lib/vision/pointcloud_node" to ""
[18.735s] -- Up-to-date: /home/myat/path_control_px4/install/vision/lib/vision/aruco_detect
[18.735s] -- Up-to-date: /home/myat/path_control_px4/install/vision/lib/vision/lidar
[18.736s] -- Up-to-date: /home/myat/path_control_px4/install/vision/lib/vision/obstacle_node
[18.736s] -- Up-to-date: /home/myat/path_control_px4/install/vision/share/ament_index/resource_index/package_run_dependencies/vision
[18.736s] -- Up-to-date: /home/myat/path_control_px4/install/vision/share/ament_index/resource_index/parent_prefix_path/vision
[18.736s] -- Up-to-date: /home/myat/path_control_px4/install/vision/share/vision/environment/ament_prefix_path.sh
[18.736s] -- Up-to-date: /home/myat/path_control_px4/install/vision/share/vision/environment/ament_prefix_path.dsv
[18.736s] -- Up-to-date: /home/myat/path_control_px4/install/vision/share/vision/environment/path.sh
[18.736s] -- Up-to-date: /home/myat/path_control_px4/install/vision/share/vision/environment/path.dsv
[18.736s] -- Up-to-date: /home/myat/path_control_px4/install/vision/share/vision/local_setup.bash
[18.737s] -- Up-to-date: /home/myat/path_control_px4/install/vision/share/vision/local_setup.sh
[18.737s] -- Up-to-date: /home/myat/path_control_px4/install/vision/share/vision/local_setup.zsh
[18.737s] -- Up-to-date: /home/myat/path_control_px4/install/vision/share/vision/local_setup.dsv
[18.737s] -- Installing: /home/myat/path_control_px4/install/vision/share/vision/package.dsv
[18.737s] -- Up-to-date: /home/myat/path_control_px4/install/vision/share/ament_index/resource_index/packages/vision
[18.737s] -- Up-to-date: /home/myat/path_control_px4/install/vision/share/vision/cmake/visionConfig.cmake
[18.737s] -- Up-to-date: /home/myat/path_control_px4/install/vision/share/vision/cmake/visionConfig-version.cmake
[18.737s] -- Up-to-date: /home/myat/path_control_px4/install/vision/share/vision/package.xml
[18.740s] Invoked command in '/home/myat/path_control_px4/build/vision' returned '0': CMAKE_PREFIX_PATH=${CMAKE_PREFIX_PATH}:/home/myat/path_control_px4/install/bringup_drone:/home/myat/hex_ws/install/hexapod_description:/home/myat/hex_ws/install/hexapod_control:/home/myat/my_uav/install/vision_python:/home/myat/my_uav/install/px4_offboard:/opt/ros/humble /usr/bin/cmake --install /home/myat/path_control_px4/build/vision
