[0.416s] Invoking command in '/home/myat/path_control_px4/build/vision': CMAKE_PREFIX_PATH=${CMAKE_PREFIX_PATH}:/home/myat/path_control_px4/install/px4_offboard:/home/myat/path_control_px4/install/bringup_drone:/opt/ros/humble /usr/bin/cmake --build /home/myat/path_control_px4/build/vision -- -j12 -l12
[0.540s] [ 33%] Built target depth_polygon_mask_node
[0.540s] [ 33%] Built target camera_recorder
[0.590s] [ 50%] Built target obstacle_node
[0.634s] [ 66%] Built target lidar
[0.675s] [ 83%] Built target aruco_detect
[0.726s] [ 91%] [32mBuilding CXX object CMakeFiles/pointcloud_node.dir/src/pointcloud_node.cpp.o[0m
[19.302s] [100%] [32m[1mLinking CXX executable pointcloud_node[0m
[21.147s] [100%] Built target pointcloud_node
[21.164s] Invoked command in '/home/myat/path_control_px4/build/vision' returned '0': CMAKE_PREFIX_PATH=${CMAKE_PREFIX_PATH}:/home/myat/path_control_px4/install/px4_offboard:/home/myat/path_control_px4/install/bringup_drone:/opt/ros/humble /usr/bin/cmake --build /home/myat/path_control_px4/build/vision -- -j12 -l12
[21.167s] Invoking command in '/home/myat/path_control_px4/build/vision': CMAKE_PREFIX_PATH=${CMAKE_PREFIX_PATH}:/home/myat/path_control_px4/install/px4_offboard:/home/myat/path_control_px4/install/bringup_drone:/opt/ros/humble /usr/bin/cmake --install /home/myat/path_control_px4/build/vision
[21.176s] -- Install configuration: ""
[21.177s] -- Up-to-date: /home/myat/path_control_px4/install/vision/lib/vision/camera_recorder
[21.179s] -- Up-to-date: /home/myat/path_control_px4/install/vision/lib/vision/depth_polygon_mask_node
[21.179s] -- Installing: /home/myat/path_control_px4/install/vision/lib/vision/pointcloud_node
[21.188s] -- Set runtime path of "/home/myat/path_control_px4/install/vision/lib/vision/pointcloud_node" to ""
[21.189s] -- Up-to-date: /home/myat/path_control_px4/install/vision/lib/vision/aruco_detect
[21.190s] -- Up-to-date: /home/myat/path_control_px4/install/vision/lib/vision/lidar
[21.190s] -- Up-to-date: /home/myat/path_control_px4/install/vision/lib/vision/obstacle_node
[21.190s] -- Up-to-date: /home/myat/path_control_px4/install/vision/share/ament_index/resource_index/package_run_dependencies/vision
[21.191s] -- Up-to-date: /home/myat/path_control_px4/install/vision/share/ament_index/resource_index/parent_prefix_path/vision
[21.191s] -- Up-to-date: /home/myat/path_control_px4/install/vision/share/vision/environment/ament_prefix_path.sh
[21.191s] -- Up-to-date: /home/myat/path_control_px4/install/vision/share/vision/environment/ament_prefix_path.dsv
[21.191s] -- Up-to-date: /home/myat/path_control_px4/install/vision/share/vision/environment/path.sh
[21.191s] -- Up-to-date: /home/myat/path_control_px4/install/vision/share/vision/environment/path.dsv
[21.191s] -- Up-to-date: /home/myat/path_control_px4/install/vision/share/vision/local_setup.bash
[21.191s] -- Up-to-date: /home/myat/path_control_px4/install/vision/share/vision/local_setup.sh
[21.191s] -- Up-to-date: /home/myat/path_control_px4/install/vision/share/vision/local_setup.zsh
[21.191s] -- Up-to-date: /home/myat/path_control_px4/install/vision/share/vision/local_setup.dsv
[21.191s] -- Installing: /home/myat/path_control_px4/install/vision/share/vision/package.dsv
[21.191s] -- Up-to-date: /home/myat/path_control_px4/install/vision/share/ament_index/resource_index/packages/vision
[21.191s] -- Up-to-date: /home/myat/path_control_px4/install/vision/share/vision/cmake/visionConfig.cmake
[21.192s] -- Up-to-date: /home/myat/path_control_px4/install/vision/share/vision/cmake/visionConfig-version.cmake
[21.192s] -- Up-to-date: /home/myat/path_control_px4/install/vision/share/vision/package.xml
[21.194s] Invoked command in '/home/myat/path_control_px4/build/vision' returned '0': CMAKE_PREFIX_PATH=${CMAKE_PREFIX_PATH}:/home/myat/path_control_px4/install/px4_offboard:/home/myat/path_control_px4/install/bringup_drone:/opt/ros/humble /usr/bin/cmake --install /home/myat/path_control_px4/build/vision
