[35m[1mConsolidate compiler generated dependencies of target trajectory_controller_node[0m
[ 11%] Built target reference_traj_node
[ 22%] Built target auto_fly_test
[ 33%] Built target land
[ 38%] [32mBuilding CXX object CMakeFiles/trajectory_controller_node.dir/src/trajectory_controller_node.cpp.o[0m
[ 50%] Built target tf_node
[ 66%] Built target px4_visualizer
[ 72%] Built target adaptive_land
[ 83%] Built target static_tf
[ 94%] Built target trajectory_fly
[01m[K/home/myat/path_control_px4/src/control/src/trajectory_controller_node.cpp:[m[K In member function ‘[01m[Kvoid TrajectoryController::control_loop()[m[K’:
[01m[K/home/myat/path_control_px4/src/control/src/trajectory_controller_node.cpp:416:19:[m[K [01;35m[Kwarning: [m[Kunused variable ‘[01m[Kdx[m[K’ [[01;35m[K]8;;https://gcc.gnu.org/onlinedocs/gcc/Warning-Options.html#index-Wunused-variable-Wunused-variable]8;;[m[K]
  416 |             float [01;35m[Kdx[m[K = tr_next.translation.x - tr.translation.x;
      |                   [01;35m[K^~[m[K
[01m[K/home/myat/path_control_px4/src/control/src/trajectory_controller_node.cpp:417:19:[m[K [01;35m[Kwarning: [m[Kunused variable ‘[01m[Kdy[m[K’ [[01;35m[K]8;;https://gcc.gnu.org/onlinedocs/gcc/Warning-Options.html#index-Wunused-variable-Wunused-variable]8;;[m[K]
  417 |             float [01;35m[Kdy[m[K = tr_next.translation.y - tr.translation.y;
      |                   [01;35m[K^~[m[K
[100%] [32m[1mLinking CXX executable trajectory_controller_node[0m
[100%] Built target trajectory_controller_node
-- Install configuration: ""
-- Up-to-date: /home/myat/path_control_px4/install/control/lib/control/tf_node
-- Up-to-date: /home/myat/path_control_px4/install/control/lib/control/static_tf
-- Up-to-date: /home/myat/path_control_px4/install/control/lib/control/trajectory_fly
-- Installing: /home/myat/path_control_px4/install/control/lib/control/trajectory_controller_node
-- Set runtime path of "/home/myat/path_control_px4/install/control/lib/control/trajectory_controller_node" to ""
-- Up-to-date: /home/myat/path_control_px4/install/control/lib/control/reference_traj_node
-- Up-to-date: /home/myat/path_control_px4/install/control/lib/control/px4_visualizer
-- Up-to-date: /home/myat/path_control_px4/install/control/lib/control/auto_fly_test
-- Up-to-date: /home/myat/path_control_px4/install/control/lib/control/land
-- Up-to-date: /home/myat/path_control_px4/install/control/lib/control/adaptive_land
-- Up-to-date: /home/myat/path_control_px4/install/control/share/ament_index/resource_index/package_run_dependencies/control
-- Up-to-date: /home/myat/path_control_px4/install/control/share/ament_index/resource_index/parent_prefix_path/control
-- Up-to-date: /home/myat/path_control_px4/install/control/share/control/environment/ament_prefix_path.sh
-- Up-to-date: /home/myat/path_control_px4/install/control/share/control/environment/ament_prefix_path.dsv
-- Up-to-date: /home/myat/path_control_px4/install/control/share/control/environment/path.sh
-- Up-to-date: /home/myat/path_control_px4/install/control/share/control/environment/path.dsv
-- Up-to-date: /home/myat/path_control_px4/install/control/share/control/local_setup.bash
-- Up-to-date: /home/myat/path_control_px4/install/control/share/control/local_setup.sh
-- Up-to-date: /home/myat/path_control_px4/install/control/share/control/local_setup.zsh
-- Up-to-date: /home/myat/path_control_px4/install/control/share/control/local_setup.dsv
-- Installing: /home/myat/path_control_px4/install/control/share/control/package.dsv
-- Up-to-date: /home/myat/path_control_px4/install/control/share/ament_index/resource_index/packages/control
-- Up-to-date: /home/myat/path_control_px4/install/control/share/control/cmake/controlConfig.cmake
-- Up-to-date: /home/myat/path_control_px4/install/control/share/control/cmake/controlConfig-version.cmake
-- Up-to-date: /home/myat/path_control_px4/install/control/share/control/package.xml
