[0.017s] Invoking command in '/home/myat/path_control_px4/build/control': CMAKE_PREFIX_PATH=/home/myat/path_control_px4/install/px4_msgs:/home/myat/path_control_px4/install/vision:/home/myat/path_control_px4/install/control:/home/myat/my_ws/install/ros2sysmon:/home/myat/my_ws/install/ros2_controllers:/home/myat/my_ws/install/ign_ros2_control_demos:/home/myat/my_ws/install/ign_ros2_control:/home/myat/my_ws/install/gz_ros2_control_tests:/home/myat/my_ws/install/gz_ros2_control_demos:/home/myat/my_ws/install/gz_ros2_control:/home/myat/my_uav/install/vision_cpp:/home/myat/my_uav/install/control_cpp:/home/myat/my_uav/install/px4_msgs:/home/myat/path_control_px4/install/bringup_drone:/home/myat/hex_ws/install/hexapod_description:/home/myat/hex_ws/install/hexapod_control:/home/myat/my_uav/install/vision_python:/home/myat/my_uav/install/px4_offboard:/opt/ros/humble /usr/bin/cmake --build /home/myat/path_control_px4/build/control -- -j12 -l12
[0.049s] -- Found ament_cmake: 1.3.11 (/opt/ros/humble/share/ament_cmake/cmake)
[0.237s] -- Found rclcpp: 16.0.11 (/opt/ros/humble/share/rclcpp/cmake)
[0.269s] -- Found rosidl_generator_c: 3.1.6 (/opt/ros/humble/share/rosidl_generator_c/cmake)
[0.271s] -- Found rosidl_adapter: 3.1.6 (/opt/ros/humble/share/rosidl_adapter/cmake)
[0.276s] -- Found rosidl_generator_cpp: 3.1.6 (/opt/ros/humble/share/rosidl_generator_cpp/cmake)
[0.286s] -- Using all available rosidl_typesupport_c: rosidl_typesupport_fastrtps_c;rosidl_typesupport_introspection_c
[0.300s] -- Using all available rosidl_typesupport_cpp: rosidl_typesupport_fastrtps_cpp;rosidl_typesupport_introspection_cpp
[0.332s] -- Found rmw_implementation_cmake: 6.1.2 (/opt/ros/humble/share/rmw_implementation_cmake/cmake)
[0.334s] -- Found rmw_fastrtps_cpp: 6.2.7 (/opt/ros/humble/share/rmw_fastrtps_cpp/cmake)
[0.481s] -- Using RMW implementation 'rmw_fastrtps_cpp' as default
[0.522s] -- Found geometry_msgs: 4.2.4 (/opt/ros/humble/share/geometry_msgs/cmake)
[0.532s] -- Found px4_msgs: 2.0.1 (/home/myat/path_control_px4/install/px4_msgs/share/px4_msgs/cmake)
[0.540s] -- Found tf2: 0.25.12 (/opt/ros/humble/share/tf2/cmake)
[0.545s] -- Found tf2_ros: 0.25.16 (/opt/ros/humble/share/tf2_ros/cmake)
[0.608s] -- Found tf2_geometry_msgs: 0.25.12 (/opt/ros/humble/share/tf2_geometry_msgs/cmake)
[0.611s] -- Found eigen3_cmake_module: 0.1.1 (/opt/ros/humble/share/eigen3_cmake_module/cmake)
[0.612s] -- Found Eigen3: TRUE (found version "3.4.0") 
[0.612s] -- Ensuring Eigen3 include directory is part of orocos-kdl CMake target
[0.614s] -- Found visualization_msgs: 4.9.0 (/opt/ros/humble/share/visualization_msgs/cmake)
[0.644s] -- Found nav_msgs: 4.9.0 (/opt/ros/humble/share/nav_msgs/cmake)
[0.673s] -- Eigen found (include: /usr/include/eigen3, version: 3.4.0)
[0.695s] -- OpenNI found (version: 1.5.4.0, include: /usr/include/ni, lib: /usr/lib/libOpenNI.so;libusb::libusb)
[0.703s] -- OpenNI2 found (version: 2.2.0.33, include: /usr/include/openni2, lib: /usr/lib/x86_64-linux-gnu/libOpenNI2.so;libusb::libusb)
[0.703s] [0m** WARNING ** io features related to pcap will be disabled[0m
[0.703s] [0m** WARNING ** io features related to png will be disabled[0m
[0.904s] -- Found Eigen3: /usr/include/eigen3 (found version "3.4.0") 
[1.084s] -- Eigen found (include: /usr/include/eigen3, version: 3.4.0)
[1.121s] -- FLANN found (include: /usr/include, lib: /usr/lib/x86_64-linux-gnu/libflann_cpp.so)
[1.452s] -- looking for PCL_COMMON
[1.452s] -- looking for PCL_OCTREE
[1.452s] -- looking for PCL_IO
[1.453s] -- looking for PCL_SAMPLE_CONSENSUS
[1.453s] -- looking for PCL_KDTREE
[1.453s] -- looking for PCL_FILTERS
[1.453s] -- looking for PCL_GEOMETRY
[1.454s] -- looking for PCL_ML
[1.454s] -- looking for PCL_SEGMENTATION
[1.454s] -- looking for PCL_2D
[1.454s] -- looking for PCL_FEATURES
[1.455s] -- looking for PCL_SEARCH
[1.455s] -- Found pcl_conversions: 2.4.5 (/opt/ros/humble/share/pcl_conversions/cmake)
[1.501s] -- Found ament_lint_auto: 0.12.11 (/opt/ros/humble/share/ament_lint_auto/cmake)
[1.604s] -- Added test 'cppcheck' to perform static code analysis on C / C++ code
[1.607s] -- Configured cppcheck include dirs: 
[1.607s] -- Configured cppcheck exclude dirs and/or files: 
[1.608s] -- Added test 'lint_cmake' to check CMake code style
[1.608s] -- Added test 'uncrustify' to check C / C++ code style
[1.608s] -- Configured uncrustify additional arguments: 
[1.609s] -- Added test 'xmllint' to check XML markup files
[1.610s] -- Configuring done
[1.674s] -- Generating done
[1.692s] -- Build files have been written to: /home/myat/path_control_px4/build/control
[1.746s] [35m[1mConsolidate compiler generated dependencies of target tf_node[0m
[1.746s] [35m[1mConsolidate compiler generated dependencies of target auto_fly_test[0m
[1.746s] [35m[1mConsolidate compiler generated dependencies of target adaptive_land[0m
[1.746s] [35m[1mConsolidate compiler generated dependencies of target trajectory_fly[0m
[1.746s] [35m[1mConsolidate compiler generated dependencies of target land[0m
[1.746s] [35m[1mConsolidate compiler generated dependencies of target px4_visualizer[0m
[1.771s] [ 91%] [32mBuilding CXX object CMakeFiles/tf_node.dir/src/tf_node.cpp.o[0m
[1.771s] [ 91%] Built target land
[1.771s] [ 91%] Built target auto_fly_test
[1.771s] [ 91%] Built target px4_visualizer
[1.771s] [ 91%] Built target adaptive_land
[1.771s] [ 91%] Built target trajectory_fly
[14.392s] [100%] [32m[1mLinking CXX executable tf_node[0m
[15.685s] [100%] Built target tf_node
[15.704s] Invoked command in '/home/myat/path_control_px4/build/control' returned '0': CMAKE_PREFIX_PATH=/home/myat/path_control_px4/install/px4_msgs:/home/myat/path_control_px4/install/vision:/home/myat/path_control_px4/install/control:/home/myat/my_ws/install/ros2sysmon:/home/myat/my_ws/install/ros2_controllers:/home/myat/my_ws/install/ign_ros2_control_demos:/home/myat/my_ws/install/ign_ros2_control:/home/myat/my_ws/install/gz_ros2_control_tests:/home/myat/my_ws/install/gz_ros2_control_demos:/home/myat/my_ws/install/gz_ros2_control:/home/myat/my_uav/install/vision_cpp:/home/myat/my_uav/install/control_cpp:/home/myat/my_uav/install/px4_msgs:/home/myat/path_control_px4/install/bringup_drone:/home/myat/hex_ws/install/hexapod_description:/home/myat/hex_ws/install/hexapod_control:/home/myat/my_uav/install/vision_python:/home/myat/my_uav/install/px4_offboard:/opt/ros/humble /usr/bin/cmake --build /home/myat/path_control_px4/build/control -- -j12 -l12
[15.706s] Invoking command in '/home/myat/path_control_px4/build/control': CMAKE_PREFIX_PATH=/home/myat/path_control_px4/install/px4_msgs:/home/myat/path_control_px4/install/vision:/home/myat/path_control_px4/install/control:/home/myat/my_ws/install/ros2sysmon:/home/myat/my_ws/install/ros2_controllers:/home/myat/my_ws/install/ign_ros2_control_demos:/home/myat/my_ws/install/ign_ros2_control:/home/myat/my_ws/install/gz_ros2_control_tests:/home/myat/my_ws/install/gz_ros2_control_demos:/home/myat/my_ws/install/gz_ros2_control:/home/myat/my_uav/install/vision_cpp:/home/myat/my_uav/install/control_cpp:/home/myat/my_uav/install/px4_msgs:/home/myat/path_control_px4/install/bringup_drone:/home/myat/hex_ws/install/hexapod_description:/home/myat/hex_ws/install/hexapod_control:/home/myat/my_uav/install/vision_python:/home/myat/my_uav/install/px4_offboard:/opt/ros/humble /usr/bin/cmake --install /home/myat/path_control_px4/build/control
[15.717s] -- Install configuration: ""
[15.717s] -- Installing: /home/myat/path_control_px4/install/control/lib/control/tf_node
[15.725s] -- Set runtime path of "/home/myat/path_control_px4/install/control/lib/control/tf_node" to ""
[15.726s] -- Up-to-date: /home/myat/path_control_px4/install/control/lib/control/trajectory_fly
[15.727s] -- Up-to-date: /home/myat/path_control_px4/install/control/lib/control/px4_visualizer
[15.728s] -- Up-to-date: /home/myat/path_control_px4/install/control/lib/control/auto_fly_test
[15.729s] -- Up-to-date: /home/myat/path_control_px4/install/control/lib/control/land
[15.731s] -- Up-to-date: /home/myat/path_control_px4/install/control/lib/control/adaptive_land
[15.731s] -- Installing: /home/myat/path_control_px4/install/control/share/ament_index/resource_index/package_run_dependencies/control
[15.732s] -- Up-to-date: /home/myat/path_control_px4/install/control/share/ament_index/resource_index/parent_prefix_path/control
[15.732s] -- Up-to-date: /home/myat/path_control_px4/install/control/share/control/environment/ament_prefix_path.sh
[15.732s] -- Installing: /home/myat/path_control_px4/install/control/share/control/environment/ament_prefix_path.dsv
[15.732s] -- Up-to-date: /home/myat/path_control_px4/install/control/share/control/environment/path.sh
[15.732s] -- Installing: /home/myat/path_control_px4/install/control/share/control/environment/path.dsv
[15.732s] -- Up-to-date: /home/myat/path_control_px4/install/control/share/control/local_setup.bash
[15.732s] -- Up-to-date: /home/myat/path_control_px4/install/control/share/control/local_setup.sh
[15.732s] -- Up-to-date: /home/myat/path_control_px4/install/control/share/control/local_setup.zsh
[15.733s] -- Installing: /home/myat/path_control_px4/install/control/share/control/local_setup.dsv
[15.733s] -- Installing: /home/myat/path_control_px4/install/control/share/control/package.dsv
[15.733s] -- Up-to-date: /home/myat/path_control_px4/install/control/share/ament_index/resource_index/packages/control
[15.733s] -- Up-to-date: /home/myat/path_control_px4/install/control/share/control/cmake/controlConfig.cmake
[15.733s] -- Up-to-date: /home/myat/path_control_px4/install/control/share/control/cmake/controlConfig-version.cmake
[15.733s] -- Installing: /home/myat/path_control_px4/install/control/share/control/package.xml
[15.738s] Invoked command in '/home/myat/path_control_px4/build/control' returned '0': CMAKE_PREFIX_PATH=/home/myat/path_control_px4/install/px4_msgs:/home/myat/path_control_px4/install/vision:/home/myat/path_control_px4/install/control:/home/myat/my_ws/install/ros2sysmon:/home/myat/my_ws/install/ros2_controllers:/home/myat/my_ws/install/ign_ros2_control_demos:/home/myat/my_ws/install/ign_ros2_control:/home/myat/my_ws/install/gz_ros2_control_tests:/home/myat/my_ws/install/gz_ros2_control_demos:/home/myat/my_ws/install/gz_ros2_control:/home/myat/my_uav/install/vision_cpp:/home/myat/my_uav/install/control_cpp:/home/myat/my_uav/install/px4_msgs:/home/myat/path_control_px4/install/bringup_drone:/home/myat/hex_ws/install/hexapod_description:/home/myat/hex_ws/install/hexapod_control:/home/myat/my_uav/install/vision_python:/home/myat/my_uav/install/px4_offboard:/opt/ros/humble /usr/bin/cmake --install /home/myat/path_control_px4/build/control
