[35m[1mConsolidate compiler generated dependencies of target trajectory_fly[0m
[ 41%] Built target auto_fly_test
[ 41%] Built target tf_node
[ 66%] Built target adaptive_land
[ 66%] Built target px4_visualizer
[ 83%] Built target land
[ 91%] [32mBuilding CXX object CMakeFiles/trajectory_fly.dir/src/trajectory_fly.cpp.o[0m
[100%] [32m[1mLinking CXX executable trajectory_fly[0m
[100%] Built target trajectory_fly
-- Install configuration: ""
-- Up-to-date: /home/myat/path_control_px4/install/control/lib/control/tf_node
-- Installing: /home/myat/path_control_px4/install/control/lib/control/trajectory_fly
-- Set runtime path of "/home/myat/path_control_px4/install/control/lib/control/trajectory_fly" to ""
-- Up-to-date: /home/myat/path_control_px4/install/control/lib/control/px4_visualizer
-- Up-to-date: /home/myat/path_control_px4/install/control/lib/control/auto_fly_test
-- Up-to-date: /home/myat/path_control_px4/install/control/lib/control/land
-- Up-to-date: /home/myat/path_control_px4/install/control/lib/control/adaptive_land
-- Up-to-date: /home/myat/path_control_px4/install/control/share/ament_index/resource_index/package_run_dependencies/control
-- Up-to-date: /home/myat/path_control_px4/install/control/share/ament_index/resource_index/parent_prefix_path/control
-- Up-to-date: /home/myat/path_control_px4/install/control/share/control/environment/ament_prefix_path.sh
-- Up-to-date: /home/myat/path_control_px4/install/control/share/control/environment/ament_prefix_path.dsv
-- Up-to-date: /home/myat/path_control_px4/install/control/share/control/environment/path.sh
-- Up-to-date: /home/myat/path_control_px4/install/control/share/control/environment/path.dsv
-- Up-to-date: /home/myat/path_control_px4/install/control/share/control/local_setup.bash
-- Up-to-date: /home/myat/path_control_px4/install/control/share/control/local_setup.sh
-- Up-to-date: /home/myat/path_control_px4/install/control/share/control/local_setup.zsh
-- Up-to-date: /home/myat/path_control_px4/install/control/share/control/local_setup.dsv
-- Installing: /home/myat/path_control_px4/install/control/share/control/package.dsv
-- Up-to-date: /home/myat/path_control_px4/install/control/share/ament_index/resource_index/packages/control
-- Up-to-date: /home/myat/path_control_px4/install/control/share/control/cmake/controlConfig.cmake
-- Up-to-date: /home/myat/path_control_px4/install/control/share/control/cmake/controlConfig-version.cmake
-- Up-to-date: /home/myat/path_control_px4/install/control/share/control/package.xml
