[ 14%] Built target static_tf
[ 21%] [32mBuilding CXX object CMakeFiles/auto_fly_test.dir/src/auto_fly_test.cpp.o[0m
[ 35%] Built target px4_visualizer
[ 50%] Built target adaptive_land
[ 57%] [32mBuilding CXX object CMakeFiles/land.dir/src/land.cpp.o[0m
[ 71%] Built target trajectory_fly
[ 85%] Built target tf_node
[ 92%] [32m[1mLinking CXX executable auto_fly_test[0m
[ 92%] Built target auto_fly_test
[100%] [32m[1mLinking CXX executable land[0m
[100%] Built target land
-- Install configuration: ""
-- Up-to-date: /home/myat/path_control_px4/install/control/lib/control/tf_node
-- Up-to-date: /home/myat/path_control_px4/install/control/lib/control/static_tf
-- Up-to-date: /home/myat/path_control_px4/install/control/lib/control/trajectory_fly
-- Up-to-date: /home/myat/path_control_px4/install/control/lib/control/px4_visualizer
-- Installing: /home/myat/path_control_px4/install/control/lib/control/auto_fly_test
-- Set runtime path of "/home/myat/path_control_px4/install/control/lib/control/auto_fly_test" to ""
-- Installing: /home/myat/path_control_px4/install/control/lib/control/land
-- Set runtime path of "/home/myat/path_control_px4/install/control/lib/control/land" to ""
-- Up-to-date: /home/myat/path_control_px4/install/control/lib/control/adaptive_land
-- Up-to-date: /home/myat/path_control_px4/install/control/share/ament_index/resource_index/package_run_dependencies/control
-- Up-to-date: /home/myat/path_control_px4/install/control/share/ament_index/resource_index/parent_prefix_path/control
-- Up-to-date: /home/myat/path_control_px4/install/control/share/control/environment/ament_prefix_path.sh
-- Up-to-date: /home/myat/path_control_px4/install/control/share/control/environment/ament_prefix_path.dsv
-- Up-to-date: /home/myat/path_control_px4/install/control/share/control/environment/path.sh
-- Up-to-date: /home/myat/path_control_px4/install/control/share/control/environment/path.dsv
-- Up-to-date: /home/myat/path_control_px4/install/control/share/control/local_setup.bash
-- Up-to-date: /home/myat/path_control_px4/install/control/share/control/local_setup.sh
-- Up-to-date: /home/myat/path_control_px4/install/control/share/control/local_setup.zsh
-- Up-to-date: /home/myat/path_control_px4/install/control/share/control/local_setup.dsv
-- Installing: /home/myat/path_control_px4/install/control/share/control/package.dsv
-- Up-to-date: /home/myat/path_control_px4/install/control/share/ament_index/resource_index/packages/control
-- Up-to-date: /home/myat/path_control_px4/install/control/share/control/cmake/controlConfig.cmake
-- Up-to-date: /home/myat/path_control_px4/install/control/share/control/cmake/controlConfig-version.cmake
-- Up-to-date: /home/myat/path_control_px4/install/control/share/control/package.xml
