[0.020s] Invoking command in '/home/myat/path_control_px4/build/vision': CMAKE_PREFIX_PATH=${CMAKE_PREFIX_PATH}:/home/myat/path_control_px4/install/bringup_drone:/home/myat/hex_ws/install/hexapod_description:/home/myat/hex_ws/install/hexapod_control:/home/myat/my_uav/install/vision_python:/home/myat/my_uav/install/px4_offboard:/opt/ros/humble /usr/bin/cmake --build /home/myat/path_control_px4/build/vision -- -j12 -l12
[0.119s] [35m[1mConsolidate compiler generated dependencies of target pointcloud_node[0m
[0.142s] [ 16%] Built target camera_recorder
[0.144s] [ 33%] Built target aruco_detect
[0.151s] [ 50%] Built target lidar
[0.153s] [ 66%] Built target depth_polygon_mask_node
[0.174s] [ 75%] [32mBuilding CXX object CMakeFiles/pointcloud_node.dir/src/pointcloud_node.cpp.o[0m
[0.179s] [ 91%] Built target obstacle_node
[16.723s] [100%] [32m[1mLinking CXX executable pointcloud_node[0m
[18.937s] [100%] Built target pointcloud_node
[18.958s] Invoked command in '/home/myat/path_control_px4/build/vision' returned '0': CMAKE_PREFIX_PATH=${CMAKE_PREFIX_PATH}:/home/myat/path_control_px4/install/bringup_drone:/home/myat/hex_ws/install/hexapod_description:/home/myat/hex_ws/install/hexapod_control:/home/myat/my_uav/install/vision_python:/home/myat/my_uav/install/px4_offboard:/opt/ros/humble /usr/bin/cmake --build /home/myat/path_control_px4/build/vision -- -j12 -l12
[18.975s] Invoking command in '/home/myat/path_control_px4/build/vision': CMAKE_PREFIX_PATH=${CMAKE_PREFIX_PATH}:/home/myat/path_control_px4/install/bringup_drone:/home/myat/hex_ws/install/hexapod_description:/home/myat/hex_ws/install/hexapod_control:/home/myat/my_uav/install/vision_python:/home/myat/my_uav/install/px4_offboard:/opt/ros/humble /usr/bin/cmake --install /home/myat/path_control_px4/build/vision
[18.989s] -- Install configuration: ""
[18.989s] -- Up-to-date: /home/myat/path_control_px4/install/vision/lib/vision/camera_recorder
[18.989s] -- Up-to-date: /home/myat/path_control_px4/install/vision/lib/vision/depth_polygon_mask_node
[18.989s] -- Installing: /home/myat/path_control_px4/install/vision/lib/vision/pointcloud_node
[18.996s] -- Set runtime path of "/home/myat/path_control_px4/install/vision/lib/vision/pointcloud_node" to ""
[18.996s] -- Up-to-date: /home/myat/path_control_px4/install/vision/lib/vision/aruco_detect
[18.996s] -- Up-to-date: /home/myat/path_control_px4/install/vision/lib/vision/lidar
[18.996s] -- Up-to-date: /home/myat/path_control_px4/install/vision/lib/vision/obstacle_node
[18.996s] -- Up-to-date: /home/myat/path_control_px4/install/vision/share/ament_index/resource_index/package_run_dependencies/vision
[18.996s] -- Up-to-date: /home/myat/path_control_px4/install/vision/share/ament_index/resource_index/parent_prefix_path/vision
[18.997s] -- Up-to-date: /home/myat/path_control_px4/install/vision/share/vision/environment/ament_prefix_path.sh
[18.997s] -- Up-to-date: /home/myat/path_control_px4/install/vision/share/vision/environment/ament_prefix_path.dsv
[18.997s] -- Up-to-date: /home/myat/path_control_px4/install/vision/share/vision/environment/path.sh
[18.997s] -- Up-to-date: /home/myat/path_control_px4/install/vision/share/vision/environment/path.dsv
[18.997s] -- Up-to-date: /home/myat/path_control_px4/install/vision/share/vision/local_setup.bash
[18.997s] -- Up-to-date: /home/myat/path_control_px4/install/vision/share/vision/local_setup.sh
[18.997s] -- Up-to-date: /home/myat/path_control_px4/install/vision/share/vision/local_setup.zsh
[18.997s] -- Up-to-date: /home/myat/path_control_px4/install/vision/share/vision/local_setup.dsv
[18.997s] -- Installing: /home/myat/path_control_px4/install/vision/share/vision/package.dsv
[18.997s] -- Up-to-date: /home/myat/path_control_px4/install/vision/share/ament_index/resource_index/packages/vision
[18.998s] -- Up-to-date: /home/myat/path_control_px4/install/vision/share/vision/cmake/visionConfig.cmake
[18.998s] -- Up-to-date: /home/myat/path_control_px4/install/vision/share/vision/cmake/visionConfig-version.cmake
[18.998s] -- Up-to-date: /home/myat/path_control_px4/install/vision/share/vision/package.xml
[19.003s] Invoked command in '/home/myat/path_control_px4/build/vision' returned '0': CMAKE_PREFIX_PATH=${CMAKE_PREFIX_PATH}:/home/myat/path_control_px4/install/bringup_drone:/home/myat/hex_ws/install/hexapod_description:/home/myat/hex_ws/install/hexapod_control:/home/myat/my_uav/install/vision_python:/home/myat/my_uav/install/px4_offboard:/opt/ros/humble /usr/bin/cmake --install /home/myat/path_control_px4/build/vision
