[35m[1mConsolidate compiler generated dependencies of target trajectory_controller_node[0m
[ 16%] [32m[1mLinking CXX executable auto_fly_test[0m
[ 16%] [32m[1mLinking CXX executable trajectory_fly[0m
[ 16%] [32m[1mLinking CXX executable reference_traj_node[0m
[ 22%] [32m[1mLinking CXX executable trajectory_controller_node[0m
[ 27%] Built target reference_traj_node
[ 44%] [32m[1mLinking CXX executable land[0m
[ 44%] [32m[1mLinking CXX executable tf_node[0m
[ 44%] [32m[1mLinking CXX executable adaptive_land[0m
[ 50%] Built target auto_fly_test
[ 66%] Built target static_tf
[ 66%] [32m[1mLinking CXX executable px4_visualizer[0m
[ 72%] Built target tf_node
[ 77%] Built target trajectory_controller_node
[ 83%] Built target trajectory_fly
[ 88%] Built target land
[ 94%] Built target adaptive_land
[100%] Built target px4_visualizer
-- Install configuration: ""
-- Installing: /home/myat/path_control_px4/install/control/lib/control/tf_node
-- Set runtime path of "/home/myat/path_control_px4/install/control/lib/control/tf_node" to ""
-- Up-to-date: /home/myat/path_control_px4/install/control/lib/control/static_tf
-- Installing: /home/myat/path_control_px4/install/control/lib/control/trajectory_fly
-- Set runtime path of "/home/myat/path_control_px4/install/control/lib/control/trajectory_fly" to ""
-- Installing: /home/myat/path_control_px4/install/control/lib/control/trajectory_controller_node
-- Set runtime path of "/home/myat/path_control_px4/install/control/lib/control/trajectory_controller_node" to ""
-- Installing: /home/myat/path_control_px4/install/control/lib/control/reference_traj_node
-- Set runtime path of "/home/myat/path_control_px4/install/control/lib/control/reference_traj_node" to ""
-- Installing: /home/myat/path_control_px4/install/control/lib/control/px4_visualizer
-- Set runtime path of "/home/myat/path_control_px4/install/control/lib/control/px4_visualizer" to ""
-- Installing: /home/myat/path_control_px4/install/control/lib/control/auto_fly_test
-- Set runtime path of "/home/myat/path_control_px4/install/control/lib/control/auto_fly_test" to ""
-- Installing: /home/myat/path_control_px4/install/control/lib/control/land
-- Set runtime path of "/home/myat/path_control_px4/install/control/lib/control/land" to ""
-- Installing: /home/myat/path_control_px4/install/control/lib/control/adaptive_land
-- Set runtime path of "/home/myat/path_control_px4/install/control/lib/control/adaptive_land" to ""
-- Up-to-date: /home/myat/path_control_px4/install/control/share/ament_index/resource_index/package_run_dependencies/control
-- Up-to-date: /home/myat/path_control_px4/install/control/share/ament_index/resource_index/parent_prefix_path/control
-- Up-to-date: /home/myat/path_control_px4/install/control/share/control/environment/ament_prefix_path.sh
-- Up-to-date: /home/myat/path_control_px4/install/control/share/control/environment/ament_prefix_path.dsv
-- Up-to-date: /home/myat/path_control_px4/install/control/share/control/environment/path.sh
-- Up-to-date: /home/myat/path_control_px4/install/control/share/control/environment/path.dsv
-- Up-to-date: /home/myat/path_control_px4/install/control/share/control/local_setup.bash
-- Up-to-date: /home/myat/path_control_px4/install/control/share/control/local_setup.sh
-- Up-to-date: /home/myat/path_control_px4/install/control/share/control/local_setup.zsh
-- Up-to-date: /home/myat/path_control_px4/install/control/share/control/local_setup.dsv
-- Installing: /home/myat/path_control_px4/install/control/share/control/package.dsv
-- Up-to-date: /home/myat/path_control_px4/install/control/share/ament_index/resource_index/packages/control
-- Up-to-date: /home/myat/path_control_px4/install/control/share/control/cmake/controlConfig.cmake
-- Up-to-date: /home/myat/path_control_px4/install/control/share/control/cmake/controlConfig-version.cmake
-- Up-to-date: /home/myat/path_control_px4/install/control/share/control/package.xml
