[0.026s] Invoking command in '/home/myat/path_control_px4/build/control': CMAKE_PREFIX_PATH=/home/myat/path_control_px4/install/px4_msgs:/home/myat/Documents/path_control_px4/install/vision:/home/myat/Documents/path_control_px4/install/control:/home/myat/Documents/path_control_px4/install/px4_msgs:/home/myat/ros2_ws/install/serial:/home/myat/ros2_ws/install/ros2_control_demo_description:/home/myat/ros2_ws/install/realsense2_description:/home/myat/ros2_ws/install/realsense2_camera:/home/myat/ros2_ws/install/realsense2_camera_msgs:/home/myat/ros2_ws/install/px4_ros_com:/home/myat/ros2_ws/install/my_dof:/home/myat/ros2_ws/install/my_config:/home/myat/ros2_ws/install/my_arm_config:/home/myat/ros2_ws/install/my_arm:/home/myat/ros2_ws/install/bcr_bot:/home/myat/Documents/path_control_px4/install/bringup_drone:/home/myat/path_control_px4/install/vision:/home/myat/path_control_px4/install/px4_offboard:/home/myat/path_control_px4/install/control:/home/myat/path_control_px4/install/bringup_drone:/home/myat/ros2_ws/install/servo_control:/home/myat/ros2_ws/install/ros2_aruco:/home/myat/ros2_ws/install/my_pkg:/home/myat/ros2_ws/install/my_mind:/home/myat/ros2_ws/install/my_hex:/home/myat/ros2_ws/install/my_depth:/home/myat/ros2_ws/install/joint_state_converter:/home/myat/ros2_ws/install/aruco_detector:/home/myat/my_uav/install/vision_python:/home/myat/my_uav/install/px4_offboard:/opt/ros/humble:/home/myat/ros2_ws/install/arm:/home/myat/ros2_ws/install/4dof:/home/myat/my_uav/install/vision_cpp:/home/myat/my_uav/install/control_cpp:/home/myat/my_uav/install/px4_msgs LD_LIBRARY_PATH=/home/myat/path_control_px4/install/px4_msgs/lib:/home/myat/Documents/path_control_px4/install/px4_msgs/lib:/home/myat/ros2_ws/install/serial/lib:/home/myat/ros2_ws/install/realsense2_camera/lib:/home/myat/ros2_ws/install/realsense2_camera_msgs/lib:/home/myat/ros2_ws/install/px4_ros_com/lib:/home/myat/my_uav/install/px4_msgs/lib:/usr/lib/x86_64-linux-gnu/gazebo-11/plugins:/opt/ros/humble/opt/rviz_ogre_vendor/lib:/opt/ros/humble/lib/x86_64-linux-gnu:/opt/ros/humble/lib /usr/bin/cmake --build /home/myat/path_control_px4/build/control -- -j12 -l12
[0.090s] [35m[1mConsolidate compiler generated dependencies of target tf_node[0m
[0.112s] [ 25%] [32mBuilding CXX object CMakeFiles/land.dir/src/land.cpp.o[0m
[0.113s] [ 25%] Built target trajectory_fly
[0.113s] [ 41%] Built target adaptive_land
[0.113s] [ 66%] Built target auto_fly_test
[0.113s] [ 75%] Built target px4_visualizer
[0.118s] [ 83%] [32mBuilding CXX object CMakeFiles/tf_node.dir/src/tf_node.cpp.o[0m
[8.092s] [ 91%] [32m[1mLinking CXX executable tf_node[0m
[8.741s] [ 91%] Built target tf_node
[12.163s] [100%] [32m[1mLinking CXX executable land[0m
[12.747s] [100%] Built target land
[12.761s] Invoked command in '/home/myat/path_control_px4/build/control' returned '0': CMAKE_PREFIX_PATH=/home/myat/path_control_px4/install/px4_msgs:/home/myat/Documents/path_control_px4/install/vision:/home/myat/Documents/path_control_px4/install/control:/home/myat/Documents/path_control_px4/install/px4_msgs:/home/myat/ros2_ws/install/serial:/home/myat/ros2_ws/install/ros2_control_demo_description:/home/myat/ros2_ws/install/realsense2_description:/home/myat/ros2_ws/install/realsense2_camera:/home/myat/ros2_ws/install/realsense2_camera_msgs:/home/myat/ros2_ws/install/px4_ros_com:/home/myat/ros2_ws/install/my_dof:/home/myat/ros2_ws/install/my_config:/home/myat/ros2_ws/install/my_arm_config:/home/myat/ros2_ws/install/my_arm:/home/myat/ros2_ws/install/bcr_bot:/home/myat/Documents/path_control_px4/install/bringup_drone:/home/myat/path_control_px4/install/vision:/home/myat/path_control_px4/install/px4_offboard:/home/myat/path_control_px4/install/control:/home/myat/path_control_px4/install/bringup_drone:/home/myat/ros2_ws/install/servo_control:/home/myat/ros2_ws/install/ros2_aruco:/home/myat/ros2_ws/install/my_pkg:/home/myat/ros2_ws/install/my_mind:/home/myat/ros2_ws/install/my_hex:/home/myat/ros2_ws/install/my_depth:/home/myat/ros2_ws/install/joint_state_converter:/home/myat/ros2_ws/install/aruco_detector:/home/myat/my_uav/install/vision_python:/home/myat/my_uav/install/px4_offboard:/opt/ros/humble:/home/myat/ros2_ws/install/arm:/home/myat/ros2_ws/install/4dof:/home/myat/my_uav/install/vision_cpp:/home/myat/my_uav/install/control_cpp:/home/myat/my_uav/install/px4_msgs LD_LIBRARY_PATH=/home/myat/path_control_px4/install/px4_msgs/lib:/home/myat/Documents/path_control_px4/install/px4_msgs/lib:/home/myat/ros2_ws/install/serial/lib:/home/myat/ros2_ws/install/realsense2_camera/lib:/home/myat/ros2_ws/install/realsense2_camera_msgs/lib:/home/myat/ros2_ws/install/px4_ros_com/lib:/home/myat/my_uav/install/px4_msgs/lib:/usr/lib/x86_64-linux-gnu/gazebo-11/plugins:/opt/ros/humble/opt/rviz_ogre_vendor/lib:/opt/ros/humble/lib/x86_64-linux-gnu:/opt/ros/humble/lib /usr/bin/cmake --build /home/myat/path_control_px4/build/control -- -j12 -l12
[12.762s] Invoking command in '/home/myat/path_control_px4/build/control': CMAKE_PREFIX_PATH=/home/myat/path_control_px4/install/px4_msgs:/home/myat/Documents/path_control_px4/install/vision:/home/myat/Documents/path_control_px4/install/control:/home/myat/Documents/path_control_px4/install/px4_msgs:/home/myat/ros2_ws/install/serial:/home/myat/ros2_ws/install/ros2_control_demo_description:/home/myat/ros2_ws/install/realsense2_description:/home/myat/ros2_ws/install/realsense2_camera:/home/myat/ros2_ws/install/realsense2_camera_msgs:/home/myat/ros2_ws/install/px4_ros_com:/home/myat/ros2_ws/install/my_dof:/home/myat/ros2_ws/install/my_config:/home/myat/ros2_ws/install/my_arm_config:/home/myat/ros2_ws/install/my_arm:/home/myat/ros2_ws/install/bcr_bot:/home/myat/Documents/path_control_px4/install/bringup_drone:/home/myat/path_control_px4/install/vision:/home/myat/path_control_px4/install/px4_offboard:/home/myat/path_control_px4/install/control:/home/myat/path_control_px4/install/bringup_drone:/home/myat/ros2_ws/install/servo_control:/home/myat/ros2_ws/install/ros2_aruco:/home/myat/ros2_ws/install/my_pkg:/home/myat/ros2_ws/install/my_mind:/home/myat/ros2_ws/install/my_hex:/home/myat/ros2_ws/install/my_depth:/home/myat/ros2_ws/install/joint_state_converter:/home/myat/ros2_ws/install/aruco_detector:/home/myat/my_uav/install/vision_python:/home/myat/my_uav/install/px4_offboard:/opt/ros/humble:/home/myat/ros2_ws/install/arm:/home/myat/ros2_ws/install/4dof:/home/myat/my_uav/install/vision_cpp:/home/myat/my_uav/install/control_cpp:/home/myat/my_uav/install/px4_msgs LD_LIBRARY_PATH=/home/myat/path_control_px4/install/px4_msgs/lib:/home/myat/Documents/path_control_px4/install/px4_msgs/lib:/home/myat/ros2_ws/install/serial/lib:/home/myat/ros2_ws/install/realsense2_camera/lib:/home/myat/ros2_ws/install/realsense2_camera_msgs/lib:/home/myat/ros2_ws/install/px4_ros_com/lib:/home/myat/my_uav/install/px4_msgs/lib:/usr/lib/x86_64-linux-gnu/gazebo-11/plugins:/opt/ros/humble/opt/rviz_ogre_vendor/lib:/opt/ros/humble/lib/x86_64-linux-gnu:/opt/ros/humble/lib /usr/bin/cmake --install /home/myat/path_control_px4/build/control
[12.771s] -- Install configuration: ""
[12.771s] -- Installing: /home/myat/path_control_px4/install/control/lib/control/tf_node
[12.775s] -- Set runtime path of "/home/myat/path_control_px4/install/control/lib/control/tf_node" to ""
[12.775s] -- Up-to-date: /home/myat/path_control_px4/install/control/lib/control/trajectory_fly
[12.775s] -- Up-to-date: /home/myat/path_control_px4/install/control/lib/control/px4_visualizer
[12.775s] -- Up-to-date: /home/myat/path_control_px4/install/control/lib/control/auto_fly_test
[12.776s] -- Installing: /home/myat/path_control_px4/install/control/lib/control/land
[12.785s] -- Set runtime path of "/home/myat/path_control_px4/install/control/lib/control/land" to ""
[12.785s] -- Up-to-date: /home/myat/path_control_px4/install/control/lib/control/adaptive_land
[12.785s] -- Up-to-date: /home/myat/path_control_px4/install/control/share/ament_index/resource_index/package_run_dependencies/control
[12.785s] -- Up-to-date: /home/myat/path_control_px4/install/control/share/ament_index/resource_index/parent_prefix_path/control
[12.785s] -- Up-to-date: /home/myat/path_control_px4/install/control/share/control/environment/ament_prefix_path.sh
[12.785s] -- Up-to-date: /home/myat/path_control_px4/install/control/share/control/environment/ament_prefix_path.dsv
[12.785s] -- Up-to-date: /home/myat/path_control_px4/install/control/share/control/environment/path.sh
[12.785s] -- Up-to-date: /home/myat/path_control_px4/install/control/share/control/environment/path.dsv
[12.785s] -- Up-to-date: /home/myat/path_control_px4/install/control/share/control/local_setup.bash
[12.785s] -- Up-to-date: /home/myat/path_control_px4/install/control/share/control/local_setup.sh
[12.785s] -- Up-to-date: /home/myat/path_control_px4/install/control/share/control/local_setup.zsh
[12.785s] -- Up-to-date: /home/myat/path_control_px4/install/control/share/control/local_setup.dsv
[12.785s] -- Installing: /home/myat/path_control_px4/install/control/share/control/package.dsv
[12.786s] -- Up-to-date: /home/myat/path_control_px4/install/control/share/ament_index/resource_index/packages/control
[12.786s] -- Up-to-date: /home/myat/path_control_px4/install/control/share/control/cmake/controlConfig.cmake
[12.786s] -- Up-to-date: /home/myat/path_control_px4/install/control/share/control/cmake/controlConfig-version.cmake
[12.786s] -- Up-to-date: /home/myat/path_control_px4/install/control/share/control/package.xml
[12.789s] Invoked command in '/home/myat/path_control_px4/build/control' returned '0': CMAKE_PREFIX_PATH=/home/myat/path_control_px4/install/px4_msgs:/home/myat/Documents/path_control_px4/install/vision:/home/myat/Documents/path_control_px4/install/control:/home/myat/Documents/path_control_px4/install/px4_msgs:/home/myat/ros2_ws/install/serial:/home/myat/ros2_ws/install/ros2_control_demo_description:/home/myat/ros2_ws/install/realsense2_description:/home/myat/ros2_ws/install/realsense2_camera:/home/myat/ros2_ws/install/realsense2_camera_msgs:/home/myat/ros2_ws/install/px4_ros_com:/home/myat/ros2_ws/install/my_dof:/home/myat/ros2_ws/install/my_config:/home/myat/ros2_ws/install/my_arm_config:/home/myat/ros2_ws/install/my_arm:/home/myat/ros2_ws/install/bcr_bot:/home/myat/Documents/path_control_px4/install/bringup_drone:/home/myat/path_control_px4/install/vision:/home/myat/path_control_px4/install/px4_offboard:/home/myat/path_control_px4/install/control:/home/myat/path_control_px4/install/bringup_drone:/home/myat/ros2_ws/install/servo_control:/home/myat/ros2_ws/install/ros2_aruco:/home/myat/ros2_ws/install/my_pkg:/home/myat/ros2_ws/install/my_mind:/home/myat/ros2_ws/install/my_hex:/home/myat/ros2_ws/install/my_depth:/home/myat/ros2_ws/install/joint_state_converter:/home/myat/ros2_ws/install/aruco_detector:/home/myat/my_uav/install/vision_python:/home/myat/my_uav/install/px4_offboard:/opt/ros/humble:/home/myat/ros2_ws/install/arm:/home/myat/ros2_ws/install/4dof:/home/myat/my_uav/install/vision_cpp:/home/myat/my_uav/install/control_cpp:/home/myat/my_uav/install/px4_msgs LD_LIBRARY_PATH=/home/myat/path_control_px4/install/px4_msgs/lib:/home/myat/Documents/path_control_px4/install/px4_msgs/lib:/home/myat/ros2_ws/install/serial/lib:/home/myat/ros2_ws/install/realsense2_camera/lib:/home/myat/ros2_ws/install/realsense2_camera_msgs/lib:/home/myat/ros2_ws/install/px4_ros_com/lib:/home/myat/my_uav/install/px4_msgs/lib:/usr/lib/x86_64-linux-gnu/gazebo-11/plugins:/opt/ros/humble/opt/rviz_ogre_vendor/lib:/opt/ros/humble/lib/x86_64-linux-gnu:/opt/ros/humble/lib /usr/bin/cmake --install /home/myat/path_control_px4/build/control
