[0.029s] Invoking command in '/home/myat/path_control_px4/build/control': CMAKE_PREFIX_PATH=/home/myat/path_control_px4/install/px4_msgs:/home/myat/path_control_px4/install/vision:/home/myat/path_control_px4/install/control:/home/myat/ros2_ws/install/serial:/home/myat/ros2_ws/install/ros2_control_demo_description:/home/myat/ros2_ws/install/realsense2_description:/home/myat/ros2_ws/install/realsense2_camera:/home/myat/ros2_ws/install/realsense2_camera_msgs:/home/myat/ros2_ws/install/px4_ros_com:/home/myat/ros2_ws/install/my_dof:/home/myat/ros2_ws/install/my_config:/home/myat/ros2_ws/install/my_arm_config:/home/myat/ros2_ws/install/my_arm:/home/myat/ros2_ws/install/bcr_bot:/home/myat/path_control_px4/install/px4_offboard:/home/myat/path_control_px4/install/bringup_drone:/home/myat/ros2_ws/install/servo_control:/home/myat/ros2_ws/install/ros2_aruco:/home/myat/ros2_ws/install/my_pkg:/home/myat/ros2_ws/install/my_mind:/home/myat/ros2_ws/install/my_hex:/home/myat/ros2_ws/install/my_depth:/home/myat/ros2_ws/install/joint_state_converter:/home/myat/ros2_ws/install/aruco_detector:/home/myat/my_uav/install/vision_python:/home/myat/my_uav/install/px4_offboard:/opt/ros/humble:/home/myat/ros2_ws/install/arm:/home/myat/ros2_ws/install/4dof:/home/myat/my_uav/install/vision_cpp:/home/myat/my_uav/install/control_cpp:/home/myat/my_uav/install/px4_msgs /usr/bin/cmake --build /home/myat/path_control_px4/build/control -- -j12 -l12
[0.151s] [  7%] [32mBuilding CXX object CMakeFiles/trajectory_fly.dir/src/trajectory_fly.cpp.o[0m
[23.482s] [ 14%] [32m[1mLinking CXX executable trajectory_fly[0m
[26.315s] [ 14%] Built target trajectory_fly
[26.373s] [ 28%] Built target adaptive_land
[26.424s] [ 42%] Built target land
[26.478s] [ 57%] Built target tf_node
[26.529s] [ 71%] Built target static_tf
[26.584s] [ 85%] Built target px4_visualizer
[26.632s] [100%] Built target auto_fly_test
[26.657s] Invoked command in '/home/myat/path_control_px4/build/control' returned '0': CMAKE_PREFIX_PATH=/home/myat/path_control_px4/install/px4_msgs:/home/myat/path_control_px4/install/vision:/home/myat/path_control_px4/install/control:/home/myat/ros2_ws/install/serial:/home/myat/ros2_ws/install/ros2_control_demo_description:/home/myat/ros2_ws/install/realsense2_description:/home/myat/ros2_ws/install/realsense2_camera:/home/myat/ros2_ws/install/realsense2_camera_msgs:/home/myat/ros2_ws/install/px4_ros_com:/home/myat/ros2_ws/install/my_dof:/home/myat/ros2_ws/install/my_config:/home/myat/ros2_ws/install/my_arm_config:/home/myat/ros2_ws/install/my_arm:/home/myat/ros2_ws/install/bcr_bot:/home/myat/path_control_px4/install/px4_offboard:/home/myat/path_control_px4/install/bringup_drone:/home/myat/ros2_ws/install/servo_control:/home/myat/ros2_ws/install/ros2_aruco:/home/myat/ros2_ws/install/my_pkg:/home/myat/ros2_ws/install/my_mind:/home/myat/ros2_ws/install/my_hex:/home/myat/ros2_ws/install/my_depth:/home/myat/ros2_ws/install/joint_state_converter:/home/myat/ros2_ws/install/aruco_detector:/home/myat/my_uav/install/vision_python:/home/myat/my_uav/install/px4_offboard:/opt/ros/humble:/home/myat/ros2_ws/install/arm:/home/myat/ros2_ws/install/4dof:/home/myat/my_uav/install/vision_cpp:/home/myat/my_uav/install/control_cpp:/home/myat/my_uav/install/px4_msgs /usr/bin/cmake --build /home/myat/path_control_px4/build/control -- -j12 -l12
[26.662s] Invoking command in '/home/myat/path_control_px4/build/control': CMAKE_PREFIX_PATH=/home/myat/path_control_px4/install/px4_msgs:/home/myat/path_control_px4/install/vision:/home/myat/path_control_px4/install/control:/home/myat/ros2_ws/install/serial:/home/myat/ros2_ws/install/ros2_control_demo_description:/home/myat/ros2_ws/install/realsense2_description:/home/myat/ros2_ws/install/realsense2_camera:/home/myat/ros2_ws/install/realsense2_camera_msgs:/home/myat/ros2_ws/install/px4_ros_com:/home/myat/ros2_ws/install/my_dof:/home/myat/ros2_ws/install/my_config:/home/myat/ros2_ws/install/my_arm_config:/home/myat/ros2_ws/install/my_arm:/home/myat/ros2_ws/install/bcr_bot:/home/myat/path_control_px4/install/px4_offboard:/home/myat/path_control_px4/install/bringup_drone:/home/myat/ros2_ws/install/servo_control:/home/myat/ros2_ws/install/ros2_aruco:/home/myat/ros2_ws/install/my_pkg:/home/myat/ros2_ws/install/my_mind:/home/myat/ros2_ws/install/my_hex:/home/myat/ros2_ws/install/my_depth:/home/myat/ros2_ws/install/joint_state_converter:/home/myat/ros2_ws/install/aruco_detector:/home/myat/my_uav/install/vision_python:/home/myat/my_uav/install/px4_offboard:/opt/ros/humble:/home/myat/ros2_ws/install/arm:/home/myat/ros2_ws/install/4dof:/home/myat/my_uav/install/vision_cpp:/home/myat/my_uav/install/control_cpp:/home/myat/my_uav/install/px4_msgs /usr/bin/cmake --install /home/myat/path_control_px4/build/control
[26.676s] -- Install configuration: ""
[26.676s] -- Up-to-date: /home/myat/path_control_px4/install/control/lib/control/tf_node
[26.677s] -- Up-to-date: /home/myat/path_control_px4/install/control/lib/control/static_tf
[26.677s] -- Installing: /home/myat/path_control_px4/install/control/lib/control/trajectory_fly
[26.689s] -- Set runtime path of "/home/myat/path_control_px4/install/control/lib/control/trajectory_fly" to ""
[26.690s] -- Up-to-date: /home/myat/path_control_px4/install/control/lib/control/px4_visualizer
[26.691s] -- Up-to-date: /home/myat/path_control_px4/install/control/lib/control/auto_fly_test
[26.692s] -- Up-to-date: /home/myat/path_control_px4/install/control/lib/control/land
[26.693s] -- Up-to-date: /home/myat/path_control_px4/install/control/lib/control/adaptive_land
[26.694s] -- Up-to-date: /home/myat/path_control_px4/install/control/share/ament_index/resource_index/package_run_dependencies/control
[26.694s] -- Up-to-date: /home/myat/path_control_px4/install/control/share/ament_index/resource_index/parent_prefix_path/control
[26.695s] -- Up-to-date: /home/myat/path_control_px4/install/control/share/control/environment/ament_prefix_path.sh
[26.695s] -- Up-to-date: /home/myat/path_control_px4/install/control/share/control/environment/ament_prefix_path.dsv
[26.695s] -- Up-to-date: /home/myat/path_control_px4/install/control/share/control/environment/path.sh
[26.695s] -- Up-to-date: /home/myat/path_control_px4/install/control/share/control/environment/path.dsv
[26.695s] -- Up-to-date: /home/myat/path_control_px4/install/control/share/control/local_setup.bash
[26.695s] -- Up-to-date: /home/myat/path_control_px4/install/control/share/control/local_setup.sh
[26.695s] -- Up-to-date: /home/myat/path_control_px4/install/control/share/control/local_setup.zsh
[26.695s] -- Up-to-date: /home/myat/path_control_px4/install/control/share/control/local_setup.dsv
[26.695s] -- Installing: /home/myat/path_control_px4/install/control/share/control/package.dsv
[26.696s] -- Up-to-date: /home/myat/path_control_px4/install/control/share/ament_index/resource_index/packages/control
[26.696s] -- Up-to-date: /home/myat/path_control_px4/install/control/share/control/cmake/controlConfig.cmake
[26.696s] -- Up-to-date: /home/myat/path_control_px4/install/control/share/control/cmake/controlConfig-version.cmake
[26.696s] -- Up-to-date: /home/myat/path_control_px4/install/control/share/control/package.xml
[26.700s] Invoked command in '/home/myat/path_control_px4/build/control' returned '0': CMAKE_PREFIX_PATH=/home/myat/path_control_px4/install/px4_msgs:/home/myat/path_control_px4/install/vision:/home/myat/path_control_px4/install/control:/home/myat/ros2_ws/install/serial:/home/myat/ros2_ws/install/ros2_control_demo_description:/home/myat/ros2_ws/install/realsense2_description:/home/myat/ros2_ws/install/realsense2_camera:/home/myat/ros2_ws/install/realsense2_camera_msgs:/home/myat/ros2_ws/install/px4_ros_com:/home/myat/ros2_ws/install/my_dof:/home/myat/ros2_ws/install/my_config:/home/myat/ros2_ws/install/my_arm_config:/home/myat/ros2_ws/install/my_arm:/home/myat/ros2_ws/install/bcr_bot:/home/myat/path_control_px4/install/px4_offboard:/home/myat/path_control_px4/install/bringup_drone:/home/myat/ros2_ws/install/servo_control:/home/myat/ros2_ws/install/ros2_aruco:/home/myat/ros2_ws/install/my_pkg:/home/myat/ros2_ws/install/my_mind:/home/myat/ros2_ws/install/my_hex:/home/myat/ros2_ws/install/my_depth:/home/myat/ros2_ws/install/joint_state_converter:/home/myat/ros2_ws/install/aruco_detector:/home/myat/my_uav/install/vision_python:/home/myat/my_uav/install/px4_offboard:/opt/ros/humble:/home/myat/ros2_ws/install/arm:/home/myat/ros2_ws/install/4dof:/home/myat/my_uav/install/vision_cpp:/home/myat/my_uav/install/control_cpp:/home/myat/my_uav/install/px4_msgs /usr/bin/cmake --install /home/myat/path_control_px4/build/control
