[0.021s] Invoking command in '/home/myat/path_control_px4/build/vision': CMAKE_PREFIX_PATH=${CMAKE_PREFIX_PATH}:/home/myat/path_control_px4/install/bringup_drone:/home/myat/hex_ws/install/hexapod_description:/home/myat/hex_ws/install/hexapod_control:/home/myat/my_uav/install/vision_python:/home/myat/my_uav/install/px4_offboard:/opt/ros/humble /usr/bin/cmake --build /home/myat/path_control_px4/build/vision -- -j12 -l12
[0.105s] [35m[1mConsolidate compiler generated dependencies of target pointcloud_node[0m
[0.128s] [ 16%] Built target depth_polygon_mask_node
[0.130s] [ 33%] Built target aruco_detect
[0.130s] [ 50%] Built target camera_recorder
[0.130s] [ 66%] Built target lidar
[0.149s] [ 91%] Built target obstacle_node
[0.150s] [ 91%] [32mBuilding CXX object CMakeFiles/pointcloud_node.dir/src/pointcloud_node.cpp.o[0m
[17.677s] [100%] [32m[1mLinking CXX executable pointcloud_node[0m
[19.799s] [100%] Built target pointcloud_node
[19.822s] Invoked command in '/home/myat/path_control_px4/build/vision' returned '0': CMAKE_PREFIX_PATH=${CMAKE_PREFIX_PATH}:/home/myat/path_control_px4/install/bringup_drone:/home/myat/hex_ws/install/hexapod_description:/home/myat/hex_ws/install/hexapod_control:/home/myat/my_uav/install/vision_python:/home/myat/my_uav/install/px4_offboard:/opt/ros/humble /usr/bin/cmake --build /home/myat/path_control_px4/build/vision -- -j12 -l12
[19.838s] Invoking command in '/home/myat/path_control_px4/build/vision': CMAKE_PREFIX_PATH=${CMAKE_PREFIX_PATH}:/home/myat/path_control_px4/install/bringup_drone:/home/myat/hex_ws/install/hexapod_description:/home/myat/hex_ws/install/hexapod_control:/home/myat/my_uav/install/vision_python:/home/myat/my_uav/install/px4_offboard:/opt/ros/humble /usr/bin/cmake --install /home/myat/path_control_px4/build/vision
[19.853s] -- Install configuration: ""
[19.854s] -- Up-to-date: /home/myat/path_control_px4/install/vision/lib/vision/camera_recorder
[19.854s] -- Up-to-date: /home/myat/path_control_px4/install/vision/lib/vision/depth_polygon_mask_node
[19.854s] -- Installing: /home/myat/path_control_px4/install/vision/lib/vision/pointcloud_node
[19.861s] -- Set runtime path of "/home/myat/path_control_px4/install/vision/lib/vision/pointcloud_node" to ""
[19.861s] -- Up-to-date: /home/myat/path_control_px4/install/vision/lib/vision/aruco_detect
[19.862s] -- Up-to-date: /home/myat/path_control_px4/install/vision/lib/vision/lidar
[19.862s] -- Up-to-date: /home/myat/path_control_px4/install/vision/lib/vision/obstacle_node
[19.862s] -- Up-to-date: /home/myat/path_control_px4/install/vision/share/ament_index/resource_index/package_run_dependencies/vision
[19.862s] -- Up-to-date: /home/myat/path_control_px4/install/vision/share/ament_index/resource_index/parent_prefix_path/vision
[19.862s] -- Up-to-date: /home/myat/path_control_px4/install/vision/share/vision/environment/ament_prefix_path.sh
[19.862s] -- Up-to-date: /home/myat/path_control_px4/install/vision/share/vision/environment/ament_prefix_path.dsv
[19.862s] -- Up-to-date: /home/myat/path_control_px4/install/vision/share/vision/environment/path.sh
[19.862s] -- Up-to-date: /home/myat/path_control_px4/install/vision/share/vision/environment/path.dsv
[19.863s] -- Up-to-date: /home/myat/path_control_px4/install/vision/share/vision/local_setup.bash
[19.863s] -- Up-to-date: /home/myat/path_control_px4/install/vision/share/vision/local_setup.sh
[19.863s] -- Up-to-date: /home/myat/path_control_px4/install/vision/share/vision/local_setup.zsh
[19.863s] -- Up-to-date: /home/myat/path_control_px4/install/vision/share/vision/local_setup.dsv
[19.863s] -- Installing: /home/myat/path_control_px4/install/vision/share/vision/package.dsv
[19.863s] -- Up-to-date: /home/myat/path_control_px4/install/vision/share/ament_index/resource_index/packages/vision
[19.863s] -- Up-to-date: /home/myat/path_control_px4/install/vision/share/vision/cmake/visionConfig.cmake
[19.863s] -- Up-to-date: /home/myat/path_control_px4/install/vision/share/vision/cmake/visionConfig-version.cmake
[19.863s] -- Up-to-date: /home/myat/path_control_px4/install/vision/share/vision/package.xml
[19.867s] Invoked command in '/home/myat/path_control_px4/build/vision' returned '0': CMAKE_PREFIX_PATH=${CMAKE_PREFIX_PATH}:/home/myat/path_control_px4/install/bringup_drone:/home/myat/hex_ws/install/hexapod_description:/home/myat/hex_ws/install/hexapod_control:/home/myat/my_uav/install/vision_python:/home/myat/my_uav/install/px4_offboard:/opt/ros/humble /usr/bin/cmake --install /home/myat/path_control_px4/build/vision
