[0.439s] Invoking command in '/home/myat/path_control_px4/build/vision': CMAKE_PREFIX_PATH=${CMAKE_PREFIX_PATH}:/home/myat/path_control_px4/install/bringup_drone:/home/myat/hex_ws/install/hexapod_description:/home/myat/hex_ws/install/hexapod_control:/home/myat/my_uav/install/vision_python:/home/myat/my_uav/install/px4_offboard:/opt/ros/humble /usr/bin/cmake --build /home/myat/path_control_px4/build/vision -- -j12 -l12
[0.534s] [ 16%] Built target camera_recorder
[0.535s] [ 41%] Built target depth_polygon_mask_node
[0.535s] [ 58%] Built target obstacle_node
[0.535s] [ 66%] Built target lidar
[0.537s] [ 83%] Built target aruco_detect
[0.542s] [ 91%] [32mBuilding CXX object CMakeFiles/pointcloud_node.dir/src/pointcloud_node.cpp.o[0m
[15.131s] [100%] [32m[1mLinking CXX executable pointcloud_node[0m
[16.604s] [100%] Built target pointcloud_node
[16.620s] Invoked command in '/home/myat/path_control_px4/build/vision' returned '0': CMAKE_PREFIX_PATH=${CMAKE_PREFIX_PATH}:/home/myat/path_control_px4/install/bringup_drone:/home/myat/hex_ws/install/hexapod_description:/home/myat/hex_ws/install/hexapod_control:/home/myat/my_uav/install/vision_python:/home/myat/my_uav/install/px4_offboard:/opt/ros/humble /usr/bin/cmake --build /home/myat/path_control_px4/build/vision -- -j12 -l12
[16.622s] Invoking command in '/home/myat/path_control_px4/build/vision': CMAKE_PREFIX_PATH=${CMAKE_PREFIX_PATH}:/home/myat/path_control_px4/install/bringup_drone:/home/myat/hex_ws/install/hexapod_description:/home/myat/hex_ws/install/hexapod_control:/home/myat/my_uav/install/vision_python:/home/myat/my_uav/install/px4_offboard:/opt/ros/humble /usr/bin/cmake --install /home/myat/path_control_px4/build/vision
[16.633s] -- Install configuration: ""
[16.634s] -- Up-to-date: /home/myat/path_control_px4/install/vision/lib/vision/camera_recorder
[16.634s] -- Up-to-date: /home/myat/path_control_px4/install/vision/lib/vision/depth_polygon_mask_node
[16.635s] -- Installing: /home/myat/path_control_px4/install/vision/lib/vision/pointcloud_node
[16.642s] -- Set runtime path of "/home/myat/path_control_px4/install/vision/lib/vision/pointcloud_node" to ""
[16.642s] -- Up-to-date: /home/myat/path_control_px4/install/vision/lib/vision/aruco_detect
[16.642s] -- Up-to-date: /home/myat/path_control_px4/install/vision/lib/vision/lidar
[16.643s] -- Up-to-date: /home/myat/path_control_px4/install/vision/lib/vision/obstacle_node
[16.643s] -- Up-to-date: /home/myat/path_control_px4/install/vision/share/ament_index/resource_index/package_run_dependencies/vision
[16.643s] -- Up-to-date: /home/myat/path_control_px4/install/vision/share/ament_index/resource_index/parent_prefix_path/vision
[16.643s] -- Up-to-date: /home/myat/path_control_px4/install/vision/share/vision/environment/ament_prefix_path.sh
[16.643s] -- Up-to-date: /home/myat/path_control_px4/install/vision/share/vision/environment/ament_prefix_path.dsv
[16.643s] -- Up-to-date: /home/myat/path_control_px4/install/vision/share/vision/environment/path.sh
[16.644s] -- Up-to-date: /home/myat/path_control_px4/install/vision/share/vision/environment/path.dsv
[16.644s] -- Up-to-date: /home/myat/path_control_px4/install/vision/share/vision/local_setup.bash
[16.644s] -- Up-to-date: /home/myat/path_control_px4/install/vision/share/vision/local_setup.sh
[16.644s] -- Up-to-date: /home/myat/path_control_px4/install/vision/share/vision/local_setup.zsh
[16.644s] -- Up-to-date: /home/myat/path_control_px4/install/vision/share/vision/local_setup.dsv
[16.644s] -- Installing: /home/myat/path_control_px4/install/vision/share/vision/package.dsv
[16.644s] -- Up-to-date: /home/myat/path_control_px4/install/vision/share/ament_index/resource_index/packages/vision
[16.644s] -- Up-to-date: /home/myat/path_control_px4/install/vision/share/vision/cmake/visionConfig.cmake
[16.644s] -- Up-to-date: /home/myat/path_control_px4/install/vision/share/vision/cmake/visionConfig-version.cmake
[16.644s] -- Up-to-date: /home/myat/path_control_px4/install/vision/share/vision/package.xml
[16.647s] Invoked command in '/home/myat/path_control_px4/build/vision' returned '0': CMAKE_PREFIX_PATH=${CMAKE_PREFIX_PATH}:/home/myat/path_control_px4/install/bringup_drone:/home/myat/hex_ws/install/hexapod_description:/home/myat/hex_ws/install/hexapod_control:/home/myat/my_uav/install/vision_python:/home/myat/my_uav/install/px4_offboard:/opt/ros/humble /usr/bin/cmake --install /home/myat/path_control_px4/build/vision
