[0.013s] Invoking command in '/home/myat/path_control_px4/build/vision': CMAKE_PREFIX_PATH=${CMAKE_PREFIX_PATH}:/home/myat/path_control_px4/install/bringup_drone:/home/myat/hex_ws/install/hexapod_description:/home/myat/hex_ws/install/hexapod_control:/home/myat/my_uav/install/vision_python:/home/myat/my_uav/install/px4_offboard:/opt/ros/humble /usr/bin/cmake --build /home/myat/path_control_px4/build/vision -- -j12 -l12
[0.041s] -- Found ament_cmake: 1.3.11 (/opt/ros/humble/share/ament_cmake/cmake)
[0.157s] -- Found rclcpp: 16.0.11 (/opt/ros/humble/share/rclcpp/cmake)
[0.181s] -- Found rosidl_generator_c: 3.1.6 (/opt/ros/humble/share/rosidl_generator_c/cmake)
[0.183s] -- Found rosidl_adapter: 3.1.6 (/opt/ros/humble/share/rosidl_adapter/cmake)
[0.187s] -- Found rosidl_generator_cpp: 3.1.6 (/opt/ros/humble/share/rosidl_generator_cpp/cmake)
[0.194s] -- Using all available rosidl_typesupport_c: rosidl_typesupport_fastrtps_c;rosidl_typesupport_introspection_c
[0.202s] -- Using all available rosidl_typesupport_cpp: rosidl_typesupport_fastrtps_cpp;rosidl_typesupport_introspection_cpp
[0.224s] -- Found rmw_implementation_cmake: 6.1.2 (/opt/ros/humble/share/rmw_implementation_cmake/cmake)
[0.225s] -- Found rmw_fastrtps_cpp: 6.2.7 (/opt/ros/humble/share/rmw_fastrtps_cpp/cmake)
[0.338s] -- Using RMW implementation 'rmw_fastrtps_cpp' as default
[0.379s] -- Found sensor_msgs: 4.8.0 (/opt/ros/humble/share/sensor_msgs/cmake)
[0.400s] -- Found cv_bridge: 3.2.1 (/opt/ros/humble/share/cv_bridge/cmake)
[0.409s] -- Found image_geometry: 3.2.1 (/opt/ros/humble/share/image_geometry/cmake)
[0.410s] -- Found tf2: 0.25.12 (/opt/ros/humble/share/tf2/cmake)
[0.413s] -- Found tf2_ros: 0.25.16 (/opt/ros/humble/share/tf2_ros/cmake)
[0.465s] -- Found tf2_geometry_msgs: 0.25.12 (/opt/ros/humble/share/tf2_geometry_msgs/cmake)
[0.467s] -- Found eigen3_cmake_module: 0.1.1 (/opt/ros/humble/share/eigen3_cmake_module/cmake)
[0.468s] -- Found Eigen3: TRUE (found version "3.4.0") 
[0.468s] -- Ensuring Eigen3 include directory is part of orocos-kdl CMake target
[0.482s] -- Eigen found (include: /usr/include/eigen3, version: 3.4.0)
[0.500s] -- OpenNI found (version: 1.5.4.0, include: /usr/include/ni, lib: /usr/lib/libOpenNI.so;libusb::libusb)
[0.507s] -- OpenNI2 found (version: 2.2.0.33, include: /usr/include/openni2, lib: /usr/lib/x86_64-linux-gnu/libOpenNI2.so;libusb::libusb)
[0.507s] [0m** WARNING ** io features related to pcap will be disabled[0m
[0.507s] [0m** WARNING ** io features related to png will be disabled[0m
[0.660s] -- Found Eigen3: /usr/include/eigen3 (found version "3.4.0") 
[0.774s] -- Eigen found (include: /usr/include/eigen3, version: 3.4.0)
[0.801s] -- FLANN found (include: /usr/include, lib: /usr/lib/x86_64-linux-gnu/libflann_cpp.so)
[1.030s] -- looking for PCL_COMMON
[1.030s] -- looking for PCL_OCTREE
[1.030s] -- looking for PCL_IO
[1.030s] -- looking for PCL_SAMPLE_CONSENSUS
[1.030s] -- looking for PCL_KDTREE
[1.031s] -- looking for PCL_FILTERS
[1.031s] -- looking for PCL_GEOMETRY
[1.031s] -- looking for PCL_ML
[1.031s] -- looking for PCL_SEGMENTATION
[1.031s] -- looking for PCL_2D
[1.032s] -- looking for PCL_FEATURES
[1.032s] -- looking for PCL_SEARCH
[1.032s] -- Found pcl_conversions: 2.4.5 (/opt/ros/humble/share/pcl_conversions/cmake)
[1.047s] -- Found image_transport: 3.1.11 (/opt/ros/humble/share/image_transport/cmake)
[1.078s] [31mCMake Error at /opt/ros/humble/share/ament_cmake_target_dependencies/cmake/ament_target_dependencies.cmake:42 (message):
[1.078s]   ament_target_dependencies() the first argument must be a valid target name
[1.078s] Call Stack (most recent call first):
[1.078s]   CMakeLists.txt:63 (ament_target_dependencies)
[1.078s] 
[1.078s] [0m
[1.078s] -- Configuring incomplete, errors occurred!
[1.078s] See also "/home/myat/path_control_px4/build/vision/CMakeFiles/CMakeOutput.log".
[1.092s] gmake: *** [Makefile:349: cmake_check_build_system] Error 1
[1.095s] Invoked command in '/home/myat/path_control_px4/build/vision' returned '2': CMAKE_PREFIX_PATH=${CMAKE_PREFIX_PATH}:/home/myat/path_control_px4/install/bringup_drone:/home/myat/hex_ws/install/hexapod_description:/home/myat/hex_ws/install/hexapod_control:/home/myat/my_uav/install/vision_python:/home/myat/my_uav/install/px4_offboard:/opt/ros/humble /usr/bin/cmake --build /home/myat/path_control_px4/build/vision -- -j12 -l12
