[0.019s] Invoking command in '/home/myat/path_control_px4/build/control': CMAKE_PREFIX_PATH=/home/myat/path_control_px4/install/px4_msgs:/home/myat/path_control_px4/install/vision:/home/myat/path_control_px4/install/control:/home/myat/my_ws/install/ros2sysmon:/home/myat/my_ws/install/ros2_controllers:/home/myat/my_ws/install/ign_ros2_control_demos:/home/myat/my_ws/install/ign_ros2_control:/home/myat/my_ws/install/gz_ros2_control_tests:/home/myat/my_ws/install/gz_ros2_control_demos:/home/myat/my_ws/install/gz_ros2_control:/home/myat/my_uav/install/vision_cpp:/home/myat/my_uav/install/control_cpp:/home/myat/my_uav/install/px4_msgs:/home/myat/path_control_px4/install/bringup_drone:/home/myat/hex_ws/install/hexapod_description:/home/myat/hex_ws/install/hexapod_control:/home/myat/my_uav/install/vision_python:/home/myat/my_uav/install/px4_offboard:/opt/ros/humble LD_LIBRARY_PATH=/home/myat/path_control_px4/install/px4_msgs/lib:/usr/local/cuda-12.4/lib64:/home/myat/my_ws/install/gz_ros2_control/lib:/home/myat/my_uav/install/px4_msgs/lib:/usr/local/cuda-12.4/lib64:/usr/lib/x86_64-linux-gnu/gazebo-11/plugins:/opt/ros/humble/opt/rviz_ogre_vendor/lib:/opt/ros/humble/lib/x86_64-linux-gnu:/opt/ros/humble/lib /usr/bin/cmake --build /home/myat/path_control_px4/build/control -- -j12 -l12
[0.108s] [35m[1mConsolidate compiler generated dependencies of target tf_node[0m
[0.124s] [ 16%] Built target px4_visualizer
[0.125s] [ 25%] [32mBuilding CXX object CMakeFiles/trajectory_fly.dir/src/trajectory_fly.cpp.o[0m
[0.125s] [ 75%] Built target adaptive_land
[0.125s] [ 75%] Built target auto_fly_test
[0.125s] [ 75%] Built target land
[0.130s] [ 83%] [32mBuilding CXX object CMakeFiles/tf_node.dir/src/tf_node.cpp.o[0m
[7.553s] [ 91%] [32m[1mLinking CXX executable tf_node[0m
[8.343s] [ 91%] Built target tf_node
[11.730s] [100%] [32m[1mLinking CXX executable trajectory_fly[0m
[12.588s] [100%] Built target trajectory_fly
[12.601s] Invoked command in '/home/myat/path_control_px4/build/control' returned '0': CMAKE_PREFIX_PATH=/home/myat/path_control_px4/install/px4_msgs:/home/myat/path_control_px4/install/vision:/home/myat/path_control_px4/install/control:/home/myat/my_ws/install/ros2sysmon:/home/myat/my_ws/install/ros2_controllers:/home/myat/my_ws/install/ign_ros2_control_demos:/home/myat/my_ws/install/ign_ros2_control:/home/myat/my_ws/install/gz_ros2_control_tests:/home/myat/my_ws/install/gz_ros2_control_demos:/home/myat/my_ws/install/gz_ros2_control:/home/myat/my_uav/install/vision_cpp:/home/myat/my_uav/install/control_cpp:/home/myat/my_uav/install/px4_msgs:/home/myat/path_control_px4/install/bringup_drone:/home/myat/hex_ws/install/hexapod_description:/home/myat/hex_ws/install/hexapod_control:/home/myat/my_uav/install/vision_python:/home/myat/my_uav/install/px4_offboard:/opt/ros/humble LD_LIBRARY_PATH=/home/myat/path_control_px4/install/px4_msgs/lib:/usr/local/cuda-12.4/lib64:/home/myat/my_ws/install/gz_ros2_control/lib:/home/myat/my_uav/install/px4_msgs/lib:/usr/local/cuda-12.4/lib64:/usr/lib/x86_64-linux-gnu/gazebo-11/plugins:/opt/ros/humble/opt/rviz_ogre_vendor/lib:/opt/ros/humble/lib/x86_64-linux-gnu:/opt/ros/humble/lib /usr/bin/cmake --build /home/myat/path_control_px4/build/control -- -j12 -l12
[12.613s] Invoking command in '/home/myat/path_control_px4/build/control': CMAKE_PREFIX_PATH=/home/myat/path_control_px4/install/px4_msgs:/home/myat/path_control_px4/install/vision:/home/myat/path_control_px4/install/control:/home/myat/my_ws/install/ros2sysmon:/home/myat/my_ws/install/ros2_controllers:/home/myat/my_ws/install/ign_ros2_control_demos:/home/myat/my_ws/install/ign_ros2_control:/home/myat/my_ws/install/gz_ros2_control_tests:/home/myat/my_ws/install/gz_ros2_control_demos:/home/myat/my_ws/install/gz_ros2_control:/home/myat/my_uav/install/vision_cpp:/home/myat/my_uav/install/control_cpp:/home/myat/my_uav/install/px4_msgs:/home/myat/path_control_px4/install/bringup_drone:/home/myat/hex_ws/install/hexapod_description:/home/myat/hex_ws/install/hexapod_control:/home/myat/my_uav/install/vision_python:/home/myat/my_uav/install/px4_offboard:/opt/ros/humble LD_LIBRARY_PATH=/home/myat/path_control_px4/install/px4_msgs/lib:/usr/local/cuda-12.4/lib64:/home/myat/my_ws/install/gz_ros2_control/lib:/home/myat/my_uav/install/px4_msgs/lib:/usr/local/cuda-12.4/lib64:/usr/lib/x86_64-linux-gnu/gazebo-11/plugins:/opt/ros/humble/opt/rviz_ogre_vendor/lib:/opt/ros/humble/lib/x86_64-linux-gnu:/opt/ros/humble/lib /usr/bin/cmake --install /home/myat/path_control_px4/build/control
[12.621s] -- Install configuration: ""
[12.622s] -- Installing: /home/myat/path_control_px4/install/control/lib/control/tf_node
[12.625s] -- Set runtime path of "/home/myat/path_control_px4/install/control/lib/control/tf_node" to ""
[12.626s] -- Installing: /home/myat/path_control_px4/install/control/lib/control/trajectory_fly
[12.632s] -- Set runtime path of "/home/myat/path_control_px4/install/control/lib/control/trajectory_fly" to ""
[12.632s] -- Up-to-date: /home/myat/path_control_px4/install/control/lib/control/px4_visualizer
[12.634s] -- Up-to-date: /home/myat/path_control_px4/install/control/lib/control/auto_fly_test
[12.635s] -- Up-to-date: /home/myat/path_control_px4/install/control/lib/control/land
[12.636s] -- Up-to-date: /home/myat/path_control_px4/install/control/lib/control/adaptive_land
[12.636s] -- Up-to-date: /home/myat/path_control_px4/install/control/share/ament_index/resource_index/package_run_dependencies/control
[12.637s] -- Up-to-date: /home/myat/path_control_px4/install/control/share/ament_index/resource_index/parent_prefix_path/control
[12.637s] -- Up-to-date: /home/myat/path_control_px4/install/control/share/control/environment/ament_prefix_path.sh
[12.637s] -- Up-to-date: /home/myat/path_control_px4/install/control/share/control/environment/ament_prefix_path.dsv
[12.637s] -- Up-to-date: /home/myat/path_control_px4/install/control/share/control/environment/path.sh
[12.637s] -- Up-to-date: /home/myat/path_control_px4/install/control/share/control/environment/path.dsv
[12.637s] -- Up-to-date: /home/myat/path_control_px4/install/control/share/control/local_setup.bash
[12.637s] -- Up-to-date: /home/myat/path_control_px4/install/control/share/control/local_setup.sh
[12.637s] -- Up-to-date: /home/myat/path_control_px4/install/control/share/control/local_setup.zsh
[12.637s] -- Up-to-date: /home/myat/path_control_px4/install/control/share/control/local_setup.dsv
[12.637s] -- Installing: /home/myat/path_control_px4/install/control/share/control/package.dsv
[12.637s] -- Up-to-date: /home/myat/path_control_px4/install/control/share/ament_index/resource_index/packages/control
[12.637s] -- Up-to-date: /home/myat/path_control_px4/install/control/share/control/cmake/controlConfig.cmake
[12.637s] -- Up-to-date: /home/myat/path_control_px4/install/control/share/control/cmake/controlConfig-version.cmake
[12.637s] -- Up-to-date: /home/myat/path_control_px4/install/control/share/control/package.xml
[12.640s] Invoked command in '/home/myat/path_control_px4/build/control' returned '0': CMAKE_PREFIX_PATH=/home/myat/path_control_px4/install/px4_msgs:/home/myat/path_control_px4/install/vision:/home/myat/path_control_px4/install/control:/home/myat/my_ws/install/ros2sysmon:/home/myat/my_ws/install/ros2_controllers:/home/myat/my_ws/install/ign_ros2_control_demos:/home/myat/my_ws/install/ign_ros2_control:/home/myat/my_ws/install/gz_ros2_control_tests:/home/myat/my_ws/install/gz_ros2_control_demos:/home/myat/my_ws/install/gz_ros2_control:/home/myat/my_uav/install/vision_cpp:/home/myat/my_uav/install/control_cpp:/home/myat/my_uav/install/px4_msgs:/home/myat/path_control_px4/install/bringup_drone:/home/myat/hex_ws/install/hexapod_description:/home/myat/hex_ws/install/hexapod_control:/home/myat/my_uav/install/vision_python:/home/myat/my_uav/install/px4_offboard:/opt/ros/humble LD_LIBRARY_PATH=/home/myat/path_control_px4/install/px4_msgs/lib:/usr/local/cuda-12.4/lib64:/home/myat/my_ws/install/gz_ros2_control/lib:/home/myat/my_uav/install/px4_msgs/lib:/usr/local/cuda-12.4/lib64:/usr/lib/x86_64-linux-gnu/gazebo-11/plugins:/opt/ros/humble/opt/rviz_ogre_vendor/lib:/opt/ros/humble/lib/x86_64-linux-gnu:/opt/ros/humble/lib /usr/bin/cmake --install /home/myat/path_control_px4/build/control
