[0.014s] Invoking command in '/home/myat/path_control_px4/build/control': CMAKE_PREFIX_PATH=/home/myat/path_control_px4/install/px4_msgs:/home/myat/path_control_px4/install/vision:/home/myat/path_control_px4/install/control:/home/myat/my_ws/install/ros2sysmon:/home/myat/my_ws/install/ros2_controllers:/home/myat/my_ws/install/ign_ros2_control_demos:/home/myat/my_ws/install/ign_ros2_control:/home/myat/my_ws/install/gz_ros2_control_tests:/home/myat/my_ws/install/gz_ros2_control_demos:/home/myat/my_ws/install/gz_ros2_control:/home/myat/my_uav/install/vision_cpp:/home/myat/my_uav/install/control_cpp:/home/myat/my_uav/install/px4_msgs:/home/myat/path_control_px4/install/bringup_drone:/home/myat/hex_ws/install/hexapod_description:/home/myat/hex_ws/install/hexapod_control:/home/myat/my_uav/install/vision_python:/home/myat/my_uav/install/px4_offboard:/opt/ros/humble /usr/bin/cmake --build /home/myat/path_control_px4/build/control -- -j12 -l12
[0.070s] [35m[1mConsolidate compiler generated dependencies of target adaptive_land[0m
[0.085s] [ 50%] Built target tf_node
[0.085s] [ 50%] Built target auto_fly_test
[0.085s] [ 50%] Built target trajectory_fly
[0.086s] [ 66%] Built target land
[0.086s] [ 83%] Built target px4_visualizer
[0.092s] [ 91%] [32mBuilding CXX object CMakeFiles/adaptive_land.dir/src/adaptive_land.cpp.o[0m
[2.780s] [01m[K/home/myat/path_control_px4/src/control/src/adaptive_land.cpp:[m[K In member function ‘[01m[Kvoid AdaptiveLanding::track_target()[m[K’:
[2.780s] [01m[K/home/myat/path_control_px4/src/control/src/adaptive_land.cpp:277:15:[m[K [01;35m[Kwarning: [m[Kunused variable ‘[01m[Kservo_yaw[m[K’ [[01;35m[K]8;;https://gcc.gnu.org/onlinedocs/gcc/Warning-Options.html#index-Wunused-variable-Wunused-variable]8;;[m[K]
[2.780s]   277 |         float [01;35m[Kservo_yaw[m[K = std::atan2(
[2.780s]       |               [01;35m[K^~~~~~~~~[m[K
[11.543s] [100%] [32m[1mLinking CXX executable adaptive_land[0m
[12.107s] [100%] Built target adaptive_land
[12.125s] Invoked command in '/home/myat/path_control_px4/build/control' returned '0': CMAKE_PREFIX_PATH=/home/myat/path_control_px4/install/px4_msgs:/home/myat/path_control_px4/install/vision:/home/myat/path_control_px4/install/control:/home/myat/my_ws/install/ros2sysmon:/home/myat/my_ws/install/ros2_controllers:/home/myat/my_ws/install/ign_ros2_control_demos:/home/myat/my_ws/install/ign_ros2_control:/home/myat/my_ws/install/gz_ros2_control_tests:/home/myat/my_ws/install/gz_ros2_control_demos:/home/myat/my_ws/install/gz_ros2_control:/home/myat/my_uav/install/vision_cpp:/home/myat/my_uav/install/control_cpp:/home/myat/my_uav/install/px4_msgs:/home/myat/path_control_px4/install/bringup_drone:/home/myat/hex_ws/install/hexapod_description:/home/myat/hex_ws/install/hexapod_control:/home/myat/my_uav/install/vision_python:/home/myat/my_uav/install/px4_offboard:/opt/ros/humble /usr/bin/cmake --build /home/myat/path_control_px4/build/control -- -j12 -l12
[12.136s] Invoking command in '/home/myat/path_control_px4/build/control': CMAKE_PREFIX_PATH=/home/myat/path_control_px4/install/px4_msgs:/home/myat/path_control_px4/install/vision:/home/myat/path_control_px4/install/control:/home/myat/my_ws/install/ros2sysmon:/home/myat/my_ws/install/ros2_controllers:/home/myat/my_ws/install/ign_ros2_control_demos:/home/myat/my_ws/install/ign_ros2_control:/home/myat/my_ws/install/gz_ros2_control_tests:/home/myat/my_ws/install/gz_ros2_control_demos:/home/myat/my_ws/install/gz_ros2_control:/home/myat/my_uav/install/vision_cpp:/home/myat/my_uav/install/control_cpp:/home/myat/my_uav/install/px4_msgs:/home/myat/path_control_px4/install/bringup_drone:/home/myat/hex_ws/install/hexapod_description:/home/myat/hex_ws/install/hexapod_control:/home/myat/my_uav/install/vision_python:/home/myat/my_uav/install/px4_offboard:/opt/ros/humble /usr/bin/cmake --install /home/myat/path_control_px4/build/control
[12.143s] -- Install configuration: ""
[12.143s] -- Up-to-date: /home/myat/path_control_px4/install/control/lib/control/tf_node
[12.144s] -- Up-to-date: /home/myat/path_control_px4/install/control/lib/control/trajectory_fly
[12.144s] -- Up-to-date: /home/myat/path_control_px4/install/control/lib/control/px4_visualizer
[12.144s] -- Up-to-date: /home/myat/path_control_px4/install/control/lib/control/auto_fly_test
[12.144s] -- Up-to-date: /home/myat/path_control_px4/install/control/lib/control/land
[12.145s] -- Installing: /home/myat/path_control_px4/install/control/lib/control/adaptive_land
[12.153s] -- Set runtime path of "/home/myat/path_control_px4/install/control/lib/control/adaptive_land" to ""
[12.153s] -- Up-to-date: /home/myat/path_control_px4/install/control/share/ament_index/resource_index/package_run_dependencies/control
[12.153s] -- Up-to-date: /home/myat/path_control_px4/install/control/share/ament_index/resource_index/parent_prefix_path/control
[12.153s] -- Up-to-date: /home/myat/path_control_px4/install/control/share/control/environment/ament_prefix_path.sh
[12.154s] -- Up-to-date: /home/myat/path_control_px4/install/control/share/control/environment/ament_prefix_path.dsv
[12.154s] -- Up-to-date: /home/myat/path_control_px4/install/control/share/control/environment/path.sh
[12.154s] -- Up-to-date: /home/myat/path_control_px4/install/control/share/control/environment/path.dsv
[12.154s] -- Up-to-date: /home/myat/path_control_px4/install/control/share/control/local_setup.bash
[12.154s] -- Up-to-date: /home/myat/path_control_px4/install/control/share/control/local_setup.sh
[12.154s] -- Up-to-date: /home/myat/path_control_px4/install/control/share/control/local_setup.zsh
[12.154s] -- Up-to-date: /home/myat/path_control_px4/install/control/share/control/local_setup.dsv
[12.154s] -- Installing: /home/myat/path_control_px4/install/control/share/control/package.dsv
[12.154s] -- Up-to-date: /home/myat/path_control_px4/install/control/share/ament_index/resource_index/packages/control
[12.154s] -- Up-to-date: /home/myat/path_control_px4/install/control/share/control/cmake/controlConfig.cmake
[12.154s] -- Up-to-date: /home/myat/path_control_px4/install/control/share/control/cmake/controlConfig-version.cmake
[12.154s] -- Up-to-date: /home/myat/path_control_px4/install/control/share/control/package.xml
[12.156s] Invoked command in '/home/myat/path_control_px4/build/control' returned '0': CMAKE_PREFIX_PATH=/home/myat/path_control_px4/install/px4_msgs:/home/myat/path_control_px4/install/vision:/home/myat/path_control_px4/install/control:/home/myat/my_ws/install/ros2sysmon:/home/myat/my_ws/install/ros2_controllers:/home/myat/my_ws/install/ign_ros2_control_demos:/home/myat/my_ws/install/ign_ros2_control:/home/myat/my_ws/install/gz_ros2_control_tests:/home/myat/my_ws/install/gz_ros2_control_demos:/home/myat/my_ws/install/gz_ros2_control:/home/myat/my_uav/install/vision_cpp:/home/myat/my_uav/install/control_cpp:/home/myat/my_uav/install/px4_msgs:/home/myat/path_control_px4/install/bringup_drone:/home/myat/hex_ws/install/hexapod_description:/home/myat/hex_ws/install/hexapod_control:/home/myat/my_uav/install/vision_python:/home/myat/my_uav/install/px4_offboard:/opt/ros/humble /usr/bin/cmake --install /home/myat/path_control_px4/build/control
