[0.013s] Invoking command in '/home/myat/path_control_px4/build/vision': CMAKE_PREFIX_PATH=${CMAKE_PREFIX_PATH}:/home/myat/path_control_px4/install/bringup_drone:/home/myat/hex_ws/install/hexapod_description:/home/myat/hex_ws/install/hexapod_control:/home/myat/my_uav/install/vision_python:/home/myat/my_uav/install/px4_offboard:/opt/ros/humble /usr/bin/cmake --build /home/myat/path_control_px4/build/vision -- -j12 -l12
[0.036s] -- Found ament_cmake: 1.3.11 (/opt/ros/humble/share/ament_cmake/cmake)
[0.147s] -- Found rclcpp: 16.0.11 (/opt/ros/humble/share/rclcpp/cmake)
[0.170s] -- Found rosidl_generator_c: 3.1.6 (/opt/ros/humble/share/rosidl_generator_c/cmake)
[0.171s] -- Found rosidl_adapter: 3.1.6 (/opt/ros/humble/share/rosidl_adapter/cmake)
[0.175s] -- Found rosidl_generator_cpp: 3.1.6 (/opt/ros/humble/share/rosidl_generator_cpp/cmake)
[0.182s] -- Using all available rosidl_typesupport_c: rosidl_typesupport_fastrtps_c;rosidl_typesupport_introspection_c
[0.190s] -- Using all available rosidl_typesupport_cpp: rosidl_typesupport_fastrtps_cpp;rosidl_typesupport_introspection_cpp
[0.212s] -- Found rmw_implementation_cmake: 6.1.2 (/opt/ros/humble/share/rmw_implementation_cmake/cmake)
[0.213s] -- Found rmw_fastrtps_cpp: 6.2.7 (/opt/ros/humble/share/rmw_fastrtps_cpp/cmake)
[0.320s] -- Using RMW implementation 'rmw_fastrtps_cpp' as default
[0.353s] -- Found sensor_msgs: 4.8.0 (/opt/ros/humble/share/sensor_msgs/cmake)
[0.373s] -- Found cv_bridge: 3.2.1 (/opt/ros/humble/share/cv_bridge/cmake)
[0.382s] -- Found image_geometry: 3.2.1 (/opt/ros/humble/share/image_geometry/cmake)
[0.383s] -- Found tf2: 0.25.12 (/opt/ros/humble/share/tf2/cmake)
[0.385s] -- Found tf2_ros: 0.25.16 (/opt/ros/humble/share/tf2_ros/cmake)
[0.436s] -- Found tf2_geometry_msgs: 0.25.12 (/opt/ros/humble/share/tf2_geometry_msgs/cmake)
[0.438s] -- Found eigen3_cmake_module: 0.1.1 (/opt/ros/humble/share/eigen3_cmake_module/cmake)
[0.439s] -- Found Eigen3: TRUE (found version "3.4.0") 
[0.439s] -- Ensuring Eigen3 include directory is part of orocos-kdl CMake target
[0.454s] -- Eigen found (include: /usr/include/eigen3, version: 3.4.0)
[0.471s] -- OpenNI found (version: 1.5.4.0, include: /usr/include/ni, lib: /usr/lib/libOpenNI.so;libusb::libusb)
[0.476s] -- OpenNI2 found (version: 2.2.0.33, include: /usr/include/openni2, lib: /usr/lib/x86_64-linux-gnu/libOpenNI2.so;libusb::libusb)
[0.477s] [0m** WARNING ** io features related to pcap will be disabled[0m
[0.477s] [0m** WARNING ** io features related to png will be disabled[0m
[0.623s] -- Found Eigen3: /usr/include/eigen3 (found version "3.4.0") 
[0.721s] -- Eigen found (include: /usr/include/eigen3, version: 3.4.0)
[0.745s] -- FLANN found (include: /usr/include, lib: /usr/lib/x86_64-linux-gnu/libflann_cpp.so)
[0.970s] -- looking for PCL_COMMON
[0.970s] -- looking for PCL_OCTREE
[0.970s] -- looking for PCL_IO
[0.970s] -- looking for PCL_SAMPLE_CONSENSUS
[0.970s] -- looking for PCL_KDTREE
[0.971s] -- looking for PCL_FILTERS
[0.971s] -- looking for PCL_GEOMETRY
[0.971s] -- looking for PCL_ML
[0.971s] -- looking for PCL_SEGMENTATION
[0.971s] -- looking for PCL_2D
[0.972s] -- looking for PCL_FEATURES
[0.972s] -- looking for PCL_SEARCH
[0.973s] -- Found pcl_conversions: 2.4.5 (/opt/ros/humble/share/pcl_conversions/cmake)
[0.987s] -- Found image_transport: 3.1.11 (/opt/ros/humble/share/image_transport/cmake)
[1.021s] -- Found ament_lint_auto: 0.12.11 (/opt/ros/humble/share/ament_lint_auto/cmake)
[1.087s] -- Added test 'cppcheck' to perform static code analysis on C / C++ code
[1.087s] -- Configured cppcheck include dirs: 
[1.087s] -- Configured cppcheck exclude dirs and/or files: 
[1.088s] -- Added test 'lint_cmake' to check CMake code style
[1.089s] -- Added test 'uncrustify' to check C / C++ code style
[1.090s] -- Configured uncrustify additional arguments: 
[1.090s] -- Added test 'xmllint' to check XML markup files
[1.092s] -- Configuring done
[1.160s] -- Generating done
[1.171s] -- Build files have been written to: /home/myat/path_control_px4/build/vision
[1.202s] [35m[1mConsolidate compiler generated dependencies of target depth_polygon_mask_node[0m
[1.203s] [35m[1mConsolidate compiler generated dependencies of target camera_recorder[0m
[1.203s] [35m[1mConsolidate compiler generated dependencies of target pointcloud_node[0m
[1.210s] [ 12%] [32mBuilding CXX object CMakeFiles/aruco_detect.dir/src/aruco_detect.cpp.o[0m
[1.220s] [ 62%] Built target camera_recorder
[1.220s] [ 62%] Built target depth_polygon_mask_node
[1.235s] [ 87%] Built target pointcloud_node
[5.353s] [01m[K/home/myat/path_control_px4/src/vision/src/aruco_detect.cpp:175:1:[m[K [01;31m[Kfatal error: [m[Kerror writing to /tmp/ccVkPCa6.s: No space left on device
[5.353s]   175 | [01;31m[K}[m[K
[5.353s]       | [01;31m[K^[m[K
[5.353s] compilation terminated.
[5.391s] gmake[2]: *** [CMakeFiles/aruco_detect.dir/build.make:76: CMakeFiles/aruco_detect.dir/src/aruco_detect.cpp.o] Error 1
[5.391s] gmake[1]: *** [CMakeFiles/Makefile2:221: CMakeFiles/aruco_detect.dir/all] Error 2
[5.391s] gmake: *** [Makefile:146: all] Error 2
[5.395s] Invoked command in '/home/myat/path_control_px4/build/vision' returned '2': CMAKE_PREFIX_PATH=${CMAKE_PREFIX_PATH}:/home/myat/path_control_px4/install/bringup_drone:/home/myat/hex_ws/install/hexapod_description:/home/myat/hex_ws/install/hexapod_control:/home/myat/my_uav/install/vision_python:/home/myat/my_uav/install/px4_offboard:/opt/ros/humble /usr/bin/cmake --build /home/myat/path_control_px4/build/vision -- -j12 -l12
