[0.016s] Invoking command in '/home/myat/path_control_px4/build/control': CMAKE_PREFIX_PATH=/home/myat/path_control_px4/install/px4_msgs:/home/myat/path_control_px4/install/vision:/home/myat/path_control_px4/install/control:/home/myat/my_ws/install/ros2sysmon:/home/myat/my_ws/install/ros2_controllers:/home/myat/my_ws/install/ign_ros2_control_demos:/home/myat/my_ws/install/ign_ros2_control:/home/myat/my_ws/install/gz_ros2_control_tests:/home/myat/my_ws/install/gz_ros2_control_demos:/home/myat/my_ws/install/gz_ros2_control:/home/myat/my_uav/install/vision_cpp:/home/myat/my_uav/install/control_cpp:/home/myat/my_uav/install/px4_msgs:/home/myat/path_control_px4/install/bringup_drone:/home/myat/hex_ws/install/hexapod_description:/home/myat/hex_ws/install/hexapod_control:/home/myat/my_uav/install/vision_python:/home/myat/my_uav/install/px4_offboard:/opt/ros/humble /usr/bin/cmake --build /home/myat/path_control_px4/build/control -- -j12 -l12
[0.096s] [35m[1mConsolidate compiler generated dependencies of target adaptive_land[0m
[0.107s] [ 25%] [32mBuilding CXX object CMakeFiles/auto_fly_test.dir/src/auto_fly_test.cpp.o[0m
[0.107s] [ 41%] Built target land
[0.107s] [ 41%] Built target trajectory_fly
[0.107s] [ 58%] Built target tf_node
[0.107s] [ 75%] Built target px4_visualizer
[0.117s] [ 91%] Built target adaptive_land
[9.768s] [100%] [32m[1mLinking CXX executable auto_fly_test[0m
[10.381s] [100%] Built target auto_fly_test
[10.394s] Invoked command in '/home/myat/path_control_px4/build/control' returned '0': CMAKE_PREFIX_PATH=/home/myat/path_control_px4/install/px4_msgs:/home/myat/path_control_px4/install/vision:/home/myat/path_control_px4/install/control:/home/myat/my_ws/install/ros2sysmon:/home/myat/my_ws/install/ros2_controllers:/home/myat/my_ws/install/ign_ros2_control_demos:/home/myat/my_ws/install/ign_ros2_control:/home/myat/my_ws/install/gz_ros2_control_tests:/home/myat/my_ws/install/gz_ros2_control_demos:/home/myat/my_ws/install/gz_ros2_control:/home/myat/my_uav/install/vision_cpp:/home/myat/my_uav/install/control_cpp:/home/myat/my_uav/install/px4_msgs:/home/myat/path_control_px4/install/bringup_drone:/home/myat/hex_ws/install/hexapod_description:/home/myat/hex_ws/install/hexapod_control:/home/myat/my_uav/install/vision_python:/home/myat/my_uav/install/px4_offboard:/opt/ros/humble /usr/bin/cmake --build /home/myat/path_control_px4/build/control -- -j12 -l12
[10.405s] Invoking command in '/home/myat/path_control_px4/build/control': CMAKE_PREFIX_PATH=/home/myat/path_control_px4/install/px4_msgs:/home/myat/path_control_px4/install/vision:/home/myat/path_control_px4/install/control:/home/myat/my_ws/install/ros2sysmon:/home/myat/my_ws/install/ros2_controllers:/home/myat/my_ws/install/ign_ros2_control_demos:/home/myat/my_ws/install/ign_ros2_control:/home/myat/my_ws/install/gz_ros2_control_tests:/home/myat/my_ws/install/gz_ros2_control_demos:/home/myat/my_ws/install/gz_ros2_control:/home/myat/my_uav/install/vision_cpp:/home/myat/my_uav/install/control_cpp:/home/myat/my_uav/install/px4_msgs:/home/myat/path_control_px4/install/bringup_drone:/home/myat/hex_ws/install/hexapod_description:/home/myat/hex_ws/install/hexapod_control:/home/myat/my_uav/install/vision_python:/home/myat/my_uav/install/px4_offboard:/opt/ros/humble /usr/bin/cmake --install /home/myat/path_control_px4/build/control
[10.413s] -- Install configuration: ""
[10.415s] -- Up-to-date: /home/myat/path_control_px4/install/control/lib/control/tf_node
[10.416s] -- Up-to-date: /home/myat/path_control_px4/install/control/lib/control/trajectory_fly
[10.417s] -- Up-to-date: /home/myat/path_control_px4/install/control/lib/control/px4_visualizer
[10.419s] -- Installing: /home/myat/path_control_px4/install/control/lib/control/auto_fly_test
[10.426s] -- Set runtime path of "/home/myat/path_control_px4/install/control/lib/control/auto_fly_test" to ""
[10.428s] -- Up-to-date: /home/myat/path_control_px4/install/control/lib/control/land
[10.429s] -- Up-to-date: /home/myat/path_control_px4/install/control/lib/control/adaptive_land
[10.429s] -- Up-to-date: /home/myat/path_control_px4/install/control/share/ament_index/resource_index/package_run_dependencies/control
[10.429s] -- Up-to-date: /home/myat/path_control_px4/install/control/share/ament_index/resource_index/parent_prefix_path/control
[10.429s] -- Up-to-date: /home/myat/path_control_px4/install/control/share/control/environment/ament_prefix_path.sh
[10.429s] -- Up-to-date: /home/myat/path_control_px4/install/control/share/control/environment/ament_prefix_path.dsv
[10.429s] -- Up-to-date: /home/myat/path_control_px4/install/control/share/control/environment/path.sh
[10.430s] -- Up-to-date: /home/myat/path_control_px4/install/control/share/control/environment/path.dsv
[10.430s] -- Up-to-date: /home/myat/path_control_px4/install/control/share/control/local_setup.bash
[10.430s] -- Up-to-date: /home/myat/path_control_px4/install/control/share/control/local_setup.sh
[10.430s] -- Up-to-date: /home/myat/path_control_px4/install/control/share/control/local_setup.zsh
[10.430s] -- Up-to-date: /home/myat/path_control_px4/install/control/share/control/local_setup.dsv
[10.430s] -- Installing: /home/myat/path_control_px4/install/control/share/control/package.dsv
[10.430s] -- Up-to-date: /home/myat/path_control_px4/install/control/share/ament_index/resource_index/packages/control
[10.430s] -- Up-to-date: /home/myat/path_control_px4/install/control/share/control/cmake/controlConfig.cmake
[10.431s] -- Up-to-date: /home/myat/path_control_px4/install/control/share/control/cmake/controlConfig-version.cmake
[10.431s] -- Up-to-date: /home/myat/path_control_px4/install/control/share/control/package.xml
[10.433s] Invoked command in '/home/myat/path_control_px4/build/control' returned '0': CMAKE_PREFIX_PATH=/home/myat/path_control_px4/install/px4_msgs:/home/myat/path_control_px4/install/vision:/home/myat/path_control_px4/install/control:/home/myat/my_ws/install/ros2sysmon:/home/myat/my_ws/install/ros2_controllers:/home/myat/my_ws/install/ign_ros2_control_demos:/home/myat/my_ws/install/ign_ros2_control:/home/myat/my_ws/install/gz_ros2_control_tests:/home/myat/my_ws/install/gz_ros2_control_demos:/home/myat/my_ws/install/gz_ros2_control:/home/myat/my_uav/install/vision_cpp:/home/myat/my_uav/install/control_cpp:/home/myat/my_uav/install/px4_msgs:/home/myat/path_control_px4/install/bringup_drone:/home/myat/hex_ws/install/hexapod_description:/home/myat/hex_ws/install/hexapod_control:/home/myat/my_uav/install/vision_python:/home/myat/my_uav/install/px4_offboard:/opt/ros/humble /usr/bin/cmake --install /home/myat/path_control_px4/build/control
